RX packets 111913 bytes 110290347 (105.1 MiB)
43
CentOS 7.5系统管理与运维实战
RX errors 0 dropped 0 overruns 0 frame 0
TX packets 34709 bytes 2150095 (2.0 MiB)
TX errors 0 dropped 0 overruns 0 carrier 0 collisions 0
lo: flags=73 mtu 65536
inet 127.0.0.1 netmask 255.0.0.0
inet6 ::1 prefixlen 128 scopeid 0x10
loop txqueuelen 1000 (Local Loopback)
RX packets 420 bytes 36416 (35.5 KiB)
RX errors 0 dropped 0 overruns 0 frame 0
TX packets 420 bytes 36416 (35.5 KiB)
TX errors 0 dropped 0 overruns 0 carrier 0 collisions 0
#命令后面可接网络接口用于查看指定网络接口的信息
[root@localhost ~]# ifconfig ens33
ens33: flags=4163 mtu 1500
inet 192.168.228.129 netmask 255.255.255.0 broadcast 192.168.228.255
inet6 fe80::ba7c:5b41:cee2:890 prefixlen 64 scopeid 0x20
ether 00:0c:29:8c:1e:52 txqueuelen 1000 (Ethernet)
RX packets 112001 bytes 110296577 (105.1 MiB)
RX errors 0 dropped 0 overruns 0 frame 0
TX packets 34735 bytes 2153674 (2.0 MiB)
TX errors 0 dropped 0 overruns 0 carrier 0 collisions 0
说明：
 第1行：UP表示此网络接口为启用状态，RUNNING表示网卡设备已连接，MULTICAST
表示支持组播，mtu为数据包最大传输单元。
 第2行：依次为网卡IP、子网掩码、广播地址。
 第3行：IPv6地址。
 第4行：Ethernet（以太网）表示连接类型，ether为网卡的MAC地址。
 第5行：接收数据包个数、大小统计信息。
 第6行：异常接收包的数量，如丢包量、错误等。
 第7行：发送数据包个数、大小统计信息。
 第8行：发送包的数量，如丢包量、错误等。
如果第 6 行和第 8 行中的丢包量、错误包量较高，通常表示物理链路存在问题，例如网
线干扰过大、距离太长等。
设置IP地址使用以下命令：
#设置网卡IP地址
[root@CentOS ~]# ifconfig ens33:1 192.168.100.100 netmask 255.255.255.0 up
设置完后使用ifconfig命令查看，可以看到两个网卡信息，分别为ens33和ens33:1。若继
续设置其他IP，可以使用类似的方法，如【示例3-3】所示。
44
第3章 运维必备的网络管理技能
【示例3-3】
#更改网卡的MAC地址
[root@CentOS ~]# ifconfig ens33:1 hw ether 00:0c:29:0b:07:77
[root@CentOS ~]# ifconfig ens33:1 | grep ether
ether 00:0c:29:0b:07:77 txqueuelen 1000 (Ethernet)
#将某个网络接口禁用
#使用另一种形式表示子网掩码
[root@CentOS ~]# ifconfig ens33:1 192.168.100.170/24 up
[root@CentOS ~]# ifconfig ens33:1 down
[root@CentOS ~]# ifconfig
ens33: flags=4163 mtu 1500
inet 192.168.128.129 netmask 255.255.255.0 broadcast 192.168.128.255
inet6 fe80::20c:29ff:fe0b:776 prefixlen 64 scopeid 0x20
ether 00:0c:29:0b:07:77 txqueuelen 1000 (Ethernet)
RX packets 1350 bytes 126861 (123.8 KiB)
RX errors 0 dropped 0 overruns 0 frame 0
TX packets 878 bytes 158623 (154.9 KiB)
TX errors 0 dropped 0 overruns 0 carrier 0 collisions 0
lo: flags=73 mtu 65536
inet 127.0.0.1 netmask 255.0.0.0
inet6 ::1 prefixlen 128 scopeid 0x10
loop txqueuelen 0 (Local Loopback)
RX packets 8 bytes 764 (764.0 B)
RX errors 0 dropped 0 overruns 0 frame 0
TX packets 8 bytes 764 (764.0 B)
TX errors 0 dropped 0 overruns 0 carrier 0 collisions 0
除以上功能外，ifconfig还可以设置网卡的MTU。以上的设置会在重启后丢失，如需重启
后依然生效，可以通过设置网络接口文件永久生效。更多使用方法可以参考系统帮助 man
ifconfig。
在CentOS和RHEL中使用命令ifup和ifdown加网络接口名，可以启用、禁用对应的网
络接口。
3.2.3 显示添加或修改路由表 route
route命令用于查看或编辑计算机的IP路由表。route命令的语法如下：
route [-f] [-p] [command] [destination] [mask netmask] [gateway] [metric][ [dev]
If ]
参数说明：
 command：指定想要进行的操作，如add、change、delete、print。
45
CentOS 7.5系统管理与运维实战
 destination：指定该路由的网络目标。
 mask netmask：指定与网络目标相关的子网掩码。
 gateway：网关。
 metric：为路由指定一个整数成本指标，当路由表的多个路由进行选择时可以使用。
 dev if：为可以访问目标的网络接口指定接口索引。
route使用方法如【示例3-4】所示。
【示例3-4】
#显示所有路由表
[root@CentOS ~]# route -n
Kernel IP routing table
Destination Gateway Genmask Flags Metric Ref Use Iface
192.168.3.0 0.0.0.0 255.255.255.0 U 1 0 0 eth0
#添加一条路由:发往192.168.60.0网段的全部要经过网关192.168.19.1
route add -net 192.168.60.0 netmask 255.255.255.0 gw 192.168.19.1
#删除一条路由，删除的时候不需要网关
route del -net 192.168.60.0 netmask 255.255.255.0
3.2.4 复制文件至其他系统 scp
本地主机需要和远程主机进行数据迁移或文件传送时，可以使用ftp，或搭建Web服务，
另外可选的方法有scp或rsync。scp可以将本地文件传送到远程主机或从远程主机拉取文件到
本地。其一般语法如下所示，注意由于各个发行版不同，scp语法不尽相同，具体使用方法可
查看系统帮助。
scp [-1245BCpqrv] [-c cipher] [F SSH_config] [-I identity_file] [-l limit] [-o
SSH_option] [-P port] [-S program] [[user@]host1:] file1 […] [[suer@]host2:]file2
scp命令执行成功返回0，失败或有异常时返回大于0的值，常用参数说明如表3.2所示。
表3.2 scp命令常用参数说明
参数 说明
-P 指定远程连接端口
-q 把进度参数关掉
-r 递归地复制整个文件夹
-V 冗余模式。打印排错信息方便问题定位
scp使用方法如【示例3-5】所示。
【示例3-5】
#将本地文件传送至远程主机192.168.3.100的/usr路径下
[root@CentOS ~]# scp -P 12345 cgi_mon PI:EMAIL:/usr
PI:EMAIL's password:
46
第3章 运维必备的网络管理技能
cgi_mon 100% 6922 6.8KB/s 00:00
#拉取远程主机文件至本地路径
[root@CentOS ~]# scp –P 12345 PI:EMAIL:/etc/hosts ./
PI:EMAIL's password:
hosts 100% 284 0.3KB/s 00:00
#如需传送目录，可以使用参数“r”
[root@CentOS soft]# scp -r -P 12345 PI:EMAIL:/usr/local/apache2.
PI:EMAIL's password:
logresolve.8 100% 1407 1.4KB/s 00:00
rotatelogs.8 100% 5334 5.2KB/s 00:00
……
#将本地目录传送至远程主机指定目录
[root@CentOS soft]# scp -r apache2 PI:EMAIL:/data
PI:EMAIL's password:
logresolve.8 100% 1407 1.4KB/s 00:00
rotatelogs.8 100% 5334 5.2KB/s 00:00
……
3.2.5 复制文件至其他系统 rsync
rsync 是 Linux 系统下常用的数据镜像备份工具，用于在不同的主机之间同步文件。除了
单个文件，rsync 可以镜像保存整个目录树和文件系统，并可以增量同步，并保持文件原来的
属性，如权限、时间戳等。rsync数据传输过程中是加密的，保证数据的安全性。
rsync命令语法如下：
Usage: rsync [OPTION]... SRC [SRC]... DEST
or rsync [OPTION]... SRC [SRC]... [USER@]HOST:DEST
or rsync [OPTION]... SRC [SRC]... [USER@]HOST::DEST
or rsync [OPTION]... SRC [SRC]... rsync://[USER@]HOST[:PORT]/DEST
or rsync [OPTION]... [USER@]HOST:SRC [DEST]
or rsync [OPTION]... [USER@]HOST::SRC [DEST]
or rsync [OPTION]... rsync://[USER@]HOST[:PORT]/SRC [DEST]
OPTION 可以指定某些选项，如压缩传输、是否递归传输等，SRC 为本地目录或文件，
USER 和 HOST 表示可以登录远程服务的用户名和主机，DEST 表示远程路径。rsync 常用参
数如表3.3所示。由于参数众多，这里只列出某些有代表性的参数。
表3.3 rsync命令常用参数说明
参数 说明
-v 详细模式输出
-q 精简输出模式
-c 打开校验开关，强制对文件传输进行校验
-a 归档模式，表示以递归方式传输文件，并保持所有文件属性，等于-rlptgoD
-r 对子目录以递归模式处理
-R 使用相对路径信息
47
CentOS 7.5系统管理与运维实战
（续表）
参数 说明
-p 保持文件权限
-o 保持文件属主信息
-g 保持文件属组信息
-t 保持文件时间信息
-n 显示哪些文件将被传输
-W 复制文件，不进行增量检测
-e 指定使用rsh、SSH方式进行数据同步
--delete 删除那些DST中SRC没有的文件
--timeout=TIME IP超时时间，单位为秒
-z 对备份的文件在传输时进行压缩处理
--exclude=PATTERN 指定排除不需要传输的文件模式
--include=PATTERN 指定不排除而需要传输的文件模式
--exclude-from=FILE 排除FILE中指定模式的文件
--include-from=FILE 不排除FILE指定模式匹配的文件
--version 打印版本信息
-address 绑定到特定的地址
--config=FILE 指定其他的配置文件，不使用默认的rsyncd.conf文件
--port=PORT 指定其他的rsync服务端口
--progress 在传输时显示传输过程
--log-format=format 指定日志文件格式
--password-file=FILE 从FILE中得到密码
rsync使用方法如【示例3-6】所示。
【示例3-6】