不包括连接层的头部
-XX tcpdump会打印每个包的头部数据，同时会以十六进制和ASCII码形式打印出每个包的数据，其
中包括数据链路层的头部
首先确认本机 tcpdump是否安装，如果没有安装，可以使用【示例 3-25】中的方法安
装。
【示例3-25】
#安装tcpdump
[root@CentOS Packages]# yum install -y tcpdump
#安装过程省略
tcpdump最简单的使用方法如【示例3-26】所示。
73
CentOS 7.5系统管理与运维实战
【示例3-26】
[root@CentOS Packages]# tcpdump -i any
tcpdump: verbose output suppressed, use -v or -vv for full protocol decode
listening on any, link-type LINUX_SLL (Linux cooked), capture size 65535 bytes
15:47:05.143823 IP 192.168.146.150.SSH > 192.168.146.1.52161: Flags [P.], seq
1017381117:1017381313, ack 1398930582, win 140, length 196
15:47:05.144050 IP 192.168.146.1.52161 > 192.168.146.150.SSH: Flags [.], ack
196, win 16169, length 0
15:47:06.148824 IP 192.168.146.150.56971 > ns.sc.cninfo.net.domain: 29605+PTR?
1.146.168.192.in-addr.arpa. (44)
15:47:06.158878 IP ns.sc.cninfo.net.domain > 192.168.146.150.56971: 29605
NXDomain 0/0/0 (44)
#部分结果省略，按下Ctrl+C中止输出
以上示例演示了tcpdump最简单的使用方式，如不跟任何参数，tcpdump会从系统接口列
表中搜寻编号最小的已配置好的接口，不包括 loopback 接口，一旦找到第 1 个符合条件的接
口，搜寻马上结束，并将获取的数据包打印出来。
tcpdump利用表达式作为过滤数据包的条件，表达式可以是正则表达式。如果数据包符合
表达式，则数据包被截获；如果没有给出任何条件，则接口上所有的信息包将会被截获。
表达式中一般有如下几种关键字：
（1）第 1 种是关于类型的关键字，如 host、net 和 port。例如 host 192.168.16.150 指明
192.168.16.150为一台主机，而net 192.168.16.150则表示192.168.16.150为一个网络地址。如
果没有指定类型，默认的类型是host。
（2）第2种是确定数据包传输方向的关键字，包含src、dst、dst or src和dst and src，这
些关键字指明了数据包的传输方向。例如 src 192.168.16.150 指明数据包中的源地址是
192.168.16.150，而dst 192.168.16.150则指明数据包中的目的地址是192.168.16.150。如果没有
指明方向关键字，则默认是src or dst关键字。
（3）第3种是协议的关键字，如指明是TCP还是UDP协议。
除了这3种类型的关键字之外，还有3种逻辑运算，非运算是“not”或“!”，与运算是
“and”或“&&”，或运算是“or”或“||”。通过这些关键字的组合可以实现复杂强大的条
件。接下来看一个组合，如【示例3-27】所示。
【示例3-27】
[root@CentOS ~]# tcpdump -i any tcp and dst host 192.168.19.101 and dst
port 3306 -s100 -XX -n
tcpdump: verbose output suppressed, use -v or -vv for full protocol decode
listening on any, link-type LINUX_SLL (Linux cooked), capture size 100 bytes
16:08:05.539893 IP 192.168.19.101.49702 > 192.168.19.101.mysql: Flags [P.], seq
79:108, ack 158, win 1024, options [nop,nop,TS val 17107592 ecr 17107591], length
29
0x0000: 0000 0304 0006 0000 0000 0000 0000 0800 ................
74
第3章 运维必备的网络管理技能
0x0010: 4508 0051 ffe8 4000 4006 929b c0a8 1365 E..Q..@.@......e
0x0020: c0a8 1365 c226 0cea 32aa f5e0 c46e c925 ...e.&..2....n.%
0x0030: 8018 0400 a85e 0000 0101 080a 0105 0a88 .....^..........
0x0040: 0105 0a87 1900 0000 0373 656c 6563 7420 .........select.
0x0050: 2a20 6672 6f6d 206d 7973 716c *.from.mysql
以上tcpdump表示抓取发往本机3306端口的请求。“-i any”表示截获本机所有网络接口
的数据报，“tcp”表示TCP协议，“dst host”表示数据包地址为192.168.19.101，“dst port”
表示目的地址为3306，“-XX”表示同时会以十六进制和ASCII码形式打印出每个包的数据，
“-s100”表示设置 tcpdump 的数据包抓取长度为 100 个字节，如果不设置默认为 68 字节，
“-n”表示不对地址（如主机地址或端口号）进行数字表示到名字表示的转换。输出部分
“16:08:05”表示时间，然后是发起请求的源 IP 端口、目的 IP 和端口，“Flags[P.]”是 TCP
包中的标志信息（S是SYN标志，F表示FIN，P表示PUSH，R表示RST，“.”表示没有标
记，详细说明可进一步参考TCP各种状态之间的转换规则）。
3.7
动态主机配置协议（DHCP）
使用动态主机配置协议（Dynamic Host Configuration Protocol，DHCP）可以避免网络参数
变化后一些烦琐的配置，客户端可以从 DHCP 服务端检索相关信息并完成相关网络配置，在
系统重启后依然可以工作。DHCP基于C/S模式，主要用于大型网络。DHCP提供一种动态指
定 IP 地址和相关网络配置参数的机制。本节主要介绍 DHCP 的工作原理及 DHCP 服务端与
DHCP客户端的部署过程。
3.7.1 DHCP 的工作原理
动态主机配置协议（DHCP）是用来自动给客户端分配TCP/IP信息的网络协议，如IP地
址、网关、子网掩码等信息。每个 DHCP 客户端通过广播连接到区域内的 DHCP 服务器，该
服务器会响应请求，返回 IP 地址、网关和其他网络配置信息。DHCP 的请求过程如图 3.4 所
示。
图3.4 DHCP请求过程
客户端请求IP地址和配置参数的过程有以下几个步骤：
75
CentOS 7.5系统管理与运维实战
客户端需要寻求网络 IP 地址和其他网络参数，然后向网络中广播，客户端发出
的请求名称叫 DHCPDISCOVER。如广播网络中有可以分配 IP 地址的服务器，服务器会返回
响应应答，告诉客户端可以分配，服务器返回包的名称叫 DHCPOFFER，包内包含可用的 IP
地址和参数。
如果客户在发出 DHCPOFFER 包后一段时间内没有接收到响应，会重新发送请
求，如广播区域内有多于一台的DHCP服务器，由客户端决定使用哪个。
当客户端选定了某个目标服务器后，会广播DHCPREQUEST包，用以通知选定
的DHCP服务器和未选定的DHCP服务器。
服务端收到DHCPREQUEST后会检查收到的包，如果包内的地址和所提供的地
址一致，证明现在客户端接收的是自己提供的地址；如果不是，就说明自己提供的地址未被采
纳。如被选定的服务器在接收到DHCPREQUEST包以后，因为某些原因可能不能向客户端提
供这个IP 地址或参数，可以向客户端发送DHCPNAK包。
客户端在收到包后，检查内部的 IP 地址和租用时间，如果发现有问题，就发包
拒绝这个地址，然后重新发送DHCPDISCOVER包。如果没有问题，就接受这个配置参数。
3.7.2 配置 DHCP 服务器
本节主要介绍DHCP服务器的配置过程，包含安装、配置文件设置、服务器启动等步骤。
1. 软件安装
DHCP 服务依赖的软件可以从 rpm 包安装或从源码进行安装，本节以 yum 工具为例说明
DHCP服务的安装过程，如【示例3-28】所示。
【示例3-28】
#确认当前系统是否安装相应软件包
[root@CentOS ~]# rpm -qa|grep dhcp
#如以上命令无输出，就说明没有安装dhcp
#如使用rpm安装，就使用如下命令
[root@CentOS Packages]# yum install -y dhcp
Loaded plugins: fastestmirror, langpacks
base | 3.6 kB 00:00
extras | 3.4 kB 00:00
updates | 3.4 kB 00:00
Loading mirror speeds from cached hostfile
* base: mirrors.yun-idc.com
* extras: mirrors.pubyun.com
* updates: mirrors.yun-idc.com
……
经过上面的设置，DHCP服务已经安装完毕，主要的文件如下：
(cid:2) /etc/dhcp/dhcpd.conf：DHCP主配置文件。
76
第3章 运维必备的网络管理技能
(cid:2) /usr/lib/systemd/system/dhcpd.service：DHCP服务单元。
2. 编辑配置文件/etc/dhcp/dhcpd.conf
要配置DHCP服务器，需修改配置文件/etc/dhcp/dhcpd.conf。如果不存在就创建该文件。
本示例实现的功能为当前网络内的服务器分配指定IP段的IP地址，并设置过期时间为2天。
配置文件如【示例3-29】所示。
【示例3-29】
[root@CentOS Packages]# cat -n /etc/dhcp/dhcpd.conf
#指定接收DHCP请求的网卡的子网地址，注意不是本机的IP地址。netmask为子网掩码
1 subnet 192.168.19.0 netmask 255.255.255.0{
#指定默认网关
2 option routers 192.168.19.1;
#指定默认子网掩码
3 option subnet-mask 255.255.255.0;
#指定最大租用周期
4 max-lease-time 172800 ;
#此DHCP服务分配的IP地址范围
5 range 192.168.19.230 192.168.19.240;
6 }
以上示例文件列出了一个子网的声明，包括routers默认网关、subnet-mask默认子网掩码
和max-lease-time最大租用周期，单位是秒。需要特别说明的是，在本地需有一个网络接口的
IP地址为192.168.19.0网络，DHCP服务才能启动。
配置文件的更多选项可以使用命令“man dhcpd.conf”获取更多帮助信息。
【示例3-30】
[root@CentOS Packages]# systemctl start dhcpd.service
如启动失败可以参考屏幕输出定位错误内容，或查看/var/log/messages 的内容，然后参考
dhcpd.conf的帮助文档。
3.7.3 配置 DHCP 客户端
当服务端启动成功后，客户端需要与服务端网络联通，然后做以下配置以便自动获取 IP
地址。客户端网卡配置如【示例3-31】所示。
【示例3-31】
[root@CentOS ~]# cat /etc/sysconfig/network-scripts/ifcfg-eth1
DEVICE=eth1
HWADDR=00:0c:29:be:db:d5
TYPE=Ethernet
UUID=363f47a9-dfb8-4c5a-bedf-3f060cf99eab
77
CentOS 7.5系统管理与运维实战
ONBOOT=yes
NM_CONTROLLED=yes
BOOTPROTO=dhcp
如需使用DHCP服务， BOOTPROTO=dhcp表示将当前主机的网络IP地址设置为自动获
取方式。需要说明的是DHCP客户端无须使用CentOS 7.5，使用其他版本的Linux或Windows
操作系统均可，在本例中使用的是CentOS 6作为客户端。测试过程如【示例3-32】所示。
【示例3-32】
[root@CentOS ~]# service network restart
#启动成功后确认成功获取到指定IP段的IP地址。
[root@CentOS ~]# ifconfig
eth1 Link encap:Ethernet HWaddr 00:0C:29:BE:DB:D5
inet addr:192.168.19.230 Bcast:192.168.19.255 Mask:255.255.255.0
inet6 addr: fe80::20c:29ff:febe:dbd5/64 Scope:Link
UP BROADCAST RUNNING MULTICAST MTU:1500 Metric:1
RX packets:573 errors:0 dropped:0 overruns:0 frame:0
TX packets:482 errors:0 dropped:0 overruns:0 carrier:0
collisions:0 txqueuelen:1000
RX bytes:59482 (58.0 KiB) TX bytes:67044 (65.4 KiB)
客户端配置为自动获取 IP 地址，然后重启网络接口，启动成功后使用 ifconfig 查看成功
获取到IP地址。
本节介绍了DHCP的基本功能，如需了解DHCP其他更多的功能，可参考DHCP的帮助
文档或其他资料。
3.8
Linux 域名服务 DNS
如今互联网应用越来越丰富，仅仅用 IP 地址标识网络上的计算机是不可能完成任务的，
而且也没有必要，于是产生了域名系统。域名系统通过一系列有意义的名称标识网络上的计算
机，用户按域名请求某个网络服务时，域名系统负责将其解析为对应的IP地址，这便是DNS。
本节将详细介绍有关DNS的一些知识。
3.8.1 DNS 简介