Please write the title in all
capital letters
post_bootstrap
bootstrap:
post_bootstrap: /post_bootstrap.sh
$ cat /post_bootstrap.sh
#!/bin/bash
echo "\c template1
CREATE EXTENSION pg_stat_statements;
CREATE ROLE admin;" \
| psql -d $1 # $1 - connection string to the newly created
master.
89
Please write the title in all
capital letters
Patroni configuration
scope: batman # cluster name, must be the same for all node in the given cluster
#namespace: /service/ # namespace (key prefix) in DCS, default value is /service
name: postgresql0 # postgresql node name
restapi:
# restapi configuration
etcd:
# etcd configuration (can also be consul, zoookeeper or kubernetes in
corresponding sections).
bootstrap:
# configuration applied once during the cluster bootstrap
postgresql:
# postgres-related node-local configuration
watchdog:
# how Patroni interacts with the watchdog
tags:
# map of tags: nofailover, noloadbalance, nosync, replicatefrom, clonefrom
90
Please write the title in all
capital letters
Restapi configuration
restapi:
listen: 0.0.0.0:8008 # address to listen to for REST API requests
connect_address: 127.0.0.1:8008 # address to connect to this node from other
# nodes, also stored in DCS
# certfile: /etc/ssl/certs/ssl-cert-snakeoil.pem # certificate for SSL connection
# keyfile: /etc/ssl/private/ssl-cert-snakeoil.key # keyfile for SSL connection
# authentication: # username and password for basic auth.
# username: admin # Used for all data modifying operations
# password: secret # (POST, PATCH, PUT)
91
Please write the title in all
capital letters
DCS configuration
etcd:
host: 127.0.0.1:2379
# protocol: http
# username: etcd
# password: v4rY$ecRetW0rd
# cacert: /etc/ssl/ca.crt
# cert: /etc/ssl/cert.crt
# key: /etc/ssl/key.key
consul:
host: 127.0.0.1:8500
# scheme: http
# token: abcd1234
# verify: true
# cacert: /etc/ssl/ca.crt
# cert: /etc/ssl/cert.crt
# key: /etc/ssl/key.key
# dc: default
# checks: []
92
Please write the title in all
capital letters
DCS configuration
zookeeper:
hosts:
- host1:port1
- host2:port2
- host3:port3
exhibitor:
hosts:
- host1
- host2
- host3
poll_interval: 300 # interval to update topology from Exhibitor
port: 8181 # Exhibitor port (not ZooKeeper!)
93
Please write the title in all
capital letters
Bootstrap configuration
bootstrap:
dcs: # this content is written into the `/config` key after bootstrap succeeded
loop_wait: 10
ttl: 30
retry_timeout: 10
maximum_lag_on_failover: 10485760
# master_start_timeout: 300
# synchronous_mode: false
# synchronous_mode_strict: false
postgresql:
use_pg_rewind: true
use_slots: true
# parameters: # These parameters could be changed only globally (via DCS)
# max_connections: 100
# max_wal_senders: 10
# max_prepared_transactions: 0
# max_locks_per_transaction: 64
# max_replication_slots: 10
# max_worker_processes: 8
pg_hba:
- local all all trust
- hostssl all all all md5
- hostssl replication standby all md5
94
Please write the title in all
capital letters
Bootstrap configuration (continue)
bootstrap:
method: my_bootstrap_method
my_bootstrap_method:
command: /usr/local/bin/my_bootstrap_script.sh
# recovery_conf:
# restore_command: /usr/local/bin/my_restore_command.sh
# recovery_target_timeline: latest
# recovery_target_action: promote
# recovery_target_time: "2018-01-19 00:00:18.349 UTC"
# recovery_target_inclusive: false
post_bootstrap: /usr/local/bin/my_post_bootstrap_command.sh
95
Please write the title in all
capital letters
Postgresql configuration
postgresql:
use_unix_socket: true # how Patroni will connect to the local postgres
listen: 0.0.0.0:5432
connect_address: 127.0.0.1:5432 # how this node can be accessed from outside
data_dir: /home/postgres/pgroot/pgdata
bin_dir: /usr/lib/postgresql/10/bin # where the postgres binaries are located
authentication:
superuser:
username: postgres
password: SeCrEtPaS$WoRd
replication:
username: standby
password: sTaNdByPaS$WoRd
parameters:
shared_buffers: 8GB
unix_socket_directories: /var/run/postgresql
# recovery_conf:
# restore_command: /usr/local/bin/my_restore_command.sh "%f" "%p"
96
Please write the title in all
capital letters
Postgresql configuration (continue)
postgresql:
callbacks:
on_start: /usr/local/bin/my_callback.sh
on_stop: /usr/local/bin/my_callback.sh
on_role_change: /usr/local/bin/my_callback.sh
create_replica_method:
- custom_backup
- basebackup
custom_backup:
command: /usr/local/bin/restore_cluster.sh
retries: 2
no_master: 1
97
Please write the title in all
capital letters
Watchdog and tags configuration
watchdog:
mode: automatic # Allowed values: off, automatic, required
device: /dev/watchdog
# Watchdog will be triggered 5 seconds before the leader expiration
safety_margin: 5
tags:
nofailover: false
noloadbalance: false
clonefrom: true
# nosync: true
# replicatefrom: postgresql1
98
Please write the title in all
capital letters
Additional ways of configuring Patrioni
● Patroni can also be configured with environment varibles
described at
https://patroni.readthedocs.io/en/latest/ENVIRONMENT.html
● Environment variables take priority over the corresponding
parameters listed in the configuration file.
● One can pass a complete Patroni configuration in the
PATRONI_CONFIGURATION environment variable. If it is
present - no other sources of configuration are considered.
99
Please write the title in all
capital letters
Troubleshooting
100
Please write the title in all
capital letters
DCS is not accessible
$ patroni postgres0.yml
2018-01-23 14:00:07,211 INFO: Selected new etcd server http://127.0.0.1:2379
2018-01-23 14:00:07,212 WARNING: Retrying (Retry(total=1, connect=None,
read=None, redirect=0, status=None)) after connection broken by
'NewConnectionError(': Failed to establish a new connection: [Errno 111] Connection
refused',)': /v2/machines
2018-01-23 14:00:07,212 WARNING: Retrying (Retry(total=0, connect=None,
read=None, redirect=0, status=None)) after connection broken by
'NewConnectionError(': Failed to establish a new connection: [Errno 111] Connection
refused',)': /v2/machines
2018-01-23 14:00:07,213 ERROR: Failed to get list of machines from
http://127.0.0.1:2379/v2: MaxRetryError("HTTPConnectionPool(host='127.0.0.1',
port=2379): Max retries exceeded with url: /v2/machines (Caused by
NewConnectionError(': Failed to establish a new connection: [Errno 111] Connection
refused',))",)
2018-01-23 14:00:07,213 INFO: waiting on etcd
2018-01-23 14:00:12,218 INFO: Selected new etcd server http://127.0.0.1:2379
101
Please write the title in all
capital letters
Patroni can’t find PostgreSQL binaries
$ patroni postgres0.yml
2018-01-23 14:04:52,284 INFO: Selected new etcd server http://127.0.0.1:2379
2018-01-23 14:04:52,291 INFO: Lock owner: None; I am postgresql0
2018-01-23 14:04:52,299 INFO: trying to bootstrap a new cluster
2018-01-23 14:04:52,301 ERROR: Exception during execution of long running task bootstrap
Traceback (most recent call last):
File "/home/akukushkin/git/patroni/patroni/async_executor.py", line 97, in run
wakeup = func(*args) if args else func()
File "/home/akukushkin/git/patroni/patroni/postgresql.py", line 1556, in bootstrap
return do_initialize(config) and self._configure_server_parameters() and self.start()
File "/home/akukushkin/git/patroni/patroni/postgresql.py", line 537, in _initdb
ret = self.pg_ctl('initdb', *options)
File "/home/akukushkin/git/patroni/patroni/postgresql.py", line 283, in pg_ctl
return subprocess.call(pg_ctl + ['-D', self._data_dir] + list(args), **kwargs) == 0
File "/usr/lib/python3.5/subprocess.py", line 557, in call
with Popen(*popenargs, **kwargs) as p:
File "/usr/lib/python3.5/subprocess.py", line 947, in __init__
restore_signals, start_new_session)
File "/usr/lib/python3.5/subprocess.py", line 1551, in _execute_child
raise child_exception_type(errno_num, err_msg)
FileNotFoundError: [Errno 2] No such file or directory: 'pg_ctl'
2018-01-23 14:04:52,308 INFO: removing initialize key after failed attempt to bootstrap the
cluster
102
Please write the title in all
Not really an error, will disappear after
capital letters
“loop_wait” seconds
$ patroni postgres1.yml
2018-01-23 14:07:34,295 INFO: bootstrapped from leader 'postgresql0'
2018-01-23 14:07:34,373 INFO: postmaster pid=28577
2018-01-23 14:07:34.381 CET [28577] LOG: listening on IPv4 address "127.0.0.1", port
5433
2018-01-23 14:07:34.396 CET [28577] LOG: listening on Unix socket "./.s.PGSQL.5433"
2018-01-23 14:07:34.430 CET [28579] LOG: database system was interrupted; last known up
at 2018-01-23 14:07:33 CET
2018-01-23 14:07:34.431 CET [28580] FATAL: the database system is starting up
localhost:5433 - rejecting connections
2018-01-23 14:07:34.438 CET [28582] FATAL: the database system is starting up
localhost:5433 - rejecting connections
2018-01-23 14:07:34.487 CET [28579] LOG: entering standby mode
2018-01-23 14:07:34.501 CET [28579] LOG: redo starts at 0/2000028
2018-01-23 14:07:34.507 CET [28579] LOG: consistent recovery state reached at 0/20000F8
2018-01-23 14:07:34.508 CET [28577] LOG: database system is ready to accept read only
connections
2018-01-23 14:07:34.522 CET [28586] FATAL: could not start WAL streaming: ERROR:
replication slot "postgresql1" does not exist
2018-01-23 14:07:34.526 CET [28588] FATAL: could not start WAL streaming: ERROR:
replication slot "postgresql1" does not exist
localhost:5433 - accepting connections
103
Please write the title in all
capital letters
Wrong initdb config options
$ patroni postgres0.yml
2018-01-23 14:13:23,292 INFO: Selected new etcd server http://127.0.0.1:2379
2018-01-23 14:13:23,309 INFO: Lock owner: None; I am postgresql0
2018-01-23 14:13:23,318 INFO: trying to bootstrap a new cluster
/usr/lib/postgresql/10/bin/initdb: option '--data-checksums' doesn't allow an argument
Try "initdb --help" for more information.
pg_ctl: database system initialization failed
2018-01-23 14:13:23,345 INFO: removing initialize key after failed attempt to bootstrap the
cluster
--- a/postgres0.yml
+++ b/postgres0.yml
@@ -43,7 +43,7 @@ bootstrap:
# some desired options for 'initdb'
initdb: # Note: It needs to be a list (some options need values, others are switches)
- encoding: UTF8
- - data-checksums: true
+ - data-checksums
pg_hba: # Add following lines to pg_hba.conf after running 'initdb'
- host replication replicator 127.0.0.1/32 md5
104
Please write the title in all
capital letters
Badly formatted yaml
bootstrap: bootstrap:
users: users:
admin: admin:
password: admin password: admin
options: options:
-createrole - createrole
-createdb - createdb
ERROR: DO $$
BEGIN
SET local synchronous_commit = 'local';
PERFORM * FROM pg_authid WHERE rolname = 'admin';
IF FOUND THEN
ALTER ROLE "admin" WITH - C R E A T E R O L E - C R E A T E D B LOGIN PASSWORD
'admin';
ELSE
CREATE ROLE "admin" WITH - C R E A T E R O L E - C R E A T E D B LOGIN PASSWORD
'admin';
END IF;
END;
$$
105
Please write the title in all
Cluster was initialized during install of
capital letters
postgres packages
# node1 # node2
$ sudo apt-get install postgresql $ sudo apt-get install postgresql
$ sudo pip install patroni[etcd] $ sudo pip install patroni[etcd]
$ cat /etc/patroni.yaml $ cat /etc/patroni.yaml
... …
postgresql: postgresql:
data_dir: /var/lib/postgresql/10/main data_dir: /var/lib/postgresql/10/main
... ...
$ patroni /etc/patroni.yaml $ patroni.py postgres0.yml
2018-01-23 14:50:54,342 INFO: Selected new 2018-01-23 14:53:27,878 CRITICAL: system ID
etcd server http://127.0.0.1:2379 mismatch, node postgresql0 belongs to a different
2018-01-23 14:50:54,347 INFO: establishing cluster: 6497216458191333666 != 6497220080226496012
a new patroni connection to the postgres 2018-01-23 14:53:28.373 CET [30508] LOG: received
cluster fast shutdown request
2018-01-23 14:50:54,364 INFO: acquired 2018-01-23 14:53:28.418 CET [30508] LOG: database
session lock as a leader system is shut down
2018-01-23 14:53:28,426 INFO: Lock owner: node1; I
am node2
106
Please write the title in all
capital letters
Useful links
● Patroni - https://github.com/zalando/patroni
● Web-based searchable documentation:
https://patroni.readthedocs.io
● Spilo - a docker image based on Patroni:
https://github.com/zalando/spilo
107
Please write the title in all
capital letters
Thank you!
108