total 138651  
drwxr-xr-x.  9 root root        12 May 19 05:55 hadoop-2.4.0  
-rw-r--r--.  1 root root 138943699 May 19 05:56 hadoop-2.4.0.tar.gz  
drwxr-xr-x. 10 root root        30 May 19 05:55 spl-0.6.2  
-rw-r--r--.  1 root root    565277 May 19 05:55 spl-0.6.2.tar.gz  
drwxr-xr-x. 13 root root        37 May 19 05:55 zfs-0.6.2  
-rw-r--r--.  1 root root   2158948 May 19 05:55 zfs-0.6.2.tar.gz  
[root@spark01 test]# du -sh *  
250M    hadoop-2.4.0  
133M    hadoop-2.4.0.tar.gz  
39M     spl-0.6.2  
643K    spl-0.6.2.tar.gz  
193M    zfs-0.6.2  
2.2M    zfs-0.6.2.tar.gz  
新建一个文件, 用来替换被我删掉的zfs.disk1文件, 新增的这个文件可以与zfs.disk1同名, 也可以不同名.   
[root@spark01 test]# cd /home/digoal/  
[root@spark01 digoal]# dd if=/dev/zero of=./zfs.disk1 bs=1024k count=2048  
2048+0 records in  
2048+0 records out  
2147483648 bytes (2.1 GB) copied, 1.29587 s, 1.7 GB/s  
使用zpool replace替换坏盘 :   
[root@spark01 digoal]# zpool replace -h  
usage:  
        replace [-f]   [new-device]  
[root@spark01 digoal]# zpool replace zp /home/digoal/zfs.disk1 /home/digoal/zfs.disk1  
[root@spark01 digoal]# zpool scrub zp  
[root@spark01 digoal]# zpool status zp  
  pool: zp  
 state: ONLINE  
  scan: scrub repaired 0 in 0h0m with 0 errors on Mon May 19 06:01:19 2014  
config:  
        NAME                        STATE     READ WRITE CKSUM  
        zp                          ONLINE       0     0     0  
          raidz1-0                  ONLINE       0     0     0  
            /home/digoal/zfs.disk1  ONLINE       0     0     0  
            /home/digoal/zfs.disk2  ONLINE       0     0     0  
            /home/digoal/zfs.disk3  ONLINE       0     0     0  
            /home/digoal/zfs.disk4  ONLINE       0     0     0  
        logs  
          mirror-1                  ONLINE       0     0     0  
            /home/digoal/zfs.log1   ONLINE       0     0     0  
            /home/digoal/zfs.log2   ONLINE       0     0     0  
errors: No known data errors  
使用status -x参数查看pool的健康状态  
[root@spark01 digoal]# zpool status zp -x  
pool 'zp' is healthy  
注意如果是真实环境中的硬盘替换的话, 支持热插拔的硬盘可以直接替换硬盘, 然后使用zpool replace替换.  
对于不能热插拔的硬盘, 需要关机替换硬盘, 再使用zpool replace替换掉坏盘.  
查看坏盘对应的设备号(或序列号, 因为更换硬盘时需要拔下硬盘后现场对比一下序列号, 以免弄错).  
hdparm -I, 对比zpool status中的设备名.  
```  
## 参考  
1\. http://docs.oracle.com/cd/E26502_01/pdf/E29007.pdf  
2\. http://www.root.cz/clanky/suborovy-system-zfs-konzistentnost-dat/  
3\. https://pthree.org/2012/12/11/zfs-administration-part-vi-scrub-and-resilver/  
4\. https://pthree.org/2012/12/05/zfs-administration-part-ii-raidz/  
#### [PostgreSQL 许愿链接](https://github.com/digoal/blog/issues/76 "269ac3d1c492e938c0191101c7238216")
您的愿望将传达给PG kernel hacker、数据库厂商等, 帮助提高数据库产品质量和功能, 说不定下一个PG版本就有您提出的功能点. 针对非常好的提议，奖励限量版PG文化衫、纪念品、贴纸、PG热门书籍等，奖品丰富，快来许愿。[开不开森](https://github.com/digoal/blog/issues/76 "269ac3d1c492e938c0191101c7238216").  
#### [9.9元购买3个月阿里云RDS PostgreSQL实例](https://www.aliyun.com/database/postgresqlactivity "57258f76c37864c6e6d23383d05714ea")
#### [PostgreSQL 解决方案集合](https://yq.aliyun.com/topic/118 "40cff096e9ed7122c512b35d8561d9c8")
#### [德哥 / digoal's github - 公益是一辈子的事.](https://github.com/digoal/blog/blob/master/README.md "22709685feb7cab07d30f30387f0a9ae")
![digoal's wechat](../pic/digoal_weixin.jpg "f7ad92eeba24523fd47a6e1a0e691b59")
#### [PolarDB 学习图谱: 训练营、培训认证、在线互动实验、解决方案、生态合作、写心得拿奖品](https://www.aliyun.com/database/openpolardb/activity "8642f60e04ed0c814bf9cb9677976bd4")
#### [购买PolarDB云服务折扣活动进行中, 55元起](https://www.aliyun.com/activity/new/polardb-yunparter?userCode=bsb3t4al "e0495c413bedacabb75ff1e880be465a")
#### [About 德哥](https://github.com/digoal/blog/blob/master/me/readme.md "a37735981e7704886ffd590565582dd0")