[root@digoal ~]# btrfs filesystem resize '1:+1G' /data01  
Resize '/data01' of '1:+1G'  
[root@digoal ~]# btrfs filesystem show /data01  
Label: none  uuid: 00036b8e-7914-41a9-831a-d35c97202eeb  
        Total devices 4 FS bytes used 2.12GiB  
        devid    1 size 20.00GiB used 4.01GiB path /dev/sdb  
        devid    2 size 20.00GiB used 4.01GiB path /dev/sdc  
        devid    3 size 20.00GiB used 4.01GiB path /dev/sdd  
        devid    4 size 20.00GiB used 4.01GiB path /dev/sde  
```  
可以指定max，表示使用块设备的所有容量。  
```  
[root@digoal ~]# btrfs filesystem resize '1:max' /data01  
Resize '/data01' of '1:max'  
```  
5\.2 缩小  
```  
# btrfs filesystem resize amount /mount-point  
# btrfs filesystem show /mount-point  
# btrfs filesystem resize devid:amount /mount-point  
```  
类似：  
```  
# btrfs filesystem resize -200M /btrfssingle  
Resize '/btrfssingle' of '-200M'  
```  
5\.3 设置固定大小  
```  
# btrfs filesystem resize amount /mount-point  
# btrfs filesystem resize 700M /btrfssingle  
Resize '/btrfssingle' of '700M'  
# btrfs filesystem show /mount-point  
# btrfs filesystem resize devid:amount /mount-point  
```  
同样支持max：  
```  
[root@digoal ~]# btrfs filesystem resize 'max' /data01  
Resize '/data01' of 'max'  
[root@digoal ~]# btrfs filesystem resize '2:max' /data01  
Resize '/data01' of '2:max'  
[root@digoal ~]# btrfs filesystem resize '3:max' /data01  
Resize '/data01' of '3:max'  
[root@digoal ~]# btrfs filesystem resize '4:max' /data01  
Resize '/data01' of '4:max'  
```  
## 六、btrfs文件系统卷管理  
btrfs文件系统多个块设备如何管理  
```  
MULTIPLE DEVICES  
       Before mounting a multiple device filesystem, the kernel module must know the association of the block devices that are attached to the filesystem UUID.  
       There is typically no action needed from the user. On a system that utilizes a udev-like daemon(自动识别, 不需要scan, centos 7是这样的), any new block device is automatically registered. The rules call btrfs device scan.  
       The same command can be used to trigger the device scanning if the btrfs kernel module is reloaded (naturally all previous information about the device registration is lost).  
       Another possibility is to use the mount options device to specify the list of devices to scan at the time of mount.  
           # mount -o device=/dev/sdb,device=/dev/sdc /dev/sda /mnt  
           Note  
           that this means only scanning, if the devices do not exist in the system, mount will fail anyway. This can happen on systems without initramfs/initrd and root partition created with RAID1/10/5/6 profiles. The mount  
           action can happen before all block devices are discovered. The waiting is usually done on the initramfs/initrd systems.  
```  
否则，在操作系统重启或者btrfs模块重载后，需要先scan 一下，才能mount使用了多个块设备的btrfs。  
## 七、负载均衡  
使用raid0, raid10, raid5, raid6时，支持条带，一个block group将横跨多个块设备，所以有负载均衡的作用。  
## 八、单到多转换  
如果一开始btrfs只用了一个块设备，要转换成raid1，如何转换？  
```  
[root@digoal ~]# mkfs.btrfs -m single -d single -n 4096 -f /dev/sdb  
btrfs-progs v4.3.1  
See http://btrfs.wiki.kernel.org for more information.  
Label:              (null)  
UUID:               165f59f6-77b5-4421-b3d8-90884d3c0b40  
Node size:          4096  
Sector size:        4096  
Filesystem size:    20.00GiB  
Block group profiles:  
  Data:             single            8.00MiB  
  Metadata:         single            8.00MiB  
  System:           single            4.00MiB  
SSD detected:       no  
Incompat features:  extref, skinny-metadata  
Number of devices:  1  
Devices:  
   ID        SIZE  PATH  
    1    20.00GiB  /dev/sdb  
[root@digoal ~]# mount -o ssd,ssd_spread,discard,noatime,nodiratime,compress=no,space_cache,recovery,defaults /dev/sdb /data01  
```  
添加块设备  
```  
[root@digoal ~]# btrfs device add /dev/sdc /data01 -f  
```  
使用balance在线转换，其中-m指metadata, -d指data  
```  
[root@digoal ~]# btrfs balance start -dconvert=raid1 -mconvert=raid1 /data01  
Done, had to relocate 3 out of 3 chunks  
```  
这里的chunks指的就是block group.  
```  
[root@digoal ~]# btrfs filesystem show /data01  
Label: none  uuid: 165f59f6-77b5-4421-b3d8-90884d3c0b40  
        Total devices 2 FS bytes used 360.00KiB  
        devid    1 size 20.00GiB used 1.28GiB path /dev/sdb  
        devid    2 size 20.00GiB used 1.28GiB path /dev/sdc  
```  
查看balance任务是否完成  
```  
[root@digoal ~]# btrfs balance status -v /data01  
No balance found on '/data01'  
```  
还可以继续转换，例如data我想用raid0，可以这样。  
```  
[root@digoal ~]# btrfs balance start -dconvert=raid0 /data01  
Done, had to relocate 1 out of 3 chunks  
```  
这里的chunks指的就是block group.  
## 九、添加块设备，数据重分布。  
和前面的转换差不多，只是不改-d -m的profile。  
```  
[root@digoal ~]# btrfs device add /dev/sdd/data01 -f  
[root@digoal ~]# btrfs device add /dev/sde/data01 -f  
[root@digoal ~]# btrfs filesystem show /dev/sdb  
Label: none  uuid: 165f59f6-77b5-4421-b3d8-90884d3c0b40  
        Total devices 4 FS bytes used 616.00KiB  
        devid    1 size 20.00GiB used 1.28GiB path /dev/sdb  
        devid    2 size 20.00GiB used 1.28GiB path /dev/sdc  
        devid    3 size 20.00GiB used 0.00B path /dev/sdd  
        devid    4 size 20.00GiB used 0.00B path /dev/sde  
```  
数据重分布  
```  
[root@digoal ~]# btrfs balance start /data01  
Done, had to relocate 3 out of 3 chunks  
[root@digoal ~]# btrfs filesystem show /dev/sdb  
Label: none  uuid: 165f59f6-77b5-4421-b3d8-90884d3c0b40  
        Total devices 4 FS bytes used 1.29MiB  
        devid    1 size 20.00GiB used 1.03GiB path /dev/sdb  
        devid    2 size 20.00GiB used 1.03GiB path /dev/sdc  
        devid    3 size 20.00GiB used 2.00GiB path /dev/sdd  
        devid    4 size 20.00GiB used 2.00GiB path /dev/sde  
```  
将metadata转换为raid10存储，重分布。  
```  
[root@digoal ~]# btrfs balance start -mconvert=raid10 /data01  
Done, had to relocate 2 out of 3 chunks  
[root@digoal ~]# btrfs filesystem show /dev/sdb  
Label: none  uuid: 165f59f6-77b5-4421-b3d8-90884d3c0b40  
        Total devices 4 FS bytes used 1.54MiB  
        devid    1 size 20.00GiB used 1.53GiB path /dev/sdb  
        devid    2 size 20.00GiB used 1.53GiB path /dev/sdc  
        devid    3 size 20.00GiB used 1.53GiB path /dev/sdd  
        devid    4 size 20.00GiB used 1.53GiB path /dev/sde  
```  
查看重分布后的三种类型的使用量。  
```  
[root@digoal ~]# btrfs filesystem df /data01  
Data, RAID0: total=4.00GiB, used=1.25MiB  
System, RAID10: total=64.00MiB, used=4.00KiB  
Metadata, RAID10: total=1.00GiB, used=36.00KiB  
GlobalReserve, single: total=4.00MiB, used=0.00B  
```  
## 十、删除块设备（必须确保达到该profile级别最小个数的块设备）  
```  
[root@digoal ~]# btrfs filesystem df /data01  
Data, RAID10: total=2.00GiB, used=1.00GiB  
System, RAID10: total=64.00MiB, used=4.00KiB  
Metadata, RAID10: total=1.00GiB, used=1.18MiB  
GlobalReserve, single: total=4.00MiB, used=0.00B  
[root@digoal ~]# btrfs filesystem show /data01  
Label: none  uuid: 165f59f6-77b5-4421-b3d8-90884d3c0b40  
        Total devices 4 FS bytes used 1.00GiB  
        devid    1 size 20.00GiB used 1.53GiB path /dev/sdb  
        devid    2 size 20.00GiB used 1.53GiB path /dev/sdc  
        devid    3 size 20.00GiB used 1.53GiB path /dev/sdd  
        devid    4 size 20.00GiB used 1.53GiB path /dev/sde  
```  
因为raid10至少需要4个块设备，所以删除失败  
```  
[root@digoal ~]# btrfs device delete /dev/sdb /data01  
ERROR: error removing device '/dev/sdb': unable to go below four devices on raid10  
```  
先转换为raid1，再演示  
```  
[root@digoal ~]# btrfs balance start -mconvert=raid1 -dconvert=raid1 /data01  
Done, had to relocate 3 out of 3 chunks  
[root@digoal ~]# btrfs filesystem df /data01  
Data, RAID1: total=2.00GiB, used=1.00GiB  
System, RAID1: total=32.00MiB, used=4.00KiB  
Metadata, RAID1: total=1.00GiB, used=1.11MiB  
GlobalReserve, single: total=4.00MiB, used=0.00B  
[root@digoal ~]# btrfs filesystem show /data01  
Label: none  uuid: 165f59f6-77b5-4421-b3d8-90884d3c0b40  
        Total devices 4 FS bytes used 1.00GiB  
        devid    1 size 20.00GiB used 1.03GiB path /dev/sdb  
        devid    2 size 20.00GiB used 2.00GiB path /dev/sdc  
        devid    3 size 20.00GiB used 2.00GiB path /dev/sdd  
        devid    4 size 20.00GiB used 1.03GiB path /dev/sde  
```  
raid1最少只需要2个块设备，所以可以删除两个。  
```  
[root@digoal ~]# btrfs device delete /dev/sdb /data01  
[root@digoal ~]# btrfs device delete /dev/sdc /data01  
[root@digoal ~]# btrfs filesystem df /data01  
Data, RAID1: total=2.00GiB, used=1.00GiB  
System, RAID1: total=32.00MiB, used=4.00KiB  
Metadata, RAID1: total=256.00MiB, used=1.12MiB  
GlobalReserve, single: total=4.00MiB, used=0.00B  
[root@digoal ~]# btrfs filesystem show /data01  
Label: none  uuid: 165f59f6-77b5-4421-b3d8-90884d3c0b40  
        Total devices 2 FS bytes used 1.00GiB  
        devid    3 size 20.00GiB used 2.28GiB path /dev/sdd  
        devid    4 size 20.00GiB used 2.28GiB path /dev/sde  
```  
继续删除则失败  
```  
[root@digoal ~]# btrfs device delete /dev/sdd /data01  
ERROR: error removing device '/dev/sdd': unable to go below two devices on raid1  
```  
再加回去  
```  
[root@digoal ~]# btrfs device add /dev/sdb /data01  
[root@digoal ~]# btrfs device add /dev/sdc /data01  
[root@digoal ~]# btrfs balance start /data01  
Done, had to relocate 4 out of 4 chunks  
```  
转换为raid5  
```  
[root@digoal ~]# btrfs balance start -mconvert=raid5 -dconvert=raid5 /data01  
Done, had to relocate 4 out of 4 chunks  
```  
可以删除1个，因为raid5最少需要3个块设备  
```  
[root@digoal ~]# btrfs device delete /dev/sde /data01  
[root@digoal ~]# btrfs filesystem df /data01  
Data, RAID5: total=2.00GiB, used=1.00GiB  
System, RAID5: total=64.00MiB, used=4.00KiB  
Metadata, RAID5: total=1.00GiB, used=1.12MiB  
GlobalReserve, single: total=4.00MiB, used=0.00B  
[root@digoal ~]# btrfs filesystem show /data01  
Label: none  uuid: 165f59f6-77b5-4421-b3d8-90884d3c0b40  
        Total devices 3 FS bytes used 1.00GiB  
        devid    3 size 20.00GiB used 1.53GiB path /dev/sdd  
        devid    5 size 20.00GiB used 1.53GiB path /dev/sdb  
        devid    6 size 20.00GiB used 1.53GiB path /dev/sdc  
```  
## 十一、处理坏块设备。  
假设当前btrfs管理了3个块设备，其中data profile=raid5, metadata profile=raid5, system profile=raid1  
设置好这样的状态：  
```  
[root@digoal ~]# btrfs balance start -sconvert=raid1 -f /data01  
Done, had to relocate 1 out of 3 chunks  