        Sufficient replicas exist for the pool to continue functioning in a  
        degraded state.  
action: Online the device using 'zpool online' or replace the device with  
        'zpool replace'.  
  scan: resilvered 1000K in 0h0m with 0 errors on Thu Jul 31 09:26:25 2014  
config:  
        NAME                  STATE     READ WRITE CKSUM  
        zp2                   DEGRADED     0     0     0  
          mirror-0            DEGRADED     0     0     0  
            spare-0           OFFLINE      0     0     0  
              /opt/zfs.disk1  OFFLINE      0     0     0  
              /opt/zfs.disk3  ONLINE       0     0     0  
            /opt/zfs.disk2    ONLINE       0     0     0  
        spares  
          /opt/zfs.disk3      INUSE     currently in use  
```  
接下来直接使用原盘替换时会报错, 因为这个盘目前有zpool的信息. 起到了保护作用.  
```  
[root@db-192-168-173-219 test1]# zpool replace zp2 /opt/zfs.disk1 /opt/zfs.disk1  
invalid vdev specification  
use '-f' to override the following errors:  
/opt/zfs.disk1 is part of active pool 'zp2'  
```  
删除原盘对应的文件, 并新建一个文件来顶替  
```  
[root@db-192-168-173-219 opt]# rm -f zfs.disk1  
[root@db-192-168-173-219 opt]# zpool replace zp2 /opt/zfs.disk1 /opt/zfs.disk1  
cannot resolve path '/opt/zfs.disk1'  
[root@db-192-168-173-219 opt]# dd if=/dev/zero of=/opt/zfs.disk1 bs=8192 count=102400   
102400+0 records in  
102400+0 records out  
838860800 bytes (839 MB) copied, 1.48687 s, 564 MB/s  
```  
使用新建的文件定义offline的盘. hot spare盘回到avail状态.  
```  
[root@db-192-168-173-219 opt]# zpool replace zp2 /opt/zfs.disk1 /opt/zfs.disk1  
[root@db-192-168-173-219 opt]# zpool status -v zp2  
  pool: zp2  
 state: ONLINE  
  scan: resilvered 1.05M in 0h0m with 0 errors on Thu Jul 31 09:27:28 2014  
config:  
        NAME                STATE     READ WRITE CKSUM  
        zp2                 ONLINE       0     0     0  
          mirror-0          ONLINE       0     0     0  
            /opt/zfs.disk1  ONLINE       0     0     0  
            /opt/zfs.disk2  ONLINE       0     0     0  
        spares  
          /opt/zfs.disk3    AVAIL     
errors: No known data errors  
```  
## 注意  
1\. zpool的autoreplace和hot spare没有关系, 只和原盘有关, 当原盘被一个新的盘插入时自动加入原盘所在的vdev.  
```         
       autoreplace=on | off  
           Controls automatic device replacement. If set to "off", device replacement must be initiated by the  admin-  
           istrator  by  using the "zpool replace" command. If set to "on", any new device, found in the same physical  
           location as a device that previously belonged to the pool, is automatically  formatted  and  replaced.  The  
           default behavior is "off". This property can also be referred to by its shortened column name, "replace".  
```  
2\.  从下面的exp来看, 如果hot spare处于resilvering状态, 最好等resilver结束再replace到更换后的盘.  
```  
       zpool scrub [-s] pool ...  
           Begins  a  scrub. The scrub examines all data in the specified pools to verify that it checksums correctly.  
           For replicated (mirror or raidz) devices, ZFS automatically repairs any damage discovered during the scrub.  
           The  "zpool  status" command reports the progress of the scrub and summarizes the results of the scrub upon  
           completion.  
           Scrubbing and resilvering are very similar operations. The difference is  that  resilvering  only  examines  
           data that ZFS knows to be out of date (for example, when attaching a new device to a mirror or replacing an  
           existing device), whereas scrubbing examines all data to discover silent errors due to hardware  faults  or  
           disk failure.  
           Because  scrubbing  and resilvering are I/O-intensive operations, ZFS only allows one at a time. If a scrub  
           is already in progress, the "zpool scrub" command terminates it and starts a new scrub. If a resilver is in  
           progress, ZFS does not allow a scrub to be started until the resilver completes.  
           -s    Stop scrubbing.  
       Example 11 Managing Hot Spares  
       The following command creates a new pool with an available hot spare:  
         # zpool create tank mirror sda sdb spare sdc  
       If one of the disks were to fail, the pool would be reduced to the degraded state. The  failed  device  can  be  
       replaced using the following command:  
         # zpool replace tank sda sdd  
       Once  the  data  has  been  resilvered, the spare is automatically removed and is made available for use should  
       another device fails. The hot spare can be permanently removed from the pool using the following command:  
         # zpool remove tank sdc  
```  
## 参考  
1\. man zpool  
2\. https://zpool.org/  
3\. http://www.zfsbuild.com/  
4\. http://www.minghao.hk/bbs/read.php?tid=757  
#### [PostgreSQL 许愿链接](https://github.com/digoal/blog/issues/76 "269ac3d1c492e938c0191101c7238216")
您的愿望将传达给PG kernel hacker、数据库厂商等, 帮助提高数据库产品质量和功能, 说不定下一个PG版本就有您提出的功能点. 针对非常好的提议，奖励限量版PG文化衫、纪念品、贴纸、PG热门书籍等，奖品丰富，快来许愿。[开不开森](https://github.com/digoal/blog/issues/76 "269ac3d1c492e938c0191101c7238216").  
#### [9.9元购买3个月阿里云RDS PostgreSQL实例](https://www.aliyun.com/database/postgresqlactivity "57258f76c37864c6e6d23383d05714ea")
#### [PostgreSQL 解决方案集合](https://yq.aliyun.com/topic/118 "40cff096e9ed7122c512b35d8561d9c8")
#### [德哥 / digoal's github - 公益是一辈子的事.](https://github.com/digoal/blog/blob/master/README.md "22709685feb7cab07d30f30387f0a9ae")
![digoal's wechat](../pic/digoal_weixin.jpg "f7ad92eeba24523fd47a6e1a0e691b59")
#### [PolarDB 学习图谱: 训练营、培训认证、在线互动实验、解决方案、生态合作、写心得拿奖品](https://www.aliyun.com/database/openpolardb/activity "8642f60e04ed0c814bf9cb9677976bd4")
#### [购买PolarDB云服务折扣活动进行中, 55元起](https://www.aliyun.com/activity/new/polardb-yunparter?userCode=bsb3t4al "e0495c413bedacabb75ff1e880be465a")
#### [About 德哥](https://github.com/digoal/blog/blob/master/me/readme.md "a37735981e7704886ffd590565582dd0")