[root@digoal ~]# btrfs fi show  
Label: none  uuid: 165f59f6-77b5-4421-b3d8-90884d3c0b40  
        Total devices 3 FS bytes used 1.00GiB  
        devid    3 size 20.00GiB used 1.53GiB path /dev/sdd  
        devid    5 size 20.00GiB used 1.50GiB path /dev/sdb  
        devid    6 size 20.00GiB used 1.53GiB path /dev/sdc  
[root@digoal ~]# btrfs fi df /data01  
Data, RAID5: total=2.00GiB, used=1.00GiB  
System, RAID1: total=32.00MiB, used=4.00KiB  
Metadata, RAID5: total=1.00GiB, used=1.12MiB  
GlobalReserve, single: total=4.00MiB, used=0.00B  
```  
删除一个块设备文件，模拟坏设备  
```  
[root@digoal ~]# rm -f /dev/sdb  
[root@digoal ~]# btrfs fi df /data01  
Data, RAID5: total=2.00GiB, used=1.00GiB  
System, RAID1: total=32.00MiB, used=4.00KiB  
Metadata, RAID5: total=1.00GiB, used=1.12MiB  
GlobalReserve, single: total=4.00MiB, used=0.00B  
```  
现在btrfs显示有一些设备处于missing状态。  
```  
[root@digoal ~]# btrfs fi show /data01  
Label: none  uuid: 165f59f6-77b5-4421-b3d8-90884d3c0b40  
        Total devices 3 FS bytes used 1.00GiB  
        devid    3 size 20.00GiB used 1.53GiB path /dev/sdd  
        devid    6 size 20.00GiB used 1.53GiB path /dev/sdc  
        *** Some devices missing  
```  
umount掉之后，就不能挂载上来了。必须使用degraded模式挂载。  
```  
[root@digoal ~]# umount /data01  
[root@digoal ~]# mount /dev/sdc /data01  
mount: wrong fs type, bad option, bad superblock on /dev/sdc,  
       missing codepage or helper program, or other error  
       In some cases useful info is found in syslog - try  
       dmesg | tail or so.  
dmesg|tail -n 5  
[ 1311.617838] BTRFS: open /dev/sdb failed  
[ 1311.618763] BTRFS info (device sdc): disk space caching is enabled  
[ 1311.618767] BTRFS: has skinny extents  
[ 1311.623540] BTRFS: failed to read chunk tree on sdc  
[ 1311.648198] BTRFS: open_ctree failed  
```  
你可以看到超级块在sdc sdd是好的。  
```  
[root@digoal ~]# btrfs rescue super-recover -v /dev/sdc  
All Devices:  
        Device: id = 3, name = /dev/sdd  
        Device: id = 6, name = /dev/sdc  
Before Recovering:  
        [All good supers]:  
                device name = /dev/sdd  
                superblock bytenr = 65536  
                device name = /dev/sdd  
                superblock bytenr = 67108864  
                device name = /dev/sdc  
                superblock bytenr = 65536  
                device name = /dev/sdc  
                superblock bytenr = 67108864  
        [All bad supers]:  
All supers are valid, no need to recover  
```  
所以可以使用degraded挂载。  
```  
[root@digoal ~]# mount -t btrfs -o degraded /dev/sdc /data01  
[root@digoal ~]# btrfs fi show /data01  
Label: none  uuid: 165f59f6-77b5-4421-b3d8-90884d3c0b40  
        Total devices 3 FS bytes used 1.00GiB  
        devid    3 size 20.00GiB used 1.53GiB path /dev/sdd  
        devid    6 size 20.00GiB used 1.53GiB path /dev/sdc  
        *** Some devices missing  
[root@digoal ~]# btrfs fi df /data01  
Data, RAID5: total=2.00GiB, used=1.00GiB  
System, RAID1: total=32.00MiB, used=4.00KiB  
Metadata, RAID5: total=1.00GiB, used=1.12MiB  
GlobalReserve, single: total=4.00MiB, used=0.00B  
```  
删除missing的块设备，同样需要保证profile对应的级别，至少要满足最少的数据块格式，因为用了raid5，所以至少要3个块设备。删除失败。  
```  
[root@digoal ~]# btrfs device delete missing /data01  
ERROR: error removing device 'missing': unable to go below two devices on raid5  
```  
你可以先添加块设备进来，然后再删除missing的设备。  
```  
[root@digoal ~]# btrfs device add /dev/sde /data01  
[root@digoal ~]# btrfs fi show /data01  
Label: none  uuid: 165f59f6-77b5-4421-b3d8-90884d3c0b40  
        Total devices 4 FS bytes used 1.00GiB  
        devid    3 size 20.00GiB used 1.53GiB path /dev/sdd  
        devid    6 size 20.00GiB used 1.53GiB path /dev/sdc  
        devid    7 size 20.00GiB used 0.00B path /dev/sde  
        *** Some devices missing  
[root@digoal ~]# btrfs device delete missing /data01  
[root@digoal ~]# btrfs fi show /data01  
Label: none  uuid: 165f59f6-77b5-4421-b3d8-90884d3c0b40  
        Total devices 3 FS bytes used 1.00GiB  
        devid    3 size 20.00GiB used 1.53GiB path /dev/sdd  
        devid    6 size 20.00GiB used 1.53GiB path /dev/sdc  
        devid    7 size 20.00GiB used 1.50GiB path /dev/sde  
```  
重新平衡。  
```  
[root@digoal ~]# btrfs balance start /data01  
Done, had to relocate 3 out of 3 chunks  
[root@digoal ~]# btrfs fi show /data01  
Label: none  uuid: 165f59f6-77b5-4421-b3d8-90884d3c0b40  
        Total devices 3 FS bytes used 1.00GiB  
        devid    3 size 20.00GiB used 1.53GiB path /dev/sdd  
        devid    6 size 20.00GiB used 1.50GiB path /dev/sdc  
        devid    7 size 20.00GiB used 1.53GiB path /dev/sde  
```  
## 小结  
1\. 建议的mkfs参数  
多个块设备时，建议  
```  
-n 4096 -m raid10 -d raid10  
或  
-n 4096 -m raid10 -d raid5  
...  
```  
单个块设备建议（非SSD）  
```  
-n 4096 -m DUP -d single  
```  
单个块设备建议（SSD）  
```  
-n 4096 -m single -d single  
```  
2\. 建议的mount参数  
```  
discard,ssd,ssd_spread,noatime,nodiratime,space_cache,defaults,compress=no,recovery  
```  
3\. 建议的IO调度策略  
```  
deadline  
```  
4\. btrfs 架构  
搞清几个概念：  
1\. block group, chunk  
2\. profile  
3\. 三种数据类型  
4\. block dev  
5\. 添加块设备后，记得执行重分布。  
6\. 搞清楚man btrfs以及所有子命令所有的内容.  
## 参考  
1\. man mkfs.btrfs  
2\. man btrfs  
3\. https://access.redhat.com/documentation/en-US/Red_Hat_Enterprise_Linux/7/html/Storage_Administration_Guide/ch-btrfs.html  
4\. https://access.redhat.com/documentation/en-US/Red_Hat_Enterprise_Linux/7/html/Storage_Administration_Guide/index.html  
5\. https://www.suse.com/events/susecon/sessions/presentations/SUSECon-2012-TT1301.pdf  
6\. https://www.suse.com/documentation/  
7\. https://wiki.gentoo.org/wiki/Btrfs  
8\. https://wiki.gentoo.org/wiki/ZFS  
#### [PostgreSQL 许愿链接](https://github.com/digoal/blog/issues/76 "269ac3d1c492e938c0191101c7238216")
您的愿望将传达给PG kernel hacker、数据库厂商等, 帮助提高数据库产品质量和功能, 说不定下一个PG版本就有您提出的功能点. 针对非常好的提议，奖励限量版PG文化衫、纪念品、贴纸、PG热门书籍等，奖品丰富，快来许愿。[开不开森](https://github.com/digoal/blog/issues/76 "269ac3d1c492e938c0191101c7238216").  
#### [9.9元购买3个月阿里云RDS PostgreSQL实例](https://www.aliyun.com/database/postgresqlactivity "57258f76c37864c6e6d23383d05714ea")
#### [PostgreSQL 解决方案集合](https://yq.aliyun.com/topic/118 "40cff096e9ed7122c512b35d8561d9c8")
#### [德哥 / digoal's github - 公益是一辈子的事.](https://github.com/digoal/blog/blob/master/README.md "22709685feb7cab07d30f30387f0a9ae")
![digoal's wechat](../pic/digoal_weixin.jpg "f7ad92eeba24523fd47a6e1a0e691b59")
#### [PolarDB 学习图谱: 训练营、培训认证、在线互动实验、解决方案、生态合作、写心得拿奖品](https://www.aliyun.com/database/openpolardb/activity "8642f60e04ed0c814bf9cb9677976bd4")
#### [购买PolarDB云服务折扣活动进行中, 55元起](https://www.aliyun.com/activity/new/polardb-yunparter?userCode=bsb3t4al "e0495c413bedacabb75ff1e880be465a")
#### [About 德哥](https://github.com/digoal/blog/blob/master/me/readme.md "a37735981e7704886ffd590565582dd0")