```
[root@176 ~]# ifconfig -a  
br0       Link encap:Ethernet  HWaddr 1A:E4:96:0B:24:43    
          BROADCAST MULTICAST  MTU:1500  Metric:1  
          RX packets:0 errors:0 dropped:0 overruns:0 frame:0  
          TX packets:0 errors:0 dropped:0 overruns:0 carrier:0  
          collisions:0 txqueuelen:0   
          RX bytes:0 (0.0 b)  TX bytes:0 (0.0 b)  
eth0      Link encap:Ethernet  HWaddr 00:23:7D:A3:F0:4E    
          inet addr:172.16.3.176  Bcast:172.16.3.255  Mask:255.255.255.0  
          inet6 addr: fe80::223:7dff:fea3:f04e/64 Scope:Link  
          UP BROADCAST RUNNING MULTICAST  MTU:1500  Metric:1  
          RX packets:7096 errors:0 dropped:0 overruns:0 frame:0  
          TX packets:1311 errors:0 dropped:0 overruns:0 carrier:0  
          collisions:0 txqueuelen:1000   
          RX bytes:784135 (765.7 KiB)  TX bytes:101647 (99.2 KiB)  
eth1      Link encap:Ethernet  HWaddr 00:23:7D:A3:F0:50    
          BROADCAST MULTICAST  MTU:1500  Metric:1  
          RX packets:0 errors:0 dropped:0 overruns:0 frame:0  
          TX packets:0 errors:0 dropped:0 overruns:0 carrier:0  
          collisions:0 txqueuelen:1000   
          RX bytes:0 (0.0 b)  TX bytes:0 (0.0 b)  
lo        Link encap:Local Loopback    
          inet addr:127.0.0.1  Mask:255.0.0.0  
          inet6 addr: ::1/128 Scope:Host  
          UP LOOPBACK RUNNING  MTU:16436  Metric:1  
          RX packets:0 errors:0 dropped:0 overruns:0 frame:0  
          TX packets:0 errors:0 dropped:0 overruns:0 carrier:0  
          collisions:0 txqueuelen:0   
          RX bytes:0 (0.0 b)  TX bytes:0 (0.0 b)  
```
当前br0链路是DOWN的.  
```
[root@176 ~]# ip link  
1: lo:  mtu 16436 qdisc noqueue state UNKNOWN   
    link/loopback 00:00:00:00:00:00 brd 00:00:00:00:00:00  
2: eth0:  mtu 1500 qdisc mq state UP qlen 1000  
    link/ether 00:23:7d:a3:f0:4e brd ff:ff:ff:ff:ff:ff  
3: eth1:  mtu 1500 qdisc noop state DOWN qlen 1000  
    link/ether 00:23:7d:a3:f0:50 brd ff:ff:ff:ff:ff:ff  
5: br0:  mtu 1500 qdisc noop state DOWN   
    link/ether 1a:e4:96:0b:24:43 brd ff:ff:ff:ff:ff:ff  
```
启动网桥(或者使用ip link up来启动link)  
```
[root@176 ~]# ifconfig br0 up  
```
现在可以看到这个接口已经起来了, 状态是up的  
```
[root@176 ~]# ifconfig  
br0       Link encap:Ethernet  HWaddr 1A:E4:96:0B:24:43    
          inet6 addr: fe80::18e4:96ff:fe0b:2443/64 Scope:Link  
          UP BROADCAST RUNNING MULTICAST  MTU:1500  Metric:1  
          RX packets:0 errors:0 dropped:0 overruns:0 frame:0  
          TX packets:5 errors:0 dropped:0 overruns:0 carrier:0  
          collisions:0 txqueuelen:0   
          RX bytes:0 (0.0 b)  TX bytes:398 (398.0 b)  
[root@176 ~]# ip link  
1: lo:  mtu 16436 qdisc noqueue state UNKNOWN   
    link/loopback 00:00:00:00:00:00 brd 00:00:00:00:00:00  
2: eth0:  mtu 1500 qdisc mq state UP qlen 1000  
    link/ether 00:23:7d:a3:f0:4e brd ff:ff:ff:ff:ff:ff  
3: eth1:  mtu 1500 qdisc noop state DOWN qlen 1000  
    link/ether 00:23:7d:a3:f0:50 brd ff:ff:ff:ff:ff:ff  
5: br0:  mtu 1500 qdisc noqueue state UNKNOWN   
    link/ether 1a:e4:96:0b:24:43 brd ff:ff:ff:ff:ff:ff  
```
现在IP地址还配置在ETH0上面, 因为我们eth1没有配置IP, 所以如果直接把eth0接口加入网桥br0的话, 服务器就不通了.  
需要新建br配置文件, 把IP配置到网桥的管理接口上, ETH0的IP消掉. 同时把eth0加入网桥. eth1不管他, 以后可以加入网桥也可以不加入网桥, 看怎么个用法.  
```
[root@176 ~]# cd /etc/sysconfig/network-scripts/  
[root@176 network-scripts]# cp ifcfg-eth0 ifcfg-br0  
[root@176 network-scripts]# vi ifcfg-br0   
DEVICE="br0"  
BOOTPROTO="static"  
BROADCAST="172.16.3.255"  
DNS1="202.101.172.35"  
GATEWAY="172.16.3.1"  
IPADDR="172.16.3.176"  
NETMASK="255.255.255.0"  
NM_CONTROLLED="no"  
ONBOOT="yes"  
[root@176 network-scripts]# vi ifcfg-eth0  
DEVICE="eth0"  
BOOTPROTO="static"  
HWADDR="00:23:7D:A3:F0:4E"  
NM_CONTROLLED="no"  
ONBOOT="yes"  
BRIDGE="br0"  
```
将eth0加入br0, 同时重启网络服务  
```
# ovs-vsctl add-port br0 eth0; service network restart  
```
现在可以看到, eth0加入了网桥br0, 还有一个接口叫br0 , 是这个网桥默认的内部接口, 不用管它.  
```
[root@176 ~]# ovs-vsctl show  
8901fd9e-3b91-48ff-b0e8-8aa926fd2617  
    Bridge "br0"  
        Port "eth0"  
            Interface "eth0"  
        Port "br0"  
            Interface "br0"  
                type: internal  
    ovs_version: "1.9.3"  
```
虚拟机可以使用br0来创建虚拟接口了, 创建好虚拟接口后, 可以添加到ovs, 改vlan tag, 等操作.  
参考  
http://blog.163.com/digoal@126/blog/static/16387704020147111145122/   
还可以继续新建网桥(每个网桥代表一个虚拟交换机)，如果你要把各个虚拟交换机连起来，可以创建很多peer设备，把peer设备的两端加入网桥即可。    
```
[root@176 ~]# ovs-vsctl add-br br1  
[root@176 ~]# ifconfig br1 up  
[root@176 ~]# ovs-vsctl show  
8901fd9e-3b91-48ff-b0e8-8aa926fd2617  
    Bridge "br1"  
        Port "br1"  
            Interface "br1"  
                type: internal  
    Bridge "br0"  
        Port "eth0"  
            Interface "eth0"  
        Port "br0"  
            Interface "br0"  
                type: internal  
    ovs_version: "1.9.3"  
```
删除网桥  
```
[root@176 ~]# ovs-vsctl del-br br1  
[root@176 ~]# ovs-vsctl show  
8901fd9e-3b91-48ff-b0e8-8aa926fd2617  
    Bridge "br0"  
        Port "eth0"  
            Interface "eth0"  
        Port "br0"  
            Interface "br0"  
                type: internal  
    ovs_version: "1.9.3"  
```
## 参考
1\. README  
2\. README.RHEL  
3\. http://blog.163.com/digoal@126/blog/static/16387704020147111145122/  
#### [PostgreSQL 许愿链接](https://github.com/digoal/blog/issues/76 "269ac3d1c492e938c0191101c7238216")
您的愿望将传达给PG kernel hacker、数据库厂商等, 帮助提高数据库产品质量和功能, 说不定下一个PG版本就有您提出的功能点. 针对非常好的提议，奖励限量版PG文化衫、纪念品、贴纸、PG热门书籍等，奖品丰富，快来许愿。[开不开森](https://github.com/digoal/blog/issues/76 "269ac3d1c492e938c0191101c7238216").  
#### [9.9元购买3个月阿里云RDS PostgreSQL实例](https://www.aliyun.com/database/postgresqlactivity "57258f76c37864c6e6d23383d05714ea")
#### [PostgreSQL 解决方案集合](https://yq.aliyun.com/topic/118 "40cff096e9ed7122c512b35d8561d9c8")
#### [德哥 / digoal's github - 公益是一辈子的事.](https://github.com/digoal/blog/blob/master/README.md "22709685feb7cab07d30f30387f0a9ae")
![digoal's wechat](../pic/digoal_weixin.jpg "f7ad92eeba24523fd47a6e1a0e691b59")
#### [PolarDB 学习图谱: 训练营、培训认证、在线互动实验、解决方案、生态合作、写心得拿奖品](https://www.aliyun.com/database/openpolardb/activity "8642f60e04ed0c814bf9cb9677976bd4")
#### [购买PolarDB云服务折扣活动进行中, 55元起](https://www.aliyun.com/activity/new/polardb-yunparter?userCode=bsb3t4al "e0495c413bedacabb75ff1e880be465a")
#### [About 德哥](https://github.com/digoal/blog/blob/master/me/readme.md "a37735981e7704886ffd590565582dd0")