## Linux 调试利器 gcore, gdb, pstack, gstack, strace, pstree, lsof, blktrace, blkparse, btt, blkiomon, iowatcher   
### 作者                        
digoal                        
### 日期                        
2023-11-29        
### 标签                        
PostgreSQL , PolarDB , linux , gcore , gdb , pstack , gstack , strace , pstree , lsof , blktrace , blkparse , btt , blkiomon , iowatcher    
----                        
## 背景      
Linux 调试利器 gcore, gdb, pstack, gstack, strace, pstree, lsof, blktrace, blkparse, btt, blkiomon, iowatcher   
### 1、pstree - display a tree of processes  
```  
root@3fa69f8a9104:~# pstree -lpstZgac  
su,1,1,`' - postgres -c /usr/lib/postgresql/14/bin/postgres -D "/var/lib/postgresql/14/pgdata"  
  └─postgres,7,7,`' -D /var/lib/postgresql/14/pgdata  
      ├─postgres,9,9,`'  
      ├─postgres,11,11,`'  
      ├─postgres,12,12,`'  
      ├─postgres,13,13,`'  
      ├─postgres,14,14,`'  
      ├─postgres,15,15,`'  
      ├─postgres,16,16,`'  
      └─postgres,32,32,`'  
```  
### 2、strace - trace system calls and signals  
```  
root@3fa69f8a9104:~# strace -CvTt -p 32  
strace: Process 32 attached  
07:23:44 epoll_pwait(4, [{EPOLLIN, {u32=3417277192, u64=187650538439432}}], 1, -1, NULL, 8) = 1   
07:23:46 recvfrom(10, "Q\0\0\0+select count(*) from pg_sta"..., 8192, 0, NULL, NULL) = 44   
07:23:46 lseek(31, 0, SEEK_END)         = 8192   
07:23:46 lseek(7, 0, SEEK_END)          = 16384   
07:23:46 lseek(32, 0, SEEK_END)         = 16384   
07:23:46 lseek(34, 0, SEEK_END)         = 8192   
07:23:46 lseek(5, 0, SEEK_END)          = 16384   
07:23:46 lseek(6, 0, SEEK_END)          = 16384   
07:23:46 brk(0xaaaacbd49000)            = 0xaaaacbd49000   
07:23:46 brk(0xaaaacbd89000)            = 0xaaaacbd89000   
07:23:46 brk(0xaaaacbf84000)            = 0xaaaacbf84000   
07:23:46 brk(0xaaaacc025000)            = 0xaaaacc025000   
07:23:46 brk(0xaaaacc046000)            = 0xaaaacc046000   
07:23:46 brk(0xaaaacbc2f000)            = 0xaaaacbc2f000   
07:23:46 sendto(9, "\2\0\0\0@\0\0\0\2755\0\0\0\0\0\0\1\0\0\0\0\0\0\0\0\0\0\0\0\0\0\0"..., 64, 0, NULL, 0) = 64   
07:23:46 sendto(10, "T\0\0\0\36\0\1count\0\0\0\0\0\0\0\0\0\0\24\0\10\377\377\377\377\0\0D"..., 63, 0, NULL, 0) = 63   
07:23:46 recvfrom(10, 0xaaaac78cce98, 8192, 0, NULL, NULL) = -1 EAGAIN (Resource temporarily unavailable)   
07:23:46 epoll_pwait(4, [{EPOLLIN, {u32=3417277192, u64=187650538439432}}], 1, -1, NULL, 8) = 1   
07:23:50 recvfrom(10, "Q\0\0\0+select count(*) from pg_sta"..., 8192, 0, NULL, NULL) = 44   
07:23:50 brk(0xaaaacbc6f000)            = 0xaaaacbc6f000   
07:23:50 lseek(31, 0, SEEK_END)         = 8192   
07:23:50 lseek(7, 0, SEEK_END)          = 16384   
07:23:50 lseek(32, 0, SEEK_END)         = 16384   
07:23:50 lseek(34, 0, SEEK_END)         = 8192   
07:23:50 lseek(5, 0, SEEK_END)          = 16384   
07:23:50 lseek(6, 0, SEEK_END)          = 16384   
07:23:50 brk(0xaaaacbd49000)            = 0xaaaacbd49000   
07:23:50 brk(0xaaaacbd89000)            = 0xaaaacbd89000   
07:23:50 brk(0xaaaacbf84000)            = 0xaaaacbf84000   
07:23:50 brk(0xaaaacc025000)            = 0xaaaacc025000   
07:23:50 brk(0xaaaacc046000)            = 0xaaaacc046000   
07:23:50 brk(0xaaaacbc2f000)            = 0xaaaacbc2f000   
07:23:50 sendto(9, "\2\0\0\0@\0\0\0\2755\0\0\0\0\0\0\1\0\0\0\0\0\0\0\0\0\0\0\0\0\0\0"..., 64, 0, NULL, 0) = 64   
07:23:50 sendto(10, "T\0\0\0\36\0\1count\0\0\0\0\0\0\0\0\0\0\24\0\10\377\377\377\377\0\0D"..., 63, 0, NULL, 0) = 63   
07:23:50 recvfrom(10, 0xaaaac78cce98, 8192, 0, NULL, NULL) = -1 EAGAIN (Resource temporarily unavailable)   
07:23:50 epoll_pwait(4, ^Cstrace: Process 32 detached  
% time     seconds  usecs/call     calls    errors syscall  
------ ----------- ----------- --------- --------- ----------------  
 26.85    0.000286          23        12           lseek  
 26.67    0.000284          21        13           brk  
 18.31    0.000195          48         4           sendto  
 16.06    0.000171          42         4         2 recvfrom  
 12.11    0.000129          64         2           epoll_pwait  
------ ----------- ----------- --------- --------- ----------------  
100.00    0.001065          30        35         2 total  
```  
### 3、gcore - Generate core files for running processes  
```  
root@3fa69f8a9104:~# gcore 32  
[Thread debugging using libthread_db enabled]  
Using host libthread_db library "/lib/aarch64-linux-gnu/libthread_db.so.1".  
0x0000ffffa8bf311c in epoll_pwait () from /lib/aarch64-linux-gnu/libc.so.6  
Saved corefile core.32  
[Inferior 1 (process 32) detached]  
root@3fa69f8a9104:~# ll  
total 235M  
...   
-rw-r--r-- 1 root root 235M Nov 29 07:24 core.32  
```  
### 4、lsof - list open files  
删除文件后, 空间未释放, 使用lsof查看是否还有pid打开了文件? kill pid.    
### 5、gdb, pstack, gstack  
pstack是个脚本, 指向gstack, 最终还是调用gdb.      
```    
[root@JiekeXu ~]# cat /usr/bin/gstack    
#!/bin/sh    
if test $# -ne 1; then    
    echo "Usage: `basename $0 .sh` " 1>&2    
    exit 1    
fi    
if test ! -r /proc/$1; then    
    echo "Process $1 not found." 1>&2    
    exit 1    
fi    
# GDB doesn't allow "thread apply all bt" when the process isn't    
# threaded; need to peek at the process to determine if that or the    
# simpler "bt" should be used.    
backtrace="bt"    
if test -d /proc/$1/task ; then    
    # Newer kernel; has a task/ directory.    
    if test `/bin/ls /proc/$1/task | /usr/bin/wc -l` -gt 1 2>/dev/null ; then    
    backtrace="thread apply all bt"    
    fi    
elif test -f /proc/$1/maps ; then    
    # Older kernel; go by it loading libpthread.    
    if /bin/grep -e libpthread /proc/$1/maps > /dev/null 2>&1 ; then    
    backtrace="thread apply all bt"    
    fi    
fi    
GDB=${GDB:-/usr/bin/gdb}    
# Run GDB, strip out unwanted noise.    
# --readnever is no longer used since .gdb_index is now in use.    
$GDB --quiet -nx $GDBARGS /proc/$1/exe $1 &1 |    
set width 0    
set height 0    
set pagination no    
$backtrace    
EOF    
/bin/sed -n     
    -e 's/^((gdb) )*//'     
    -e '/^#/p'     
    -e '/^Thread/p'    
```    
例如:    
```    
gdb -p 8089 --batch -ex "bt"    
gdb -p 8089 --batch -ex "thread apply all bt full"    
```    
```    
root@d40da947f60f:~# gdb -p 8089 --batch -ex "thread apply all bt full"    
[Thread debugging using libthread_db enabled]    
Using host libthread_db library "/lib/aarch64-linux-gnu/libthread_db.so.1".    
0x0000ffffa566011c in __GI_epoll_pwait (epfd=4, events=0xaaaafe49b300, maxevents=1, timeout=-1, set=0x0) at ../sysdeps/unix/sysv/linux/epoll_pwait.c:42    
42  ../sysdeps/unix/sysv/linux/epoll_pwait.c: No such file or directory.    
Thread 1 (Thread 0xffffa2d66010 (LWP 8089) "postgres"):    
#0  0x0000ffffa566011c in __GI_epoll_pwait (epfd=4, events=0xaaaafe49b300, maxevents=1, timeout=-1, set=0x0) at ../sysdeps/unix/sysv/linux/epoll_pwait.c:42    
        _sys_result = 18446744073709551612    
        sc_ret =     
#1  0x0000aaaae7961e74 in WaitEventSetWait ()    
No symbol table info available.    
#2  0x0000aaaae784d9fc in secure_read ()    
No symbol table info available.    
#3  0x0000aaaae7854d04 in ?? ()    
No symbol table info available.    
#4  0x0000aaaae785593c in pq_getbyte ()    
No symbol table info available.    
#5  0x0000aaaae798bff4 in PostgresMain ()    
No symbol table info available.    
#6  0x0000aaaae78fd180 in ?? ()    
No symbol table info available.    
#7  0x0000aaaae78fe060 in PostmasterMain ()    
No symbol table info available.    
#8  0x0000aaaae764fb70 in main ()    
No symbol table info available.    
[Inferior 1 (process 8089) detached]    
root@d40da947f60f:~# gdb -p 8089 --batch -ex "thread apply all bt"    
[Thread debugging using libthread_db enabled]    
Using host libthread_db library "/lib/aarch64-linux-gnu/libthread_db.so.1".    
0x0000ffffa566011c in __GI_epoll_pwait (epfd=4, events=0xaaaafe49b300, maxevents=1, timeout=-1, set=0x0) at ../sysdeps/unix/sysv/linux/epoll_pwait.c:42    
42  ../sysdeps/unix/sysv/linux/epoll_pwait.c: No such file or directory.    
Thread 1 (Thread 0xffffa2d66010 (LWP 8089) "postgres"):    
#0  0x0000ffffa566011c in __GI_epoll_pwait (epfd=4, events=0xaaaafe49b300, maxevents=1, timeout=-1, set=0x0) at ../sysdeps/unix/sysv/linux/epoll_pwait.c:42    
#1  0x0000aaaae7961e74 in WaitEventSetWait ()    
#2  0x0000aaaae784d9fc in secure_read ()    
#3  0x0000aaaae7854d04 in ?? ()    
#4  0x0000aaaae785593c in pq_getbyte ()    
#5  0x0000aaaae798bff4 in PostgresMain ()    
#6  0x0000aaaae78fd180 in ?? ()    