## Greenplum 清理垃圾、修改存储模式（行列变换） 平滑方法 - 交换数据、交换分区  
### 作者                            
digoal                           
### 日期                             
2017-12-08                        
### 标签                      
PostgreSQL , Greenplum , 交换分区 , 清理垃圾 , 存储格式变更    
----                      
## 背景     
1、在使用Greenplum的过程中，如果业务会经常对数据进行更新，删除，插入，可能导致数据出现膨胀。  
[《如何检测、清理Greenplum膨胀、垃圾 - 阿里云HybridDB for PG最佳实践》](../201708/20170817_01.md)    
[《Greenplum 列存表(AO表)的膨胀、垃圾检查与空间收缩》](../201708/20170817_03.md)    
2、用户在建表的时候，存储模式选择不当，但是业务已经运行了一段时间，表里面已经写入了大量的数据。  
3、用户在建表的时候，分布键选得不对，但是业务已经运行了一段时间，表里面已经写入了大量的数据。  
4、用户在建表的时候表分区做得不对，但是业务已经运行了一段时间，表里面已经写入了大量的数据。  
[《Greenplum 最佳实践 - 数据分布黄金法则 - 分布列与分区的选择》](../201607/20160719_02.md)    
5、数据分区在初期选择了行存储，为了提到明细查询的效率。但是到数据冷却后，明细查询的需求下降，更多的是统计查询的需求，那么需要将这样的冷分区的行存储转换成列存储，提高统计的效率。  
[《Greenplum 行存、列存，堆表、AO表的原理和选择》](../201708/20170818_02.md)    
6、数据在使用过程中，由于分布键的数据在业务层发生了一些变化，导致了数据存储的倾斜。  
[《HybridDB PostgreSQL "Sort、Group、distinct 聚合、JOIN" 不惧怕数据倾斜的黑科技和原理 - 多阶段聚合》](../201711/20171123_01.md)    
[《分布式DB(Greenplum)中数据倾斜的原因和解法 - 阿里云HybridDB for PostgreSQL最佳实践》](../201708/20170821_02.md)    
以上情况发生时，我们就有必要进行相应的行动：  
清理垃圾、调整分布键、分区键、修改存储模式等。  
那么，有什么方法可以让这些操作尽量的减少对业务的影响呢？  
答案是 交换数据、交换分区。  
## 一、知识点  
### 如何查看存储格式  
```  
postgres=# select relname, relkind, relstorage from pg_class  where relkind='r';  
            relname            | relkind | relstorage   
-------------------------------+---------+------------  
 sql_languages                 | r       | h  
 sql_packages                  | r       | h  
 sql_parts                     | r       | h  
 sql_sizing                    | r       | h  
 sql_sizing_profiles           | r       | h  
 gp_san_configuration          | r       | h  
```  
h表示heap 行存储表。  
c表示append only column 存储表。  
a表示表示append only 行存储表。  
```  
postgres=# select relname, relkind, relstorage from pg_class  where relname='a';  
 relname | relkind | relstorage   
---------+---------+------------  
 a       | r       | c  
(1 row)  
Time: 0.518 ms  
```  
### 如何查看分布键  
1、查看分布键  
```  
SELECT attrnums  
FROM pg_catalog.gp_distribution_policy t  
WHERE localoid = '679926' ;  
 attrnums   
----------  
 {1}  
(1 row)  
```  
2、查看分布键名称  
```  
SELECT attname FROM pg_attribute   
WHERE attrelid = '679926'   
AND attnum = '1' ;  
 attname   
---------  
 uid  
(1 row)  
```  
### 如何查看分区  
```  
postgres=# select * from pg_partitions where tablename='tbl_pos';  
```  
## 二、单表交换数据  
对sales表进行交换。  
```  
CREATE TABLE sales2 (LIKE sales)  
WITH (appendonly=true, compresstype=quicklz, compresslevel=1, orientation=column);  
INSERT INTO sales2 SELECT * FROM sales;  
DROP TABLE sales;  
ALTER TABLE sales2 RENAME TO sales;  
GRANT ALL PRIVILEGES ON sales TO admin;  
GRANT SELECT ON sales TO guest;  
```  
## 三、分区表交换分区  
对于分区表，Greenplum提供了交换分区的语法  
http://greenplum.org/docs/510/ref_guide/sql_commands/ALTER_TABLE.html  
```
EXCHANGE [DEFAULT] PARTITION  
Exchanges another table into the partition hierarchy into the place of an existing partition.   
In a multi-level partition design, you can only exchange the lowest level partitions (those that contain data).  
The Greenplum Database server configuration parameter gp_enable_exchange_default_partition controls   
availability of the EXCHANGE DEFAULT PARTITION clause. The default value for the parameter is off.   
The clause is not available and Greenplum Database returns an error if the clause is specified in an ALTER TABLE command.  
For information about the parameter, see Server Configuration Parameters.  
Warning: Before you exchange the default partition, you must ensure the data in the table to be exchanged,   
the new default partition, is valid for the default partition. For example, the data in the new default   
partition must not contain data that would be valid in other leaf child partitions of the partitioned table.   
Otherwise, queries against the partitioned table with the exchanged default partition that are executed by GPORCA might return incorrect results.  
WITH TABLE table_name - The name of the table you are swapping into the partition design.   
You can exchange a table where the table data is stored in the database. For example,   
the table is created with the CREATE TABLE command.  
With the EXCHANGE PARTITION clause, you can also exchange a readable external table   
(created with the CREATE EXTERNAL TABLE command) into the partition hierarchy in the place   
of an existing leaf child partition. If you specify a readable external table,   
you must also specify the WITHOUT VALIDATION clause to skip table validation against the   
CHECK constraint of the partition you are exchanging.  
Exchanging a leaf child partition with an external table is not supported in these cases:  
The partitioned table is created with the SUBPARTITION clause or if a partition has a subpartition.  
The partitioned table contains a column with a check constraint or a NOT NULL constraint.  
WITH | WITHOUT VALIDATION - Validates that the data in the table matches the CHECK   
constraint of the partition you are exchanging. The default is to validate the data against the CHECK constraint.  
Warning: If you specify the WITHOUT VALIDATION clause, you must ensure that the data   
in table that you are exchanging for an existing child leaf partition is valid against   
the CHECK constraints on the partition. Otherwise, queries against the partitioned table might return incorrect results.  
SET SUBPARTITION TEMPLATE  
Modifies the subpartition template for an existing partition. After a new subpartition   
template is set, all new partitions added will have the new subpartition design   
(existing partitions are not modified).  
SPLIT DEFAULT PARTITION  
Splits a default partition. Only a range partition can be split, not a list partition.   
In a multi-level partition design, you can only split the lowest level default partitions   
(those that contain data). Splitting a default partition creates a new partition containing   
the values specified and leaves the default partition containing any values that do not match to an existing partition.  
AT - For list partitioned tables, specifies a single list value that should be used as the criteria for the split.  
START - For range partitioned tables, specifies a starting value for the new partition.  
END - For range partitioned tables, specifies an ending value for the new partition.  
INTO - Allows you to specify a name for the new partition. When using the INTO clause   
to split a default partition, the second partition name specified should always be that   
of the existing default partition. If you do not know the name of the default partition,   
you can look it up using the pg_partitions view.  
SPLIT PARTITION  
Splits an existing partition into two partitions. Only a range partition can be split,   
not a list partition. In a multi-level partition design, you can only split the lowest   
level partitions (those that contain data).  
AT - Specifies a single value that should be used as the criteria for the split.   
The partition will be divided into two new partitions with the split value specified   
being the starting range for the latter partition.  
INTO - Allows you to specify names for the two new partitions created by the split.  
partition_name  
The given name of a partition.  
FOR (RANK(number))  
For range partitions, the rank of the partition in the range.  
FOR ('value')  
Specifies a partition by declaring a value that falls within the partition boundary specification.   
If the value declared with FOR matches to both a partition and one of its subpartitions (for example,   
if the value is a date and the table is partitioned by month and then by day), then FOR will operate   
on the first level where a match is found (for example, the monthly partition).   
If your intent is to operate on a subpartition, you must declare so as follows:   
ALTER TABLE name ALTER PARTITION FOR ('2016-10-01') DROP PARTITION FOR ('2016-10-01');  
```
例子  
```  
postgres=# select oid from pg_class where relname='tbl_pos';  
  oid     
--------  
 679926  
(1 row)  
postgres=# SELECT c.oid::pg_catalog.regclass FROM pg_catalog.pg_class c, pg_catalog.pg_inherits i WHERE c.oid=i.inhrelid AND i.inhparent = '679926' ORDER BY c.relname;  
        oid          
-------------------  
 tbl_pos_1_prt_p1  
 tbl_pos_1_prt_p10  
 tbl_pos_1_prt_p2  
 tbl_pos_1_prt_p3  
 tbl_pos_1_prt_p4  
 tbl_pos_1_prt_p5  
 tbl_pos_1_prt_p6  
 tbl_pos_1_prt_p7  
 tbl_pos_1_prt_p8  