## Systemtap: Generating Instrumentation module(.ko) for Other Computers   
### 作者                                                     
digoal                                                       
### 日期                                                                      
2013-10-15                                                  
### 标签                                                   
PostgreSQL , Linux , systemtap , stap , dtrace , probe                                                    
----                                                             
## 背景              
```  
在生产环境中, 如果服务器比较多, 同时都需要运行一样的stap脚本的话, 有几个弊端,   
1. 每台机器都需要相应的内核开发包, debug包等.   
2. 每次运行stap 脚本时都需要经历5步骤, 消耗资源.   
```  
http://blog.163.com/digoal@126/blog/static/163877040201391434530674/  
```  
有没有办法只在1台机器上产生内核模块, 在其他机器上直接加载这个模块呢?  
systemtap提供了这样的便捷. 但是需要符合一定的要求 :   
1. 产生内核模块的机器必须包含所有stap所需的包.  
参考 :   
```  
https://sourceware.org/systemtap/SystemTap_Beginners_Guide/using-systemtap.html#install-kinfo  
```  
例如主机器的操作系统为CentOS 5.x  
[root@db-172-16-3-39 ~]# uname -r  
2.6.18-348.12.1.el5  
[root@db-172-16-3-39 ~]# rpm -qa|grep kernel  
kernel-2.6.18-348.12.1.el5  
kernel-debuginfo-common-2.6.18-348.12.1.el5  
kernel-devel-2.6.18-348.12.1.el5  
kernel-debuginfo-2.6.18-348.12.1.el5  
kernel-doc-2.6.18-348.12.1.el5  
kernel-headers-2.6.18-348.12.1.el5  
[root@db-172-16-3-39 ~]# rpm -qa|grep systemtap  
systemtap-sdt-devel-1.8-6.el5  
systemtap-devel-1.8-6.el5  
systemtap-1.8-6.el5  
systemtap-client-1.8-6.el5  
systemtap-runtime-1.8-6.el5  
systemtap-sdt-devel-1.8-6.el5  
2. 产生内核模块的机器和运行内核模块的其他机器必须架构相同, 例如都是x86_64架构的.  
[root@db-172-16-3-39 ~]# uname -m  
x86_64  
[root@db-172-16-3-33 ~]# uname -m  
x86_64  
3. 产生内核模块的机器还需要包含目标机内核同版本的相关kernel-devel, kernel-debuginfo, kernel-debuginfo-common包.  
主机器正在运行的内核版本最好和目标机正在运行的内核版本一致, 那么就不需要安装与运行版本不一致的debuginfo了.  
本例主机器和目标机运行的内核版本一致, 所以不需要额外安装其他版本的kernel-devel, kernel-debuginfo, kernel-debuginfo-common.  
4. 目标机上要正常运行模块, 必须有systemtap-runtime包.  
[root@db-172-16-3-33 ~]# rpm -qa|grep systemtap  
systemtap-runtime-1.8-6.el5  
但是不需要kernel-devel, kernel-debuginfo, kernel-debuginfo-common包  
[root@db-172-16-3-33 ~]# rpm -qa|grep kernel  
kernel-2.6.18-348.12.1.el5  
kernel-headers-2.6.18-348.12.1.el5  
接下来在主机上写一个stp脚本.  
[root@db-172-16-3-39 ~]# cat io.stp   
global var1%[60000], var2%[60000]  
probe syscall.read {  
  var1[pid(),execname()] :1:29  
     source: global var=1; probe timer.s(var) {println("hello")}  
                                         ^  
1 parse error.  
Searched: " /usr/share/systemtap/tapset/x86_64/*.stp ", found: 4, processed: 4  
Searched: " /usr/share/systemtap/tapset/*.stp ", found: 81, processed: 81  
Pass 1: parsed user script and 85 library script(s) using 146792virt/23704res/3020shr/21388data kb, in 190usr/10sys/206real ms.  
Pass 1: parse failed.  Try again with another '--vp 1' option.  
Running rm -rf /tmp/stap4b1okP  