  v1 = bio_rw_num($1)  
  printf("%d\n", v1)  
  exit()  
}  
[root@db-172-16-3-39 ~]# stap test.stp 101  
1  
```  
果然不需要-g参数也可以正常执行.  
那么我们如果把这个注释改成```/* guru */``` , 按照手册的介绍, 它会需要-g才可以被调用.  
```  
[root@db-172-16-3-39 tapset]# vi ioblock.stp   
/* returns 0 for read, 1 for write */  
function bio_rw_num:long(rw:long)  
%{ /* guru */  
    long rw = (long)STAP_ARG_rw;  
    STAP_RETVALUE = (rw & REQ_WRITE);  
%}  
```  
再次调用前面的test.stp看看情况如何 :   
```  
[root@db-172-16-3-39 ~]# stap test.stp 101  
semantic error: function may not be used unless -g is specified: identifier 'bio_rw_num' at /usr/share/systemtap/tapset/ioblock.stp:41:10  
        source: function bio_rw_num:long(rw:long)  
                         ^  
Pass 2: analysis failed.  Try again with another '--vp 01' option.  
```  
好了, 现在systemtap告诉你, 这个是需要加-g才能执行的.  
最后需要注意的是, comment只有加到库stp文件中(-I指定或者系统指定默认的路径/usr/share/systemtap/tapset中)才有效.d  
如果是放在本地需要执行的脚本中这些注释被无视. 例如 :   
```  
[root@db-172-16-3-39 ~]# cat test.stp   
function test:long (arg1:long)    
%{ /* pure */  
  STAP_RETVALUE = ++STAP_ARG_arg1 ;  
%}  
probe begin {  
  v1 = test($1)  
  printf("%d\n", v1)  
  exit()  
}  
[root@db-172-16-3-39 ~]# stap --vp 5 test.stp 99  
Parsed kernel "/lib/modules/2.6.18-348.12.1.el5/build/.config", containing 1977 tuples  
Parsed kernel /lib/modules/2.6.18-348.12.1.el5/build/Module.symvers, which contained 3546 vmlinux exports  
parse error: embedded code in unprivileged script; need stap -g  
        saw: embedded-code at test.stp:2:1  
     source: %{ /* pure */  
             ^  
1 parse error.  
Searched: " /usr/share/systemtap/tapset/x86_64/*.stp ", found: 4, processed: 4  
Searched: " /usr/share/systemtap/tapset/*.stp ", found: 81, processed: 81  
Pass 1: parsed user script and 85 library script(s) using 146796virt/23688res/3016shr/21392data kb, in 170usr/0sys/172real ms.  
Pass 1: parse failed.  Try again with another '--vp 1' option.  
Running rm -rf /tmp/stapyH0TYC  
Spawn waitpid result (0x0): 0  
Removed temporary directory "/tmp/stapyH0TYC"  
```  
这个例子即使函数中带了注释/* pure */ 也是无助的. 还是需要-g参数.  
```  
[root@db-172-16-3-39 ~]# stap --vp 5 -g test.stp 99  
Parsed kernel "/lib/modules/2.6.18-348.12.1.el5/build/.config", containing 1977 tuples  
Parsed kernel /lib/modules/2.6.18-348.12.1.el5/build/Module.symvers, which contained 3546 vmlinux exports  
Searched: " /usr/share/systemtap/tapset/x86_64/*.stp ", found: 4, processed: 4  
Searched: " /usr/share/systemtap/tapset/*.stp ", found: 81, processed: 81  
Pass 1: parsed user script and 85 library script(s) using 146800virt/23704res/3008shr/21396data kb, in 150usr/20sys/173real ms.  
100  
```  
但是如果把这个函数拆出来, 放到一个自定义库stp文件中, 这个注释就有效了.  
```  
[root@db-172-16-3-39 ~]# vi /tmp/p.stp  
function test:long (arg1:long)  
%{ /* pure */  
  STAP_RETVALUE = ++STAP_ARG_arg1 ;  
%}  
```  
然后修改test.stp  
```  
[root@db-172-16-3-39 ~]# cat test.stp   
probe begin {  
  v1 = test($1)  
  printf("%d\n", v1)  
  exit()  
}  
```  
再次执行, ok了.  
```  
[root@db-172-16-3-39 ~]# stap --vp 5 -I /tmp test.stp 99  
Parsed kernel "/lib/modules/2.6.18-348.12.1.el5/build/.config", containing 1977 tuples  
Parsed kernel /lib/modules/2.6.18-348.12.1.el5/build/Module.symvers, which contained 3546 vmlinux exports  
Searched: " /usr/share/systemtap/tapset/x86_64/*.stp ", found: 4, processed: 4  
Searched: " /usr/share/systemtap/tapset/*.stp ", found: 81, processed: 81  
Searched: " /tmp/*.stp ", found: 2, processed: 2  
Pass 1: parsed user script and 87 library script(s) using 146916virt/23700res/3012shr/21512data kb, in 170usr/10sys/174real ms.  
100  
```  
## 参考  
1\. https://sourceware.org/systemtap/langref/Components_SystemTap_script.html  
2\. http://blog.163.com/digoal@126/blog/static/163877040201381021752228/  
#### [PostgreSQL 许愿链接](https://github.com/digoal/blog/issues/76 "269ac3d1c492e938c0191101c7238216")
您的愿望将传达给PG kernel hacker、数据库厂商等, 帮助提高数据库产品质量和功能, 说不定下一个PG版本就有您提出的功能点. 针对非常好的提议，奖励限量版PG文化衫、纪念品、贴纸、PG热门书籍等，奖品丰富，快来许愿。[开不开森](https://github.com/digoal/blog/issues/76 "269ac3d1c492e938c0191101c7238216").  
#### [9.9元购买3个月阿里云RDS PostgreSQL实例](https://www.aliyun.com/database/postgresqlactivity "57258f76c37864c6e6d23383d05714ea")
#### [PostgreSQL 解决方案集合](https://yq.aliyun.com/topic/118 "40cff096e9ed7122c512b35d8561d9c8")
#### [德哥 / digoal's github - 公益是一辈子的事.](https://github.com/digoal/blog/blob/master/README.md "22709685feb7cab07d30f30387f0a9ae")
![digoal's wechat](../pic/digoal_weixin.jpg "f7ad92eeba24523fd47a6e1a0e691b59")
#### [PolarDB 学习图谱: 训练营、培训认证、在线互动实验、解决方案、生态合作、写心得拿奖品](https://www.aliyun.com/database/openpolardb/activity "8642f60e04ed0c814bf9cb9677976bd4")
#### [购买PolarDB云服务折扣活动进行中, 55元起](https://www.aliyun.com/activity/new/polardb-yunparter?userCode=bsb3t4al "e0495c413bedacabb75ff1e880be465a")
#### [About 德哥](https://github.com/digoal/blog/blob/master/me/readme.md "a37735981e7704886ffd590565582dd0")