```  
函数嵌套次数限制MAXNESTING加大  
```  
[root@db-172-16-3-39 ~]# stap --vp 00001 -D MAXNESTING=7 test.stp 8  
Pass 5: starting run.  
nest: 1, i: 8  
nest: 2, i: 7  
nest: 3, i: 6  
nest: 4, i: 5  
nest: 5, i: 4  
nest: 6, i: 3  
nest: 7, i: 3  
nest: 8, i: 4  
nest: 9, i: 3  
nest: 10, i: 5  
nest: 11, i: 4  
nest: 12, i: 3  
nest: 13, i: 3  
nest: 14, i: 6  
nest: 15, i: 5  
nest: 16, i: 4  
nest: 17, i: 3  
nest: 18, i: 3  
nest: 19, i: 4  
nest: 20, i: 3  
8's fibonacci number: 34  
Pass 5: run completed in 20usr/30sys/308real ms.  
```  
单probe hit语句条数限制 :   
```  
[root@db-172-16-3-39 ~]# stap --vp 00001 -D MAXNESTING=7 -D MAXACTION=10 test.stp 8  
Pass 5: starting run.  
ERROR: MAXACTION exceeded near keyword at test.stp:5:17  
nest: 1, i: 8  
nest: 2, i: 7  
nest: 3, i: 6  
nest: 4, i: 5  
nest: 5, i: 4  
nest: 6, i: 3  
nest: 7, i: 3  
nest: 8, i: 4  
nest: 9, i: 3  
nest: 10, i: 5  
nest: 11, i: 4  
nest: 12, i: 3  
WARNING: Number of errors: 1, skipped probes: 0  
WARNING: /usr/bin/staprun exited with status: 1  
Pass 5: run completed in 10usr/20sys/307real ms.  
Pass 5: run failed.  Try again with another '--vp 00001' option.  
```  
字符串长度限制  
```  
[root@db-172-16-3-39 ~]# cat test.stp   
probe begin {  
    a=@1  
    printf ("%s\n", a)  
    exit ()  
}  
[root@db-172-16-3-39 ~]# stap -D MAXSTRINGLEN=2 test.stp abcdefghijkfffffffffffffffffffffffffffffff  
a  
[root@db-172-16-3-39 ~]# stap -D MAXSTRINGLEN=3 test.stp abcdefghijkfffffffffffffffffffffffffffffff  
ab  
```  
```  
超出部分被截断了.(注意字符串末尾\0需占1位.)  
```  
数组长度限制, 仅仅限制未指定长度的数组.  
```  
[root@db-172-16-3-39 ~]# cat test.stp   
global arr1[20], arr2  
probe begin {  
    for (i=0; i<20; i++) {  
      arr1[i] = "test,arr1"  
    }  
    for (i=0; i<$1; i++) {  
      arr2[i] = "test,arr2"  
    }  
    foreach (s1- in arr1) {  
      printf ("%d, %s\n", s1, arr1[s1])  
    }  
    foreach (s2- in arr2) {  
      printf ("%d, %s\n", s2, arr2[s2])  
    }  
    exit ()  
}  
```  
指定长度为20的数组不受MAXMAPENTRIES的限制, 只有未指定长度的arr2收到这个限制.  
```  
[root@db-172-16-3-39 ~]# stap --vp 00001 -D MAXMAPENTRIES=4 test.stp 5  
Pass 5: starting run.  
ERROR: Array overflow, check MAXMAPENTRIES near identifier 'arr2' at test.stp:7:7  
WARNING: Number of errors: 1, skipped probes: 0  
WARNING: /usr/bin/staprun exited with status: 1  
Pass 5: run completed in 10usr/20sys/307real ms.  
Pass 5: run failed.  Try again with another '--vp 00001' option.  
```  
如下, 指定长度为20的数组, 正常使用.  
```  
[root@db-172-16-3-39 ~]# stap --vp 00001 -D MAXMAPENTRIES=5 test.stp 5  
Pass 5: starting run.  
19, test,arr1  
18, test,arr1  
17, test,arr1  
16, test,arr1  
15, test,arr1  
14, test,arr1  
13, test,arr1  
12, test,arr1  
11, test,arr1  
10, test,arr1  
9, test,arr1  
8, test,arr1  
7, test,arr1  
6, test,arr1  
5, test,arr1  
4, test,arr1  
3, test,arr1  
2, test,arr1  
1, test,arr1  
0, test,arr1  
4, test,arr2  
3, test,arr2  
2, test,arr2  
1, test,arr2  
0, test,arr2  
Pass 5: run completed in 10usr/20sys/308real ms.  
```  
## 参考  
1\. man stap  
2\. https://sourceware.org/systemtap/langref/SystemTap_overview.html  
#### [PostgreSQL 许愿链接](https://github.com/digoal/blog/issues/76 "269ac3d1c492e938c0191101c7238216")
您的愿望将传达给PG kernel hacker、数据库厂商等, 帮助提高数据库产品质量和功能, 说不定下一个PG版本就有您提出的功能点. 针对非常好的提议，奖励限量版PG文化衫、纪念品、贴纸、PG热门书籍等，奖品丰富，快来许愿。[开不开森](https://github.com/digoal/blog/issues/76 "269ac3d1c492e938c0191101c7238216").  
#### [9.9元购买3个月阿里云RDS PostgreSQL实例](https://www.aliyun.com/database/postgresqlactivity "57258f76c37864c6e6d23383d05714ea")
#### [PostgreSQL 解决方案集合](https://yq.aliyun.com/topic/118 "40cff096e9ed7122c512b35d8561d9c8")
#### [德哥 / digoal's github - 公益是一辈子的事.](https://github.com/digoal/blog/blob/master/README.md "22709685feb7cab07d30f30387f0a9ae")
![digoal's wechat](../pic/digoal_weixin.jpg "f7ad92eeba24523fd47a6e1a0e691b59")
#### [PolarDB 学习图谱: 训练营、培训认证、在线互动实验、解决方案、生态合作、写心得拿奖品](https://www.aliyun.com/database/openpolardb/activity "8642f60e04ed0c814bf9cb9677976bd4")
#### [购买PolarDB云服务折扣活动进行中, 55元起](https://www.aliyun.com/activity/new/polardb-yunparter?userCode=bsb3t4al "e0495c413bedacabb75ff1e880be465a")
#### [About 德哥](https://github.com/digoal/blog/blob/master/me/readme.md "a37735981e7704886ffd590565582dd0")