## 用PostgreSQL了解一些统计学术语以及计算方法和表示方法 - 1  
### 作者          
digoal            
### 日期            
2015-03-03                 
### 标签           
PostgreSQL , 线性回归 , 数据预测 , 股价预测 , 统计学 , 方差 , 截距 , 斜率 , 相关性                        
----             
## 背景        
1\. 数学期望值, 平均值, mean  
http://zh.wikipedia.org/wiki/%E6%9C%9F%E6%9C%9B%E5%80%BC  
表示: E[X], 即X变量的平均值.  
![pic](20150303_02_pic_001.png)  
也用miu表示 : μ=E[X]  
PostgreSQL中举例 :   
```  
postgres=# select avg(c1) from (values(null),(1),(2)) as t(c1);  
        avg           
--------------------  
 1.5000000000000000  
(1 row)  
```  
以上为离散概率, 数学期望就是每个值乘以它的概率除以值的个数.  
如果是连续概率的话, 要统计一个取值范围的区间概率, 统计一个区间的面积.  
![pic](20150303_02_pic_002.jpg)  
2\. 众数, mode  
http://zh.wikipedia.org/wiki/%E4%BC%97%E6%95%B0_(%E6%95%B0%E5%AD%A6)  
出现频率最高的值.  
PostgreSQL中举例, 如果有多个同样频率的, 取第一个 :   
```  
postgres=# select mode() WITHIN GROUP (ORDER BY c1) from (values(null),(1),(2),(1),(2),(3)) as t(c1);  
 mode   
------  
    1  
(1 row)  
postgres=# select mode() WITHIN GROUP (ORDER BY c1 desc) from (values(null),(1),(2),(1),(2),(3)) as t(c1);  
 mode   
------  
    2  
(1 row)  
```  
其实在PostgreSQL统计信息中也用到了众数类似(延展)的概念, 即mcv, mce. 最频繁出现的值. 见pg_stats.  
```  
postgres=# \d pg_stats  
          View "pg_catalog.pg_stats"  
         Column         |   Type   | Modifiers   
------------------------+----------+-----------  
 schemaname             | name     |   
 tablename              | name     |   
 attname                | name     |   
 inherited              | boolean  |   
 null_frac              | real     |   
 avg_width              | integer  | 数学期望  
 n_distinct             | real     |   
 most_common_vals       | anyarray |  众数类似  
 most_common_freqs      | real[]   |  众数概率  
 histogram_bounds       | anyarray | 中位数类似  
 correlation            | real     | 相关度  
 most_common_elems      | anyarray |   众数类似  
 most_common_elem_freqs | real[]   |   众数概率  
 elem_count_histogram   | real[]   | 中位数类似  
```  
3\. 中位数, Median  
http://zh.wikipedia.org/wiki/%E4%B8%AD%E4%BD%8D%E6%95%B8  
取按数字大小顺序排好后的中间数字, 如果是偶数个, 则取两个值的平均值.  
例如: 1,3,5,7,9的中位数为5.  
例如: 1,3,5,7,9,10的中位数为(5+7)/2=6  
中位数在PostgreSQL统计信息中也有类似的应用, 即柱状分布, 见pg_stats.histogram_bounds. 每个区间(bucket)的概率是相等的, 每个值的两边的bucket概率是相等的. 类似中位数的概念.  
4\. 方差, Variance  
http://zh.wikipedia.org/wiki/%E6%96%B9%E5%B7%AE  
方差是各个数据分别与其平均数之差的平方的和的平均数，用字母D表示。在概率论和数理统计中，方差（Variance）用来度量随机变量和其数学期望（即均值）之间的偏离程度。在许多实际问题中，研究随机变量和均值之间的偏离程度有着重要意义。  
设X为服从分布F的随机变量， 如果E[X]是随机变量X的期望值（平均数μ=E[X]）  
随机变量X或者分布F的方差为  
(总体方差) :   
![pic](20150303_02_pic_003.png)  
(样本方差) :   
样本方差是依据所给样本对方差做出的一个无偏估计。  
样本方差的计算公式以及表述符号为:   
![pic](20150303_02_pic_004.png)  
其中：![pic](20150303_02_pic_005.png) 为样本均值 N为样本个数  
PostgreSQL中举例 :   
从计算方法来看.方差可以评估一组数字的离散度(如下).  
总体方差.  
```  
postgres=# select var_pop(c1) from (values(1),(2),(3),(4),(5)) as t(c1);  
      var_pop         
--------------------  
 2.0000000000000000  
(1 row)  
postgres=# select var_pop(c1) from (values(1),(2),(3),(4),(5),(1000)) as t(c1);  
       var_pop         
---------------------  
 138058.472222222222  
(1 row)  
postgres=# select var_pop(c1) from (values(1000),(1001),(1003),(1004),(1005),(1000)) as t(c1);  
      var_pop         
--------------------  
 3.8055555555555556  
(1 row)  
```  
样本方差  
```  
postgres=# select var_samp(c1) from (values(1),(2),(3),(4),(5)) as t(c1);  
      var_samp        
--------------------  
 2.5000000000000000  
(1 row)  
postgres=# select var_samp(c1) from (values(1),(2),(3),(4),(5),(1000)) as t(c1);  
      var_samp         
---------------------  
 165670.166666666667  
(1 row)  
postgres=# select var_samp(c1) from (values(1000),(1001),(1003),(1004),(1005),(1000)) as t(c1);  
      var_samp        
--------------------  
 4.5666666666666667  
(1 row)  
```  
5\. 标准差, Standard Deviation, 对应方差的平方根. 也可用于评估离散度.  
表示符号和方差一样, 但是符号上头没有代表平方的2.  
http://zh.wikipedia.org/wiki/%E6%A8%99%E6%BA%96%E5%B7%AE  
标准差（Standard Deviation） ，中文环境中又常称均方差，但不同于均方误差（mean squared error，均方误差是各数据偏离真实值的距离平方的平均数，也即误差平方和的平均数，计算公式形式上接近方差，它的开方叫均方根误差，均方根误差才和标准差形式上接近），标准差是离均差平方和平均后的方根，用σ表示。标准差是方差的算术平方根。标准差能反映一个数据集的离散程度。平均数相同的，标准差未必相同。  
标准差（Standard Deviation），在概率统计中最常使用作为统计分布程度（statistical dispersion）上的测量。标准差定义是总体各单位标准值与其平均数离差平方的算术平均数的平方根。它反映组内个体间的离散程度。  
总体标准差  
```  
postgres=# select stddev_pop(c1) from (values(1000),(1001),(1003),(1004),(1005),(1000)) as t(c1);  
     stddev_pop       
--------------------  
 1.9507833184532709  
(1 row)  
postgres=# select dsqrt(var_pop(c1)) from (values(1000),(1001),(1003),(1004),(1005),(1000)) as t(c1);  
      dsqrt         
------------------  
 1.95078331845327  
(1 row)  
```  
样本标准差  
```  
postgres=# select stddev_samp(c1) from (values(1000),(1001),(1003),(1004),(1005),(1000)) as t(c1);  
    stddev_samp       
--------------------  
 2.1369760566432809  
(1 row)  
postgres=# select dsqrt(var_samp(c1)) from (values(1000),(1001),(1003),(1004),(1005),(1000)) as t(c1);  
      dsqrt         
------------------  
 2.13697605664328  
(1 row)  
```  
6\. 协方差, Covariance  
http://zh.wikipedia.org/wiki/%E5%8D%8F%E6%96%B9%E5%B7%AE  
在概率论和统计学中，协方差用于衡量两个变量的总体误差(如果两组数据的误差一样, 那么和计算一组数据的方差得到的结果是一样的)。  
而方差是协方差的一种特殊情况，即当两个变量是相同的情况。  
注意这里提到方差是两个变量相等时的协方差, 一会我在PostgreSQL里面验证一下.  
![pic](20150303_02_pic_006.jpg)  
在PostgreSQL中计算一组数据协方差的方法.  
总体协方差  
```  
postgres=# select covar_pop(c1,c2) from (values(1,2),(2,3),(3,4),(4,5),(5,6),(1000,1001)) as t(c1,c2);  
    covar_pop       
------------------  
 138058.472222222  
(1 row)  
```  
样本协方差  
```  
postgres=# select covar_samp(c1,c2) from (values(1,2),(2,3),(3,4),(4,5),(5,6),(1000,1001)) as t(c1,c2);  
    covar_samp      
------------------  
 165670.166666667  
(1 row)  
```  
在PostgreSQL中验证 : 方差是两个变量相等时的协方差  