[root@db-172-16-3-150 pg93]# stap -d /bin/ls --ldd -e 'probe process("ls").function("xmalloc") {print_usyms(ubacktrace())}' -c "ls /"  
WARNING: cannot find module /bin/ls debuginfo: No DWARF information found [man warning::debuginfo]  
semantic error: while resolving probe point: identifier 'process' at :1:7  
        source: probe process("ls").function("xmalloc") {print_usyms(ubacktrace())}  
                      ^  
semantic error: no match  
Pass 2: analysis failed.  [man error::pass2]  
安装对应的debuginfo即可解决  
查找/bin/ls所在的包名  
[root@db-172-16-3-150 pg93]# rpm -qf /bin/ls  
coreutils-8.4-19.el6.x86_64  
安装coreutils对于的debuginfo包.  
[root@db-172-16-3-150 pg93]# yum install -y coreutils-debuginfo-8.4-19.el6.x86_64  
二, 生产模块后, 模块在内核中运行阶段产生的错误和警告.  
这类错误发生在运行时, staprun通过模块与内核交互, 采集数据的阶段.  
错误举例  
1. 执行过程中产生了多少错误以及跳过了多少probe.  
WARNING: Number of errors: N, skipped probes: M  
例如  
[root@db-172-16-3-150 share]# stap -e '  
probe begin {  
  error("1.error funn\n")  
}  
probe end {  
  printf("2.end probe\n")  
}  
probe error {  
  printf("3.error probe\n")  
}'  
ERROR: 1.error funn  
3.error probe  
WARNING: Number of errors: 1, skipped probes: 0  
WARNING: /opt/systemtap/bin/staprun exited with status: 1  
Pass 5: run failed.  [man error::pass5]  
2. 除数为0时报错  
division by 0  
例如  
[root@db-172-16-3-150 share]# stap -e '  
probe begin {  
  println(10/0)  
  exit()  
}'  
ERROR: division by 0 near operator '/' at :3:13  
WARNING: Number of errors: 1, skipped probes: 0  
WARNING: /opt/systemtap/bin/staprun exited with status: 1  
Pass 5: run failed.  [man error::pass5]  
3. 当统计类型变量中没有元素, 但是使用了@count, @sum以外的操作符(avg, min, max)时, 会报如下错误  
aggregate element not found  
例如  
[root@db-172-16-3-150 share]# /usr/bin/stap -e '  
global s  
probe begin {  
  println(@count(s))     
  exit()  
}'  
WARNING: never assigned global variable 's' : identifier 's' at :2:8  
 source: global s  
                ^  
0  
[root@db-172-16-3-150 share]# /usr/bin/stap -e '  
global s  
probe begin {  
  println(@sum(s))    
  exit()  
}'  
WARNING: never assigned global variable 's' : identifier 's' at :2:8  
 source: global s  
                ^  
0  
avg, min, max报错  
[root@db-172-16-3-150 share]# /usr/bin/stap -e '  
global s  
probe begin {  
  println(@avg(s))  
  exit()  
}'  
WARNING: never assigned global variable 's' : identifier 's' at :2:8  
 source: global s  
                ^  
ERROR: empty aggregate near identifier '@avg' at :4:11  
WARNING: Number of errors: 1, skipped probes: 0  
WARNING: /usr/bin/staprun exited with status: 1  
Pass 5: run failed.  Try again with another '--vp 00001' option.  
[root@db-172-16-3-150 share]# /usr/bin/stap -e '  
global s  
probe begin {  
  println(@min(s))  
  exit()  
}'  
WARNING: never assigned global variable 's' : identifier 's' at :2:8  
 source: global s  
                ^  
ERROR: empty aggregate near identifier '@min' at :4:11  
WARNING: Number of errors: 1, skipped probes: 0  
WARNING: /usr/bin/staprun exited with status: 1  
Pass 5: run failed.  Try again with another '--vp 00001' option.  
[root@db-172-16-3-150 share]# /usr/bin/stap -e '  
global s  
probe begin {  
  println(@max(s))  
  exit()  
}'  
WARNING: never assigned global variable 's' : identifier 's' at :2:8  
 source: global s  
                ^  
ERROR: empty aggregate near identifier '@max' at :4:11  
WARNING: Number of errors: 1, skipped probes: 0  
WARNING: /usr/bin/staprun exited with status: 1  
Pass 5: run failed.  Try again with another '--vp 00001' option.  
4. 数组中包含的索引个数超出数组初始化的元素个数时, 报错  
aggregation overflow  
Array overflow  
例如 :   
[root@db-172-16-3-150 share]# stap -e '  
global arr[10]  
probe timer.ms(1) {  
  arr[gettimeofday_ms()] :4:3  
WARNING: Number of errors: 1, skipped probes: 0  
WARNING: /opt/systemtap/bin/staprun exited with status: 1  
Pass 5: run failed.  [man error::pass5]  
解决办法, 使用-D MAXMAPENTRIES=n 指定更大的元素初始值, 或者使用global arr[n] 定义更大的初始值.  
5. 函数嵌套调用次数超出限制  
MAXNESTING exceeded  
例如  
[root@db-172-16-3-150 share]# stap -e '  
> function fibonacci(i) {  
>     if (i      if (i == 1) return 1  
>     if (i == 2) return 2  
>     return fibonacci (i-1) + fibonacci (i-2)  
> }  
> probe begin {  
>   println(fibonacci(10))  
>   exit()  
> }  
> '  
89  
[root@db-172-16-3-150 share]# stap -e '  
function fibonacci(i) {  
    if (i :2:10  
WARNING: Number of errors: 1, skipped probes: 0  
WARNING: /opt/systemtap/bin/staprun exited with status: 1  
Pass 5: run failed.  [man error::pass5]  
解决办法, 使用-D MAXNESTING=n指定更大的允许嵌套次数  
6. 当handler执行的语句数超出限制时报错  
MAXACTION exceeded  
例如 :   
[root@db-172-16-3-150 share]# stap -e '  
> probe begin {  
>   for(i=0;i   }  
>   exit()  
> }'  
ERROR: MAXACTION exceeded near keyword at :3:3  
WARNING: Number of errors: 1, skipped probes: 0  
WARNING: /opt/systemtap/bin/staprun exited with status: 1  
Pass 5: run failed.  [man error::pass5]  
解决办法, 使用-D MAXACTION=n 提高限制数.  
7. 当地址不存在, 或者其他原因导致获取制定地址信息错误.  
kernel/user string copy fault at ADDR  
例如 :   
[root@db-172-16-3-150 share]# stap -e '  
> probe begin {  
>   println(user_string(123))  
>   exit()  
> }'  
ERROR: user string copy fault -14 at 000000000000007b near identifier 'user_string_n' at /opt/systemtap/share/systemtap/tapset/uconversions.stp:120:10  
WARNING: Number of errors: 1, skipped probes: 0  
WARNING: /opt/systemtap/bin/staprun exited with status: 1  
Pass 5: run failed.  [man error::pass5]  
[root@db-172-16-3-150 share]# stap -e '  
probe begin {  
  println(kernel_string(123))  
  exit()  
}'  
ERROR: kernel string copy fault at 0x000000000000007b near identifier 'kernel_string' at /opt/systemtap/share/systemtap/tapset/linux/conversions.stp:18:10  
WARNING: Number of errors: 1, skipped probes: 0  
WARNING: /opt/systemtap/bin/staprun exited with status: 1  
Pass 5: run failed.  [man error::pass5]  
[root@db-172-16-3-150 share]# stap -e '  
probe begin {  
  println(kernel_int(123))     
  exit()  
}'  
ERROR: kernel int copy fault at 0x000000000000007b near identifier 'kernel_int' at /opt/systemtap/share/systemtap/tapset/linux/conversions.stp:198:10  
WARNING: Number of errors: 1, skipped probes: 0  
WARNING: /opt/systemtap/bin/staprun exited with status: 1  
Pass 5: run failed.  [man error::pass5]  
8. 取消引用上下文指针变量时的报错.  
pointer dereference fault  
There was a fault encountered during a pointer dereference operation such as a target variable evaluation.  
```  
## 参考  
1\. https://sourceware.org/systemtap/SystemTap_Beginners_Guide/errors.html  
2\. https://sourceware.org/systemtap/SystemTap_Beginners_Guide/runtimeerror.html  
3\. https://sourceware.org/systemtap/wiki/TipExhaustedResourceErrors  
#### [PostgreSQL 许愿链接](https://github.com/digoal/blog/issues/76 "269ac3d1c492e938c0191101c7238216")
您的愿望将传达给PG kernel hacker、数据库厂商等, 帮助提高数据库产品质量和功能, 说不定下一个PG版本就有您提出的功能点. 针对非常好的提议，奖励限量版PG文化衫、纪念品、贴纸、PG热门书籍等，奖品丰富，快来许愿。[开不开森](https://github.com/digoal/blog/issues/76 "269ac3d1c492e938c0191101c7238216").  
#### [9.9元购买3个月阿里云RDS PostgreSQL实例](https://www.aliyun.com/database/postgresqlactivity "57258f76c37864c6e6d23383d05714ea")
#### [PostgreSQL 解决方案集合](https://yq.aliyun.com/topic/118 "40cff096e9ed7122c512b35d8561d9c8")
#### [德哥 / digoal's github - 公益是一辈子的事.](https://github.com/digoal/blog/blob/master/README.md "22709685feb7cab07d30f30387f0a9ae")
![digoal's wechat](../pic/digoal_weixin.jpg "f7ad92eeba24523fd47a6e1a0e691b59")
#### [PolarDB 学习图谱: 训练营、培训认证、在线互动实验、解决方案、生态合作、写心得拿奖品](https://www.aliyun.com/database/openpolardb/activity "8642f60e04ed0c814bf9cb9677976bd4")
#### [购买PolarDB云服务折扣活动进行中, 55元起](https://www.aliyun.com/activity/new/polardb-yunparter?userCode=bsb3t4al "e0495c413bedacabb75ff1e880be465a")
#### [About 德哥](https://github.com/digoal/blog/blob/master/me/readme.md "a37735981e7704886ffd590565582dd0")