#7  0x0000aaaae78fe060 in PostmasterMain ()    
#8  0x0000aaaae764fb70 in main ()    
[Inferior 1 (process 8089) detached]    
root@d40da947f60f:~# gdb -p 8089 --batch -ex "bt"    
[Thread debugging using libthread_db enabled]    
Using host libthread_db library "/lib/aarch64-linux-gnu/libthread_db.so.1".    
0x0000ffffa566011c in __GI_epoll_pwait (epfd=4, events=0xaaaafe49b300, maxevents=1, timeout=-1, set=0x0) at ../sysdeps/unix/sysv/linux/epoll_pwait.c:42    
42  ../sysdeps/unix/sysv/linux/epoll_pwait.c: No such file or directory.    
#0  0x0000ffffa566011c in __GI_epoll_pwait (epfd=4, events=0xaaaafe49b300, maxevents=1, timeout=-1, set=0x0) at ../sysdeps/unix/sysv/linux/epoll_pwait.c:42    
#1  0x0000aaaae7961e74 in WaitEventSetWait ()    
#2  0x0000aaaae784d9fc in secure_read ()    
#3  0x0000aaaae7854d04 in ?? ()    
#4  0x0000aaaae785593c in pq_getbyte ()    
#5  0x0000aaaae798bff4 in PostgresMain ()    
#6  0x0000aaaae78fd180 in ?? ()    
#7  0x0000aaaae78fe060 in PostmasterMain ()    
#8  0x0000aaaae764fb70 in main ()    
[Inferior 1 (process 8089) detached]    
```    
### 6、blktrace, blkparse, btt, blkiomon, iowatcher    
blktrace - generate traces of the i/o traffic on block devices  
blkparse - produce formatted output of event streams of block devices  
btt - analyse block i/o traces produces by blktrace  
blkiomon - monitor block device I/O based o blktrace data  
iowatcher - Create visualizations from blktrace results  
blkparse显示的各指标点示意：  
```  
 Q------->G------------>I--------->M------------------->D----------------------------->C  
 |-Q time-|-Insert time-|  
 |--------- merge time ------------|-merge with other IO|  
 |----------------scheduler time time-------------------|---driver,adapter,storagetime--|  
 |----------------------- await time in iostat output ----------------------------------|  
```  
其中：  
- Q2Q — time between requests sent to the block layer  
- Q2G — time from a block I/O is queued to the time it gets a request allocated for it  
- G2I — time from a request is allocated to the time it is Inserted into the device's queue  
- Q2M — time from a block I/O is queued to the time it gets merged with an existing request  
- I2D — time from a request is inserted into the device's queue to the time it is actually issued to the device  
- M2D — time from a block I/O is merged with an exiting request until the request is issued to the device  
- D2C — service time of the request by the device  
- Q2C — total time spent in the block layer for a request  
```  
Q – 即将生成IO请求  
|  
G – IO请求生成  
|  
I – IO请求进入IO Scheduler队列  
|  
D – IO请求进入driver  
|  
C – IO请求执行完毕  
```  
```  
root@3fa69f8a9104:~# lsblk  
NAME   MAJ:MIN RM   SIZE RO TYPE MOUNTPOINT  
loop0    7:0    0 658.4M  1 loop   
vda    254:0    0  59.6G  0 disk   
└─vda1 254:1    0  59.6G  0 part /etc/hosts  
root@3fa69f8a9104:~# mount -t debugfs none /sys/kernel/debug  
root@3fa69f8a9104:~# pgbench -i -s 10  
root@3fa69f8a9104:~# pgbench -M prepared -n -r -P 1 -c 4 -j 4 -T 120  
.....  
root@3fa69f8a9104:~# blktrace -w 10 -d /dev/vda1  
=== vda1 ===  
  CPU  0:                 5560 events,      261 KiB data  
  CPU  1:                 2795 events,      132 KiB data  
  CPU  2:                 3037 events,      143 KiB data  
  CPU  3:                 2892 events,      136 KiB data  
  Total:                 14284 events (dropped 0),      670 KiB data  
root@3fa69f8a9104:~# blktrace -w 10 -d /dev/vda1 -o - | blkparse -i -  
...  
254,1    0     5683     9.985344005     0  C  FN 0 [0]  
254,1    0     5684     9.985344505     0  C  WS 0 [0]  
CPU0 (254,1):  
 Reads Queued:           0,        0KiB  Writes Queued:         418,    50496KiB  
 Read Dispatches:      159,        0KiB  Write Dispatches:      297,    50536KiB  
 Reads Requeued:         0     Writes Requeued:         0  
 Reads Completed:     1013,        0KiB  Writes Completed:     2208,   190596KiB  
 Read Merges:            0,        0KiB  Write Merges:            8,       68KiB  
 Read depth:            11           Write depth:            38  
 IO unplugs:           283           Timer unplugs:           0  
CPU1 (254,1):  
 Reads Queued:           0,        0KiB  Writes Queued:         548,    16088KiB  
 Read Dispatches:      279,        0KiB  Write Dispatches:      247,    16072KiB  
 Reads Requeued:         0     Writes Requeued:         0  
 Reads Completed:        0,        0KiB  Writes Completed:        0,        0KiB  
 Read Merges:            0,        0KiB  Write Merges:           22,       88KiB  
 Read depth:            11           Write depth:            38  
 IO unplugs:           231           Timer unplugs:           0  
CPU2 (254,1):  
 Reads Queued:           0,        0KiB  Writes Queued:         667,    90168KiB  
 Read Dispatches:      276,        0KiB  Write Dispatches:      388,    90164KiB  
 Reads Requeued:         0     Writes Requeued:         0  
 Reads Completed:        0,        0KiB  Writes Completed:        0,        0KiB  
 Read Merges:            0,        0KiB  Write Merges:           50,     1664KiB  
 Read depth:            11           Write depth:            38  
 IO unplugs:           338           Timer unplugs:           0  
CPU3 (254,1):  
 Reads Queued:           0,        0KiB  Writes Queued:         593,    33844KiB  
 Read Dispatches:      299,        0KiB  Write Dispatches:      274,    33824KiB  
 Reads Requeued:         0     Writes Requeued:         0  
 Reads Completed:        0,        0KiB  Writes Completed:        0,        0KiB  
 Read Merges:            0,        0KiB  Write Merges:           32,      128KiB  
 Read depth:            11           Write depth:            38  
 IO unplugs:           273           Timer unplugs:           0  
Total (254,1):  
 Reads Queued:           0,        0KiB  Writes Queued:        2226,   190596KiB  
 Read Dispatches:     1013,        0KiB  Write Dispatches:     1206,   190596KiB  
 Reads Requeued:         0     Writes Requeued:         0  
 Reads Completed:     1013,        0KiB  Writes Completed:     2208,   190596KiB  
 Read Merges:            0,        0KiB  Write Merges:          112,     1948KiB  
 IO unplugs:          1125           Timer unplugs:           0  
Throughput (R/W): 0KiB/s / 19088KiB/s  
Events (254,1): 14738 entries  
Skips: 0 forward (0 -   0.0%)  
root@3fa69f8a9104:~# umount /sys/kernel/debug  
```  
实时查看：  
```  
blktrace只负责采集，blkparse 负责解析成适合人类看的文字：  
blktrace -o 指定输出.    
#blktrace -d /dev/sda -o - | blkparse -i -  
```  
先采集，再查看：  
```  
1. 先采集，将会在当前目录获得一堆的文件,缺省的输出文件名是 sdb.blktrace.，每个CPU对应一个文件。  
#blktrace /dev/sda /dev/sdb  
2. 给blkparse传递磁盘的名字，将会直接解析。  
#blkparse sda sdb  
```  
blktrace产生的文件太零散怎么办？  
```  
生成采集文件  
#blktrace -d /dev/sda  
合并成一个二进制文件  
#blkparse -i sda -d sda.blktrace.bin  
```  
嫌弃blkparse的输出太多，不方便查看，此时可以利用btt协助分析统计    
```  
#btt -i sda.blktrace.bin -l sda.d2c_latency  
# 这里就可以看到，每个阶段，消耗的时间  
[root@localhost2 /data/sandbox/blktrace_test]  
#btt -i sda.blktrace.bin -l sda.d2c_latency  
==================== All Devices ====================  
            ALL           MIN           AVG           MAX           N  
--------------- ------------- ------------- ------------- -----------  
Q2Q               0.000000238   0.126069031   5.007614945          40  
Q2G               0.000000556   0.000001765   0.000006022          11  
G2I               0.000000528   0.000003506   0.000015113          11  
Q2M               0.000000135   0.000000209   0.000001162          30  
I2D               0.000000396   0.000001240   0.000003602          11  
M2D               0.000002235   0.000007047   0.000014071          30  
D2C               0.003104665   0.015828304   0.028136240          41  
Q2C               0.003117684   0.015835360   0.028138401          41  
# 这里看到整个IO下来，每个阶段所消耗的时间，占用百分比  
==================== Device Overhead ====================  
       DEV |       Q2G       G2I       Q2M       I2D       D2C  
---------- | --------- --------- --------- --------- ---------  
 (  8,  0) |   0.0030%   0.0059%   0.0010%   0.0021%  99.9554%  
---------- | --------- --------- --------- --------- ---------  
   Overall |   0.0030%   0.0059%   0.0010%   0.0021%  99.9554%  
==================== Device Merge Information ====================  