  session_id text,  
  session_line_num bigint,  
  command_tag text,  
  session_start_time timestamp with time zone,  
  virtual_transaction_id text,  
  transaction_id bigint,  
  error_severity text,  
  sql_state_code text,  
  message text,  
  detail text,  
  hint text,  
  internal_query text,  
  internal_query_pos integer,  
  context text,  
  query text,  
  query_pos integer,  
  location text,  
  application_name text,  
  backend_type text,  
  leader_pid integer,  
  query_id bigint  
) SERVER pglog  
OPTIONS ( filename 'log/postgresql-2023-11-10_163218.csv', format 'csv' );  
db1=> \x  
Expanded display is on.  
db1=> select * from pglog limit 1;  
-[ RECORD 1 ]----------+-------------------------------------------------------  
log_time               | 2023-11-10 16:32:18.799+00  
user_name              |   
database_name          |   
process_id             | 753  
connection_from        |   
session_id             | 654e5b12.2f1  
session_line_num       | 1  
command_tag            |   
session_start_time     | 2023-11-10 16:32:18+00  
virtual_transaction_id |   
transaction_id         | 0  
error_severity         | LOG  
sql_state_code         | 00000  
message                | ending log output to stderr  
detail                 |   
hint                   | Future log output will go to log destination "csvlog".  
internal_query         |   
internal_query_pos     |   
context                |   
query                  |   
query_pos              |   
location               |   
application_name       |   
backend_type           | postmaster  
leader_pid             |   
query_id               | 0  
db1=> select distinct on (error_severity) * from pglog;  
-[ RECORD 1 ]----------+-------------------------------------------  
log_time               | 2023-11-10 16:35:05.8+00  
user_name              | postgres  
database_name          | postgres  
process_id             | 763  
connection_from        | [local]  
session_id             | 654e5b14.2fb  
session_line_num       | 1  
command_tag            | idle  
session_start_time     | 2023-11-10 16:32:20+00  
virtual_transaction_id | 3/12  
transaction_id         | 0  
error_severity         | ERROR  
sql_state_code         | 42601  
message                | syntax error at or near ";"  
detail                 |   
hint                   |   
internal_query         |   
internal_query_pos     |   
context                |   
query                  | show auto_explain.;  
query_pos              | 19  
location               |   
application_name       | psql  
backend_type           | client backend  
leader_pid             |   
query_id               | 0  
-[ RECORD 2 ]----------+-------------------------------------------  
log_time               | 2023-11-10 16:32:18.802+00  
user_name              |   
database_name          |   
process_id             | 753  
connection_from        |   
session_id             | 654e5b12.2f1  
session_line_num       | 4  
command_tag            |   
session_start_time     | 2023-11-10 16:32:18+00  
virtual_transaction_id |   
transaction_id         | 0  
error_severity         | LOG  
sql_state_code         | 00000  
message                | listening on Unix socket "./.s.PGSQL.1921"  
detail                 |   
hint                   |   
internal_query         |   
internal_query_pos     |   
context                |   
query                  |   
query_pos              |   
location               |   
application_name       |   
backend_type           | postmaster  
leader_pid             |   
query_id               | 0  
```  
#### 79 查看报错所属代码  
```  
db1=> \set VERBOSITY verbose  
db1=> select a;  
ERROR:  42703: column "a" does not exist  
LINE 1: select a;  
               ^  
LOCATION:  errorMissingColumn, parse_relation.c:3638  
```  
#### 80 查看数据库报错编码说明  
https://www.postgresql.org/docs/14/errcodes-appendix.html  
```  
ERROR:  42703  
```  
```  
undefined_column  
```  
#### 81 查看数据库编译配置  
```  
postgres@6f60081d4ace:~/14/pgdata$ pg_config  
BINDIR = /usr/lib/postgresql/14/bin  
DOCDIR = /usr/share/doc/postgresql-doc-14  
HTMLDIR = /usr/share/doc/postgresql-doc-14  
INCLUDEDIR = /usr/include/postgresql  
PKGINCLUDEDIR = /usr/include/postgresql  
INCLUDEDIR-SERVER = /usr/include/postgresql/14/server  
LIBDIR = /usr/lib/x86_64-linux-gnu  
PKGLIBDIR = /usr/lib/postgresql/14/lib  
LOCALEDIR = /usr/share/locale  
MANDIR = /usr/share/postgresql/14/man  
SHAREDIR = /usr/share/postgresql/14  
SYSCONFDIR = /etc/postgresql-common  
PGXS = /usr/lib/postgresql/14/lib/pgxs/src/makefiles/pgxs.mk  
CONFIGURE =  '--build=x86_64-linux-gnu' '--prefix=/usr' '--includedir=${prefix}/include' '--mandir=${prefix}/share/man' '--infodir=${prefix}/share/info' '--sysconfdir=/etc' '--localstatedir=/var' '--disable-option-checking' '--disable-silent-rules' '--libdir=${prefix}/lib/x86_64-linux-gnu' '--runstatedir=/run' '--disable-maintainer-mode' '--disable-dependency-tracking' '--with-tcl' '--with-perl' '--with-python' '--with-pam' '--with-openssl' '--with-libxml' '--with-libxslt' '--mandir=/usr/share/postgresql/14/man' '--docdir=/usr/share/doc/postgresql-doc-14' '--sysconfdir=/etc/postgresql-common' '--datarootdir=/usr/share/' '--datadir=/usr/share/postgresql/14' '--bindir=/usr/lib/postgresql/14/bin' '--libdir=/usr/lib/x86_64-linux-gnu/' '--libexecdir=/usr/lib/postgresql/' '--includedir=/usr/include/postgresql/' '--with-extra-version= (Debian 14.9-1.pgdg110+1)' '--enable-nls' '--enable-thread-safety' '--enable-debug' '--enable-dtrace' '--disable-rpath' '--with-uuid=e2fs' '--with-gnu-ld' '--with-gssapi' '--with-ldap' '--with-pgport=5432' '--with-system-tzdata=/usr/share/zoneinfo' 'AWK=mawk' 'MKDIR_P=/bin/mkdir -p' 'PROVE=/usr/bin/prove' 'PYTHON=/usr/bin/python3' 'TAR=/bin/tar' 'XSLTPROC=xsltproc --nonet' 'CFLAGS=-g -O2 -fstack-protector-strong -Wformat -Werror=format-security -fno-omit-frame-pointer' 'LDFLAGS=-Wl,-z,relro -Wl,-z,now' '--enable-tap-tests' '--with-icu' '--with-llvm' 'LLVM_CONFIG=/usr/bin/llvm-config-11' 'CLANG=/usr/bin/clang-11' '--with-lz4' '--with-systemd' '--with-selinux' 'build_alias=x86_64-linux-gnu' 'CPPFLAGS=-Wdate-time -D_FORTIFY_SOURCE=2' 'CXXFLAGS=-g -O2 -fstack-protector-strong -Wformat -Werror=format-security'  
CC = gcc  
CPPFLAGS = -Wdate-time -D_FORTIFY_SOURCE=2 -D_GNU_SOURCE -I/usr/include/libxml2  
CFLAGS = -Wall -Wmissing-prototypes -Wpointer-arith -Wdeclaration-after-statement -Werror=vla -Wendif-labels -Wmissing-format-attribute -Wimplicit-fallthrough=3 -Wcast-function-type -Wformat-security -fno-strict-aliasing -fwrapv -fexcess-precision=standard -Wno-format-truncation -Wno-stringop-truncation -g -g -O2 -fstack-protector-strong -Wformat -Werror=format-security -fno-omit-frame-pointer  
CFLAGS_SL = -fPIC  
LDFLAGS = -Wl,-z,relro -Wl,-z,now -L/usr/lib/llvm-11/lib -Wl,--as-needed  
LDFLAGS_EX =   
LDFLAGS_SL =   
LIBS = -lpgcommon -lpgport -lselinux -llz4 -lxslt -lxml2 -lpam -lssl -lcrypto -lgssapi_krb5 -lz -lreadline -lpthread -lrt -ldl -lm   
VERSION = PostgreSQL 14.9 (Debian 14.9-1.pgdg110+1)  
```  
#### 82 查看数据库控制文件内容  
```  
postgres@6f60081d4ace:~/14/pgdata$ pg_controldata   
pg_control version number:            1300  
Catalog version number:               202107181  
Database system identifier:           7290978703664750627  
Database cluster state:               in production  
pg_control last modified:             Sat 11 Nov 2023 06:06:50 AM UTC  
Latest checkpoint location:           0/404EFA98  
Latest checkpoint's REDO location:    0/404EFA98  
Latest checkpoint's REDO WAL file:    000000010000000000000040  
Latest checkpoint's TimeLineID:       1  
Latest checkpoint's PrevTimeLineID:   1  
Latest checkpoint's full_page_writes: on  
Latest checkpoint's NextXID:          0:1019  
Latest checkpoint's NextOID:          106737  
Latest checkpoint's NextMultiXactId:  1  
Latest checkpoint's NextMultiOffset:  0  
Latest checkpoint's oldestXID:        726  
Latest checkpoint's oldestXID's DB:   1  
Latest checkpoint's oldestActiveXID:  0  
Latest checkpoint's oldestMultiXid:   1  
Latest checkpoint's oldestMulti's DB: 1  
Latest checkpoint's oldestCommitTsXid:0  
Latest checkpoint's newestCommitTsXid:0  
Time of latest checkpoint:            Sat 11 Nov 2023 06:06:49 AM UTC  
Fake LSN counter for unlogged rels:   0/12D33  
Minimum recovery ending location:     0/0  
Min recovery ending loc's timeline:   0  
Backup start location:                0/0  
Backup end location:                  0/0  
End-of-backup record required:        no  
wal_level setting:                    replica  
wal_log_hints setting:                off  
max_connections setting:              2000  
max_worker_processes setting:         8  
max_wal_senders setting:              10  
max_prepared_xacts setting:           0  
max_locks_per_xact setting:           64  
track_commit_timestamp setting:       off  
Maximum data alignment:               8  
Database block size:                  8192  
Blocks per segment of large relation: 131072  
WAL block size:                       8192  
Bytes per WAL segment:                16777216  
Maximum length of identifiers:        64  
Maximum columns in an index:          32  
Maximum size of a TOAST chunk:        1996  
Size of a large-object chunk:         2048  
Date/time type storage:               64-bit integers  
Float8 argument passing:              by value  
Data page checksum version:           0  
Mock authentication nonce:            2f174bd82d73e525c4095000cc1a2df1ecced8ffa6f36fd70d20851d01a619b3  
```  
#### 83 跟踪数据库进程调用栈  
```  
pstack  
```  
OR  
[《debian 使用gdb实现rhel / centos pstack功能》](../202310/20231008_03.md)    
```  
db1=> select pg_backend_pid();  
 pg_backend_pid   
----------------  
           1039  
(1 row)  
root@6f60081d4ace:~# gdb -p 1039 --batch -ex "thread apply all bt"    
[Thread debugging using libthread_db enabled]  
Using host libthread_db library "/lib/x86_64-linux-gnu/libthread_db.so.1".  
0x00007fe723fc8d16 in epoll_wait (epfd=4, events=0x55610a6a3190, maxevents=1, timeout=-1) at ../sysdeps/unix/sysv/linux/epoll_wait.c:30  
30	../sysdeps/unix/sysv/linux/epoll_wait.c: No such file or directory.  
Thread 1 (Thread 0x7fe7217a4a40 (LWP 1039) "postgres"):  
#0  0x00007fe723fc8d16 in epoll_wait (epfd=4, events=0x55610a6a3190, maxevents=1, timeout=-1) at ../sysdeps/unix/sysv/linux/epoll_wait.c:30  
#1  0x000055610854eb7b in WaitEventSetWait ()  
#2  0x0000556108440140 in secure_read ()  
#3  0x0000556108447e97 in ?? ()  
#4  0x0000556108448b65 in pq_getbyte ()  
#5  0x0000556108573949 in PostgresMain ()  
#6  0x00005561084f13b8 in ?? ()  
#7  0x00005561084f2224 in PostmasterMain ()  
#8  0x0000556108268809 in main ()  
[Inferior 1 (process 1039) detached]  
```  
#### 84 判断锁等待事件和堵塞状态  
[《PostgreSQL 谁堵塞了谁（锁等待检测）- pg_blocking_pids》](../201903/20190304_01.md)    
[《PostgreSQL 谁堵塞了谁（锁等待检测）- pg_blocking_pids, pg_safe_snapshot_blocking_pids》](../201902/20190201_02.md)    
[《PostgreSQL 锁等待排查实践 - 珍藏级 - process xxx1 acquired RowExclusiveLock on relation xxx2 of database xxx3 after xxx4 ms at xxx》](../201806/20180622_02.md)    
[《PostgreSQL 锁等待监控 珍藏级SQL - 谁堵塞了谁》](../201705/20170521_01.md)    
pg_blocking_pids(被堵塞PID)  
```  
create table t_lock (id int primary key, info text, ts timestamp);  
insert into t_lock values (1,'test',now());  
```  
session 1  
```  
db1=> begin isolation level repeatable read ;  
BEGIN  
db1=*> select * from t_lock;  
 id | info |             ts               
----+------+----------------------------  
  1 | test | 2023-11-11 02:42:58.803888  
(1 row)  
```  
session 2  
```  
db1=> begin;  
BEGIN  
db1=*> truncate table t_lock;  
```  
session 3   
```  
db1=> select pg_backend_pid();  
 pg_backend_pid   
----------------  
            367  
(1 row)  
db1=> select * from t_lock;  
```  
session 4   
```  
with recursive tmp as (  
  select 1 as id, 367 as blocked_pid, conflict_origin_own_lock_pid from unnest(pg_blocking_pids(367)) as conflict_origin_own_lock_pid  
  union all  
  select id+1, conflict_origin_own_lock_pid as blocked_pid, unnest(pg_blocking_pids(conflict_origin_own_lock_pid)) as conflict_origin_own_lock_pid from tmp   
     -- where pg_blocking_pids(conflict_origin_own_lock_pid) <> '{}'::int[]   
)   
select tmp.id, pg_locks.pid, pg_locks.locktype, pg_locks.mode, pg_locks.granted, pg_stat_activity.query,   
  tmp.conflict_origin_own_lock_pid   
  from tmp, pg_locks, pg_stat_activity   
  where tmp.blocked_pid=pg_locks.pid   
      -- or tmp.conflict_origin_own_lock_pid=pg_locks.pid   
      and pg_locks.pid = pg_stat_activity.pid  
  order by id;   