          scsi-36c81f660eb18e8001af8e4ec0420e21f-part4  ONLINE       0     0     0  
        spares  
          scsi-36c81f660eb18e8001b32c5c61a48318a        INUSE     currently in use  
errors: No known data errors  
```  
resilver的时间, 和扫描速度, 以及ZPOOL已使用的空间有关, 我们看到的这个例子, 已经使用的空间有8.62T, 扫描速度只有17.4M/s, 所以评估需要144小时42分钟.  
```  
  scan: resilver in progress since Thu Jul 31 08:31:53 2014  
    3.41G scanned out of 8.62T at 17.4M/s, 144h42m to go  
    300M resilvered, 0.04% done  
```  
如果有硬盘更换上去, 在更换前, 最好先把硬盘改成offline的.  
```  
[root@db-192-168-173-219 test1]# zpool offline zp1 sdl  
[root@db-192-168-173-219 opt]# zpool status -v zp1  
  pool: zp1  
 state: DEGRADED  
status: One or more devices is currently being resilvered.  The pool will  
        continue to function, possibly in a degraded state.  
action: Wait for the resilver to complete.  
  scan: resilver in progress since Thu Jul 31 09:43:21 2014  
    246M scanned out of 8.63T at 12.3M/s, 204h27m to go  
    22.1M resilvered, 0.00% done  
config:  
        NAME                                            STATE     READ WRITE CKSUM  
        zp1                                             DEGRADED     0     0     0  
          raidz1-0                                      DEGRADED     0     0     0  
            sdb                                         ONLINE       0     0     0  
            sdc                                         ONLINE       0     0     0  
            sdd                                         ONLINE       0     0     0  
            sde                                         ONLINE       0     0     0  
            sdf                                         ONLINE       0     0     0  
            sdg                                         ONLINE       0     0     0  
            sdh                                         ONLINE       0     0     0  
            sdi                                         ONLINE       0     0     0  
            sdj                                         ONLINE       0     0     0  
            sdk                                         ONLINE       0     0     0  
            spare-10                                    DEGRADED     0     0     0  
              sdl                                       OFFLINE     11   586     0  
              scsi-36c81f660eb18e8001b32c5c61a48318a    ONLINE       0     0     0  (resilvering)  
        logs  
          scsi-36c81f660eb18e8001af8e4ec0420e21f-part4  ONLINE       0     0     0  
        spares  
          scsi-36c81f660eb18e8001b32c5c61a48318a        INUSE     currently in use  
errors: No known data errors  
```  
然后更换硬盘, 更换好后, 使用replace, 将spare盘释放出来.  
```  
zpool replace zp1 sdl sdl  
```  
硬盘非常大, 所以resilvering过程很漫长, 从zpool status -v可以看到还需要多长时间.  
更换过程如下 :   
```  
[root@digoal ~]# MegaCli -CfgLdAdd -r0 [32:10] WB Direct -a0  
Adapter 0: Configure Adapter Failed  
FW error description:   
  The current operation is not allowed because the controller has data in cache for offline or missing virtual drives.    
Exit Code: 0x54  
[root@digoal ~]# MegaCli -GetPreservedCacheList -aALL  
Adapter #0  
Virtual Drive(Target ID 11): Missing.  
Exit Code: 0x00  
[root@digoal ~]# MegaCli -DiscardPreservedCache -L11 -a0  
Adapter #0  
Virtual Drive(Target ID 11): Preserved Cache Data Cleared.  
Exit Code: 0x00  
[root@digoal ~]# MegaCli -CfgLdAdd -r0 [32:10] WT Direct -a0  
Adapter 0: Created VD 11  
Adapter 0: Configured the Adapter!!  
Exit Code: 0x00  
[root@digoal ~]# zpool replace zp1 /dev/sdl /dev/sdl  
invalid vdev specification  
use '-f' to override the following errors:  
/dev/sdl does not contain an EFI label but it may contain partition  
information in the MBR.  
[root@digoal ~]# zpool replace -f zp1 /dev/sdl /dev/sdl  
[root@digoal ~]# zpool status -v  
  pool: zp1  
 state: DEGRADED  
status: One or more devices is currently being resilvered.  The pool will  
        continue to function, possibly in a degraded state.  
action: Wait for the resilver to complete.  
  scan: resilver in progress since Tue Aug  5 15:47:35 2014  
    100M scanned out of 9.45T at 16.7M/s, 165h6m to go  
    9.08M resilvered, 0.00% done  
config:  
        NAME                                            STATE     READ WRITE CKSUM  
        zp1                                             DEGRADED     0     0     0  
          raidz1-0                                      DEGRADED     0     0     0  
            sdb                                         ONLINE       0     0     0  
            sdc                                         ONLINE       0     0     0  
            sdd                                         ONLINE       0     0     0  
            sde                                         ONLINE       0     0     0  
            sdf                                         ONLINE       0     0     0  
            sdg                                         ONLINE       0     0     0  
            sdh                                         ONLINE       0     0     0  
            sdi                                         ONLINE       0     0     0  
            sdj                                         ONLINE       0     0     0  
            sdk                                         ONLINE       0     0     0  
            spare-10                                    DEGRADED     0     0     0  
              replacing-0                               OFFLINE      0     0     0  
                old                                     OFFLINE     11   586     0  
                sdl                                     ONLINE       0     0     0  (resilvering)  
              scsi-36c81f660eb18e8001b32c5c61a48318a    ONLINE       0     0     0  
        logs  
          scsi-36c81f660eb18e8001af8e4ec0420e21f-part4  ONLINE       0     0     0  
        spares  
          scsi-36c81f660eb18e8001b32c5c61a48318a        INUSE     currently in use  
errors: No known data errors  
```  
接下来模拟一下整个的过程, offline一个盘, 使用hot spare顶上去, 更换硬盘, 将更换后的硬盘顶替坏盘, hot spare盘自动释放回hot spare avail状态.  
创建3个文件.  
```  
# dd if=/dev/zero of=/opt/zfs.disk1 bs=8192 count=102400  
# dd if=/dev/zero of=/opt/zfs.disk2 bs=8192 count=102400  
# dd if=/dev/zero of=/opt/zfs.disk3 bs=8192 count=102400  
```  
创建zpool  
```  
[root@db-192-168-173-219 opt]# zpool create -o ashift=12 -o autoreplace=off zp2 mirror /opt/zfs.disk1 /opt/zfs.disk2 spare /opt/zfs.disk3  
```  
查看当前状态  
```  
[root@db-192-168-173-219 opt]# zpool status zp2  
  pool: zp2  
 state: ONLINE  
  scan: none requested  
config:  
        NAME                STATE     READ WRITE CKSUM  
        zp2                 ONLINE       0     0     0  
          mirror-0          ONLINE       0     0     0  
            /opt/zfs.disk1  ONLINE       0     0     0  
            /opt/zfs.disk2  ONLINE       0     0     0  
        spares  
          /opt/zfs.disk3    AVAIL     
errors: No known data errors  
```  
手工offline一块盘.  
```  
[root@db-192-168-173-219 opt]# zpool offline zp2 /opt/zfs.disk1  
```  
查看当前状态  
```  
[root@db-192-168-173-219 test1]# zpool status -v zp2  
  pool: zp2  
 state: DEGRADED  
status: One or more devices has been taken offline by the administrator.  
        Sufficient replicas exist for the pool to continue functioning in a  
        degraded state.  
action: Online the device using 'zpool online' or replace the device with  
        'zpool replace'.  
  scan: scrub repaired 0 in 0h0m with 0 errors on Thu Jul 31 09:20:25 2014  
config:  
        NAME                STATE     READ WRITE CKSUM  
        zp2                 DEGRADED     0     0     0  
          mirror-0          DEGRADED     0     0     0  
            /opt/zfs.disk1  OFFLINE      0     0     0  
            /opt/zfs.disk2  ONLINE       0     0     0  
        spares  
          /opt/zfs.disk3    AVAIL     
errors: No known data errors  
```  
使用hot spare盘顶替offline的盘.  
```  
[root@db-192-168-173-219 opt]# zpool replace zp2 /opt/zfs.disk1 /opt/zfs.disk3  
[root@db-192-168-173-219 opt]# zpool status zp2  
  pool: zp2  
 state: DEGRADED  
status: One or more devices has been taken offline by the administrator.  