在前面的查询中我们指定了查询服务器为 8.8.8.8，这是谁家的 DNS 服务器？其实我们可以使用 dig 的 -x 选项来反向解析 IP 地址对应的域名：  
```  
linuxidc@linuxidc:~$ dig -x 8.8.8.8 +short  
google-public-dns-a.google.com.  
好吧，应该是Google的，可以放心使用了。  
```  
5、控制显示结果  
dig 命令默认返回的结果展示详细的信息，如果要获得精简的结果可以使用 +short 选项：  
```  
linuxidc@linuxidc:~$ dig +short m.linuxidc.com  
122.228.238.15  
106.119.182.141  
```  
这下显示的结果就清爽多了。  
其实我们还可以通过更多选项来控制输出的内容，比如只想显示 "ANSWER SECTION" 的内容：  
```  
linuxidc@linuxidc:~$ dig m.linuxidc.com +nocomments +noquestion +noauthority +noadditional +nostats  
; > DiG 9.11.3-1ubuntu1.5-Ubuntu > m.linuxidc.com +nocomments +noquestion +noauthority +noadditional +nostats  
;; global options: +cmd  
m.linuxidc.com.  5 IN A 122.228.238.15  
m.linuxidc.com.  5 IN A 106.119.182.141  
```  
这个结果很不错，就是使用的选项太多了(dig 命令有很多这样的选项，详情请参考使用手册)。我们可以换一种优雅一些的方式来实现和上面相同的结果：  
```  
linuxidc@linuxidc:~$ dig m.linuxidc.com +noall +answer  
; > DiG 9.11.3-1ubuntu1.5-Ubuntu > m.linuxidc.com +noall +answer  
;; global options: +cmd  
m.linuxidc.com.  5 IN A 113.107.238.212  
m.linuxidc.com.  5 IN A 122.228.238.15  
```  
6、跟踪整个查询过程  
如果你好奇 dig 命令执行查询时都经历了哪些过程，你可以尝试使用 ```+trace``` 选项。它会输出从根域到最终结果的所有信息：  
```  
linuxidc@linuxidc:~$ dig sohu.com @202.102.134.68 -p 53 -t MX +trace  
; > DiG 9.11.3-1ubuntu1.5-Ubuntu > sohu.com @202.102.134.68 -p 53 -t MX +trace  
;; global options: +cmd  
.   482761 IN NS f.root-servers.net.  
.   482761 IN NS a.root-servers.net.  
.   482761 IN NS c.root-servers.net.  
.   482761 IN NS b.root-servers.net.  
.   482761 IN NS j.root-servers.net.  
.   482761 IN NS d.root-servers.net.  
.   482761 IN NS k.root-servers.net.  
.   482761 IN NS e.root-servers.net.  
.   482761 IN NS h.root-servers.net.  
.   482761 IN NS i.root-servers.net.  
.   482761 IN NS m.root-servers.net.  
.   482761 IN NS g.root-servers.net.  
.   482761 IN NS l.root-servers.net.  
;; Received 239 bytes from 202.102.134.68#53(202.102.134.68) in 40 ms  
com.   172800 IN NS d.gtld-servers.net.  
```  
7、显示13个根域服务器  
internet上有13个根域服务器，使用不加参数的dig命令显示这些服务器信息  
```  
linuxidc@linuxidc:~$ dig  
; > DiG 9.11.3-1ubuntu1.5-Ubuntu >  
;; global options: +cmd  
;; Got answer:  
;; ->>HEADER<<- opcode: QUERY, status: NOERROR, id: 41525  
;; flags: qr rd ra; QUERY: 1, ANSWER: 13, AUTHORITY: 0, ADDITIONAL: 1  
;; OPT PSEUDOSECTION:  
; EDNS: version: 0, flags:; udp: 65494  
;; QUESTION SECTION:  
;.    IN NS  
;; ANSWER SECTION:  
.   5 IN NS b.root-servers.net.  
.   5 IN NS c.root-servers.net.  
.   5 IN NS d.root-servers.net.  
.   5 IN NS e.root-servers.net.  
.   5 IN NS f.root-servers.net.  
.   5 IN NS g.root-servers.net.  
.   5 IN NS h.root-servers.net.  
.   5 IN NS i.root-servers.net.  
.   5 IN NS j.root-servers.net.  
.   5 IN NS k.root-servers.net.  
.   5 IN NS l.root-servers.net.  
.   5 IN NS m.root-servers.net.  
.   5 IN NS a.root-servers.net.  
;; Query time: 8 msec  
;; SERVER: 127.0.0.53#53(127.0.0.53)  
;; WHEN: Sun Mar 03 11:37:11 CST 2019  
;; MSG SIZE  rcvd: 239  
```  
总结  
dig 是一个很给力 DNS 查询工具，本文仅介绍了其常见用法，更多的命令选项及使用方法请查看 man page。  
# cname 是什么  
原文  
https://zhuanlan.zhihu.com/p/147723106  
域名解析： 在以前，人们用IP进行互访，后来发现IP太多不好记忆，便有了域名，比如http://www.baidu.com，你一看就知道是百度搜索引擎，而不需要管他的服务器IP是多少，但是在最开始通信的时候，电脑路由器不认识域名，只认得IP啊，要怎么去获得对应的IP呢，这时候有了域名解析，就是去请求网络上的DNS服务器，让他们来告诉你这个域名对应的IP是多少，至于请求DNS解析的详细过程，大家就自行搜索啦，这里不赘述。  
A记录是解析域名到IP，CNAME是解析域名到另外一个域名。  
在说CNAME之前，要提到一个东西叫 A记录：  
1\.A记录  
A记录，即Address记录，它并不是一个IP或者一个域名，我们可以把它理解为一种指向关系：域名 http://www.xx.com → 111.111.111.111 主机名 DD → 222.222.222.222  
也就是当你访问这些域名或者主机名的时候，DNS服务器上会通过A记录会帮你解析出相应的IP地址，以达到后续访问目的。所以A记录是IP解析，直接将域名或主机名指向某个IP。  
2\.CNAME  
CNAME记录，也叫别名记录，相当于给A记录中的域名起个小名儿，比如http://www.xx.com的小名儿就叫http://www.yy.com好了，然后CNAME记录也和A记录一样，是一种指向关系，把小名儿http://www.yy.com指向了http://www.xx.com，然后通过A记录，http://www.xx.com又指向了对应的IP：  
```  
http://www.yy.com → http://www.xx.com → 111.111.111.111  
```  
这样一来就能通过它的小名儿直接访问111.111.111.111了。  
这时候有人问：这不多了一步嘛，不嫌麻烦？  
假如这个时候我又想给原域名取几个小名儿，分别叫http://www.cc.com和http://www.kk.com那么存在下列指向关系：  
```  
http://www.yy.com → http://www.xx.com → 111.111.111.111  
http://www.cc.com → http://www.xx.com → 111.111.111.111  
http://www.kk.com → http://www.xx.com → 111.111.111.111  
```  
突然服务器的IP地址因为一些不可描述的原因要换了，不再是111.111.111.111了，换成了333.333.333.333，这时候你发现，只要把http://www.xx.com的指向修改一下即可：  
```http://www.xx.com → 333.333.333.333```  
这时候你又发现了，原来他的小名儿不需要做更改，直接就能访问服务器，因为他们都只指向了http://www.xx.com，服务器IP改没改它们不管  
那么假如不用CNAME，直接做A记录会怎样？  
```  
http://www.yy.com → 111.111.111.111  
http://www.cc.com → 111.111.111.111  
http://www.xx.com → 111.111.111.111  
http://www.kk.com → 111.111.111.111  
```  
那么当111.111.111.111更改的时候，全部相关A记录指向关系都要做更改，这才叫麻烦…  
3\.CNAME的应用  
比较多的是用在CDN加速上  
举个CDN的栗子 ：  
假如你是DD公司老板，你公司中的一台IP为1.1.1.1的服务器，注册了域名为http://www.dd.com，要对外提供客户访问。  
随着公司越做越大，访问量也越来越多，服务器顶不住了，你去找CDN提供商购买CDN加速服务，这个时候他们要求你的域名做个CNAME指向他们给你的一个域名叫http://www.xdd.com，当用户访问http://www.dd.com的时候，本地DNS会获得CDN提供的CNAME域名：http://www.xdd.com，然后再次向DNS调度系统发出请求，通过DNS调度系统的智能分析，把这个http://www.xdd.com指向一个（离用户地理位置最近的）CDN提供商的服务器IP，让用户就近取到想要的资源（如访问网站），大大降低了延迟。  
#### [PostgreSQL 许愿链接](https://github.com/digoal/blog/issues/76 "269ac3d1c492e938c0191101c7238216")
您的愿望将传达给PG kernel hacker、数据库厂商等, 帮助提高数据库产品质量和功能, 说不定下一个PG版本就有您提出的功能点. 针对非常好的提议，奖励限量版PG文化衫、纪念品、贴纸、PG热门书籍等，奖品丰富，快来许愿。[开不开森](https://github.com/digoal/blog/issues/76 "269ac3d1c492e938c0191101c7238216").  
#### [9.9元购买3个月阿里云RDS PostgreSQL实例](https://www.aliyun.com/database/postgresqlactivity "57258f76c37864c6e6d23383d05714ea")
#### [PostgreSQL 解决方案集合](https://yq.aliyun.com/topic/118 "40cff096e9ed7122c512b35d8561d9c8")
#### [德哥 / digoal's github - 公益是一辈子的事.](https://github.com/digoal/blog/blob/master/README.md "22709685feb7cab07d30f30387f0a9ae")
![digoal's wechat](../pic/digoal_weixin.jpg "f7ad92eeba24523fd47a6e1a0e691b59")
#### [PolarDB 学习图谱: 训练营、培训认证、在线互动实验、解决方案、生态合作、写心得拿奖品](https://www.aliyun.com/database/openpolardb/activity "8642f60e04ed0c814bf9cb9677976bd4")
#### [购买PolarDB云服务折扣活动进行中, 55元起](https://www.aliyun.com/activity/new/polardb-yunparter?userCode=bsb3t4al "e0495c413bedacabb75ff1e880be465a")
#### [About 德哥](https://github.com/digoal/blog/blob/master/me/readme.md "a37735981e7704886ffd590565582dd0")