写入100条测试数据到源表  
```  
postgres=# insert into t2 select generate_series(1,100),random()*100, now();  
INSERT 0 100  
```  
创建目标表触发器  
```  
postgres=# create trigger tg after insert on t1 for each row execute procedure tg();  
CREATE TRIGGER  
```  
使用merge into，将源表数据合并到目标表，并触发了INSERT触发器  
```  
postgres=#   
merge into t1 using t2   
on t1.id=t2.id   
when not matched then insert (id,info,crt_time) values (t2.id,t2.info,t2.crt_time)   
when matched and t1.info<>t2.info or t1.crt_time<>t2.crt_time then update set info=t2.info , crt_time=t2.crt_time;  
NOTICE:  (1,29.9749359954149,"2018-04-07 22:03:31.531152")  
NOTICE:  (2,93.1852474343032,"2018-04-07 22:03:31.531152")  
NOTICE:  (3,25.758066913113,"2018-04-07 22:03:31.531152")  
NOTICE:  (4,69.128438225016,"2018-04-07 22:03:31.531152")  
NOTICE:  (5,34.7714505158365,"2018-04-07 22:03:31.531152")  
NOTICE:  (6,47.4942798726261,"2018-04-07 22:03:31.531152")  
NOTICE:  (7,61.8766254279763,"2018-04-07 22:03:31.531152")  
NOTICE:  (8,97.1885625738651,"2018-04-07 22:03:31.531152")  
NOTICE:  (9,7.41707538254559,"2018-04-07 22:03:31.531152")  
NOTICE:  (10,70.8636813331395,"2018-04-07 22:03:31.531152")  
NOTICE:  (11,33.8312264997512,"2018-04-07 22:03:31.531152")  
NOTICE:  (12,77.4763741064817,"2018-04-07 22:03:31.531152")  
NOTICE:  (13,5.14419632963836,"2018-04-07 22:03:31.531152")  
NOTICE:  (14,86.3092178478837,"2018-04-07 22:03:31.531152")  
NOTICE:  (15,41.1678662057966,"2018-04-07 22:03:31.531152")  
NOTICE:  (16,27.8295359108597,"2018-04-07 22:03:31.531152")  
NOTICE:  (17,77.8380565810949,"2018-04-07 22:03:31.531152")  
NOTICE:  (18,13.997572241351,"2018-04-07 22:03:31.531152")  
NOTICE:  (19,34.8465123679489,"2018-04-07 22:03:31.531152")  
NOTICE:  (20,26.4941859059036,"2018-04-07 22:03:31.531152")  
NOTICE:  (21,88.9189361128956,"2018-04-07 22:03:31.531152")  
NOTICE:  (22,21.6747588012367,"2018-04-07 22:03:31.531152")  
NOTICE:  (23,41.413659369573,"2018-04-07 22:03:31.531152")  
NOTICE:  (24,19.375761738047,"2018-04-07 22:03:31.531152")  
NOTICE:  (25,53.5534802824259,"2018-04-07 22:03:31.531152")  
NOTICE:  (26,82.7209649607539,"2018-04-07 22:03:31.531152")  
NOTICE:  (27,39.306652918458,"2018-04-07 22:03:31.531152")  
NOTICE:  (28,41.2743093911558,"2018-04-07 22:03:31.531152")  
NOTICE:  (29,79.2670299764723,"2018-04-07 22:03:31.531152")  
NOTICE:  (30,40.3565632645041,"2018-04-07 22:03:31.531152")  
NOTICE:  (31,54.4456570409238,"2018-04-07 22:03:31.531152")  
NOTICE:  (32,9.24196597188711,"2018-04-07 22:03:31.531152")  
NOTICE:  (33,33.5418107453734,"2018-04-07 22:03:31.531152")  
NOTICE:  (34,80.203724000603,"2018-04-07 22:03:31.531152")  
NOTICE:  (35,78.3704041969031,"2018-04-07 22:03:31.531152")  
NOTICE:  (36,68.3132612612098,"2018-04-07 22:03:31.531152")  
NOTICE:  (37,27.698003873229,"2018-04-07 22:03:31.531152")  
NOTICE:  (38,40.2470296714455,"2018-04-07 22:03:31.531152")  
NOTICE:  (39,65.5018238350749,"2018-04-07 22:03:31.531152")  
NOTICE:  (40,35.1150792557746,"2018-04-07 22:03:31.531152")  
NOTICE:  (41,11.110711004585,"2018-04-07 22:03:31.531152")  
NOTICE:  (42,99.3330503813922,"2018-04-07 22:03:31.531152")  
NOTICE:  (43,12.5914534088224,"2018-04-07 22:03:31.531152")  
NOTICE:  (44,16.2549073807895,"2018-04-07 22:03:31.531152")  
NOTICE:  (45,85.6422682292759,"2018-04-07 22:03:31.531152")  
NOTICE:  (46,53.759319614619,"2018-04-07 22:03:31.531152")  
NOTICE:  (47,44.0844432916492,"2018-04-07 22:03:31.531152")  
NOTICE:  (48,63.4803248103708,"2018-04-07 22:03:31.531152")  
NOTICE:  (49,67.75689185597,"2018-04-07 22:03:31.531152")  
NOTICE:  (50,78.9309556595981,"2018-04-07 22:03:31.531152")  
NOTICE:  (51,89.9745107628405,"2018-04-07 22:03:31.531152")  
NOTICE:  (52,56.6758279688656,"2018-04-07 22:03:31.531152")  
NOTICE:  (53,0.60571450740099,"2018-04-07 22:03:31.531152")  
NOTICE:  (54,31.3881701324135,"2018-04-07 22:03:31.531152")  
NOTICE:  (55,76.0515897534788,"2018-04-07 22:03:31.531152")  
NOTICE:  (56,54.1591947898269,"2018-04-07 22:03:31.531152")  
NOTICE:  (57,14.1091350931674,"2018-04-07 22:03:31.531152")  
NOTICE:  (58,15.3582426719368,"2018-04-07 22:03:31.531152")  
NOTICE:  (59,95.4335042275488,"2018-04-07 22:03:31.531152")  
NOTICE:  (60,93.3761650696397,"2018-04-07 22:03:31.531152")  
NOTICE:  (61,55.714805983007,"2018-04-07 22:03:31.531152")  
NOTICE:  (62,49.8791612684727,"2018-04-07 22:03:31.531152")  
NOTICE:  (63,2.61813104152679,"2018-04-07 22:03:31.531152")  
NOTICE:  (64,89.2566167283803,"2018-04-07 22:03:31.531152")  
NOTICE:  (65,30.0828852690756,"2018-04-07 22:03:31.531152")  
NOTICE:  (66,80.988535284996,"2018-04-07 22:03:31.531152")  
NOTICE:  (67,57.5698779895902,"2018-04-07 22:03:31.531152")  
NOTICE:  (68,57.7808891423047,"2018-04-07 22:03:31.531152")  
NOTICE:  (69,21.2355649564415,"2018-04-07 22:03:31.531152")  
NOTICE:  (70,23.0717018712312,"2018-04-07 22:03:31.531152")  
NOTICE:  (71,92.8959684446454,"2018-04-07 22:03:31.531152")  
NOTICE:  (72,32.3462759610265,"2018-04-07 22:03:31.531152")  
NOTICE:  (73,22.4047522526234,"2018-04-07 22:03:31.531152")  
NOTICE:  (74,5.48742185346782,"2018-04-07 22:03:31.531152")  
NOTICE:  (75,48.6011833418161,"2018-04-07 22:03:31.531152")  
NOTICE:  (76,8.04702048189938,"2018-04-07 22:03:31.531152")  
NOTICE:  (77,59.2467414680868,"2018-04-07 22:03:31.531152")  
NOTICE:  (78,92.6856266334653,"2018-04-07 22:03:31.531152")  
NOTICE:  (79,71.5273452922702,"2018-04-07 22:03:31.531152")  
NOTICE:  (80,27.003633370623,"2018-04-07 22:03:31.531152")  
NOTICE:  (81,71.6165823396295,"2018-04-07 22:03:31.531152")  
NOTICE:  (82,61.5018560551107,"2018-04-07 22:03:31.531152")  
NOTICE:  (83,83.6794613394886,"2018-04-07 22:03:31.531152")  
NOTICE:  (84,72.2222968470305,"2018-04-07 22:03:31.531152")  
NOTICE:  (85,92.8900261875242,"2018-04-07 22:03:31.531152")  
NOTICE:  (86,59.7310510929674,"2018-04-07 22:03:31.531152")  
NOTICE:  (87,26.3814916368574,"2018-04-07 22:03:31.531152")  
NOTICE:  (88,6.99916132725775,"2018-04-07 22:03:31.531152")  
NOTICE:  (89,75.0892938114703,"2018-04-07 22:03:31.531152")  
NOTICE:  (90,21.8149958644062,"2018-04-07 22:03:31.531152")  
NOTICE:  (91,0.375326396897435,"2018-04-07 22:03:31.531152")  
NOTICE:  (92,30.8040997944772,"2018-04-07 22:03:31.531152")  
NOTICE:  (93,71.694157179445,"2018-04-07 22:03:31.531152")  
NOTICE:  (94,2.99345748499036,"2018-04-07 22:03:31.531152")  
NOTICE:  (95,20.0607165228575,"2018-04-07 22:03:31.531152")  
NOTICE:  (96,1.77704244852066,"2018-04-07 22:03:31.531152")  
NOTICE:  (97,83.9819927699864,"2018-04-07 22:03:31.531152")  
NOTICE:  (98,77.6305945124477,"2018-04-07 22:03:31.531152")  
NOTICE:  (99,59.5579316373914,"2018-04-07 22:03:31.531152")  
NOTICE:  (100,5.21755772642791,"2018-04-07 22:03:31.531152")  
MERGE 100  
```  
再次执行，由于设置了条件```t1.info<>t2.info or t1.crt_time<>t2.crt_time```才更新，所以MERGE 0条.  
```  
postgres=# merge into t1 using t2   
on t1.id=t2.id   
when not matched then insert (id,info,crt_time) values (t2.id,t2.info,t2.crt_time)   
when matched and t1.info<>t2.info or t1.crt_time<>t2.crt_time then update set info=t2.info , crt_time=t2.crt_time;  
MERGE 0  
```  
把条件```t1.info<>t2.info or t1.crt_time<>t2.crt_time```去掉，MERGE了100条(update)  
```  
postgres=#   
merge into t1 using t2   
on t1.id=t2.id   
when not matched then insert (id,info,crt_time) values (t2.id,t2.info,t2.crt_time)   
when matched then update set info=t2.info , crt_time=t2.crt_time;  
MERGE 100  
```  
目前merge into语法与rule不能同时使用，也就是说如果目标表上有insert\update\delete的RULE的话，不能使用merge into来合并数据到目标表。  
```
postgres=# create rule r1 as on insert to t1 do instead nothing;
CREATE RULE
postgres=# insert into t1 values (0);
INSERT 0 0
postgres=# truncate t1;
TRUNCATE TABLE
postgres=# \set VERBOSITY verbose
postgres=# merge into t1 using t2 
on t1.id=t2.id 
when not matched then insert (id,info,crt_time) values (t2.id,t2.info,t2.crt_time) 
when matched and t1.info<>t2.info or t1.crt_time<>t2.crt_time then update set info=t2.info , crt_time=t2.crt_time;
ERROR:  0A000: MERGE is not supported for relations with rules
LOCATION:  transformMergeStmt, parse_merge.c:424
```
## 参考  
https://www.postgresql.org/docs/devel/static/sql-merge.html  
https://git.postgresql.org/gitweb/?p=postgresql.git;a=commit;h=e6597dc3533946b98acba7871bd4ca1f7a3d4c1d  
https://git.postgresql.org/gitweb/?p=postgresql.git;a=commit;h=354f13855e6381d288dfaa52bcd4f2cb0fd4a5eb  
https://git.postgresql.org/gitweb/?p=postgresql.git;a=commit;h=7cf8a5c302735d193dcf901b87e03e324903c632  
https://git.postgresql.org/gitweb/?p=postgresql.git;a=commit;h=aa5877bb26347c58a34aee4e460eb1e1123bb096  
https://git.postgresql.org/gitweb/?p=postgresql.git;a=commit;h=d204ef63776b8a00ca220adec23979091564e465  
https://git.postgresql.org/gitweb/?p=postgresql.git;a=commit;h=83454e3c2b28141c0db01c7d2027e01040df5249  
https://git.postgresql.org/gitweb/?p=postgresql.git;a=commit;h=aa3faa3c7a7a49b3318059ccaf79bc1886a64707  
https://git.postgresql.org/gitweb/?p=postgresql.git;a=commit;h=4923550c20ae6d122ae0867480a7de8b040f7d80  
#### [PostgreSQL 许愿链接](https://github.com/digoal/blog/issues/76 "269ac3d1c492e938c0191101c7238216")
您的愿望将传达给PG kernel hacker、数据库厂商等, 帮助提高数据库产品质量和功能, 说不定下一个PG版本就有您提出的功能点. 针对非常好的提议，奖励限量版PG文化衫、纪念品、贴纸、PG热门书籍等，奖品丰富，快来许愿。[开不开森](https://github.com/digoal/blog/issues/76 "269ac3d1c492e938c0191101c7238216").  
#### [9.9元购买3个月阿里云RDS PostgreSQL实例](https://www.aliyun.com/database/postgresqlactivity "57258f76c37864c6e6d23383d05714ea")
#### [PostgreSQL 解决方案集合](https://yq.aliyun.com/topic/118 "40cff096e9ed7122c512b35d8561d9c8")
#### [德哥 / digoal's github - 公益是一辈子的事.](https://github.com/digoal/blog/blob/master/README.md "22709685feb7cab07d30f30387f0a9ae")
![digoal's wechat](../pic/digoal_weixin.jpg "f7ad92eeba24523fd47a6e1a0e691b59")
#### [PolarDB 学习图谱: 训练营、培训认证、在线互动实验、解决方案、生态合作、写心得拿奖品](https://www.aliyun.com/database/openpolardb/activity "8642f60e04ed0c814bf9cb9677976bd4")
#### [购买PolarDB云服务折扣活动进行中, 55元起](https://www.aliyun.com/activity/new/polardb-yunparter?userCode=bsb3t4al "e0495c413bedacabb75ff1e880be465a")
#### [About 德哥](https://github.com/digoal/blog/blob/master/me/readme.md "a37735981e7704886ffd590565582dd0")