## PostgreSQL 配置文件变更审计 - A custom background worker process to log changes to postgresql.conf to a table  
##### [TAG 6](../class/6.md)
### 作者                         
digoal                          
### 日期                        
2013-08-06                               
### 标签                        
PostgreSQL , 配置文件变更审计                                              
----                        
## 背景              
PostgreSQL 9.3 的一项新特性, 支持background worker process.  
http://www.postgresql.org/docs/9.3/static/bgworker.html  
本文将介绍一个利用PostgreSQL 9.3 background worker process记录postgresql.conf变化到数据库表的一个插件config_log.  
使用这个插件, 可以记录下postgresql.conf的变更操作.  
## 安装  
```  
wget http://api.pgxn.org/dist/config_log/0.1.6/config_log-0.1.6.zip  
unzip config_log-0.1.6.zip  
cd config_log-0.1.6  
[root@db-172-16-3-39 config_log-0.1.6]# export PATH=/opt/pgsql9.3beta2/bin:$PATH  
[root@db-172-16-3-39 config_log-0.1.6]# which pg_config  
/opt/pgsql9.3beta2/bin/pg_config  
```  
注意PostgreSQL源码请使用2013-07-16之后的版本, 因为config_log-0.1.6用到了bgworker.h中的BGW_MAXLEN.  
这个定义是在以下版本才加入的.  
```  
http://git.postgresql.org/gitweb/?p=postgresql.git;a=commit;h=7f7485a0cde92aa4ba235a1ffe4dda0ca0b6cc9a  
```  
如果用到以前的版本, 可能在编译config_log时会报错如下 :   
```  
[root@db-172-16-3-33 config_log-0.1.6]# gmake clean  
rm -f config_log.so config_log.o  
rm -f config_log.o  
[root@db-172-16-3-33 config_log-0.1.6]# gmake  
gcc -O2 -Wall -Wmissing-prototypes -Wpointer-arith -Wdeclaration-after-statement -Wendif-labels -Wmissing-format-attribute -Wformat-security -fno-strict-aliasing -fwrapv -fpic -I. -I. -I/opt/pgsql9.3beta2/include/server -I/opt/pgsql9.3beta2/include/internal -D_GNU_SOURCE -I/usr/include/libxml2   -c -o config_log.o config_log.c  
config_log.c: In function ‘_PG_init’:  
config_log.c:373: warning: assignment from incompatible pointer type  
config_log.c:379: error: ‘BGW_MAXLEN’ undeclared (first use in this function)  
config_log.c:379: error: (Each undeclared identifier is reported only once  
config_log.c:379: error: for each function it appears in.)  
gmake: *** [config_log.o] Error 1  
```  
解决办法自己添加这个定义. 或者使用已更新的PostgreSQL源码.  
```  
[root@db-172-16-3-33 config_log-0.1.6]# vi config_log.c  
#include "tcop/utility.h"  
// add by digoal  
#define BGW_MAXLEN                     64  
```  
重新编译即可.  
```  
[root@db-172-16-3-33 config_log-0.1.6]# gmake  
gcc -O2 -Wall -Wmissing-prototypes -Wpointer-arith -Wdeclaration-after-statement -Wendif-labels -Wmissing-format-attribute -Wformat-security -fno-strict-aliasing -fwrapv -fpic -I. -I. -I/opt/pgsql9.3beta2/include/server -I/opt/pgsql9.3beta2/include/internal -D_GNU_SOURCE -I/usr/include/libxml2   -c -o config_log.o config_log.c  
config_log.c: In function ‘_PG_init’:  
config_log.c:375: warning: assignment from incompatible pointer type  
gcc -O2 -Wall -Wmissing-prototypes -Wpointer-arith -Wdeclaration-after-statement -Wendif-labels -Wmissing-format-attribute -Wformat-security -fno-strict-aliasing -fwrapv -fpic -L/opt/pgsql9.3beta2/lib  -Wl,-rpath,'/opt/pgsql9.3beta2/lib',--enable-new-dtags  -shared -o config_log.so config_log.o  
[root@db-172-16-3-33 config_log-0.1.6]# gmake install  
/bin/mkdir -p '/opt/pgsql9.3beta2/share/extension'  
/bin/mkdir -p '/opt/pgsql9.3beta2/share/extension'  
/bin/mkdir -p '/opt/pgsql9.3beta2/lib'  
/usr/bin/install -c -m 644 ./config_log.control '/opt/pgsql9.3beta2/share/extension/'  
/usr/bin/install -c -m 644 ./config_log--0.1.6.sql  '/opt/pgsql9.3beta2/share/extension/'  
/usr/bin/install -c -m 755  config_log.so '/opt/pgsql9.3beta2/lib/'  
```  
查看扩展包含的SQL :   
```  
[root@db-172-16-3-33 extension]# cat config_log--0.1.6.sql   
-- complain if script is sourced in psql, rather than via CREATE EXTENSION  
\echo Use "CREATE EXTENSION config_log" to load this file. \quit  
CREATE TABLE pg_settings_log AS   
 SELECT name,  
        setting,  
        unit,  
        sourcefile,  
        sourceline,  
        CAST('INSERT' AS VARCHAR(6)) AS op,  
        CURRENT_TIMESTAMP AS recorded_ts  
   FROM pg_settings WHERE source='configuration file';  
CREATE OR REPLACE VIEW pg_settings_log_current  
  AS  SELECT psl.*  
        FROM pg_settings_log psl  
   LEFT JOIN pg_settings_log psl_ref  
          ON (psl.name = psl_ref.name  
         AND psl.recorded_ts  psql  
psql (9.3beta2)  
Type "help" for help.  
digoal=# create extension config_log;  
digoal=# select * from pg_settings_log;  
              name              |                                                 setting                                             
       | unit |                       sourcefile                        | sourceline |   op   |          recorded_ts            
--------------------------------+---------------------------------------------------------------------------------------------------  
-------+------+---------------------------------------------------------+------------+--------+-------------------------------  
 archive_command                | test ! -f /pgdata/digoal/1921/data03/pg93/pg_arch/%f && cp %p /pgdata/digoal/1921/data03/pg93/pg_a  
rch/%f |      | /pgdata/digoal/1921/data03/pg93/pg_root/postgresql.conf |        194 | INSERT | 2013-08-06 15:02:46.371767+08  
 archive_mode                   | on                                                                                                  
       |      | /pgdata/digoal/1921/data03/pg93/pg_root/postgresql.conf |        192 | INSERT | 2013-08-06 15:02:46.371767+08  
 autovacuum                     | on                                                                                                  
       |      | /pgdata/digoal/1921/data03/pg93/pg_root/postgresql.conf |        451 | INSERT | 2013-08-06 15:02:46.371767+08  
 bgwriter_delay                 | 10                                                                                                  
       | ms   | /pgdata/digoal/1921/data03/pg93/pg_root/postgresql.conf |        148 | INSERT | 2013-08-06 15:02:46.371767+08  
 checkpoint_segments            | 32                                                                                                  
       |      | /pgdata/digoal/1921/data03/pg93/pg_root/postgresql.conf |        185 | INSERT | 2013-08-06 15:02:46.371767+08  
 DateStyle                      | ISO, MDY                                                                                            
       |      | /pgdata/digoal/1921/data03/pg93/pg_root/postgresql.conf |        501 | INSERT | 2013-08-06 15:02:46.371767+08  
 default_text_search_config     | pg_catalog.english                                                                                  
       |      | /pgdata/digoal/1921/data03/pg93/pg_root/postgresql.conf |        523 | INSERT | 2013-08-06 15:02:46.371767+08  
 effective_cache_size           | 16384000                                                                                            
       | 8kB  | /pgdata/digoal/1921/data03/pg93/pg_root/postgresql.conf |        270 | INSERT | 2013-08-06 15:02:46.371767+08  
 hot_standby                    | on                                                                                                  
       |      | /pgdata/digoal/1921/data03/pg93/pg_root/postgresql.conf |        228 | INSERT | 2013-08-06 15:02:46.371767+08  
 hot_standby_feedback           | off                                                                                                  
       |      | /pgdata/digoal/1921/data03/pg93/pg_root/postgresql.conf |        238 | INSERT | 2013-08-06 15:02:46.371767+08  
 lc_messages                    | C                                                                                                   
       |      | /pgdata/digoal/1921/data03/pg93/pg_root/postgresql.conf |        516 | INSERT | 2013-08-06 15:02:46.371767+08  
 lc_monetary                    | C                                                                                                   
       |      | /pgdata/digoal/1921/data03/pg93/pg_root/postgresql.conf |        518 | INSERT | 2013-08-06 15:02:46.371767+08  
 lc_numeric                     | C                                                                                                   
       |      | /pgdata/digoal/1921/data03/pg93/pg_root/postgresql.conf |        519 | INSERT | 2013-08-06 15:02:46.371767+08  
 lc_time                        | C                                                                                                   
       |      | /pgdata/digoal/1921/data03/pg93/pg_root/postgresql.conf |        520 | INSERT | 2013-08-06 15:02:46.371767+08  
 listen_addresses               | 0.0.0.0                                                                                             
       |      | /pgdata/digoal/1921/data03/pg93/pg_root/postgresql.conf |         59 | INSERT | 2013-08-06 15:02:46.371767+08  
 log_autovacuum_min_duration    | 0                                                                                                   
       | ms   | /pgdata/digoal/1921/data03/pg93/pg_root/postgresql.conf |        453 | INSERT | 2013-08-06 15:02:46.371767+08  
 log_checkpoints                | on                                                                                                  
       |      | /pgdata/digoal/1921/data03/pg93/pg_root/postgresql.conf |        390 | INSERT | 2013-08-06 15:02:46.371767+08  
 log_connections                | on                                                                                                  
       |      | /pgdata/digoal/1921/data03/pg93/pg_root/postgresql.conf |        391 | INSERT | 2013-08-06 15:02:46.371767+08  
 log_destination                | csvlog                                                                                              
       |      | /pgdata/digoal/1921/data03/pg93/pg_root/postgresql.conf |        298 | INSERT | 2013-08-06 15:02:46.371767+08  
 log_directory                  | pg_log                                                                                              
       |      | /pgdata/digoal/1921/data03/pg93/pg_root/postgresql.conf |        310 | INSERT | 2013-08-06 15:02:46.371767+08  
 log_disconnections             | on                                                                                                  
       |      | /pgdata/digoal/1921/data03/pg93/pg_root/postgresql.conf |        392 | INSERT | 2013-08-06 15:02:46.371767+08  
 log_error_verbosity            | verbose                                                                                             
       |      | /pgdata/digoal/1921/data03/pg93/pg_root/postgresql.conf |        394 | INSERT | 2013-08-06 15:02:46.371767+08  
 log_file_mode                  | 0600                                                                                                
       |      | /pgdata/digoal/1921/data03/pg93/pg_root/postgresql.conf |        314 | INSERT | 2013-08-06 15:02:46.371767+08  
 log_filename                   | postgresql-%Y-%m-%d_%H%M%S.log                                                                      
       |      | /pgdata/digoal/1921/data03/pg93/pg_root/postgresql.conf |        312 | INSERT | 2013-08-06 15:02:46.371767+08  
 log_lock_waits                 | on                                                                                                  