mysqld safe
---
## Page 169
/data/mysql_data/Centos.pid ended
前提为该账号具有 shutdown权限，如【示例6-42】所示。
参数，比如查看系统变量信息，查看当前服务的连接等，更多信息可以通过
/data/mysql_data/mysql.sock'(2)
“mysqladmin-help”命令查看。
ended
例6-41】中的方法。
数量等等，更多的信息可以查阅MySQL帮助文档。
方法。“s”命令显示了MySQL服务的基本信息，如字符集，启动时间，查询数量，打开表的
唯一的连接。接着显示的为MySQL版本信息，然后是版权声明。同时给出了查看系统帮助的
成后第1行为欢迎信息，第2行显示了MySQL服务给当前连接分配的连接ID，ID用于标识
数通过命令行参数指定，没有设置的参数则为默认值。
初始化完成以后利用mysqld_safe程序启动，由于此示例并没有使用配置文件，需要设置的参
后通过chown将目录权限赋给mysql用户和mysql用户组。
以上示例演示了如何通过mysqld_safe命令启动MySQL服务，如需停止，可以使用【示
系统启动完成后可以通过本地socket方式登录，另外一种登录方式为TCP方式登录，这
mysql_install_db程序用于初始化MySQL系统表，比如权限管理相关的mysql.user表等等，
除通过本地socket程序可以停止MySQL服务外，还可以通过远程TCP停止MySQL服务，
通过命令mysqladmin 可以方便地控制MySQL 服务的停止。同时mysqladmin支持更多的
[1]+Done mysqld safe--datadir=/data/mysql data
ERROR 2002 (HY000):Can't connect to 1ocal MySQL server through socket
[root@Cent0s~]#mysqladmin-uadmin-ppass123-h192.168.146.150-P3307 shutdown
Query OK, 0 rows affected (0.00 sec)
mysql> grant
[root@Centos ~]#mysql -s/data/mysgl _data/mysql.sock -u root
【示例6-42】
[root@Centos~]#mysqladmin
【示例6-41】
上述示例首先创建了启动MySQL服务需要的数据目录/data/mysql_data_3307，创建完成
mysqld_safe--datadir=/data/mysql_data
-S/data/mysql _data/mysql.sock -u root shutdown
第6章搭建LAMP服务
---
## Page 170
为指定“-enable-fpm”参数。
php-5.4.16.tar.gz，安装过程如【示例6-43】所示。
CentOS7系统管理与运维实战
158
它相对于其他语言，编辑简单，实用性强，更适合初学者。PHP运行在服务器端，可以部署
系统。和其他技术相比，PHP本身免费且是开源代码。因为PHP可以被嵌入于HTML语言，
有非常强大的功能，所有的CGI的功能PHP都能实现，支持几乎所有流行的数据库以及操作
了大量的新功能和bug 修复，特别注意的一点是不再支持Windows XP和2003系统。PHP具
用源码Apache、MySQL、PHP的集成环境的安装过程。
恭示
PHP为“ProfessionalHypertext Preprocessor”的缩写，最新发布版本为5.6.7，此版本包含
with-mysgl=/usr/local/mysql
with-mysgl=/usr/local/
PHP 的安装同样需要经过环境检查、编译和安装 3个步骤，本节采用的 PHP 版本为
上面章节已经分别介绍了MySQL、Apache的安装与设置。本节主要介绍Linux环境下利
[root@Centos php-5.4.16]#make instal1
#安装
#编译源码
[root@Cent0s php-5.4.16]#
#另外一种集成方式编译命令
mysgl
解压源码包
#检查系统环境
【示例6-43】
“--enable-fastcgi”含义为开启PHP的FastCGI支持，另外一种开启FastCGI支持的方式
[PI:EMAIL]#make
[rootecentos soft)#
[rootecentos
分配具有此权限的账户。
由于具有shutdown等权限的用户可以远程停止MySQL服务，因此日常应用中应该避免
LAMP集成安装、
PHP安装与配置
soft1#
cd php-5.4.16
tar xvf
/configure
renable-fpm
配置与测试实战
-prefix=/usr/local/php
---
## Page 171
gmp-devel
版的源代码，php可以支持很多扩展，本节软件安装涉及的软件包列表如【示例6-44】所示。
适的版本。
源码安装为例说明PHP的安装过程，
在UNIX、Linux、Windows、Mac OS下。另外PHP支持面向对象编程。本节主要以php5.4.16
从源代码安装Apache、MySQL、PHP，PHP用户可以从 htp://www.php.net下载最新稳定
-DDEFAULT_cOLLATION=utf8 general_ci
-DMYSQL _DATADIR=/data/mysql/data \
安装MySQL
php-5.4.16.tar.gz
gd-2.0.33.tar.gz
libpng-1.2.8-config.tar.gz
freetype-2.1.10.tar.
zlib-1.2.3.tar.gz
curl-7.15.1.tar.gz
libxm12-2.7.7.tar.gz
mysgl-5.1.49.tar.gz
-DMYSQL_UNIX_ADDR=/tmp/mysql/mysql.sock
[rootecentos mysql-
[rootecentos
[root@centos softl#
#安装环境
【示例6-45】
【示例6-44】
-DDEFAULT CHARSET=Utf8
-DEXTRA CHARSETS=alI
DWITH PARTITION STORAGE ENGINE=I
DENABLED LOCAL
-DMYSQL TCPPORT=33061
DSYSCONEDIR=/etc\
DCMAKE INSTALL
rootecentos
rooteCentos
[rootecentos
Irootecentos
安装过程如实例【6-45】所示。
mysq1-5.6.241#
mysq1-5.6.241#
soft1#
softl#
INFILE=1
PREFIX=/usr/local/mysql
-5.6.241#
cd mysg1-5.6.24
.gz
xvf
install
cmake
mkdir
useradd -r -g mysql mysql
bshu ppednoie
，因不同版本之间有特定差别，需要根据业务特性选择合
chown
-P
make cmake ncurses
第6章搭建LAMP服务
159
---
## Page 172
CentOS7系统管理与运维实战
160
tar.gz
tp://jaist.dl.sourceforge.net/project/freetype/freetype2/2.5
nable-shared
#加载动态库以便系统共享
#安装SSL
[PI:EMAIL]#make
[root@Centos freetype-2.5.5]#./configure--prefix=/usr/local/fre
[rooteCentos
[root@centos
rootecentos
lrootecentos
root@centos softl#
root@centos
安装curl，以便可以在PHP 中使用curl相关的功能
rootecentos
将动态库路径加入系统路径中
rootecentos
rootecentos
编译
rootecentos
配置编译选项
rootecentos
[rootecentos
#解压源码包
rootecentos
rootecentos
装freetype
potecentos
oot@Centos
Dotecentos
poteCentos
botecentos
ootecentos
oot@centos
zlib
zlib-1.2
soft]#
curl-
soft]# cd curl-7.41.0
openssl-1.0.2a1# make
openssl-l.0.2a)# ./config
zlib-
T2
soft]#tar
1ibxm12
1ibxm12
soft1#
soft]#cd openssl-1.0.2a
soft)#
soft]
soft]# tar
ib-
#
2
2-2.7.81#make
tar
#
zlib-1.2.7/
xvf zlib-1.2.7.tar.gz
7.81#
xVf
.81#
make install
make
chmod
nstar
install
-R a+x
/usr/local/ssl/lib/ >>/etc/ld.so.conf
instail
-R atx
-prefix=/usr/local/zlib
.5/freetype
N
---
## Page 173
-enable-shared
#安装libpng
[root@Centos freetype-2.5.5]# make
[rooteCentos soft]#
[root@centos soft]# wget
[rootecentos
rootecentos
安装gd库支
rootecentos
[root@centos
rootecentos
rootoc
安装jpeg支持
rootecentos
-with-config-file-scan-dir=/etc/php.d\
cootecentos
rootecentos
with-gd-yes
with-iconv
Wi
Wi
装PHP
oot@centos
ith-mysql=/usr/local/mysgl 1
ith-apxs2=/usr/local/apache2/bin/apxs
OS
soft]#
inaunix
#1-
jpeg-71#
jpeg-71#
soft1#
softl#
soft1#
soft1#
softl#
libpng-
softl#
soft1#
jpeg-71#
tar xvf gd-2.0.33.tar.gz
cd
wget
lude/freetype2/freetype
cd gd-2.0.33/
make
.6.171# make
.6.171# make
S
configure
./configure-prefix=/usr/local/gd
/usr/local/zlib/include/zconf.h /usr/includ
/usr/local/zlib/include/zlib.h /usr/include
LDFLAGS="-L/usr/local/zlib/lib"
--enable-xml
""prefix=
nstall
/usr/local/jpeg
第6章搭建LAMP服务
-with-jpeg
nable-
1.6.17.tar
rshar
e
eo
161
---
## Page 174
CentOS7系统管理与运维实战
162
如【示例6-47】所示。
支持 PHP，还需做以下设置。修改 httpd.conf 加入以下配置，如【示例6-46】所示。
usr/local/apache2/conf/vhost/www.testdomain.
/etc/profile
with-php-config=/usr/local/php/bin/php-config
[rootecentos soft]#cat
AddType php5-scriptphp
#以下语句加入httpd.conf
经过以上的步骤，Apache、MySQL和PHP 环境需要的软件已经安装完毕，如需Apache
Virtua1H0st 192.168.146.151:80>
【示例6-47】
然后像6.1.3小节中那样配置/etc/hosts设置域名解析和虚拟主机文件，配置虚拟主机文件
【示例6-46】
[root@CentOs soft]# echo"export PATH=/usr/local/php/bin:\$PATH:
#设置环境变量
[root@Cent0s APC-3.1.13)# make
[root@Cent0s APC-3.1.13)#
Iroot@Centos APc-3.1.13]#/usr/local/php/bin/phpize
#安装APC
#编辑php
isten 192.168.146.151
[rooteCentos APc-3.l.13]# make instal1
rooteCentos soft)# cd APc-3.1.13
rootecentos
root@centos
-with-curl=/usr/local/crul
-with-png-dir=/usr/local/1ibpng
-with-xpm-dir=/usr/local/freetype/include
-with-gmp --with-libxml-dir=/usr/local/libxml2
ServerName www.testdomain.com
DocumentRoot/data/www.testdomain.com
ServerAdmin pettersongetencent.com
<Directory "/data/www.testdomain,
Options None
AllowOverride None
soft]# tar
php-5.4.161#
cat /usr/local/apache2/conf/php.conf
xvf tar
make
xvf APC-3.1.13.tgz
instail
renable-apc
.com.conf
renable-shared
---
## Page 175
的操作。
据库表分配不同的权限。当用户连接至MySQL服务器后，权限即被确定，用户只能做权限内
6.5.1
复和复制等，本节主要介绍这方面的知识。
显示如图6.5所示，说明PHP已经安装成功了。
MySQL权限管理基于主机名、用户名和数据库表，可以根据不同的主机名、用户名和数
然后可以进行浏览器的测试了，输入htp://www.testdomain.com/test.php访问，浏览器中