—-J--I-MT-
total 0
[root@Centos dira]# ls -1
[root@Centos diral# rm -f a/b/c/file_c
rmdir: failed to removea/b/c/:Directory not
[root@Centos dira]# rmdir a/b/c/
#删除c目录，删除失败
[root@Centos dira]# find
[root@Centos dira]# touch
[rooteCentos dira]# touch
[gosseCentos ~]s mkdir -p /data/goss
#无写权限则不能创建目录
#虽然没有权限写入，但由于目录存在，并不会提示任何信息
删除成功
/a/b/file_b
/a/b
/a
[root@Centos dira]# touch a/b/c/file
[rooteCentos dira]# mkdir
lgossecentos
drwxr-xr-x.
[gossecentos
drwxr-xr-x.
[rooteCentos data]# mkdir
一次创建多个目录
/a/b/c/file
/a/b/c
/a/file_a
删除目录rmdir
+
/data
a/b
a/b/e/
a/file_a
a/b/fileb
-p a/b/c
-p /data/dirc /data/dird
409
---
## Page 422
CentOS7系统管理与运维实战
410
参数，则切换到用户的主目录，cd为最常用的命令，与DOS下的cd命令类似。
A.2.4
int
cd 命令用于切换工作目录为指定的目录，参数可以为相对路径或绝对路径，如不跟任何
#“-”表示回到上次的目录
/usr
[root@Centos usr]# pwd
[root@Centos local]# cd..
/usr/local
[root@Centos /]#
/root
netoptproc
bin boot
[root@Centos~]# cd/
【示例A-20】
./a/b/file_b
[root@Centos dira]# find.
rmdir: failed to remove directory
#递归删除目录
[root@Centos diral# mkdir
totalo
[root@Centos dira]# ls -l a/b
[root@Centos dira]# rmdir a/b/e/
[root@Centos local]# pwd
[root@Centos~1# cd/usr/local/
root
[root@centos~]#
[root@Centos-]#
[root@Centos/]#
[root@Centos /]# pwd
/a/b
/a/file_a
/a
-rw-r--r--.
改变工作目录cd
删除。
当使用“p”参数时，如目录中存在空目录和文件，则空目录会被删除，上一级目录不能
cdrom
root
data
cd
sbin selinux soft
dev
-pa/b/c
0Apr 17 01:05 file b
a/b': Directory not empty
srv sys tmp usr
1ib64 1ost+found media misc
var
---
## Page 423
权限）、查看目录信息等等。
令不仅可以查看Linux文件夹包含的文件，而且可以查看文件权限（包括目录、文件夹、文件
录的清单，如果Is指定其他目录，那么就会显示指定目录里的文件及文件夹清单。通过ls命
A.2.5
[root@Centos usr]#cd-
drwxr-xr-x.2root root4.0KApr 1103:15html
#将文件大小转变为可阅读的方式，
【示例A-21】
ls命令是Linux下最常用的命令。ls命令就是list的缩写。默认情况下ls用来查看当前目
Lrwxrwxrwx.
drwxr-xr-x.
[rootecentos
#对目录反向排序
lrwxrwxrwx.
drwxr-xr-x.
total 1.3M
[rooteCentos nginx]# ls -lh
drwxr-xr-x.
drwxr-xr-x.
total1272
#输出的文件大小以k为单位
drwxr-xr-x.
drwxr-xr-x.
total 1272
[root@Centos nginx]# ls -1
#输出文件的详细信息
/usr/local
[root@centos locall# pwd
total 1.3M
drwxr-xr-x.
drwxr-xr-x,
lrwxrwxrwx.
[rooteCentos nginx]# ls-ik
drwxr-xr-x.
lrwxrwxrwx.
/usr/local
rw-r-
rw-r-
rw-r--r-
查看工作目录文件ls
nginxj# ls -lhr
2
2root
2root
2root
root root
root
root root
root
root
root
root
root
root
root
root
root
root
root
coot
root 1.3M Apr
root 4.0K
root 4.0K
root4.0K
root
root
root
root 1288918Apr2522:54 res
root 1.3M
root10
root
root
root
root
root
4.0K
如1G，23M，456K等
4Apr 2523:05 sbin
4096 Apr 11 03:15 sbin
4
4096Apr
Apr 11 03:15 sbin
Apr1103:15html
10Apr
Apr
Apr
2422:361ogs->/data/1ogs
2523:05
25 23:05 conf
25 22:54 res
2422:361ogs
11 03:15 html
html
->/data/logs
/data/logs
V
附录ALinux常用命令示例
411
---
## Page 424
CentOS7系统管理与运维实战
412
data/logs
-rwxr-xr-x.1 root root 382456Aug72012 gawk
#文件按大小排序并把大文件在前面显示
#列出当前路径中的目录
nginx
50x.html
dst nginx.conf nginx.conf.bak
#递归显示子文件夹内的目录和文件
392737 -rW-r--r--
398860 drwxr-xr-x. 2 root
398843 drwxr
Lrwxrwxrwx,
#显示时间的完整格式
[rooteCentos nginx]# ls -a
#显示所有文件
tota1 7828
[rootecentos bin]# ls -sl
drwxr-xr-x.
drwxr-xr-x.
392716 lrwxrwxrwx. 1 root
drwxr-xr-x
drwxr-xr-x.2 root root 4.0k Apr
rwxr-xr-x.
rwxr-xr-x.
rwxr-xr-x.
X-IX-XM-
TWXYEXr-X
[rootecentos nginx]# ls -Fllgrep "^d"
/sbin:
/html:
/conf:
conf html
cotal 1272
[rooteCentos nginx]# ls -il
#列H inode
-rw-r-
cota1 1272
[rooteCentos nginx]# ls --full-time
rwxr-xr-x
index.html
1 root root 387328 Feb 22 12:19 tcsh
ogs
N
LOOt
root
root
LOOt
root root
root
root
root
root
coot
res sbin
X
root
root
root 770248
2
root
root 1288918 2015-04-2522:54:09.680715680 +0800 res
root
root
root
root
root
root
res
391224
root
root
4096 Apr 2523:05
root
4096Apr2523:05
40962015-04-1103:15:27.815999453+0800 sbin
4096
oot
sbin
Aug22
APr
1288918 Apr 2523:05 res
2015-04-11
src
4096 Apr 2523:05 sbin
4096Apr
2519:37
10Apr24 22:36 1ogs
4096 Apr
2010 mailx
2012vi
25 23:05html
03:15:28.000999450 +0800 html
2523:05
html/
conf/
eont
/data/logs
conf
---
## Page 425
A.2.6
[rooteCentos man]#
2 directories, 12 files
【示例A-22】
使用tree命令以树状图递归的形式显示各级目录，可以方便地看到目录结构。
rooteCentos
rwxr-xr-x.1 root
#部分结果省略
rwxrwxrwx.
lrwxrwxrwx.
total 7828
[rooteCentos bin]# ls -slr
#反向排序
®
?
manl
man8
1
1
一一
1
1
man8
--htpasswd.1
manl
查看目录树tree
第6列表示文件或目录的最近修改时间。
录及其下面的文件的总大小。
第5列表示文件大小，如果是目录，
第4列表示文件拥有者所在的组。
第3列表示文件拥有者。
第2列表示文件硬链接数。
第1列后9个字母表示该文件或目录的权限位。r表是读、W表示写、x表示执行。
ab.8
rotatelogs.8
apachectl.8
htdigest.1
htdbm.1
suexec.8
logresolve.8
httpd.8
htcacheclean.8
apxs.8
man]#
root
tree
rOOL
Apr
NOv
Aor
表示该目录大小。注意是目录本身大小，而非目
12
 2010 unicode 