ether 00:0c:29:0b:07:76
inet6 fe80::20c:29ff:fe0b:776prefixlen 64 scopeid 0x20
packets 531 bytes 95587(93.3KiB)
errors 0 dropped 0 overruns 0 frame 0
packets 798 bytes 70755 (69.0 KiB)
2 received, 0% packet loss, time 1002ms
-c2 www.baidu.com
icmp_seq=2 ttl-128 time=36.1ms
overruns0
mtu 65536
frame
(Ethernet)
collisions 0
---
## Page 55
继续设置其他IP，
干扰过大、距离太长等。
#设置网卡IP地址
#命令后面可接网络接口用于查看指定网络接口的信息
eno16777736: flagS=4163 mtu 1500
#使用另一种形式表示子网掩码
#更改网卡的MAC地址
[root@cent0s ~]# ifconfig eno16777736:1 192.168.100.100 netmask 255.255.255.0
[root@Centos ~]# ifconfig eno16777736:1 hw ether 00:0c:29:0b:07:77
【示例3-3】
设置完后使用ifconifg命令查看，可以看到两个网卡信息了，分别为：etho和ethO:1。如
设置IP地址使用以下命令：
如果第6行和第8行中的丢包量、错误包量较高，通常表示物理链路存在问题。例如网线
第1行：UP表示此网络接口为启用状态，RUNNING表示网卡设备已连接，MULTICAST
[root@cent0s~]#ifconfig eno16777736
[rootecentos
[root@Cent0s~]#ifconfig eno16777736:1 down
[root@Cent0s 1# ifconfig eno16777736:1 192.168.100.170/24 up
#将某个网络接口禁用
第
第
第
第
第
第
说明：
第
高8行：导演发送包的数量，如丢包量，错误等。
7行：
6行：
5行：
4行：
3行：
2行：依次为网卡IP、子网掩码、广播地址。
表示支持组播，MTU为数据包最大传输单元。
RX packets 851 bytes 75229 (73.4 KiB)
ether 00:0c:29:0b:07:76txqueue1en 1000
1net 192.168.128.129 netmask 255.255.255.0 broadcast 192.168.128.255
：ipv6地址。
inet6
发送数据包个数、大小统计信息。
异常接收包的数量，如丢包量，错误等，
接收数据包个数、大小统计信息。
Ethermet（以太网）表示连接类型，ether 为网卡的MAC 地址。
Kerrors 0dropped0overruns 0carrier 0collisions0
packets 561 bytes 100225 (97.8 KiB)
，可以使用类似的方法，如【示例3-3】所示。
~]# ifconfig
第3章运维必备的网络管理技能
(Ethernet)
(Ethernet)
scopeid 0x20
3
---
## Page 56
显式所有路由表
If]
3.2.3
提示
ifconfig.
后依然生效，
route[-fl[-p] [command] [destination] [mask netmask] [gateway] [metric][[dev]
【示例3-4】
route使用方法如【示例3-4】所示。
参数说明：
route命令用于查看或编辑计算机的IP路由表。route命令的语法如下：
除以上功能外，ifconfig还可以设置网卡的MTU。以上的设置会在重启后丢失，如需重启
lo:f1agS=73
Destination：指定该路由的网络目标；
Command:指定想要进行的操作，如 add、change、delete、print;
dev if:为可以访问目标的网络接口指定接口索引。
metric：为路由指定一个整数成本指标，当路由表的多个路由进行选择时可以使用；
gateway:网关；
masknetmask:指定与网络目标相关的子网掩码；
显示添加或修改路由表route
络接口。
在CentOS和RHEL中使用命令ifup和ifdown加网络接口名，可以启用、禁用对应的网
inet 127.0.0.1netmask 255.0.0.0
inet 192.168.128.129 netmask 255.255.255.0 broadcast 192.168.128.255
TX errors 0dropped 0 overruns 0carrier 0 collisions 0
TX packets 8bytes 764(764.0 B)
RX errors 0dropped0
RX packets 8 bytes 764
RX packets 1350 bytes 126861(123.8KiB)
ether 00:0c:29:0b:07:77 txqueuelen 1000 (Ethernet)
，可以通过设置网络接口文件永久生效。更多使用方法可以参考系统帮助man
oop
txqueuelen 0
(Local Loopback)
overruns 0
(764.0B)
scopeid 0x10
mtu 65536
frame0
collisions
0
---
## Page 57
100%284
100%6922
参数
ssh_option] I-P port] [-S program] [[user@]hosti:] filel [.][[suer@jhost2:]file2
查看系统帮助。
本地。其一般语法如下所示，注意由于各个发行版不同，scp语法不尽相同，具体使用方法可
另外可选的方法有 scp或 rsync。scp可以将本地文件传送到远程主机或从远程主机拉取文件到
3.2.4
-
-P
scp[-1245BCpqrv] [-c cipher] [F ssh_config] [-I identity_file] [-1 limit][-0
hosts
#拉取远程主机文件至本地路径
cgi_mon
#将本地文件传送至远程主机192.168.3.100的/usr路径下
如本地主机需要和远程主机进行数据迁移或文件传送，可以使用ftp，或搭建Web服务，
rotatelogs.8
PI:EMAIL's password:
#如需传送目录，可以使用参数“r”
PI:EMAIL's password: 
PI:EMAIL's password:
scp使用方法如【示例3-5】所示。
scp命令执行成功返回0，失败或有异常时返回大于0的值，常用参数说明如表3.2所示。
route del -net 192.168.60.0 netmask 255.255.255.0
#删除一条路由，删除的时候不需网关
route add -net 192.168.60.0 netmask 255.255.255.0 gw 192.168.19.1
#添加一条路由：发往192.168.60.0网段的全部要经过网关192.168.19.1
logresolve.8
[root@Centos soft]#scp -r
【示例3-5】
192.168.3.0
Destination
Kernel IP routing table
[root@Centos~]# route-n
复制文件至其他系统 scp
见余模式。打印排错信息方便问题定位
递归地复制整个文件夹
指定远程连接端口
说明
把进度参数关掉
0.3KB/s
6.8KB/s
0.0.0.0
Gateway
00:00
00:00
100%5334
100%1407
表3.2scp命令常用参数说明
-P12345 PI:EMAIL:/usr/1oca1/apache2
255.255.255.0
Genmask
5.2KB/s
1.4KB/s
PI:EMAIL:/usr
Flags Metric Ref
00:00
00:00
第3章运维必备的网络管理技能
0etho
Use Iface
---
## Page 58
USER 和 HOST表示可以登录远程服务的用户名和主机，DEST表示远程路径。rsync 常用参
的属性，如权限，时间戳等。rsync 数据传输过程中是加密的，保证数据的安全性。
了单个文件，rsync 可以镜像保存整个目录树和文件系统，并可以增量同步，并保持文件原来
3.2.5
CentOS7系统管理与运维实战
--include=PATTERN
--timeout=TIME
数如表3.3所示，由于参数众多，只列出某些有代表性的参数。
--xclude=PATTERN
-Z
--delete
-e
-W
-n
参数
rsync 命令语法如下：
rsync 是Linux 系统下的常用的数据镜像备份工具，用于在不同的主机之间同步文件。除
OPTION可以指定某些选项，如压缩传输，是否递归传输等，SRC为本地目录或文件，
Usage: rsync [OPTION]...
PI:EMAIL's password:
#将本地目录传送至远程主机指定目录
rotatelogs.8
9
复制文件至其他系统rsync
rsync [OPTION]...
rsync [OPTION]
rsync [OPTION]
csync
rsyne
[OPTION]
[OPTION]
指定不排除而需要传输的文件模式
指定排除不需要传输的文件模式
对备份的文件在传输时进行压缩处理
指定使用rsh、ssh方式进行数据同步
拷贝文件，不进行增量检测
现实哪些文件将被传输
保持文件时间信息
保持文件属组信息
保持文件属主信息
保持文件权限
使用相对路径信息
对子目录以递归模式处理
归档模式，表示以递归方式传输文件，并保持所有文件属性，等于-rlptgoD
打开校验开关，强制对文件传输进行校验
IP超时时间，
精简输出模式
删除那些DST中SRC没有的文件
详细模式输出
说明
100%5334
100%
rSynC://[USER@jHOST[:PORT]/SRC
1407
SRCISRC]..
单位为秒
表3.3rsync命令常用参数说明
[USER@]HOST::SRC [DEST]
[USER@]HOST:SRC [DEST]
SRC
SRC
SRC
息
[sRC]...
5.2KB/s
1.4KB/s
rSynC://[USER@]HOST[:PORT]/DEST
[USER@] HOST::DEST
[USER@]HOST:DEST
00:00
00:00
[DES
TI
---
## Page 59
决对实时性要求不高的数据备份需求。随着文件增多 rsync 做数据同步时，
PI:EMAIL:BACKUP/apache2
PI:EMAIL::BAcKUP/apache2/test.txt
--password-file=FILE
--progress
--port=PORT
--config=FILE
PI:EMAIL::BACKUP
-address
--version
--include-from=FILE
--exclude-from=FILE
参数
rsync 具有增量传输的功能，利用此特性可以用来做文件的增量备份。通过 rsync 可以解
total size is 48113103 speedup is 3.47
sent 16140 bytes
apache2/modules/mod vhost_alias.so
apache2/modules/mod_version.so
部分结果省略
#拉取远程目录至本地
to.tal size is 2 speedup is 0.01
sent 47 bytes
test.txt
receiving incremental file list
#拉取远程文件至本地
total size is 48113101
sent 27983476 bytes received 187606 bytes 5122014.91 bytes/sec
#部分结果省略
[root@Centos local]# rsync
[rootecentos local]# rsync
#传送目录至远程主机
total size is2
[root@Centos local]#
sent 67 bytes
b.txt
[rooteCentos local]#rsync
传送本地文件到远程主机
【示例3-6】
rsync 使用方法如【示例3-6】。
received 102 bytes 298.00 bytes/sec
received 27 bytes 188.00 bytes/sec
从FILE中得到密码
指定日志文件格式
在传输时现实传输过程
指定其他的rsync服务端口
指定其他的配置文件，
绑定到特定的地址
打印版本信息
不排除FILE指定模式匹配的文件
排除FILE中指定模式的文件
说明
speedup is 0.02
received 13866892 bytes
rsync
speedup is 1.71
-V
-avz
--port 56789 -avz
-port 56789
-port56789 b.txt PI:EMAIL::BACKUP
不使用默认的rsyncd.conf文件
590767.32 bytes/sec
-avz
第3章运维必备的网络管理技能
，需要扫描所有文件
（续表）
---
## Page 60
48
及每个网络接口的有用的统计数字。常用的参数如表3.4所示。
3.2.6
后进行对比，然后进行差量传输。如果文件很多，扫描文件是非常耗时的，使用rsync 反而比
Centos7系统管理与运维实战
恭示
较低效。
-a
参数
P
netstat 命令用于监控系统网络配置和工作状况，可以显示内核路由表、活动的网络状态以
tcp
Proto Recv-Q Send-Q Local Address
Active Internet connections (servers and established)
#部分结果省略
#显示所有TCP端口
Active Internet connections (servers and established)
getnameinfo failed
#显示所有端口，包含UDP和TCP端口
[root@Centos local]# netstat-at
tcp
tcp
[root@Centos local]# netstat-alhead -4