/sbin/nginx
data/logs/access.log
/sbin/
/html/index.html
/res
/html/50x.html
./html/index.html
/sbin
过滤文本 grep
-print
附录ALinux常用命令示例
395
---
## Page 408
Cenios7系统管理与运维实战
396
#将显示符合条件的内容所在的行号
#结合管道一起使用
root:x:0:0:root:/root:/bin/bash
[rooteCentos ]# grep root /etc/passwd
title Cent0s (2.6.32-358.e16.x86_64)
2:datadir=/var/lib/mysql
socket=/var/lib/mysql/mysql.
[rootecentos etc]# cat filel
”的字符串，第2行为查找的结果
:root:x:0:0:root:/root:/bin/bash
[root@Centos ~]# grep -n root /etc/passwd
[rooteCentos~]#
operator:x:1l:0:operator:/root:/sbin/nologin
iddenmenu
default=0
[rootecentos etc]# cat test.txt
#查看文件内容
s grep magic
#综合使用
[rooteCentos nginx]#/sbin/ifconfiglgrep "inet addr"
#显示行号
[mysqld]
socket=/var/lib/mysgl/mysql.sock
latadir=/var/lib/mysql
[mysqld]
[rootecentos conf]# grep listen
在nginx.
30:operator:x:11:0:operator:/root:/sbin/nologin
oot:x:0:0:root:/root:/bin/bash
UUID=d922ef3b-d473-40a8-a7a2
:socket=/var/lib/mysgl/mysql.sock
listen
kernel/boot/vm1inuz-2.6.32-358.e16.x86_64 ro
root (hd0,0)
inet
nf查找包含1isten的行号打印出来
80;
.sock
nginx.conf
后查找包含“inet
---
## Page 409
socket=/var/lib/mysql/mysql.sock
datadir=/var/lib/mysql
#按正则表达式查找指定字符串
8:
4:hiddenmenu
2:timeout=5
1:default=0
#除了显示匹配的行，
#列出匹配字符串的文件名
[rooteCentos etc]# grep
[root@Centos etc]# grep
[rootecentos etc]# grep
[rooteCentos etc]# grep
#匹配整个单词
#查找指定字符串，此时是区分大小写
mysgldj
:title Cent0s (2.6.32-358.e16.x86 64)
3:splashimage=(hd0,0) /boot/
[root@Centos etc]# grep -Ci uuID test.txt
列出不匹配字符串的文件名
[root@centos etc]# grep -L UUID
[rootecentos etc]# grep -l uUID
[rootecentos etc]# grep
#不区分大小写查找指定字符串
UUID=d922ef3b-d473-40a8-a7a2
est.txt
=UUID=d922ef3b-d473-40a8-a7a2
rootecentos etc]# grep uuID
UUID=d922ef3b-d473-40a8-a7a2
JUID=d922ef3b-d473-40a8-a7a2
initrd/boot/initramfs-2.6.32-358.e16.x86 64.img
(0'0pu) z00
 initrd /boot/initramfs-2
(0‘0pu) 40ox
kernel
initrd
kernel
/boot/vm1inuz-2.6.32-358.e16.x86_64 ro
Abo
/boot/initramfs-2.6.32-358.e16.x86_64.img
分别显示该行上下文的N行
w uu test.txt
/grub/splash.xpm.gz
test.txt
.6.32-358.e16.x86 64.img
test
test
test.t
.txt
txt
txt
附录ALinux常用命
397
---
## Page 410
CentOs7系统管理与运维实战
398
x{m,n}
x{m,}
x{m}
9
参数
grep 支持丰富的正则表达式，常见的正则元字符含义如表 A.1 所示。
./rc5.d/K50netconsole:
[root@centos etc]# grep
#递归查找
datadir=/var/lib/mysql
[rooteCentos etc]# grep mysql my.cnf Igrep datadir
#结合管道一起使用
user=mysql
socket=/var/lib/mysgl/mysgl.
datadir=/var/lib/mysql
socket=/var/lib/mysql/mysql.sock
datadir=/var/lib/mysql
#按正则表达式查找
/rc5.d/K50netconsole:
[mysqld]
匹配零个或多个先前的字符
匹配一个或多个先前的字符
单词锁定符
匹配文字和数字字符，也就是[A-Za-z0-9]
重复字符x，至少m次，不多于n次
重复字符x，至少m次
重复字符x，m次
指定单词的结束
指定单词的开始
标记匹配字符
匹配一个不在指定范围内的字符
匹配一个指定范围内的字符
匹配零个或多个先前字符
匹配一个非换行符的字符
指定行的结束
指定行的开始
去掉指定字符的特殊含义
表示1个以上的字符
表示0个以上的字符
指定匹配字符串的结尾
指定匹配字符串的行首
说明
rm -f /var/lock/subsys/netconsole
touch /var/lock/subsys/netconsole
-r var.head -3
表A.1grep正则参数说明
-e/var/lock/subsys/netconsole l && restart
socl
---
## Page 411
则会对该目录中的同名文件进行比较，但不会比较其中子目录。
需要修改它们的哪些行，比较之前不要求事先对文件进行排序。如果diff命令后跟的是目录
检查，并显示出两个文件中所有不同的行，以便告知用户为了使两个文件fle1和fle2一致，
A.1.8
[:xdigit:]
[:upper:]
[:space:]
[:punct:]
[:print:]
[:cntrl:]
[:lower:]
[:graph:]
[digit:]
[:alpha:]
[alnum:]
alblc
参数
[root@Centos conf]# head nginx.conf.bakIcat
[rootecentos conf]# head nginx.conflcat -n
【示例A-9】
diff命令的功能为逐行比较两个文本文件，列出其不同之处。它对给出的文件进行系统的
9#pid
比较文件差异diff
error log logs/error.log info;
error log
worker_processes
#error_log
#error_log
#error_log
worker processes
#usernobody;
十六进制数字（0-9，a-f，A-F）
所有空白字符（新行，空格，制表符）
标点符号
非空字符（包括空格）
控制字符
非空格、控制字符
大写字符
小写字符
数字字符
文字字符
文字数字字符
分组符号
匹配a或b或c
说明
logs/error.log notice;
logs/nginx.pid;
logs/error.log info;
logs/error.log
logs/error.log;
1：
1;
notice;
-n
附录A Linux常用命令示例
（续表）
399
---
## Page 412
CentOS7系统管理与运维实战
400
位置。
但是硬链接必须在同一个文件系统，并且不能对目录进行硬链接，而符号链接可以指向任意的
件大小相同的文件。无论是软链接还是硬链接，文件都保持同步变化。软链接是可以跨分区的，
不会占用磁盘空间，相当于Windows 中的快捷方式。硬链接会在目的位置上生成一个和源文
处链接文件的同步性，也就是说，改动其中一处其他地方的文件都会发生相同的变化。
或目录，且最后的目的地并非是一个已存在的目录，则会出现错误信息。ln命令会保持每一
个已经存在的目录，则会把前面指定的所有文件或目录复制到该目录中。若同时指定多个文件
A.1.9在文件或目录之间创建链接In
字母a、d和c分别表示附加、删除和修改操作。
ln 的链接分为软链接和硬链接。软链接只会在目的位置生成一个文件的链接文件，实际
-rw-r--r--.1rootroot0Jun323:19 src
【示例A-10】
ln命令用在连接文件或目录，如同时指定两个以上的文件或目录，且最后的目的地是一
在上述比较结果中，“”开头的行属于第2个文件。
#比较文件差异
lrwxrwxrwx.1 root root 12 Jun 323:19 dst ->/data/ln/src
total0
[rooteCentos ln]# ls -1
[rooteCentos ln]#
#创建软链接
14>pid
3
12d1
Q
error_log
> error log
/data/1n/1ndir
total0
#对某一目录中的所有文件和目录建立连接
[root@Centos ln]# rm
#删除源文件
total 8
[rooteCentos ln]# cat src
#当源文件内容改变时，软链接指向的文件内容也会改变
[rooteCentos ln]# echo "src" >src
rwxrwxrwx.
rwxrwxrwx.
Lrwxrwxrwx.
lrwxrwxrwx
[rooteCentos data]# ls
[root@Centos data]# ln
rootoCentos data]# mkdir
root@Centos ln]# cat dst hard
硬链接文件内容依然存在
cat: dst: No such file or directory
rootecentos ln]# cat dst
#软链接指向的文件内容已经不存在
dst dst hard
[root@centos ln]# 1s
rooteCentos In]# cd
rooteCentos In]# cat dst hard
rw-r--r--
[rooteCentos ln]# ls -1
查看文件硬链接信息
root@Centos ln]# ln
创建硬链接
rc
[rooteCentos In]# cat dst
LC
显示文件类型 file
2 root root 4 Jun
root
root
root
 root 14 Jun
root 4 Jun
root
src
-11n2
-s/data/ln/*/data/1n2
/data/ln/src /data/ln/dst_hard
14
1n2
Jun
323:27 dst hard
3 23:22 fi1e3->
3 23:22 dst hard
23:27 src
23:22
23:22 filel
file2
/data/ln/file3
/data/ln/file2
/data/ln/filel
/data/ln/dst hard
401
---