【示例3-7】
netstat 常见使用方法如【示例3-7】所示。
显示网络连接、路由表或接口状态netstat
使用rsync之前需要做一些简单的配置，读者可自行参考相关文档了解。
显示所有连接中的Socket
说明
显示版本信息
显示命令执行过程
显示UDP端口情况
显示TCP端口情况
显示网络工作信息统计表
显示路由表
显示正在使用Socket的程序名称
直接使用IP地址
显示监控中的服务器的Socket
显示网络界面
在线帮助
持续列出网络状态
0*:nfs
0192.168.3.100:56789
0*:55631
pezonbr:0
表3.4netstat命令常用参数说明
*.*
*：*
Foreign Address
Foreign Address
LISTEN
LISTEN
LISTEN
LISTEN
State
State
---
## Page 61
来跟踪数据包到达目标主机所经过的网关，然后监听一个来自网关ICMP的应答。使用语法下：
3.2.7
等，因此需要掌握好此工具的使用方法。
Flg
traceroute [-m Max ttl] I-n ] [-p Port] [-q Nqueries] [-r] [-s SRC Addr]
traceroute跟踪数据包到达网络主机所经过的路由，原理是试图以最小的 TTL 发出探测包
netstat 工具是运维工程师最常用的工具之一，经常被用来查看主机网络状态、监听列表
#综合示例，统计各个TCP连接的各个状态对应的数量
eth0:5
etho
Iface
Kernel Interface
#显示网络接口列表
192.168.3.0
Destination
#显示核心路由信息
Active Internet connections (only servers)
显式所有TCP端口并显示对应的进程名称或进程
tcp
Active Internet connections (only servers)
#显示所有处于监听状态的端口并以数字方式显示而非服务名
Proto Recv-Q Send-Q Local Address
#显示所有UDP端口
#
[rooteCentos local]# netstat
[root@centos local]# netstat
[root@centos local]# netstat -in
udp
udp
[root@centos local]# netstat
探测至目的地址的路由信息traceroute
21LISTEN
1 ESTABLISHED
16436
1500
1500
0
0
MTU Met
00.0.0.0:58864
11100000
Gateway
0192.168.3.100:56789
1110*0000
0*:43801
o*:nfs
table
45402
26233
RX-OK RX-ERR RX-DRP RX-OVR
no statistics available -
255.255.255.0
0
0.0.0.0:*
-au
0.0.0.0*
0
0
0
0.0.0.0*
*.*
Flags
0.0.0.0:*
Foreign Address
Foreign Address
第3章运维必备的两
45402
27142
LISTEN
LISTEN
5734/rpcbind
PID/Program name
0eth0
OLRU
LISTEN
0BMRU
LISTEN
BMRU
State
St
6
---
## Page 62
CentOS7系统管理与运维实战
216.779ms209.131.32.55(209.131.32.55)
184.838ms208.178.58.173(208.178.58.173)
-W
自
-f
参数
#第14跳到达php.net对应的主机信息
1398.136.16.61(98.136.16.61)
#美国
#第3跳到达深圳联通
traceroute to www.php.net (69.147.83.199),
#显示本地主机到www.php.net所经过的路由信息
PING www.php.net(69.147.83.199) 56(84) bytes of data.
口
#部分结果省略
16141.146.0.137(141.146.0.137)
traceroute to www.mysql.com (137.254.60.6), 30 hops max, 40 byte packets
#域名不可达，最大30跳
1469.147.83.199(69.147.83.199)
9208.178.58.173(208.178.58.173)
#第9跳到达美国
3120.80.198.245(120.80.198.245)
[root@centos local]# traceroute -n www.php.net
64 bytes from www.php.net (69.147.83.199): icmp_seq=1 tt1=50 time=213 ms
[root@Centos local]# ping www.php.net
【示例3-8】
traceroute常用操作如【示例3-8】所示。
常用参数如表3.5所示。
[-t TypeOfService][-v]
17***
[root@Centos local]#
设置等待远端主机回报的时间。默认值为3秒
设置检测数据包的TOS数值
设置本地主机送出数据包的IP地址
忽略普通的路由表RoutingTable，
设置UDP传输协议的通信端口。
设置检测数据包的最大存活数值TTL的大小，默认值为30次
设置来源路由网关，
设置第一个检测数据包的存活数值TTL的大小
说明
在每次设置生存期时，把探测包的个数设置为值n，默认时为3
开启或关闭数据包的正确性检验
详细显示指令的执行过程
直接使用IP地址而非主机名称。
使用ICMP回应取代UDP资料信息
使用指定的网络界面送出数据包
traceroute -n
表3.5traceroute命令常用参数说明
[-w WaitTime] Host [PacketSize]
最多可设置8个
216.602ms209.131.32.53(209.131.32.53)
201.945ms
213.893ms
默认值是33434
当DNS不起作用时常用到这个参数
www.mysql.com
185.117ms64.23.107.149(64.23.107.149)
4.722ms
直接将数据包送到远端主机上
214.934ms
185.422ms
30 hops max, 40 byte packets
201.372ms
213.536ms
4.273ms
1.925ms
201.241ms
213.476ms
---
## Page 63
定远程服务端口的状态，以便确认服务是否正常。telnet常用方法如【示例3-9】所示。
入命令，可以在本地控制服务器。由于telnet采用明文传送报文，安全性较差。telnet可以确
为用户提供了在本地计算机上完成远程主机工作的能力。在客户端可以使用telnet 在程序中输
TELNET协议是TCP/IP协议族中的一员，是Intermet远程登录服务的标准协议和主要方式，
3.2.8测试、登录或控制远程主机telnet
到达目标机，或已达到指定的最大跳步数。
发出3个数据包，周而复始，直到收到一个ICMPPORT_UNREACHABLE的消息，意味着已
显示出一个星号。当一个跳步结束时，本地机根据当前路由器的路由信息，给下一个路由器又
（以ms为单位）。如果本地机在指定的时间内未收到响应包，那么在数据包的周转时间栏就
是traceroute就显示出当前跳步数，路由器的IP地址或名字，3个数据包分别对应的周转时间
值加1。当本地机发出的数据包到达路由器时，路由器就响应一个ICMPTimeExceed消息，于
Max_tl值，同一跳步的数据包该值一样，不同跳步的数据包的值从1开始，每经过一个跳步
已经经过了30个路由器，但还未到达目标机，那么traceroute将终止。每个数据包都对应一
的。使用默认设置时，本地机给每个路由器发送3个数据包，最多可经过30个路由器。如果
以便于解决问题。
www.mysql.com时不通，数据包到达某一节点时没有返回，可以将此结果提交IDC运营商，
不通或主机不通可根据显示的网关信息定位。星号表示ICMP信息没有返回，以上示例访问
【示例3-9】
telnet命令通常用来远程登录。telnet程序是基于TELNET协议的远程登录客户端程序。
traceroute实际上是通过给目标机的一个非法UDP端口号发送一系列UDP数据包来工作
以上示例每行记录对应一跳，每跳表示一个网关，每行有3个时间，单位是ms，如域名
test
Escape character is ].
Connected to www.php.net.
Trying69.147.83.199...
Connection closed by foreign host.
@ERRoR:protocol startup error
@RSYNCD:30.0
Escape character is
Connected to 192.168.3.100.
Trying 192.168.3.100...
#检查对应服务是否正常
30**
29
[rooteCentos local]#
[root@Centos Packages]# telnet 192.168.3.100 56789
telnet www.php.net 80
Connection closed by foreign host
#部分结果省略
【示例3-10】
wget 具有强大的功能，比如断点续传，可同时支持FTP或HTTP 协议下载，并可以设置
HTTP request
#下载某个文件
wget常用参数说明如表3.6所示。
如果发现端口可以正常telnet登录，则表示远程服务正常。除确认远程服务是否正常外，
Length:3,118,130
15:47:51-
[root@centos data]# wget http://ftp.gnu.org/gnu/wget/wget-1.14.tar.gz
下载网络文件wget
说明
不创建以目标主机域名为目录名的目录，将目标主机的目录结构直接下到当前目录下
不下载目录结构，把从服务器所有指定目录下载的文件都堆到当前目录里
重试次数
重试延时（单位秒）
超时时间设置（单位秒）
显示服务器响应
该参数指定wget只下载更新的文件
断点下传
不覆盖已有的文件
显示调试信息
后台执行
sent,
http://ftp.gnu.org/gnu/wget/wget-1.14.tar.gz
只下载目标站点指定目录及其子目录的内容
下载远程服务器目录结构的深度
(3.0M) (application/x-gzip]
awaiting response... 200 oR
208.118.235.20,2001:4830:134:3:b
表3.6wget命令常用参数说明
connected
---
## Page 65
哪些途径，以及按照什么顺序通过这些途径来查找特定类型的信息。
/etc/nsswitch.conf中的选项可以选择是DNS解析优先还是本地设置优先。
网掩码、广播地址、网关等，N为一串数字。
下目录或文件。
3.3.1
系统的网络配置。
3,118,130
3,118,130
Linux网络配置相关的文件根据不同的发行版目录名称有所不同，但大同小异，主要有以
1001
（5）/etc/nsswitch.conf（name service switch configuration，名字服务切换配置）：规定通过
Linux系统在服务器占用较大份额，使用计算机首先要了解网络配置，本节主要介绍Linux
wget其他用法可参考系统帮助，其功能等待慢慢探索。
[root@Centos data]# wget -i download.txt
（3）/etc/resolv.conf：此文件设置了DNS 相关的信息，用于将域名解析到IP。
#批量下载，其中download.txt文件中是一
100%+
（4）/etc/hosts：计算机的IP对应的主机名称或域名对应的IP地址，通过设置
（2）/etc/sysconfig/network-scrips/ifcfg-enoN：是设置网卡参数的文件，比如IP地址、子
（1）/etc/hostname：主要功能在于修改主机名称。
Length:
HTTP request sent,
Connecting to ftp.gnu.org/208.118.235.201:80... connected.
15:49:55--
rooteCentos
#断点续传
15:48:03 (273.52KB/s)
Linux网络相关配置文件
3,118,130 (3.0M),
230.83K/s
2-.<=
333.55K/s
Linux网络配置
http://ftp.gnu.org/gnu/wget/wget-1.14.tar.gz
datal#
ETA00:00
wget
ETA00:00
1,404,650(1.3M) remaining[application/x-gzip]
-c http://ftp.gnu.org/gnu/wget/wget-1.14.tar.gz
wget-1
+++++
1.14.tar.gz' saved [3118130/3118130]
206 Partial Content
sav
第3章运维必备的网络管理技育
ved
[3118130/
81
---
## Page 66
3.3.2
Centos7系统管理与运维实战
否生效：
可以通过设置对应的网络接口文件，如【示例3-11】所示。
NAME
ONBOOT
DEFROUTE
DNS1和DNS2