overwrite()
pwn()
参考资料
1185
6.1.17 pwn SECCONCTF2016 jmper
https://ctftime.org/task/3169
1186
6.1.18 pwn HITBCTF2017 Sentosa
6.1.18 pwn HITBCTF2017 Sentosa
题目复现
题目解析
漏洞利用
参考资料
下载文件
题目复现
$ file sentosa
sentosa: ELF 64-bit LSB shared object, x86-64, version 1 (SYSV),
dynamically linked, interpreter /lib64/ld-linux-x86-64.so.2, fo
r GNU/Linux 2.6.32, BuildID[sha1]=556ed41f51d01b6a345af2ffc2a135
f7f8972a5f, stripped
$ checksec -f sentosa
RELRO STACK CANARY NX PIE
RPATH RUNPATH FORTIFY Fortified Fortifiable FILE
Full RELRO Canary found NX enabled PIE enabled
No RPATH No RUNPATH Yes 1 3 sentosa
$ strings libc-2.23.so | grep "GNU C"
GNU C Library (Ubuntu GLIBC 2.23-0ubuntu4) stable release versio
n 2.23, by Roland McGrath et al.
Compiled by GNU CC version 5.4.0 20160609.
保护全开，默认开启 ASLR。
在 Ubuntu-16.04 上玩一下：
$ ./sentosa
Welcome to Sentosa Development Center
Choose your action:
1. Start a project
2. View all projects
3. Edit a project
1187
6.1.18 pwn HITBCTF2017 Sentosa
4. Cancel a project
5. Exit
1
Input length of your project name: 10
Input your project name: AAAA
Input your project price: 10
Input your project area: 10
Input your project capacity: 10
Your project is No.0
Welcome to Sentosa Development Center
Choose your action:
1. Start a project
2. View all projects
3. Edit a project
4. Cancel a project
5. Exit
2
Project: AAAA
Price: 10
Area: 10
Capacity: 10
Welcome to Sentosa Development Center
Choose your action:
1. Start a project
2. View all projects
3. Edit a project
4. Cancel a project
5. Exit
3
Not implemented yet
Welcome to Sentosa Development Center
Choose your action:
1. Start a project
2. View all projects
3. Edit a project
4. Cancel a project
5. Exit
4
Input your projects number: 0
1188
6.1.18 pwn HITBCTF2017 Sentosa
可以新增、查看和删除 project，但修改功能还未实现，这似乎意味着我们不能对堆
进行修改。
现在我们给 length 输入 0 试试看：
$ ./sentosa
Welcome to Sentosa Development Center
Choose your action:
1. Start a project
2. View all projects
3. Edit a project
4. Cancel a project
5. Exit
1
Input length of your project name: 0
Input your project name: AAAAAAAAAAAAAAAAAAAAAAAAAAAAAAAAAAAAAAA
AAAAAAAAAAAAAAAAAAAAAAAAAAAAAAAAAAAAAAAAAAAAAAAAAAAAAAAAAAAAAAAA
AAAAAAAAAAAAAAAAA
Input your project price: 10
Input your project area: 10
Input your project capacity: 10
Your project is No.0
*** stack smashing detected ***: ./sentosa terminated
[2] 5673 abort (core dumped) ./sentosa
造成了缓冲区溢出，可见字符串读取的函数肯定是存在问题的。
题目解析
下面我们依次来逆向这些函数。
Start a project
[0x00000a30]> pdf @ sub.There_are_too_much_projects_ca0
/ (fcn) sub.There_are_too_much_projects_ca0 482
| sub.There_are_too_much_projects_ca0 ();
| ; UNKNOWN XREF from 0x00001112 (sub.__isoc99_scanf_8
0 + 146)
1189
6.1.18 pwn HITBCTF2017 Sentosa
| ; CALL XREF from 0x00001112 (sub.__isoc99_scanf_80 +
146)
| 0x00000ca0 push r13
| 0x00000ca2 push r12
| 0x00000ca4 push rbp
| 0x00000ca5 push rbx
| 0x00000ca6 xor ebx, ebx
; ebx 作为序号 i，初始化为 0
| 0x00000ca8 sub rsp, 0x88
; buffer[0x88]
| 0x00000caf mov rax, qword fs:[0x28]
; [0x28:8]=0x2138 ; '('
| 0x00000cb8 mov qword [rsp + 0x78], rax
| 0x00000cbd xor eax, eax
| 0x00000cbf cmp dword [0x002020c0], 0x10
; [0x002020c0] 存储当前数量 proj_num
| 0x00000cc6 lea rax, [0x00202040]
; 取出数组 projects
| ,= 0x00000cd8 cmp qword [rax + rbx*8], 0
; projects[i] 与 0 比较
| :| 0x00000cdd movsxd rbp, ebx
| ,=== 0x00000d10 lea rsi, str.Input_length_of_your_pr
oject_name: ; 0x11f0 ; "Input length of your project name: "
| | 0x00000d17 mov edi, 1
| | 0x00000d1c xor eax, eax
| | 0x00000d1e call sym.imp.__printf_chk
| | 0x00000d23 lea rsi, [rsp + 0xc]
| | 0x00000d28 lea rdi, [0x00001309]
; "%d"
| | 0x00000d2f xor eax, eax
| | 0x00000d31 call sym.imp.__isoc99_scanf
| | 0x00000d36 movsxd rax, dword [rsp + 0xc]
; rax = length
| | 0x00000d3b cmp eax, 0x59
; 'Y'
| ,==length = length
| || 0x00000d71 xor eax, eax
; eax = 0
1191
6.1.18 pwn HITBCTF2017 Sentosa
| || 0x00000d73 rep stosq qword [rdi], rax
; 清空 buffer
| || 0x00000d76 xor edx, edx
; edx = 0
| || 0x00000d78 mov word [rdi], dx
; [rsp+0x10] = 0
| || 0x00000d7b mov edi, 1
| || 0x00000d80 call sym.imp.__printf_chk
| || 0x00000d85 mov esi, dword [rsp + 0xc]
; [0xc:4]=0
| || 0x00000d89 mov rdi, r13
| || 0x00000d8c call sub.read_bf0
; 调用函数 read_bf0(rsp+0x10, length) 读入 name
| || 0x00000d91 mov rax, qword [rsp + 0x6a]
; rax 存放 project
| || 0x00000d96 movsxd rdx, dword [rsp + 0xc]
; [0xc:4]=0
| || 0x00000d9b mov rsi, r13
| || 0x00000d9e lea rdi, [rax + 4]
| || 0x00000da2 call sym.imp.strncpy
; strncpy(project+4, name, length)，即将 name 复制到 proje
ct->name
| || 0x00000da7 lea rsi, str.Input_your_project_pric
e: ; 0x12ee ; "Input your project price: "
| || 0x00000dae mov edi, 1
| || 0x00000db3 mov dword [r12], 1
; project[length+5] = 1，即 project->check
| || 0x00000dbb xor eax, eax
| || 0x00000dbd call sym.imp.__printf_chk
| || 0x00000dc2 lea rsi, [r12 + 4]
; rsi = project[length+5 + 4]，即 project->price
| || 0x00000dc7 lea rdi, [0x00001309]
; "%d"
| || 0x00000dce xor eax, eax
| || 0x00000dd0 call sym.imp.__isoc99_scanf
| || 0x00000dd5 lea rsi, str.Input_your_project_area
: ; 0x130c ; "Input your project area: "
| || 0x00000ddc mov edi, 1
| || 0x00000de1 xor eax, eax
| || 0x00000de3 call sym.imp.__printf_chk
1192
6.1.18 pwn HITBCTF2017 Sentosa
| || 0x00000de8 lea rsi, [r12 + 8]
; rsi = project[length+5 + 8]，即 project->area
| || 0x00000ded lea rdi, [0x00001309]
; "%d"
| || 0x00000df4 xor eax, eax
| || 0x00000df6 call sym.imp.__isoc99_scanf
| || 0x00000dfb lea rsi, str.Input_your_project_capa
city: ; 0x1326 ; "Input your project capacity: "
| || 0x00000e02 mov edi, 1
| || 0x00000e07 xor eax, eax
| || 0x00000e09 call sym.imp.__printf_chk
| || 0x00000e0e lea rsi, [r12 + 0xc]
; rsi = project[length+5 + 12]，即 project->capacity
| || 0x00000e13 lea rdi, [0x00001309]
; "%d"
| || 0x00000e1a xor eax, eax
| || 0x00000e1c call sym.imp.__isoc99_scanf
| || 0x00000e21 mov rdx, qword [rsp + 0x6a]
; 取出 project
| || 0x00000e26 lea rax, [0x00202040]
| || 0x00000e2d lea rsi, str.Your_project_is_No._d
; 0x1344 ; "Your project is No.%d\n"
| || 0x00000e34 mov edi, 1
| || 0x00000e39 mov qword [rax + rbp*8], rdx
; projects[i] = project，放到数组中
| || 0x00000e3d mov edx, ebx
| || 0x00000e3f xor eax, eax
| || 0x00000e41 call sym.imp.__printf_chk
| || 0x00000e46 add dword [0x002020c0], 1
; proj_num 加 1
| || ; JMP XREF from 0x00000e7c (sub.There_are_too_much_p
rojects_ca0)
| || ; JMP XREF from 0x00000e8c (sub.There_are_too_much_p
rojects_ca0)
| ..---> 0x00000e4d mov rax, qword [rsp + 0x78]
; [0x78:8]=0x400000003 ; 'x'
| ::|| 0x00000e52 xor rax, qword fs:[0x28]
| ,===== 0x00000e70 lea rdi, str.Invalid_name_length
; 0x12bf ; "Invalid name length!"
| |:: | 0x00000e77 call sym.imp.puts
; int puts(const char *s)