* `opensnoop` monitors file opens
* `execsnoop` monitors execution of processes
* `errinfo` monitors failed system calls
* `dtruss` monitors all system calls
See `man -k dtrace` for more information.
### Execution
`ps -ef` lists information about all running processes.
You can also view processes with **Activity Monitor**.
`launchctl list` and `sudo launchctl list` list loaded and running user and system launch daemons and agents.
### Network
List open network files:
```console
$ sudo lsof -Pni
```
List contents of various network-related data structures:
```console
$ sudo netstat -atln
```
[Wireshark](https://www.wireshark.org/) can be used from the command line with `tshark`.
Monitor DNS queries and replies:
```console
$ tshark -Y "dns.flags.response == 1" -Tfields \
  -e frame.time_delta \
  -e dns.qry.name \
  -e dns.a \
  -Eseparator=,
```
Monitor HTTP requests and responses:
```console
$ tshark -Y "http.request or http.response" -Tfields \
  -e ip.dst \
  -e http.request.full_uri \
  -e http.request.method \
  -e http.response.code \
  -e http.response.phrase \
  -Eseparator=/s
```
Monitor x509 (SSL/TLS) certificates:
```console
$ tshark -Y "ssl.handshake.certificate" -Tfields \
  -e ip.src \
  -e x509sat.uTF8String \
  -e x509sat.printableString \
  -e x509sat.universalString \
  -e x509sat.IA5String \
  -e x509sat.teletexString \
  -Eseparator=/s -Equote=d
```
Also see the simple networking monitoring application [BonzaiThePenguin/Loading](https://github.com/BonzaiThePenguin/Loading).
## Binary Whitelisting
[google/santa](https://github.com/google/santa/) is a security software developed for Google's corporate Macintosh fleet and open sourced.
> Santa is a binary whitelisting/blacklisting system for macOS. It consists of a kernel extension that monitors for executions, a userland daemon that makes execution decisions based on the contents of a SQLite database, a GUI agent that notifies the user in case of a block decision and a command-line utility for managing the system and synchronizing the database with a server.
Santa uses the [Kernel Authorization API](https://developer.apple.com/library/content/technotes/tn2127/_index.html) to monitor and allow/disallow binaries from executing in the kernel. Binaries can be white- or black-listed by unique hash or signing developer certificate. Santa can be used to only allow trusted code execution, or to blacklist known malware from executing on a Mac, similar to Bit9 software for Windows.
**Note** Santa does not currently have a graphical user interface for managing rules. The following instructions are for advanced users only!
To install Santa, visit the [Releases](https://github.com/google/santa/releases) page and download the latest disk image, the mount it and install the contained package:
```console
$ hdiutil mount ~/Downloads/santa-0.9.20.dmg
$ sudo installer -pkg /Volumes/santa-0.9.20/santa-0.9.20.pkg -tgt /
```
By default, Santa installs in "Monitor" mode (meaning, nothing gets blocked, only logged) and comes with two rules: one for Apple binaries and another for Santa software itself.
Verify Santa is running and its kernel module is loaded:
```console
$ santactl status
>>> Daemon Info
  Mode                   | Monitor
  File Logging           | No
  Watchdog CPU Events    | 0  (Peak: 0.00%)
  Watchdog RAM Events    | 0  (Peak: 0.00MB)
>>> Kernel Info
  Kernel cache count     | 0
>>> Database Info
  Binary Rules           | 0
  Certificate Rules      | 2
  Events Pending Upload  | 0
$ ps -ef | grep "[s]anta"
    0   786     1   0 10:01AM ??         0:00.39 /Library/Extensions/santa-driver.kext/Contents/MacOS/santad --syslog
$ kextstat | grep santa
  119    0 0xffffff7f822ff000 0x6000     0x6000     com.google.santa-driver (0.9.14) 693D8E4D-3161-30E0-B83D-66A273CAE026 
```
Create a blacklist rule to prevent iTunes from executing:
```console
$ sudo santactl rule --blacklist --path /Applications/iTunes.app/
Added rule for SHA-256: e1365b51d2cb2c8562e7f1de36bfb3d5248de586f40b23a2ed641af2072225b3.
```
Try to launch iTunes - it will be blocked.
```console
$ open /Applications/iTunes.app/
LSOpenURLsWithRole() failed with error -10810 for the file /Applications/iTunes.app.
```
To remove the rule:
```console
$ sudo santactl rule --remove --path /Applications/iTunes.app/
Removed rule for SHA-256: e1365b51d2cb2c8562e7f1de36bfb3d5248de586f40b23a2ed641af2072225b3.
```
Open iTunes:
```console
$ open /Applications/iTunes.app/
[iTunes will open successfully]
```
Create a new, example C program:
```console
$ cat  foo.c
> #include 
> main() { printf("Hello World\nâ€); }
> EOF
```
Compile the program with GCC (requires installation of Xcode or command-line tools):
```console
$ gcc -o foo foo.c
$ file foo
foo: Mach-O 64-bit executable x86_64
$ codesign -d foo
foo: code object is not signed at all
```
Run it:
```console
$ ./foo
Hello World
```
Toggle Santa into "Lockdown" mode, which only allows whitelisted binaries to run:
    $ sudo defaults write /var/db/santa/config.plist ClientMode -int 2
Try to run the unsigned binary:
```console
$ ./foo
bash: ./foo: Operation not permitted
Santa
The following application has been blocked from executing
because its trustworthiness cannot be determined.
Path:       /Users/demouser/foo
Identifier: 4e11da26feb48231d6e90b10c169b0f8ae1080f36c168ffe53b1616f7505baed
Parent:     bash (701)
```
To whitelist a specific binary, determine its SHA-256 sum:
```console
$ santactl fileinfo /Users/demouser/foo
Path                 : /Users/demouser/foo
SHA-256              : 4e11da26feb48231d6e90b10c169b0f8ae1080f36c168ffe53b1616f7505baed
SHA-1                : 4506f3a8c0a5abe4cacb98e6267549a4d8734d82
Type                 : Executable (x86-64)
Code-signed          : No
Rule                 : Blacklisted (Unknown)
```
Add a whitelist rule:
```console
$ sudo santactl rule --whitelist --sha256 4e11da26feb48231d6e90b10c169b0f8ae1080f36c168ffe53b1616f7505baed
Added rule for SHA-256: 4e11da26feb48231d6e90b10c169b0f8ae1080f36c168ffe53b1616f7505baed.
```
Run it:
```console
$ ./foo
Hello World
```
It's allowed and works!
Applications can also be whitelisted by developer certificate (so that new binary versions will not need to be manually whitelisted on each update). For example, download and run Google Chrome - it will be blocked by Santa in "Lockdown" mode:
```console
$ curl -sO https://dl.google.com/chrome/mac/stable/GGRO/googlechrome.dmg
$ hdiutil mount googlechrome.dmg
$ cp -r /Volumes/Google\ Chrome/Google\ Chrome.app /Applications/
$ open /Applications/Google\ Chrome.app/
LSOpenURLsWithRole() failed with error -10810 for the file /Applications/Google Chrome.app.
```
Whitelist the application by its developer certificate (first item in the Signing Chain):
```console
$ santactl fileinfo /Applications/Google\ Chrome.app/
Path                 : /Applications/Google Chrome.app/Contents/MacOS/Google Chrome
SHA-256              : 0eb08224d427fb1d87d2276d911bbb6c4326ec9f74448a4d9a3cfce0c3413810
SHA-1                : 9213cbc7dfaaf7580f3936a915faa56d40479f6a