### 2.4 内核监控
### 2.5 磁盘监控

以下引用七牛云 LogKit 中的监控项：

- **System Metric**：监控 `load1`、`load5`、`load15`、用户数、CPU 核数以及系统启动时间等。
- **Processes Metric**：监控处于各种状态的进程数量，如运行中、暂停、可中断、空闲的进程数量等。
- **Netstat Metric**：监控处于各种状态的网络连接数，如 `Syn Send` 和 `Syn Recv` 状态的网络连接数。
- **Net Metric**：监控网络设备的状态，包括收发包的数量和字节数等。
- **Mem Metric**：监控内存的实时状态。
- **Swap Metric**：监控 swap 分区的状态，包括换入换出、使用率和空闲大小等。
- **Cpu Metric**：监控 CPU 的实时状态，包括用量和中断时间占比等。
- **Kernel Metric**：监控内核中断次数、上下文切换次数及 fork 的进程数等。
- **Disk Metric**：监控磁盘的使用情况，包括磁盘用量和 inode 使用情况等。
- **Diskio Metric**：监控磁盘读写状态，包括读写次数和总用时等。
- **Http Metric**：监控某个或某些 HTTP 请求。
- **Procstat Metric**：监控某个或某些进程的信息，包括 CPU、内存、磁盘 I/O 和资源限制等。
- **Ipmi Metric**：监控各类支持 IPMI 接口的硬件指标。
- **Prometheus 节点监控**：适配各类 Prometheus 的 node exporter。
- **VMware vSphere**：用于监控 vSphere 内虚拟机和宿主机的各项指标。
- **Memcached**：用于监控 Memcached 实例统计信息，包括运行时间、请求量和连接数等。
- **Elasticsearch**：用于监控 Elasticsearch 集群的文件索引、操作系统、Java 虚拟机和文件系统等信息。
- **安全信息采集**：用于监控机器本身的一些信息，如网络信息、端口信息、进程信息、登录信息和暴力破解信息。

### 3. 数据处理模块
1. **解析**
2. **增量**
3. **转换**

### 4. 数据输出模块
1. **Kafka**
2. **MySQL**
3. **ElasticSearch**
4. **MongoDB**
5. **Redis**

### 2. 定义与解析
在掌握了数据采集方法后，接下来需要定义（理解）数据并进行解析。以 Web 日志为例：

```
2017-01-01 00:08:40 10.2.1.1 GET /UploadFiles/ - 80
- 9.9.9.9
Mozilla/5.0 (Windows NT 6.3; WOW64; rv:46.0) Gecko/20100101 Firefox/46.0 - 200
0 0 453
```

根据上一篇文章所述，即使对 Web 日志不熟悉，也可以在配置文件中找到日志格式的相关配置。定义数据可以简单理解为对数据的理解。如果你能一眼看出日志中包含请求时间、请求方法、请求地址、端口、请求 IP、客户端信息、请求来源、响应状态和响应大小等字段，那么可以算作初步理解了日志。进一步地，如果你还知道每个字段的具体含义，例如通过 User-Agent 字段可以看到访客的系统版本、浏览器版本，访客是手机还是电脑，是 Linux 还是 Mac，是 iPhone 还是 Android；通过 URL 可以推测网站使用的技术，如 PHP、.NET、Java 或 ASP，则说明你对数据有了更深入的理解。

然而，并不是所有的日志都像 Web 日志这样容易理解与解析。例如，Linux 中的部分日志：

```
[    0.000000] Initializing cgroup subsys cpuset
[    0.000000] Initializing cgroup subsys cpu
[    0.000000] Initializing cgroup subsys cpuacct
[    0.000000] Linux version 3.11.0-13-generic (buildd@aatxe) (gcc version 4.8.1 (Ubuntu/Linaro 4.8.1-10ubuntu8) ) #20-Ubuntu SMP Wed Oct 23 17:26:33 UTC 2013 (Ubuntu 3.11.0-13.20-generic 3.11.6)
[    0.000000] KERNEL supported cpus:
[    0.000000]   Intel GenuineIntel
[    0.000000]   AMD AuthenticAMD
[    0.000000]   NSC Geode by NSC
[    0.000000]   Cyrix CyrixInstead
[    0.000000]   Centaur CentaurHauls
[    0.000000]   Transmeta GenuineTMx86
[    0.000000]   Transmeta TransmetaCPU
[    0.000000]   UMC UMC UMC UMC
[    0.000000] e820: BIOS-provided physical RAM map:
[    0.000000] BIOS-e820: [mem 0x0000000000000000-0x000000000009fbff] usable
[    0.000000] BIOS-e820: [mem 0x00000000000f0000-0x00000000000fffff] reserved
[    0.000000] BIOS-e820: [mem 0x0000000000100000-0x000000007dc08bff] usable
[    0.000000] BIOS-e820: [mem 0x000000007dc08c00-0x000000007dc5cbff] ACPI NVS
[    0.000000] BIOS-e820: [mem 0x000000007dc5cc00-0x000000007dc5ebff] ACPI data
```

这些日志提供了系统初始化过程中的详细信息，包括 cgroup 子系统的初始化、内核版本、支持的 CPU 类型以及物理内存映射等。理解这些日志需要更专业的知识和技术背景。