2.4.内核  
2.5.磁盘
这里引用七牛云logkit中的监控项：
    System Metric:监控 load1、load5、load15、用户数、cpu核数以及系统启动时间等。
        Processes Metric: 监控处于各种状态的进程数量, 比如运行中/暂停/可中断/空闲的进程数量等。
        Netstat Metric: 监控处于各种状态的网络连接数, 比如Syn send/Syn Recv 等状态的网络连接数。
        Net Metric: 监控网络设备的状态，比如收发包的数量、收发包的字节数等。
        Mem Metric: 监控内存的实时状态。
        Swap Metric: 监控 swap 分区的状态，比如换入换出、使用率、空闲大小等。
        Cpu Metric: 监控 cpu 的实时状态，包括用量，中断时间占比等。
        Kernel Metric: 监控内核中断次数、上下文切换次数、fork 的进程数等。
        Disk Metric: 监控磁盘的使用情况, 包括磁盘用量、inode使用情况等。
        Diskio Metric: 监控磁盘读写状态, 包括读写次数、总用时等。
        Http Metric: 监控某个或者某些http请求。
        Procstat Metric: 监控某个或者某些进程的信息，包括cpu,内存,磁盘io,资源限制等。
        Ipmi Metric:监控各类支持ipmi接口的硬件指标。
        Prometheus 节点监控: 适配各类Prometheus的node exporter
        VMware Vsphere: 用于监控vsphere内虚拟机和宿主机的各项指标。
        memcached: 用于监控 memcached 实例统计信息，包括运行时间、请求量、连接数等。
        Elasticsearch: 用于监控elasticsearch集群的文件索引，操作系统，Java虚拟机，文件系统等信息。
        安全信息采集: 用于监控机器本身的一些信息，比如网络信息，端口信息，进程信息，登录信息，暴力破解信息。
3、 数据处理模块  
1.解析  
2.增量  
3.转换  
..  
4、 数据输出模块  
1.Kafka  
2.Mysql  
3.ElasticSearch  
4.MongoDB  
5.Redis  
...
### 2、定义&解析
当我们已经掌握了采集的方法后，我们接下来要做的便是定义（理解）数据和解析数据：  
如我们以Web日志举例：  
2017-01-01 00:08:40 10.2.1.1 GET /UploadFiles/ \- 80
- 9.9.9.9
Mozilla/5.0+(Windows+NT+6.3;+WOW64;+rv:46.0)+Gecko/20100101+Firefox/46.0 - 200
0 0 453  
根据上篇文章所提，即使我们对Web日志不怎么熟悉，也可以在配置文件中找到关于日志格式相关的配置。  
那说回到定义，这里可以简单理解为对数据的理解，如果你能看一眼日志，便知道日志中包含请求时间、请求方法、请求地址、端口、请求IP、客户端信息、请求来源、响应状态、响应大小等，那么可以算初步理解了日志，如果你还知道每个字段的具体含义，知道不同的字段里面包含的信息量，如UA里面可以看到访客的系统版本、浏览器版本，访客是手机还是电脑，是Linux还是Mac，是IPhone还是Android，如通过URL可以推测网站到底使用了何种技术，是PHP还是.NET,是Java还是ASP。当然对Web熟悉的人可能觉得，原来这就是理解数据，好像是小意思，但是根据据我多年采坑以来发现，如果对数据理解不到位，将会严重影响分析需求的调研，甚至导致会感觉数据收回来百无一用。另外就是，并不是所有的日志都像Web日志这样容易理解与解析，我们可以来看看其他的日志数据，如Linux中的部分日志:
    [    0.000000] Initializing cgroup subsys cpuset
    [    0.000000] Initializing cgroup subsys cpu
    [    0.000000] Initializing cgroup subsys cpuacct
    [    0.000000] Linux version 3.11.0-13-generic (buildd@aatxe) (gcc version 4.8.1 (Ubuntu/Linaro 4.8.1-10ubuntu8) ) #20-Ubuntu SMP Wed Oct 23 17:26:33 UTC 2013 (Ubuntu 3.11.0-13.20-generic 3.11.6)
    [    0.000000] KERNEL supported cpus:
    [    0.000000]   Intel GenuineIntel
    [    0.000000]   AMD AuthenticAMD
    [    0.000000]   NSC Geode by NSC
    [    0.000000]   Cyrix CyrixInstead
    [    0.000000]   Centaur CentaurHauls
    [    0.000000]   Transmeta GenuineTMx86
    [    0.000000]   Transmeta TransmetaCPU
    [    0.000000]   UMC UMC UMC UMC
    [    0.000000] e820: BIOS-provided physical RAM map:
    [    0.000000] BIOS-e820: [mem 0x0000000000000000-0x000000000009fbff] usable
    [    0.000000] BIOS-e820: [mem 0x00000000000f0000-0x00000000000fffff] reserved
    [    0.000000] BIOS-e820: [mem 0x0000000000100000-0x000000007dc08bff] usable
    [    0.000000] BIOS-e820: [mem 0x000000007dc08c00-0x000000007dc5cbff] ACPI NVS
    [    0.000000] BIOS-e820: [mem 0x000000007dc5cc00-0x000000007dc5ebff] ACPI data