(1row)
如果显示结果不为10，执行“\q”命令退出数据库。
4. 执行如下命令设置成默认值10。
gs_gucreload-D/home/gbase/data/dn1/dn1_1/-c"failed_login_attempts=10"
配置password_lock_time参数。
1. 以操作系统用户gbase登录数据库主节点。
2. 使用如下命令连接数据库。
gsql-dpostgres-p15432
postgres为需要连接的数据库名称，15432为数据库主节点的端口号。连接成功后，系
统显示类似如下信息：
gsql((GBase8s3.0.0BXXbuildd28887c9)compiledat2022-05-1311:31:40commit0lastmr
55)
南大通用数据技术股份有限公司
173
GBase 8s V8.8开发者手册
Non-SSLconnection(SSLconnectionisrecommendedwhenrequiringhigh-security)Type
"help"forhelp.
gbase=#
3. 查看已配置的参数。
gbase=#SHOWpassword_lock_time;
password_lock_time
-----------------------
1
(1row)
如果显示结果不为1，执行“\q”命令退出数据库。
4. 执行如下命令设置成默认值1。
gs_gucreload-Nall-Iall-c "password_lock_time=1"
手动锁定和解锁账户
若管理员发现某帐户被盗、非法访问等异常情况，可手动锁定该帐户。当管理员认为帐
户恢复正常后，可手动解锁该帐户。
以手动锁定和解锁用户joe为例，用户的创建请参见7.2.4 用户，命令格式如下：
 手动锁定
gbase=#ALTERUSERjoeACCOUNTLOCK;
ALTERROLE
 手动解锁
gbase=#ALTERUSERjoeACCOUNTUNLOCK;
ALTERROLE
删除不再使用的账户
当确认帐户不再使用，管理员可以删除帐户。该操作不可恢复。
当删除的用户正处于活动状态时，此会话状态不会立马断开，用户在会话状态断开后才
会被完全删除。
以删除帐户joe为例，命令格式如下：
gbase=#DROPUSERjoeCASCADE;
DROPROLE
南大通用数据技术股份有限公司
174
GBase 8s V8.8开发者手册
7.2.9.2 设置账号有效期
注意事项
创建新用户时，需要限制用户的操作期限（有效开始时间和有效结束时间）。不在有效
操作期内的用户需要重新设定帐号的有效操作期。
操作步骤
步骤1 以操作系统用户gbase登录数据库主节点。
步骤2 使用如下命令连接数据库。
gsql-dpostgres-p15432
postgres为需要连接的数据库名称，15432为数据库主节点的端口号。连接成功后，系
统显示类似如下信息：
gsql((GBase8s3.0.0BXXbuildd28887c9)compiledat2022-05-1311:31:40commit0lastmr
55)
Type"help"forhelp.
gbase=#
步骤3 创建用户并制定用户的有效开始时间和有效结束时间。
gbase=#CREATEUSERjoeWITHPASSWORD'gbase;123'VALIDBEGIN'2022-6-6
08:00:00'VALIDUNTIL'2022-6-618:00:00';
显示如下信息表示创建用户成功。
CREATEROLE
步骤4 用户已不在有效使用期内，需要重新设定帐号的有效期，这包括有效开始时间和有
效结束时间。
gbase=#ALTERUSERjoeWITHVALIDBEGIN'2022-6-608:00:00'VALIDUNTIL
'2022-6-618:00:00';
显示如下信息表示重新设定成功。
ALTERROLE
----结束
 CREATEROLE语法中不指定“VALIDBEGIN”和“VALID UNTIL”时，表示不对用
户的开始操作时间和结束操作时间进行限定。
南大通用数据技术股份有限公司
175
GBase 8s V8.8开发者手册
 ALTERROLE语法中不指定“VALIDBEGIN”和“VALID UNTIL”时，表示不对用
户的开始操作时间和结束操作时间进行修改，沿用之前设置。
7.2.9.3 设置密码安全策略
操作步骤
用户密码存储在系统表pg_authid中，为防止用户密码泄露，GBase8s对用户密码进行
加密存储，所采用的加密算法由配置参数password_encryption_type决定。
 当参数password_encryption_type设置为0时，表示采用md5方式对密码加密。MD5加
密算法安全性低，存在安全风险，不建议使用。
 当参数password_encryption_type设置为1时，表示采用sha256和md5方式对密码加密。
MD5加密算法安全性低，存在安全风险，不建议使用。
 当参数password_encryption_type设置为2时，表示采用sha256方式对密码加密， 为
默认配置。
 当参数password_encryption_type设置为3时，表示采用sm3方式对密码加密。
步骤1 以操作系统用户gbase登录数据库主节点。
步骤2 使用如下命令连接数据库。
gsql-dpostgres-p15432
postgres为需要连接的数据库名称，15432为数据库主节点的端口号。连接成功后，系
统显示类似如下信息：
gsql((GBase8s3.0.0BXXbuildd28887c9)compiledat2022-05-1311:31:40commit0lastmr
55)
Non-SSLconnection(SSLconnectionisrecommendedwhenrequiringhigh-security)
Type"help"forhelp.
gbase=#
步骤3 查看已配置的加密算法。
gbase=#SHOWpassword_encryption_type;
password_encryption_type
--------------------------
2
(1row)
如果显示结果为0或1，执行“\q”命令退出数据库。
南大通用数据技术股份有限公司
176
GBase 8s V8.8开发者手册
步骤4 执行如下命令将其设置为安全的加密算法。
gs_gucreload-Nall-Iall-c"password_encryption_type=2"
为防止用户密码泄露，在执行CREATEUSER/ROLE命令创建数据库用户时，不能指定
UNENCRYPTED属性，即新创建的用户的密码只能是加密存储的。
步骤5 配置密码安全参数。
 密码复杂度
初始化数据库、创建用户、修改用户时需要指定密码。密码必须要符合复杂度
（password_policy）的要求，否则会提示用户重新输入密码。
 参数password_policy设置为1时表示采用密码复杂度校验，默认值。
 参数password_policy设置为0时表示不采用密码复杂度校验，但需满足密码不能
为空并且只包含有效字符，有效字符范围为大写字母（A-Z）、小写字母（a-z）、
数字（0-9）及特殊字符详见表7-12。设置为0会存在安全风险，不建议设置为0。
如需要设置，则需将所有数据库节点中的password_policy都设置为0才能生效。
配置password_policy参数。
(1) 使用如下命令连接数据库。
gsql-dpostgres-p15432
postgres为需要连接的数据库名称，15432为数据库主节点的端口号。连接成功后，系
统显示类似如下信息：
gsql((GBase8s3.0.0BXXbuildd28887c9)compiledat2022-05-1311:31:40commit0lastmr
55)
Non-SSLconnection(SSLconnectionisrecommendedwhenrequiringhigh-security)Type
"help"forhelp.
gbase=#
(2) 查看已配置的参数。
gbase=#SHOWpassword_policy;
password_policy
---------------------
1
(1row)
南大通用数据技术股份有限公司
177
GBase 8s V8.8开发者手册
如果显示结果不为1，执行“\q”命令退出数据库。
(3) 执行如下命令设置成默认值1。
gs_gucreload-Nall-Iall-c"password_policy=1"
帐户密码的复杂度要求如下：
 包含大写字母（A-Z）的最少个数（password_min_uppercase）
 包含小写字母（a-z）的最少个数（password_min_lowercase）
 包含数字（0-9）的最少个数（password_min_digital）
 包含特殊字符的最少个数（password_min_special）（特殊字符的列表请参见表7-12）
 密码的最小长度（password_min_length）
 密码的最大长度（password_max_length）
 至少包含上述四类字符中的三类。
 不能和用户名、用户名倒写相同，本要求为非大小写敏感。
 不能和当前密码、当前密码的倒写相同。
 不能是弱口令。
 弱口令指的是强度较低，容易被破解的密码，对于不同的用户或群体，弱口令的定
义可能会有所区别，用户需自己添加定制化的弱口令。
 弱口令字典中的口令存放在gs_global_config系统表中，当创建用户、修改用户需
要设置密码时，系统将会把用户设置口令和弱口令字典中存放的口令进行对比，如
果符合，则会提示用户该口令为弱口令，设置密码失败。
 弱口令字典默认为空，用户通过以下语法可以对弱口令字典进行增加和删除，示例
如下：
gbase=#CREATEWEAKPASSWORDDICTIONARYWITHVALUES('password1'),
('password2');
gbase=#DROPWEAKPASSWORDDICTIONARY;
 密码重用
用户修改密码时，只有超过不可重用天数（password_reuse_time）或不可重用次数
（password_reuse_max）的密码才可以使用。参数配置说明如表7-13所示。
南大通用数据技术股份有限公司
178
GBase 8s V8.8开发者手册
不可重用天数默认值为60天，不可重用次数默认值是0。这两个参数值越大越安全，
但是在使用过程中会带来不便，其默认值符合安全标准，用户可以根据需要重新设置参
数，提高安全等级。
配置password_reuse_time参数。
(1) 使用如下命令连接数据库。
gsql-dpostgres-p15432
postgres为需要连接的数据库名称，15432为数据库主节点的端口号。连接成功后，系
统显示类似如下信息：
gsql((GBase8s3.0.0BXXbuildd28887c9)compiledat2022-05-1311:31:40commit0lastmr
55)
Non-SSLconnection(SSLconnectionisrecommendedwhenrequiringhigh-security)Type
"help"forhelp.
gbase=#
(2) 查看已配置的参数。
gbase=#SHOWpassword_reuse_time;
password_reuse_time
---------------------
60
(1row)
如果显示结果不为60，执行“\q”命令退出数据库。
(3) 执行如下命令设置成默认值60。
不建议设置为0。如需要设置，则需将所有节点中的password_reuse_time都设置为0，
才能生效。
gs_gucreload-Nall-Iall-c"password_reuse_time=60"
配置password_reuse_max参数。
(1) 使用如下命令连接数据库。
gsql-dpostgres-p15432
postgres为需要连接的数据库名称，15432为数据库主节点的端口号。连接成功后，系
统显示类似如下信息：
南大通用数据技术股份有限公司
179
GBase 8s V8.8开发者手册
gsql((GBase8s3.0.0BXXbuildd28887c9)compiledat2022-05-1311:31:40commit0lastmr
55)
Non-SSLconnection(SSLconnectionisrecommendedwhenrequiringhigh-security)Type
"help"forhelp.
gbase=#
(2) 查看已配置的参数。
gbase=#SHOWpassword_reuse_max;
password_reuse_max
--------------------
0
(1row)
如果显示结果不为0，执行“\q”命令退出数据库。
(3) 执行如下命令设置成默认值0。
gs_gucreload-Nall-Iall-c"password_reuse_max=0"
 密码有效期限
数据库用户的密码都有密码有效期（password_effect_time），当达到密码到期提醒天数
（password_notify_time）时，系统会在用户登录数据库时提示用户修改密码。
考虑到数据库使用特殊性及业务连续性，密码过期后用户还可以登录数据库，但是每次
登录都会提示修改密码，直至修改为止。
配置password_effect_time参数。
(1) 使用如下命令连接数据库。
gsql-dpostgres-p15432
postgres为需要连接的数据库名称，15432为数据库主节点的端口号。连接成功后，系
统显示类似如下信息：
gsql((GBase8s3.0.0BXXbuildd28887c9)compiledat2022-05-1311:31:40commit0lastmr
55)
Non-SSLconnection(SSLconnectionisrecommendedwhenrequiringhigh-security)Type
"help"forhelp.
gbase=#
(2) 查看已配置的参数。
gbase=#SHOWpassword_effect_time;
南大通用数据技术股份有限公司
180
GBase 8s V8.8开发者手册
password_effect_time
----------------------
90
(1row)
如果显示结果不为90，执行“\q”命令退出数据库。
(3) 执行如下命令设置成默认值90（不建议设置为0）。
gs_gucreload-Nall-Iall-c"password_effect_time=90"
配置password_notify_time参数。
(1) 使用如下命令连接数据库。
gsql-dpostgres-p15432
postgres为需要连接的数据库名称，15432为数据库主节点的端口号。连接成功后，系
统显示类似如下信息：
gsql((GBase8s3.0.0BXXbuildd28887c9)compiledat2022-05-1311:31:40commit0lastmr
55)
Non-SSLconnection(SSLconnectionisrecommendedwhenrequiringhigh-security)Type
"help"forhelp.
gbase=#
(2) 查看已配置的参数。
gbase=#SHOWpassword_notify_time;
password_notify_time
----------------------
7
(1row)
(3) 如果显示结果不为7，执行如下命令设置成默认值7（不建议设置为0）。
gs_gucreload-Nall-Iall-c"password_notify_time=7"
 密码修改
 在安装数据库时，会新建一个和初始化用户重名的操作系统用户，为了保证帐户安
全，请定期修改操作系统用户的密码。
以修改用户user1密码为例，命令格式如下：
passwduser1
根据提示信息完成修改密码操作。
南大通用数据技术股份有限公司