181
GBase 8s V8.8开发者手册
 建议系统管理员和普通用户都要定期修改自己的帐户密码，避免帐户密码被非法窃
取。
以修改用户user1密码为例，以系统管理员用户连接数据库并执行如下命令：
gbase=#ALTERUSERuser1IDENTIFIEDBY"1234@abc"REPLACE"5678@def";
ALTERROLE
1234@abc、5678@def分别代表用户user1的新密码和原始密码，这些密码要符合规则，
否则会执行失败。
 管理员可以修改自己的或者其他帐户的密码。通过修改其他帐户的密码，解决用户
密码遗失所造成无法登录的问题。
以修改用户joe帐户密码为例，命令格式如下：
gbase=#ALTERUSERjoeIDENTIFIEDBY"abc@1234";
ALTERROLE
 系统管理员之间不允许互相修改对方密码。
 系统管理员可以修改普通用户密码且不需要用户原密码。
 系统管理员修改自己密码但需要管理员原密码。
 密码验证
设置当前会话的用户和角色时，需要验证密码。如果输入密码与用户的存储密码不一致，
则会报错。
gbase=#SETROLEjoePASSWORD"abc@1234";
ERROR:Invalidusername/password,setroledenied.
以设置用户joe为例，命令格式如下：
gbase=#SETROLEjoePASSWORD"abc@1234";
ERROR:Invalidusername/password,setroledenied.
表 7-12 特殊字符
编号 字符 编号 字符 编号 字符 编号 字符
1 ~ 9 * 17 | 25 
4 # 12 - 20 } 28 /
5 $ 13 _ 21 ] 29 ？
6 % 14 = 22 ； - -
7 ^ 15 + 23 ： - -
表 7-13 不可重用天数和不可重用次数参数说明
参数 取值范围 配置说明
不可重用天数 正数或0，其中整数部分表  如果参数变小，则后续修改密码按新的参
示天数，小数部分可以换算 数进行检查。
password_reus
成时，分，秒。
e_time  如果参数变大（比如由a变大为b），因
默认值为60。 为b天之前的历史密码可能已经删除，所
以b天之前的密码仍有可能被重用。则后
续修改密码按新的参数进行检查。
说明：时间以绝对时间为准，历史密码记录的
都是当时的时间，不识别时间的修改。
不可重用次数 正整数或0。  如果参数变小，则后续修改密码按新的参
数进行检查。
password_reus 默认值为0，表示不检查重
e_max 用次数。  如果参数变大（比如由a变大为b），因
为b次之前的历史密码可能已经删除，所
以b次之前的密码仍有可能被重用。则后
续修改密码按新的参数进行检查。
步骤6 设置用户密码失效。
具有CREATEROLE权限的用户在创建用户时可以强制用户密码失效，新用户首次登陆
数据库后需要修改密码才允许执行其他查询操作，命令格式如下：
gbase=#CREATEUSERjoePASSWORD"abc@1234"EXPIRED;
CREATEROLE
具有CREATEROLE权限的用户可以强制用户密码失效或者强制修改密码且失效，命令
格式如下：
南大通用数据技术股份有限公司
183
GBase 8s V8.8开发者手册
gbase=#ALTERUSERjoePASSWORDEXPIRED;
ALTERROLE
gbase=#ALTERUSERjoePASSWORD"abc@2345"EXPIRED;
ALTERROLE
 密码失效的用户登录数据库后，当执行简单查询或者扩展查询时，会提示用户修改
密码。修改密码后可以正常执行语句。
 只有初始用户、系统管理员（sysadmin）或拥有创建用户（CREATEROLE）权限
的用户才可以设置用户密码失效，其中系统管理员也可以设置自己或其他系统管理
员密码失效。不允许设置初始用户密码失效。
----结束
7.3 设置数据库审计
7.3.1 审计概述
背景信息
数据库安全对数据库系统来说至关重要。GBase8s将用户对数据库的所有操作写入审计
日志。数据库安全管理员可以利用这些日志信息，重现导致数据库现状的一系列事件，找出
非法操作的用户、时间和内容等。
关于审计功能，用户需要了解以下几点内容：
 审计总开关audit_enabled支持动态加载。在数据库运行期间修改该配置项的值会立即
生效，无需重启数据库。默认值为on，表示开启审计功能。
 除了审计总开关，各个审计项也有对应的开关。只有开关开启，对应的审计功能才能生
效。
 各审计项的开关支持动态加载。在数据库运行期间修改审计开关的值，不需要重启数据
库便可生效。
目前，GBase8s支持以下审计项如表7-14所示。
表 7-14 配置审计项
配置项 描述
南大通用数据技术股份有限公司
184
GBase 8s V8.8开发者手册
用户登录、注销审计 参数：audit_login_logout
默认值为7，表示开启用户登录、退出的审计功能。设置为0 表示
关闭用户登录、退出的审计功能。不推荐设置除0和7之外的值。
数据库启动、停 止、 参数：audit_database_process
恢复和切换审计
默认值为1，表示开启数据库启动、停止、恢复和切换的审计功能。
用户锁定和解锁审计 参数：audit_user_locked
默认值为1，表示开启审计用户锁定和解锁功能。
用户访问越权审计 参数：audit_user_violation
默认值为0，表示关闭用户越权操作审计功能。
授权和回收权限审计 参数：audit_grant_revoke
默认值为1，表示开启审计用户权限授予和回收功能。
数据库对象的 参数：audit_system_object
CREATE，ALTER， 默认值为12295，表示只对DATABASE、SCHEMA、USER、DATA
SOURCE 这四类数据库对象的CREATE、ALTER、DROP 操作进
DROP操作审计
行审计。
具体表的INSERT、 参数：audit_dml_state
UPDATE和DELETE 默认值为0，表示关闭具体表的DML操作（SELECT除外）审计功
能。
操作审计
SELECT操作审计 参数：audit_dml_state_select
默认值为0，表示关闭SELECT操作审计功能。
COPY审计 参数：audit_copy_exec
默认值为1，表示开启copy操作审计功能。
存储过程和自定义函 参数：audit_function_exec
数的执行审计
默认值为0，表示不记录存储过程和自定义函数的执行审计日志。
SET审计 参数：audit_set_parameter
默认值为1，表示记录set操作审计日志
事务ID记录 参数：audit_xid_info
南大通用数据技术股份有限公司
185
GBase 8s V8.8开发者手册
默认值为0，表示关闭审计日志记录事务ID功能。
安全相关参数及说明请参见表7-15。
表 7-15 安全相关参数及说明
参数名 说明
ssl 指定是否启用SSL连接。
require_ssl 指定服务器端是否强制要求SSL连接。
ssl_ciphers 指定SSL支持的加密算法列表。
ssl_cert_file 指定包含SSL服务器证书的文件的名称。
ssl_key_file 指定包含SSL私钥的文件名称。
ssl_ca_file 指定包含CA信息的文件的名称。
ssl_crl_file 指定包含CRL信息的文件的名称。
password_policy 指定是否进行密码复杂度检查。
password_reuse_time 指定是否对新密码进行可重用天数检查。
password_reuse_max 指定是否对新密码进行可重用次数检查。
password_lock_time 指定帐户被锁定后自动解锁的时间。
failed_login_attempts 如果输入密码错误的次数达到此参数值时，当前帐户被锁定。
password_encryption_type 指定采用何种加密方式对用户密码进行加密存储。
password_min_uppercase 密码中至少需要包含大写字母的个数。
password_min_lowercase 密码中至少需要包含小写字母的个数。
password_min_digital 密码中至少需要包含数字的个数。
password_min_special 密码中至少需要包含特殊字符的个数。
password_min_length 密码的最小长度。
说 明 ： 在 设 置 此 参 数 时 ， 请 将 其 设 置 成 不 大 于
password_max_length，否则进行涉及密码的操作会一直出现密
南大通用数据技术股份有限公司
186
GBase 8s V8.8开发者手册
码长度错误的提示
password_max_length 密码的最大长度。
说 明 ： 在 设 置 此 参 数 时 ， 请 将 其 设 置 成 不 小 于
password_min_length，否则进行涉及密码的操作会一直出现密码
长度错误的提示。
password_effect_time 密码的有效期限。
password_notify_time 密码到期提醒的天数。
audit_enabled 控制审计进程的开启和关闭。
audit_directory 审计文件的存储目录。
audit_data_format 审计日志文件的格式，当前仅支持二进制格式（binary）。
audit_rotation_interval 指定创建一个新审计日志文件的时间间隔。当现在的时间减去
上次创建一个审计日志的时间超过了此参数值时，服务器将生
成一个新的审计日志文件。
audit_rotation_size 指定审计日志文件的最大容量。当审计日志消息的总量超过此
参数值时，服务器将生成一个新的审计日志文件。
audit_resource_policy 控制审计日志的保存策略，以空间还是时间限制为优先策略，
on表示以空间为优先策略。
audit_file_remain_time 表示需记录审计日志的最短时间要求，该参数在
audit_resource_policy为off时生效。
audit_space_limit 审计文件占用磁盘空间的最大值。
audit_file_remain_thresho 审计目录下审计文件的最大数量。
ld
audit_login_logout 指定是否审计数据库用户的登录（包括登录成功和登录失败）、
注销。
audit_database_process 指定是否审计数据库启动、停止、切换和恢复的操作。
audit_user_locked 指定是否审计数据库用户的锁定和解锁。
audit_user_violation 指定是否审计数据库用户的越权访问操作。
南大通用数据技术股份有限公司
187
GBase 8s V8.8开发者手册
audit_grant_revoke 指定是否审计数据库用户权限授予和回收的操作。
audit_system_object 指定是否审计数据库对象的CREATE、DROP、ALTER 操作。
audit_dml_state 指定是否审计具体表的INSERT、UPDATE、DELETE 操作。
audit_dml_state_select 指定是否审计SELECT操作。
audit_copy_exec 指定是否审计COPY操作。
audit_function_exec 指定在执行存储过程、匿名块或自定义函数（不包括系统自带
函数）时是否记录审计信息。
audit_set_parameter 指定是否审计SET操作。
enableSeparationOfDuty 指定是否开启三权分立。
session_timeout 建立连接会话后，如果超过此参数的设置时间，则会自动断开
连接。
auth_iteration_count 认证加密信息生成过程中使用的迭代次数。
操作步骤
步骤1 以操作系统用户gbase登录数据库主节点。
步骤2 使用如下命令连接数据库。
gsql-dpostgres-p15432
postgres为需要连接的数据库名称，15432为数据库主节点的端口号。连接成功后，系
统显示类似如下信息：
gsql((GBase8s3.0.0BXXbuildd28887c9)compiledat2022-05-1311:31:40commit0lastmr
55)
Non-SSLconnection(SSLconnectionisrecommendedwhenrequiringhigh-security)
Type"help"forhelp.
gbase=#
步骤3 检查审计总开关状态。
 用show命令显示审计总开关audit_enabled的值。
gbase=# SHOWaudit_enabled;
如果显示为off，执行“\q”命令退出数据库。
 执行如下命令开启审计功能，参数设置立即生效。
南大通用数据技术股份有限公司
188
GBase 8s V8.8开发者手册
gs_gucset-Nall-Iall -c"audit_enabled=on"
步骤4 配置具体的审计项。
说明
 只有开启审计功能，用户的操作才会被记录到审计文件中。
 各审计项的默认参数都符合安全标准，用户可以根据需要开启其他审计功能，但会
对性能有一定影响。
以开启对数据库所有对象的增删改操作的审计开关为例，其他配置项的修改方法与此相
同，修改配置项的方法如下所示：
gs_gucreload-Nall-Iall-c"audit_system_object=12295"
其中audit_system_object代表审计项开关，12295为该审计开关的值。
----结束
7.3.2 查看审计结果
前提条件
 审计功能总开关已开启。
 需要审计的审计项开关已开启。
 数据库正常运行，并且对数据库执行了一系列增、删、改、查操作，保证在查询时段内
有审计结果产生。
 数据库各个节点审计日志单独记录。
背景信息
 只有拥有AUDITADMIN属性的用户才可以查看审计记录。有关数据库用户及创建用户
的办法请参见7.2.4 用户。
 审计查询命令是数据库提供的sql函数pg_query_audit，其原型为：
pg_query_audit(timestamptz startime,timestamptz endtime,audit_log)
 参数startime和endtime分别表示审计记录的开始时间和结束时间，audit_log表示所查
看的审计日志信息所在的物理文件路径，当不指定audit_log时，默认查看连接当前实
例的审计日志信息。
南大通用数据技术股份有限公司
189
GBase 8s V8.8开发者手册
startime 和endtime的差值代表要查询的时间段，其有效值为从startime 日期中的
00:00:00 开始到endtime日期中的23:59:59之间的任何值。请正确指定这两个参数，否
则将查不到需要的审计信息。
操作步骤
步骤1 以操作系统用户gbase登录数据库主节点。
步骤2 使用如下命令连接数据库。
gsql-dpostgres-p15432
postgres为需要连接的数据库名称，15432为数据库主节点的端口号。连接成功后，系
统显示类似如下信息：
gsql((GBase8s3.0.0BXXbuildd28887c9)compiledat2022-05-1311:31:40commit0lastmr
55)
Non-SSLconnection(SSLconnectionisrecommendedwhenrequiringhigh-security)
Type"help"forhelp.
gbase=#
步骤3 查询审计记录。
gbase=#select*frompg_query_audit('2022-06-0616:00:00','2022-06-0617:00:00');
查询结果如下：
time | type |result|userid|username|database
|client_conninfo| object_name |
detail_info
|node_name| thread_id |
local_port|remote_port
------------------------+---------------+--------+--------+----------+----------
+-----------------+-----------------+-------------------------------------------