# Bandit-WalkThrough
---
## 免责声明
`本文档仅供学习和研究使用,请勿使用文中的技术源码用于非法用途,任何人造成的任何负面影响,与本人无关.`
---
https://overthewire.org/wargames/bandit/
## Level 0 访问
ssh 连接
主机：bandit.labs.overthewire.org
端口：2220
bandit0/bandit0
不知道为啥 xshell 直接连不上去,用 linux ssh 连接上去了
```bash
ssh -p 2220 PI:EMAIL
```
---
## Level 0 → Level 1
连接上后,查看readme
```bash
bandit0@bandit:~$ cat readme
boJ9jbbUNNfktd78OOpsqOltutMc3MY1
```
---
## Level 1 → Level 2
通过上一关读出的密码连接 2220 端口的 bandit1 用户
```
ssh -p 2220 PI:EMAIL
```
查看当前目录
```bash
bandit1@bandit:~$ ls -la
total 24
-rw-r-----  1 bandit2 bandit1   33 May  7  2020 -
drwxr-xr-x  2 root    root    4096 May  7  2020 .
drwxr-xr-x 41 root    root    4096 May  7  2020 ..
-rw-r--r--  1 root    root     220 May 15  2017 .bash_logout
-rw-r--r--  1 root    root    3526 May 15  2017 .bashrc
-rw-r--r--  1 root    root     675 May 15  2017 .profile
```
查看 这个 `-` 文件,直接看不行,要加个路径
```bash
bandit1@bandit:~$ cat ./-
CV1DtqXWVFXTvM2F0k09SHz0YwRINYA9
```
---
## Level 2 → Level 3
通过上一关读出的密码连接 2220 端口的 bandit2 用户
```
ssh -p 2220 PI:EMAIL
```
查看当前目录
```bash
bandit2@bandit:~$ ls -la
total 24
drwxr-xr-x  2 root    root    4096 May  7  2020 .
drwxr-xr-x 41 root    root    4096 May  7  2020 ..
-rw-r--r--  1 root    root     220 May 15  2017 .bash_logout
-rw-r--r--  1 root    root    3526 May 15  2017 .bashrc
-rw-r--r--  1 root    root     675 May 15  2017 .profile
-rw-r-----  1 bandit3 bandit2   33 May  7  2020 spaces in this filename
```
这个文件名带空格,其实也好解决引号括起来就行了
```bash
bandit2@bandit:~$ cat 'spaces in this filename'
UmHadQclWmgdLOKQ3YNgjWxGoRMb5luK
```
---
## Level 3 → Level 4
通过上一关读出的密码连接 2220 端口的 bandit3 用户
```bash
ssh -p 2220 PI:EMAIL
```
查看当前目录
```bash
bandit3@bandit:~$ ls -la
total 24
drwxr-xr-x  3 root root 4096 May  7  2020 .
drwxr-xr-x 41 root root 4096 May  7  2020 ..
-rw-r--r--  1 root root  220 May 15  2017 .bash_logout
-rw-r--r--  1 root root 3526 May 15  2017 .bashrc
drwxr-xr-x  2 root root 4096 May  7  2020 inhere
-rw-r--r--  1 root root  675 May 15  2017 .profile
# 发现一个目录,进入查看
bandit3@bandit:~$ cd inhere/
# 用 -la 查看隐藏文件
bandit3@bandit:~/inhere$ ls -la
total 12
drwxr-xr-x 2 root    root    4096 May  7  2020 .
drwxr-xr-x 3 root    root    4096 May  7  2020 ..
-rw-r----- 1 bandit4 bandit3   33 May  7  2020 .hidden
```
带 . 号的文件,默认直接 ls 是看不到的
```bash
bandit3@bandit:~/inhere$ cat .hidden
pIwrPrtPN36QITSp3EQaw936yaFoFgAB
```
---
## Level 4 → Level 5
通过上一关读出的密码连接 2220 端口的 bandit4 用户
```bash
ssh -p 2220 PI:EMAIL
```
查看当前目录
```bash
bandit4@bandit:~$ ls -la
total 24
drwxr-xr-x  3 root root 4096 May  7  2020 .
drwxr-xr-x 41 root root 4096 May  7  2020 ..
-rw-r--r--  1 root root  220 May 15  2017 .bash_logout
-rw-r--r--  1 root root 3526 May 15  2017 .bashrc
drwxr-xr-x  2 root root 4096 May  7  2020 inhere
-rw-r--r--  1 root root  675 May 15  2017 .profile
bandit4@bandit:~$ cd inhere/
bandit4@bandit:~/inhere$ ls -la
total 48
drwxr-xr-x 2 root    root    4096 May  7  2020 .
drwxr-xr-x 3 root    root    4096 May  7  2020 ..
-rw-r----- 1 bandit5 bandit4   33 May  7  2020 -file00
-rw-r----- 1 bandit5 bandit4   33 May  7  2020 -file01
-rw-r----- 1 bandit5 bandit4   33 May  7  2020 -file02
-rw-r----- 1 bandit5 bandit4   33 May  7  2020 -file03
-rw-r----- 1 bandit5 bandit4   33 May  7  2020 -file04
-rw-r----- 1 bandit5 bandit4   33 May  7  2020 -file05
-rw-r----- 1 bandit5 bandit4   33 May  7  2020 -file06
-rw-r----- 1 bandit5 bandit4   33 May  7  2020 -file07
-rw-r----- 1 bandit5 bandit4   33 May  7  2020 -file08
-rw-r----- 1 bandit5 bandit4   33 May  7  2020 -file09
```
题目说是可读类型,用 file 命令查看文件类型
```bash
bandit4@bandit:~/inhere$ file ./*
./-file00: data
./-file01: data
./-file02: data
./-file03: data
./-file04: data
./-file05: data
./-file06: data
./-file07: ASCII text
./-file08: data
./-file09: data
bandit4@bandit:~/inhere$ cat file07
cat: file07: No such file or directory
bandit4@bandit:~/inhere$ cat ./file07
cat: ./file07: No such file or directory
bandit4@bandit:~/inhere$ cat ./-file07
koReBOKuIDDepwhWk7jZC0RTdopnAYKh
```
---
## Level 5 → Level 6
通过上一关读出的密码连接 2220 端口的 bandit5 用户
```bash
ssh -p 2220 PI:EMAIL
```
查看当前目录
```bash
bandit5@bandit:~$ ls -la
total 24
drwxr-xr-x  3 root root    4096 May  7  2020 .
drwxr-xr-x 41 root root    4096 May  7  2020 ..
-rw-r--r--  1 root root     220 May 15  2017 .bash_logout
-rw-r--r--  1 root root    3526 May 15  2017 .bashrc
drwxr-x--- 22 root bandit5 4096 May  7  2020 inhere
-rw-r--r--  1 root root     675 May 15  2017 .profile
bandit5@bandit:~$ cd inhere/
bandit5@bandit:~/inhere$ ls -la
total 88
drwxr-x--- 22 root bandit5 4096 May  7  2020 .
drwxr-xr-x  3 root root    4096 May  7  2020 ..
drwxr-x---  2 root bandit5 4096 May  7  2020 maybehere00
drwxr-x---  2 root bandit5 4096 May  7  2020 maybehere01
drwxr-x---  2 root bandit5 4096 May  7  2020 maybehere02
drwxr-x---  2 root bandit5 4096 May  7  2020 maybehere03
drwxr-x---  2 root bandit5 4096 May  7  2020 maybehere04
drwxr-x---  2 root bandit5 4096 May  7  2020 maybehere05
drwxr-x---  2 root bandit5 4096 May  7  2020 maybehere06
drwxr-x---  2 root bandit5 4096 May  7  2020 maybehere07
drwxr-x---  2 root bandit5 4096 May  7  2020 maybehere08
drwxr-x---  2 root bandit5 4096 May  7  2020 maybehere09
drwxr-x---  2 root bandit5 4096 May  7  2020 maybehere10
drwxr-x---  2 root bandit5 4096 May  7  2020 maybehere11
drwxr-x---  2 root bandit5 4096 May  7  2020 maybehere12
drwxr-x---  2 root bandit5 4096 May  7  2020 maybehere13
drwxr-x---  2 root bandit5 4096 May  7  2020 maybehere14
drwxr-x---  2 root bandit5 4096 May  7  2020 maybehere15
drwxr-x---  2 root bandit5 4096 May  7  2020 maybehere16
drwxr-x---  2 root bandit5 4096 May  7  2020 maybehere17
drwxr-x---  2 root bandit5 4096 May  7  2020 maybehere18
drwxr-x---  2 root bandit5 4096 May  7  2020 maybehere19
```
题目说文件大小是 1033 bytes in size
直接用 find 查找即可
```bash
bandit5@bandit:~/inhere$ find ./ -size 1033c
./maybehere07/.file2
bandit5@bandit:~/inhere$ cat ./maybehere07/.file2
DXjZPULLxYr17uwoI01bNLQbtFemEgo7
```
---
## Level 6 → Level 7
通过上一关读出的密码连接 2220 端口的 bandit6 用户
```bash
ssh -p 2220 PI:EMAIL
```
题目里说文件的格式如下
- owned by user bandit7
- owned by group bandit6
- 33 bytes in size
一样用find找,不过这里注意将错误输出给 /dev/null
```bash
bandit6@bandit:~$ find / -user bandit7 -group bandit6 -size 33c 2>/dev/null
/var/lib/dpkg/info/bandit7.password
bandit6@bandit:~$ cat /var/lib/dpkg/info/bandit7.password
HKBPTKQnIay4Fw76bEy8PVxKEDQRKTzs
```
---
## Level 7 → Level 8