Writeoperationsonexternaldataarealsoallowed: 139
ix
test=# INSERT INTO oracle_hr.dept(deptno, dname, loc)
VALUES (50, 'EDUCATION', 'MOSCOW');
INSERT 0 1
test=# SELECT * FROM oracle_hr.dept;
deptno | dname | loc
--------+------------+----------
10 | ACCOUNTING | NEW YORK
20 | RESEARCH | DALLAS
30 | SALES | CHICAGO
40 | OPERATIONS | BOSTON
50 | EDUCATION | MOSCOW
(5 rows)
MySQL
Createanextensionfortherequiredforeigndatawrapper:
test=# CREATE EXTENSION mysql_fdw;
CREATE EXTENSION
Theforeignserverfortheexternalinstanceisdefinedbythe
hostandportparameters:
test=# CREATE SERVER mysql_srv
FOREIGN DATA WRAPPER mysql_fdw
OPTIONS (host 'localhost',
port '3306');
CREATE SERVER
WearegoingtoestablishconnectionsonbehalfofaMySQL
superuser:
140 test=# CREATE USER MAPPING FOR postgres
ix SERVER mysql_srv
OPTIONS (username 'root',
password 'p@ssw0rd');
CREATE USER MAPPING
ThewrappersupportstheIMPORTFOREIGNSCHEMAcommand,
butlet’sseehowwecancreateaforeigntablemanually:
test=# CREATE FOREIGN TABLE employees (
emp_no int,
birth_date date,
first_name varchar(14),
last_name varchar(16),
gender varchar(1),
hire_date date)
SERVER mysql_srv
OPTIONS (dbname 'employees',
table_name 'employees');
CREATE FOREIGN TABLE
Checktheresult:
test=# SELECT * FROM employees LIMIT 1 \gx
-[ RECORD 1 ]----------
emp_no | 10001
birth_date | 1953-09-02
first_name | Georgi
last_name | Facello
gender | M
hire_date | 1986-06-26
JustliketheOraclewrapper,mysql_fdwallowsbothreadand
writeoperations.
SQLServer 141
ix
Createanextensionfortherequiredforeigndatawrapper:
test=# CREATE EXTENSION tds_fdw;
CREATE EXTENSION
Createaforeignserver:
test=# CREATE SERVER sqlserver_srv
FOREIGN DATA WRAPPER tds_fdw
OPTIONS (servername 'localhost', port '1433',
database 'AdventureWorks');
CREATE SERVER
Therequiredconnectioninformationisthesame:youhave
toprovidethehostname,theportnumber,andthedatabase
name.ButtheOPTIONSclausetakesdifferentparametersas
comparedtooracle_fdwandmysql_fdw.
WearegoingtoestablishconnectionsonbehalfofanSQL
Serversuperuser:
test=# CREATE USER MAPPING FOR postgres
SERVER sqlserver_srv
OPTIONS (username 'sa', password 'p@ssw0rd');
CREATE USER MAPPING
Let’screateaseparateschemaforforeigntables:
test=# CREATE SCHEMA sqlserver_hr;
CREATE SCHEMA
142 ImportthewholeHumanResourcesschemaintothecreated
ix PostgreSQLschema:
test=# IMPORT FOREIGN SCHEMA HumanResources
FROM SERVER sqlserver_srv
INTO sqlserver_hr;
IMPORT FOREIGN SCHEMA
Youcandisplaythelistofimportedtablesusingthe\det
command,orfindtheminthesystemcatalogbyrunningthe
followingquery:
test=# SELECT ft.ftrelid::regclass AS "Table"
FROM pg_foreign_table ft;
Table
----------------------------------------
sqlserver_hr.Department
sqlserver_hr.Employee
sqlserver_hr.EmployeeDepartmentHistory
sqlserver_hr.EmployeePayHistory
sqlserver_hr.JobCandidate sqlserver_hr.Shift
(6 rows)
Objectnamesarecase-sensitive,sotheyshouldbeenclosed
indoublequotesinPostgreSQLqueries:
test=# SELECT "DepartmentID", "Name", "GroupName"
FROM sqlserver_hr."Department"
LIMIT 4;
DepartmentID | Name | GroupName
--------------+-------------+-------------------------
1 | Engineering | Research and Development
2 | Tool Design | Research and Development
3 | Sales | Sales and Marketing
4 | Marketing | Sales and Marketing
(4 rows)
Currentlytds_fdwsupportsonlyreading,writeoperations
arenotallowed.
PostgreSQL 143
ix
Createanextensionandawrapper:
test=# CREATE EXTENSION postgres_fdw;
CREATE EXTENSION
Wearegoingtoconnectfromthetestdatabasetoourdemo
database. Since these databases belong to the same in-
stance,itisenoughtoprovidethedbnameparameterwhen
creatingaforeignserver.Otherparameters,suchashostand
port,canbeomitted.
test=# CREATE SERVER postgres_srv
FOREIGN DATA WRAPPER postgres_fdw
OPTIONS (dbname 'demo');
CREATE SERVER
Thereisnoneedtoenterthepasswordifyoucreateauser
mappingwithinacluster:
test=# CREATE USER MAPPING FOR postgres
SERVER postgres_srv
OPTIONS (user 'postgres');
CREATE USER MAPPING
Importalltablesandviewsofthebookingsschema:
test=# IMPORT FOREIGN SCHEMA bookings
FROM SERVER postgres_srv
INTO public;
IMPORT FOREIGN SCHEMA
144 Checktheresult:
ix
test=# SELECT * FROM bookings LIMIT 3;
book_ref | book_date | total_amount
----------+------------------------+--------------
000004 | 2015-10-12 14:40:00+03 | 55800.00
00000F | 2016-09-02 02:12:00+03 | 265700.00
000010 | 2016-03-08 18:45:00+03 | 50900.00
000012 | 2017-07-14 09:02:00+03 | 37900.00
000026 | 2016-08-30 11:08:00+03 | 95600.00
(5 rows)
To learn more about postgres_fdw, see documentation:
postgrespro.com/doc/postgres-fdw.html.
Foreigndatawrappersarealsoconsideredbythecommunity
asthebasisforbuilt-inshardinginPostgreSQL.Shardingis
similartopartitioning:theybothuseaparticularcriterionto
splitatableintoseveralpartsthatarestoredindependently.
Thedifferenceisthatpartitionsarestoredonthesameserver,
whileshardsarelocatedondifferentones.Partitioninghas
beenavailableinPostgreSQLforquitealongtime.Starting
fromversion10,thismechanismisbeingactivelydeveloped,
andmanyusefulfeatureshavealreadybeenadded:declar-
ativesyntax,dynamicpartitionpruning,supportforparallel
operations,andotherimprovements. Youcanalsousefor-
eigntablesaspartitions,whichvirtuallyturnspartitioning
intosharding.
Butmuchisyethastobedonebeforeshardingbecomes
reallyusable:
• Atthemoment,foreigndatawrappersdonotsupportpar-
allelexecutionplans,soallshardshavetobeprocessed
sequentially.
• Consistencyisnotguaranteed:externaldataisaccessed 145
inseparatelocaltransactions,notinasingledistributed ix
one.
• Youcan’tduplicatethesamedataondifferentserversto
enhancefaulttolerance.
• Allactionsrequiredtocreatetablesonshardsandthe
correspondingforeigntableshavetobedonemanually.
Someofthediscussedchallengesarealreadyaddressedin
pg_shardman,anexperimentalextensiondevelopedbyPost-
gresProfessional(github.com/postgrespro/pg_shardman).
Anotherextensionincludedintothedistributionforworking
withPostgreSQLdatabasesisdblink.Itallowstoexplicitly
manageconnections(toconnectanddisconnect), execute
queries, and get the results asynchronously: postgrespro.
com/doc/dblink.html.
147
x
X Education
and Certification
Documentation
Readingdocumentationisindispensableforprofessionaluse
ofPostgreSQL.Itdescribesallthedatabasefeaturesandpro-
videsanexhaustivereferencethatshouldalwaysbeathand.
Readingdocumentation,youcangetfullandpreciseinfor-
mation first hand: it is written by developers themselves
and is carefully kept up-to-date at all times. PostgreSQL
documentationisavailableatwww.postgresql.org/docsor
www.postgrespro.com/docs.
WeatPostgresProfessionalhavetranslatedthewholePost-
greSQLdocumentationsetintoRussian,includingthelatest
version.Itisavailableonourwebsite:www.postgrespro.ru/
docs.
While working on this translation, we also compiled an
English-Russian glossary, published at postgrespro.com/
education/glossary.Werecommendconsultingthisglossary
whentranslatingEnglisharticlesintoRussiantouseconsis-
tentterminologyfamiliartoawideaudience.
148 There are also French (docs.postgresql.fr), Japanese (www.
x postgresql.jp/document),andChinese(www.postgres.cn/v2/
document)translationsprovidedbynationalcommunities.
TrainingCourses
Apartfromdocumentation,wealsodeveloptrainingcourses
forDBAsandapplicationdevelopers(deliveredinRussian):
• DBA1.BasicPostgreSQLadministration.
• DBA2.ConfiguringandmonitoringPostgreSQL.
• DBA3.Replicationandbackups.
• DEV1.Basicserver-sideapplicationdevelopment.
• DEV2.Advancedserver-sideapplicationdevelopment(cur-
rentlyinthemaking).
• QPT.QueryOptimizationforPostgreSQL.
Documentation contains all the details about PostgreSQL.
However,theinformationisscatteredacrossdifferentchap-
tersandrequiresrepeatedthoughtfulreading. Unlikedoc-
umentation,coursesconsistofseparatemodulesthatgrad-
uallyexplainaparticulartopic. Insteadofprovidingevery
possibledetail,theyfocusonimportantpracticalinforma-
tion. Thus,ourcoursesareintendedtocomplementdocu-
mentation,nottoreplaceit.
Eachcoursetopicincludestheoryandpractice.Theoryisnot
justalecture:inmostcases,alivedemoisalsoprovided.Stu-
dentsgetalltheslideswithdetailedcomments,theoutput
ofdemoscripts,keystopracticalassignments,andadditional
referencematerialonsometopics.
WhereandHowtoTakeaTraining 149
x
Fornon-commercialuseandself-study,allcoursematerials,
includingvideos,areavailableonourwebsiteforfree. You
canfindtheirRussianversionatpostgrespro.ru/education/
courses.
ThecoursescurrentlytranslatedintoEnglisharepublished
atpostgrespro.com/education/courses.
You can also take these courses in a specialized training
centerunderthesupervisionofanexperiencedlecturer;at
the end of the course you receive a certificateofcomple-
tion. Authorizedcentersarelistedhere: www.postgrespro.
ru/education/where.
DBA1.BasicPostgreSQLadministration
Duration:3days
Backgroundknowledgerequired:
BasicknowledgeofdatabasesandSQL.
FamiliaritywithUnix.
Knowledgeandskillsgained:
GeneralunderstandingofPostgreSQLarchitecture.
Installation,initialsetup,servermanagement.
Logicalandphysicaldatastructure.
Basicadministrationtasks.
Userandaccessmanagement.
Understandingofbackup,recovery,andreplicationcon-
cepts.
150 Topics:
x
Basictoolkit
1.Installationandservermanagement
2.Usingpsql
3.Configuration
Architecture
4.PostgreSQLgeneraloverview
5.Isolationandmulti-versionconcurrencycontrol
6.Buffercacheandwrite-aheadlog
Datamanagement
7.Databasesandschemas
8.Systemcatalog
9.Tablespaces
10.Low-leveldetails
Administrationtasks
11.Monitoring
12.Maintenance
Accesscontrol
13.Rolesandattributes
14.Privileges
15.Row-levelsecurity
16.Connectionandauthentication
Backups
17.Overview
Replication
18.Overview
CoursematerialsinRussianareavailableforself-studyat
www.postgrespro.ru/education/courses/DBA1.
DBA2.ConfiguringandmonitoringPostgreSQL 151
x
Duration:4days
Backgroundknowledgerequired:
SQLfundamentals.
GoodcommandofUnixOS.
FamiliaritywithPostgreSQLwithinthescopeoftheDBA1
course.
Knowledgeandskillsgained:
Settingupvariousconfigurationparametersbasedonthe
understandingofserverinternals.
Monitoringserveractivityandusingthecollecteddatafor
iterativetuningofPostgreSQLconfiguration.
Configuringlocalizationsettings.
Managingextensionsandgettingstartedwithserverup-
grades.
Topics:
Multi-versionconcurrencycontrol
1.Transactionisolation
2.Pagesandtupleversions
3.Datasnapshots
4.HOTupgrades
5.Vacuum
6.Autovacuum
7.Freezing
Logging
8.Buffercache
9.Write-aheadlog
10.Checkpoints
11.WALconfiguration
152 Locking
x 12.Objectlocks
13.Row-levellocks
14.Memorylocks
Administrationtasks
15.Managingextensions
16.Localization
17.Serverupgrades
CoursematerialsinRussianareavailableforself-studyat
www.postgrespro.ru/education/courses/DBA2.
DBA3.Replicationandbackups
Duration:2days
Backgroundknowledgerequired:
SQLfundamentals.
GoodcommandofUnixOS.
FamiliaritywithPostgreSQLwithinthescopeoftheDBA1
course.
Knowledgeandskillsgained:
Takingbackups.
Settingupphysicalandlogicalreplication.
Recognizingreplicationusecases.
Understandingclusterization.
Topics: 153
x
Backups
1.Logicalbackup
2.Basebackup
3.WALarchive
Replication
4.Physicalreplication
5.Switchovertoareplica
6.Logicalreplication
7.Usagescenarios
Clusterization
8.Overview
CoursematerialsinRussianareavailableforself-studyat
www.postgrespro.ru/education/courses/DBA3.
DEV1.Basicserver-sideapplicationdevelopment
Duration:4days
Backgroundknowledgerequired:
SQLfundamentals.
Experiencewithanyproceduralprogramminglanguage.
BasicknowledgeofUnixOS.
154 Knowledgeandskillsgained:
x
GeneralinformationaboutPostgreSQLarchitecture.
Usingthemaindatabaseobjects.
ProgramminginSQLandPL/pgSQLontheserverside.
Usingthemaindatatypes,includingrecordsandarrays.
Settingupclient-servercommunicationchannels.
Topics:
Basictoolkit
1.Installationandservermanagement,psql
Architecture
2.PostgreSQLgeneraloverview
3.Isolationandmulti-versionconcurrencycontrol
4.Buffercacheandwrite-aheadlog
Datamanagement
5.Logicalstructure
6.Physicalstructure
“Bookstore”application
7.Datamodeloftheapplication
8.Client-serverinteraction
SQL
9.Functions
10.Compositetypes
PL/pgSQL
11.Languageoverviewandprogrammingstructures
12.Executingqueries
13.Cursors 155
14.DynamicSQL x
15.Arrays
16.Errorhandling
17.Triggers
18.Debugging
Accesscontrol
19.Overview
CoursematerialsinRussianareavailableforself-studyat
www.postgrespro.ru/education/courses/DEV1.
QPT.QueryOptimizationforPostgreSQL
Duration:2days
Backgroundknowledgerequired:
FamiliaritywithUnixOS.