print row[0]
conn.close()
Let’sexecutethiscommand:
$ python test.py
Hello, world!
Java 95
vi
InJava,databaseoperationisimplementedviatheJDBCin-
terface.InstallJDK1.7;apackagewiththeJDBCdriverisalso
required:
$ sudo apt-get install openjdk-7-jdk
$ sudo apt-get install libpostgresql-jdbc-java
YoucandownloadJDKforWindowsfromwww.oracle.com/
technetwork/java/javase/downloads.TheJDBCdriverisavail-
able at jdbc.postgresql.org (choose the version that corre-
spondstotheJDKinstalledonyoursystem). Youcanalso
findalltherequireddocumentationthere.
Let’sconsiderasampleprogram(Test.java):
import java.sql.*;
public class Test {
public static void main(String[] args)
throws SQLException {
Connection conn = DriverManager.getConnection(
"jdbc:postgresql://localhost:5432/appdb",
"app", "p@ssw0rd");
Statement st = conn.createStatement();
ResultSet rs = st.executeQuery(
"SELECT * FROM greeting");
while (rs.next()) {
System.out.println(rs.getString(1));
}
rs.close();
st.close();
conn.close();
}
}
Compileandexecutetheprogramspecifyingthepathtothe
JDBCclassdriver(onWindows,pathsareseparatedbysemi-
colons,notcolons):
96 $ javac Test.java
vi $ java -cp .:/usr/share/java/postgresql-jdbc4.jar \
Test
Hello, world!
Backup
Althoughourdatabasecontainsonlyonetable,it’sstillworth
takingcareofdatapersistence. Whileyourapplicationhas
littledata,theeasiestwaytocreateabackupistousethe
pg_dumputility:
$ pg_dump appdb > appdb.dump
Ifyouopentheresultingappdb.dumpfileinatexteditor,
youwillseeregularSQLcommandsthatcreatealltheappdb
objectsandfillthemwithdata.Youcanpassthisfiletopsql
torestorethecontentofthedatabase.Forexample,youcan
createanewdatabaseandimportallthedataintoit:
$ createdb appdb2
$ psql -d appdb2 -f appdb.dump
Thisistheformatinwhichthedemodatabasedescribedin
thepreviouschapterisdistributed.
pg_dump utility offers many features worth checking out:
postgrespro.com/doc/app-pgdump.Someofthemareavail-
ableonlyifthedataisdumpedinaninternalcustomformat.
Inthiscase,youhavetousethepg_restoreutilityinstead
ofpsqltorestorethedata.
In any case, pg_dump can extract the content of a single 97
databaseonly.Tomakeabackupofthewholecluster,includ- vi
ingalldatabases,users,andtablespaces,youshouldusea
bitdifferentcommand:pg_dumpall.
Bigseriousprojectsrequireanelaborateandcomprehensive
backupstrategy. Abetteroptionhereisaphysical“binary”
copyofthecluster,whichcanbetakenbythepg_basebackup
utility:
$ pg_basebackup -D backup
Thiscommandwillcreateabackupofthewholedatabase
clusterinthebackupdirectory. Torestoretheclusterfrom
thiscopy,itisenoughtomoveittoadatacatalogandstart
theserver.
Tolearnmoreabouttheavailablebackupandrecoverytools,
seedocumentation:postgrespro.com/doc/backup.html.
Built-inPostgreSQLfeaturesenableyoutoimplementalmost
anythingrequired,butyouhavetocompletemulti-stepwork-
flowsthatlackautomation.That’swhymanycompaniesof-
tencreatetheirownbackuptools.PostgresProfessionalalso
hassuchatoolcalledpg_probackup.Thistoolisdistributed
forfreeandallowstoperformincrementalbackupsatthe
pagelevel,ensuredataintegrity,useparallelexecutionand
compressionwhenworkingwithbigvolumesofinformation,
andimplementvariousbackupstrategies.
Fulldocumentationisavailableatpostgrespro.com/doc/app-
pgprobackup.
98 What’snext?
vi
Nowyouarereadytodevelopyourapplication.Withregards
tothedatabase,theapplicationwillalwaysconsistoftwo
parts:serverandclient.Theserverpartcompriseseverything
thatrelatestothedatabasesystem: tables,indexes,views,
triggers,storedfunctions. Theclientpartholdseverything
thatworksoutsideofthedatabaseandconnectstoit;from
thedatabasepointofview,itdoesn’tmatterwhetherit’sa
“fat”clientoranapplicationserver.
Animportantquestionthathasnoclear-cutanswer:where
shouldweplacebusinesslogic?
Oneofthepopularapproachesistoimplementallthelogic
ontheclient,outsideofthedatabase.Itoftenhappenswhen
developersarenotveryfamiliarwithcapabilitiesprovidedby
arelationaldatabasesystemandprefertorelyonwhatthey
knowwell,thatis,applicationcode.
Inthiscase,thedatabasebecomessomewhatsecondaryto
theapplicationandonlyensuresdata“persistence,”itsreli-
ablestorage.Databasesystemscanbeoftenisolatedbyan
additionalabstractionlevel,suchasanORMtoolthatauto-
maticallygeneratesdatabasequeriesfromtheconstructsof
theprogramminglanguagefamiliartodevelopers.Suchso-
lutionsaresometimesjustifiedbytheintenttodevelopan
applicationthatisportabletoanydatabasesystem.
Thisapproachhastherighttoexist:ifsuchasystemworks
andaddressesallbusinessobjectives,whynot?
However,thissolutionalsohassomeobviousdrawbacks:
• Dataconsistencyisensuredbytheapplication. 99
Insteadoflettingthedatabasesystemcheckdatacon- vi
sistency(andthisisexactlywhatrelationaldatabasesys-
temsareespeciallygoodat),alltherequiredchecksare
performedbytheapplication. Restassuredthatsooner
orlateryourdatabasewillcontaininconsistentdata.You
havetoeitherfixtheseerrors,orteachtheapplication
how to handle them. If the same database is used by
severaldifferentapplications,it’ssimplyimpossibletodo
withoutthehelpofthedatabasesystem.
• Performanceleavesmuchtobedesired.
ORMsystemsallowtocreateanabstractionleveloverthe
database,butthequalityofSQLqueriestheygenerateis
ratherquestionable.Asarule,multiplesmallqueriesare
executed,andeachofthemisquitefastonitsown.Sucha
modelcancopeonlywithlowloadonsmalldatavolumes
andisvirtuallyimpossibletooptimizeonthedatabase
side.
• Applicationcodegetsmorecomplicated.
Usingapplication-orientedprogramminglanguages,it’s
impossibletowriteareallycomplexquerythatcouldbe
properlytranslatedtoSQLinanautomatedway. Thus,
complexdataprocessing(ifitisneeded,ofcourse)has
tobeimplementedattheapplicationlevel,withallthe
required data retrieved from the database in advance.
Inthiscase, anextradatatransferoverthenetworkis
performed. Andanyway, datamanipulationalgorithms
(scans,joins,sorting,aggregation)providedbydatabase
systemsareguaranteedtoperformbetterthantheappli-
cationcodesincetheyhavebeenimprovedandoptimized
foryears.
100 Obviously, to use all the database features, including in-
vi tegrityconstraintsanddatahandlinglogicinstoredfunc-
tions, acarefulanalysisofitsspecificsandcapabilitiesis
required. You have to master the SQL language to write
queriesandlearnoneoftheserverprogramminglanguages
(typically,PL/pgSQL)tocreatefunctionsandtriggers. Inre-
turn,youwillgetareliabletool,oneofthemostimportant
buildingblocksforanyinformationsystemarchitecture.
Inanycase,youhavetodecideforyourselfwheretoimple-
mentbusinesslogic:ontheserversideorontheclientside.
We’lljustnotethatthere’snoneedtogotoextremes,asthe
truthoftenliessomewhereinthemiddle.
VII Configuring PostgreSQL
BasicSettings
ThedefaultsettingsallowtostartPostgreSQLonvirtually
anyhardware.Butforbestperformance,thedatabaseconfig-
urationhastotakeintoaccountbothphysicalcharacteristics
oftheserverandatypicalapplicationworkload.
Herewe’llonlycoversomeofthebasicsettingsthatmust
beconsideredforproduction-leveldatabasesystem. Fine-
tuningforaparticularapplicationrequiresadditionalknowl-
edge,whichyoucanget,forexample,inPostgreSQLdatabase
administrationcourses(seep.147).
ChangingConfigurationParameters
To change a configuration parameter, open the post-
gresql.conffileandeitherfindtherequiredparameterand
modifyitsvalue,oraddanewlineattheendofthefile:it
willhavepriorityoverthesettingspecifiedaboveinthesame
file.
After changing the settings, you have to make the server
reloaditsconfiguration:
postgres=# SELECT pg_reload_conf();
102 NowcheckthecurrentsettingusingtheSHOWcommand. If
vii theparametervaluehasnotchanged,theremighthavebeen
amistakeineditingthefile;takealookintotheserverlog.
TheMostImportantParameters
Itishighlyimportanttopayattentiontoparametersthat
definehowPostgreSQLusesRAM.
Theshared_buffersparametersetstheamountofmemory
forsharedbuffers,whichareusedtokeepfrequentlyused
datainRAMandavoidextradiskaccess.Areasonablestart-
ingvalueis25%ofRAMusedbytheserver. Changingthis
parameterrequiresaserverrestart!
Theeffective_cache_sizevaluehasnoeffectonmemoryal-
location,itmerelypromptsthesizeofcachePostgreSQLcan
counton,includingtheoperatingsystemcache.Thelarger
thevalue,thehigherpriorityisgiventoindexes. Youcan
startwith50–75%ofRAM.
Thework_memparameterdefinestheamountofmemoryal-
locatedforsorting,buildinghashtableswhenperforming
joins, and other operations. The active use of temporary
filesindicatesthattheallocatedmemorysizeisinsufficient,
whichleadstoperformancedegradation.Inmostcases,the
defaultvalueof4MBshouldbeincreasedbyatleastseveral
times,butbecautiousnottoexceedtheoverallRAMsizeof
theserver.
Themaintenance_work_memdefinesthesizeofthememory
allocatedforserviceprocesses.Highervaluescanspeedup
indexingandvacuumprocesses. Thisparameterisusually
settoavaluethatisseveraltimeshigherthanwork_mem.
Forexample,for32GBofRAM,youcanstartwiththefollow- 103
ingsettings: vii
shared_buffers = '8GB'
effective_cache_size = '24GB'
work_mem = '128MB'
maintenance_work_mem = '512MB'
Theratioofrandom_page_costtoseq_page_costmustmatch
theratioofrandomdiskaccessspeedtosequentialaccess
speed.Bydefault,itisassumedthatrandomaccessforreg-
ularHDDsisfourtimesslowerthansequentialone.Fordisk
arrays and SSDs, you should lower the random_page_cost
value(butneverchangetheseq_page_cost valuesetto1).
For example, the following setting is appropriate for SSD
drives:
random_page_cost = 1.2
It’sveryimportanttoconfigureautovacuum.Thisprocessper-
forms“garbagecollection”andseveralothercriticalsystem
tasks.Thissettinghighlydependsonaparticularapplication
anditsworkload,butinmostcasesyoucanstartwiththe
following:
• reduce the autovacuum_vacuum_scale_factor value to
0.01toperformautovacuummoreoftenandinsmaller
batches
• increasetheautovacuum_vacuum_cost_limitvalue(orre-
duce autovacuum_vacuum_cost_delay) by 10 times to
speedupautovacuum(forversion11orlower)
104 It’sequallyimportanttoconfiguretheprocessesrelatedto
vii buffercacheandWALmaintenance,buttheirexactsettings
alsodependonaparticularapplication.Forastart,youcan
set the checkpoint_completion_target parameter to 0.9 (to
spreadouttheload),increasecheckpoint_timeoutfrom5to
30minutes(toreducetheoverheadcausedbycheckpoints),
andproportionallyincreasethemax_wal_sizevalue(forthe
samepurpose).
Tips and tricks for configuring various parameters are dis-
cussedindetailintheDBA2course(p.151).
ConnectionSettings
Wehavealreadycoveredthistopicinthe“PostgreSQLforAp-
plications”chapteronp.87. Herewe’llsimplyremindyou
thatyouusuallyhavetosetthelisten_addressesparameter
to’*’andmodifythepg_hba.confconfigurationfiletoal-
lowconnections.
BadAdvice
Youcansometimesfindadviceaboutimprovingperformance
thatshouldneverbefollowed:
• Turningoffautovacuum.
Such“resourcesaving”willgivesomeminorshort-term
performancebenefit,butitwillalsoleadto“garbage”ac-
cumulationindataandbloatingoftablesandindexes.
Soonerorlateryourdatabasesystemwillstopfunction-
ingnormally.Autovacuumshouldneverbeturnedoff,it
shouldbeproperlyconfigured.
• Turningoffdisksynchronization(fsync=off). 105
vii
Disabling fsync will indeed bring a significant perfor-
manceimprovement,butanyservercrash(causedbyei-
thersoftwareorhardwarefailure)willleadtoacomplete
lossofalldatabases. Inthiscase,youcanonlyrestore
thesystemfromabackupcopy(ifyouhappentohaveit).
PostgreSQLand1CSolutions
PostgreSQLisofficiallysupportedby1C,apopularRussian
ERPsystem.It’sagreatopportunitytosavesomemoneyon
expensivecommercialdatabaselicenses.
Asanyotherapplications,1CproductswillworkfasterifPost-
greSQLisconfiguredappropriately.Besides,therearespecific
parametersthatareindispensableforworkingwith1C.
Herewe’llprovidesomeinstallationandsetupinstructions
thatcanhelpyougetstarted.
ChoosingPostgreSQLVersion
1C requires a custom PostgreSQL version with special
patches. Youcandownloadonefromreleases.1c.ru,oruse
PostgresProStandardorPostgresProEnterprise,whichalso
includealltherequiredpatches.
PostgreSQLcanworkonWindowsaswell,butifyouhavea
choice,it’sbettertooptforaLinuxdistribution.
Beforeyoustarttheinstallation,youhavetodecidewhether
adedicateddatabaseserverisrequired. Adedicatedserver
106 offershigherperformancebecauseofbetterloadbalancing
vii betweentheapplicationserverandthedatabaseserver.
ConfigurationParameters
Physicalspecificationsoftheservermustmatchtheexpected
load. Youcanusethefollowingdataasabaseline: adedi-
cated8-coreserverwith8GBofRAMandadisksubsystem
withRAID1SSDshouldbeenoughforadatabaseof100GB,
thetotalnumberofusersofupto50,andupto2000doc-
umentsperday. Iftheserverisnotdedicated,PostgreSQL
mustgetthecorrespondingamountofresourcesfromthe
commonserver.
Basedonthegeneralrecommendationslistedaboveand1C
applicationspecifics, wecansuggestthefollowinginitial
settingsforsuchaserver:
# Mandatory settings for 1C
standard_conforming_strings = off
escape_string_warning = off
shared_preload_libraries = 'online_analyze, plantuner'
plantuner.fix_empty_table = on
online_analyze.enable = on
online_analyze.table_type = 'temporary'
online_analyze.local_tracking = on
online_analyze.verbose = off
# The following settings depend on the available RAM
shared_buffers = '2GB' # 25% of RAM
effective_cache_size = '6GB' # 75% of RAM
work_mem = '64MB' # 64-128MB
maintenance_work_mem = '256MB' # 4*work_mem
# Active use of temporary tables
temp_buffers = '32MB' # 32-128MB
# The default value of 64 is not enough
max_locks_per_transaction = 256
ConnectionSettings 107
vii
Makesurethatthelisten_addressesparameterinthepost-
gresql.conffileissetto’*’.
Addthefollowinglineatthestartofthepg_hba.confconfig-
urationfile,specifyingtheactualaddressandsubnetmask
insteadofthe“IP-address-of-the-1C-server”placeholder:
host all all IP-address-of-1C-server md5
OnceyourestartPostgreSQL,allthechangesinpg_hba.conf
and postgresql.conf files take effect, and the server is
readytoacceptconnections.1Cestablishesaconnectionas
asuperuser,usuallypostgres.Setapasswordforthisrole:
postgres=# ALTER ROLE postgres PASSWORD 'p@ssw0rd';
Inconfigurationsettings
of the 1C information
database, specify the
IP-address and port of
the PostgreSQL server
asyourdatabaseserver
andchoose“PostgreSQL”
as the required DBMS
type. Specify the name
ofthedatabasethatwill
beusedfor1Candselect
the “Create database
if none present” check
box (never create this
database using Post-
greSQLmeans). Provide
108 thenameandpasswordofasuperuserrolethatwillbeused
vii forconnections.
These recommendations should help you to quickly get
startedandaresuitableformostusecases,althoughthey
donotfullyguaranteeoptimalperformance.
WethankAntonDoroshkevichfromtheInfosoftcompanyfor
hisassistanceinpreparingtheserecommendations.
VIII pgAdmin
pgAdmin is a popular GUI tool for PostgreSQL administra-
tion.ThisapplicationfacilitatesthemainDBAtasks,shows
databaseobjects,andallowstorunSQLqueries.
Foralongtime,pgAdmin3usedtobeade-factostandard,
butEnterpriseDBdevelopersendeditssupportandreleased
anewversionin2016,havingfullyrewrittentheproductus-
ingPythonandwebdevelopmenttechnologiesinsteadof
C++. Becauseofthecompletelyreworkedinterface, pgAd-
min 4 got a cool reception at first, but the development
continues,andthisversionisconstantlygettingimproved.
Installation
TolaunchpgAdmin4onWindows,usetheinstalleravailable
atwww.pgadmin.org/download/.Theinstallationprocedure
issimpleandstraightforward,thereisnoneedtochangethe
defaultoptions.
ForDebianandUbuntu,addthePostgreSQLrepository(as
explainedonp.29)andrunthefollowingcommand:
$ sudo apt-get install pgadmin4
“pgAdmin4”appearsinthelistofavailableprograms.
110 TheuserinterfaceofthisprogramisfullylocalizedintoRus-
viii sianbyPostgresProfessional.Tochangethelanguage,click
ConfigurepgAdmin,selectMiscellaneous→Userlanguagein
thesettingswindow,andthenreloadthepageinyourweb
browser.
ConnectingtoaServer
Firstofall,let’ssetupaconnectiontotheserver. Clickthe
Add New Server button and enter an arbitrary connection
nameintheGeneraltaboftheopenedwindow.
IntheConnectiontab,enterhostnameoraddress,portnum- 111
ber,username,andpassword. viii
Ifyoudon’twanttoenterthepasswordeverytime,selectthe
Savepasswordcheckbox. Passwordsareencryptedusinga
masterpassword,whichyouarepromptedtoenterwhenyou
startpgAdminforthefirsttime.
Notethatthisusermustalreadyhaveapassword.Forexam-
ple,forthepostgresuser,youcandoitwiththefollowing
command:
postgres=# ALTER ROLE postgres PASSWORD 'p@ssw0rd';
WhenyouclicktheSavebutton,theapplicationchecksthat
the server with the specified parameters is available, and
registersanewconnection.
Browser
Intheleftpane,youcanseetheBrowsertree.Asyouexpand
itsobjects,youcangettotheserver,whichwehavecalled
LOCAL.Youcanseeallthedatabasesitcontains:
• appdbhasbeencreatedtocheckconnectiontoPost-