### 优化后的文本

---

#### 别名设置与使用
在Ubuntu Linux发行版中，`ls` 命令有一个别名，它自动添加了 `--color` 选项，以支持彩色模式的列表显示。你可以通过以下命令查看这个别名：
```bash
alias ll='ls -l --color=auto'
```

你可以使用 `alias` 命令创建自己的别名。例如：
```bash
alias li='ls -l'
```

定义好别名后，你可以在当前 shell 会话中使用它，甚至在 shell 脚本中也可以使用。需要注意的是，别名是内部命令，仅在定义它的 shell 进程中有效。

示例：
```bash
$ alias li='ls -l'
$ li
total 36
drwxr-xr-x. 2 Christine Christine 4096 May 19 18:17 Desktop
drwxr-xr-x. 2 Christine Christine 4096 Apr 25 16:59 Downloads
drwxr-xr-x. 2 Christine Christine 4096 Apr 25 16:59 Documents
drwxr-xr-x. 2 Christine Christine 4096 Apr 25 16:59 Public
drwxr-xr-x. 2 Christine Christine 4096 Apr 25 16:59 Pictures
-rwxr-x---. 1 Christine Christine 36 May 30 07:21 test.sh
drwxr-xr-x. 2 Christine Christine 4096 Apr 25 16:59 Videos
```

如果在新的子 shell 中使用别名，可能会遇到问题：
```bash
$ alias li='ls -l'
$ bash
$ li
bash: li: command not found
$ exit
exit
$
```

可以通过将别名导出到环境变量来解决这个问题，具体方法将在下一章介绍。

### 5.4 小结
本章讨论了复杂的交互式程序：GNU Bash shell。我们探讨了 shell 进程及其关系，如何生成子 shell，以及子 shell 与父 shell 的关系。还介绍了能够创建子进程的命令和不能创建子进程的命令。

当用户登录终端时，通常会启动一个默认的交互式 shell。系统启动哪个 shell 取决于用户的 ID 配置，通常是 `/bin/bash`。默认的系统 shell (`/bin/sh`) 用于系统 shell 脚本，如系统启动时运行的脚本。

### 第6章 使用Linux环境变量
#### 6.1 什么是环境变量
Bash shell 使用环境变量来存储有关 shell 会话和工作环境的信息。环境变量分为两类：
- 全局变量
- 局部变量

##### 6.1.1 全局环境变量
全局环境变量对所有子 shell 可见。可以使用 `env` 或 `printenv` 命令查看全局环境变量：
```bash
$ printenv
SELINUX_ROLE_REQUESTED=
TERM=xterm
SHELL=/bin/bash
HISTSIZE=1000
HOME=/home/Christine
...
LOGNAME=Christine
G_BROKEN_FILENAMES=1
...
_=usr/bin/printenv
```

要显示个别环境变量的值，可以使用 `printenv` 或 `echo` 命令：
```bash
$ printenv HOME
/home/Christine
$ echo $HOME
/home/Christine
```

##### 6.1.2 局部环境变量
局部环境变量只能在定义它们的进程中可见。可以使用 `set` 命令查看所有环境变量：
```bash
$ set
BASH=/bin/bash
BASH_ALIASES=()
...
BASH_ARGC=()
BASH_CONDS=()
BASH_ARGV=()
BASH_LINENO=()
BASH_SOURCE=()
COLORS=/etc/DIR_COLORS
...
my_variable=*Hello World*
...
```

#### 6.2 设置用户定义变量
可以在 Bash shell 中直接设置自己的变量。

##### 6.2.1 设置局部用户定义变量
可以通过等号给环境变量赋值：
```bash
$ my_variable=Hello
$ echo $my_variable
Hello
```

如果值包含空格，需要使用引号：
```bash
$ my_variable="Hello World"
$ echo $my_variable
Hello World
```

##### 6.2.2 设置全局环境变量
可以将局部环境变量导出为全局环境变量：
```bash
$ my_variable="I am Global now"
$ export my_variable
$ bash
$ echo $my_variable
I am Global now
$ exit
exit
$ echo $my_variable
I am Global now
```

修改子 shell 中的全局环境变量不会影响父 shell 中该变量的值：
```bash
$ my_variable="I am Global now"
$ export my_variable
$ bash
$ my_variable="Null"
$ echo $my_variable
Null
$ exit
exit
$ echo $my_variable
I am Global now
```

---

希望这些优化后的文本更加清晰、连贯和专业。如果有任何进一步的修改需求，请告诉我！