---
author: Sk
category: 分享
comments_data: []
count:
  commentnum: 0
  favtimes: 2
  likes: 0
  sharetimes: 0
  viewnum: 8267
date: '2018-08-09 15:13:21'
editorchoice: false
excerpt: 通过使用这些工具，用户可以找到哪些程序占用更多磁盘空间，更新系统后需要重新启动哪些服务，在一个软件包中搜索与模式匹配的文件，根据搜索字符串列出已安装的包等等。
fromurl: https://www.ostechnix.com/debian-goodies-a-set-of-useful-utilities-for-debian-and-ubuntu-users/
id: 9908
islctt: true
largepic: /data/attachment/album/201808/09/151322wp1y21wq1p9p1uk8.png
permalink: /article-9908-1.html
pic: /data/attachment/album/201808/09/151322wp1y21wq1p9p1uk8.png.thumb.jpg
related: []
reviewer: wxy
selector: lujun9972
summary: 通过使用这些工具，用户可以找到哪些程序占用更多磁盘空间，更新系统后需要重新启动哪些服务，在一个软件包中搜索与模式匹配的文件，根据搜索字符串列出已安装的包等等。
tags:
- Debian
- 软件包
thumb: false
title: 献给 Debian 和 Ubuntu 用户的一组实用程序
titlepic: true
translator: MjSeven
updated: '2018-08-09 15:13:21'
---
![](/data/attachment/album/201808/09/151322wp1y21wq1p9p1uk8.png)
你使用的是基于 Debian 的系统吗？如果是，太好了！我今天在这里给你带来了一个好消息。先向 “Debian-goodies” 打个招呼，这是一组基于 Debian 系统（比如：Ubuntu、Linux Mint）的有用工具。这些实用工具提供了一些额外的有用的命令，这些命令在基于 Debian 的系统中默认不可用。通过使用这些工具，用户可以找到哪些程序占用更多磁盘空间，更新系统后需要重新启动哪些服务，在一个软件包中搜索与模式匹配的文件，根据搜索字符串列出已安装的包等等。在这个简短的指南中，我们将讨论一些有用的 Debian 的好东西。
### Debian-goodies – 给 Debian 和 Ubuntu 用户的实用程序
debian-goodies 包可以在 Debian 和其衍生的 Ubuntu 以及其它 Ubuntu 变体（如 Linux Mint）的官方仓库中找到。要安装 debian-goodies，只需简单运行：
```
$ sudo apt-get install debian-goodies
```
debian-goodies 安装完成后，让我们继续看一看一些有用的实用程序。
#### 1、 checkrestart
让我从我最喜欢的 `checkrestart` 实用程序开始。安装某些安全更新时，某些正在运行的应用程序可能仍然会使用旧库。要彻底应用安全更新，你需要查找并重新启动所有这些更新。这就是 `checkrestart` 派上用场的地方。该实用程序将查找哪些进程仍在使用旧版本的库，然后，你可以重新启动服务。
在进行库更新后，要检查哪些守护进程应该被重新启动，运行：
```
$ sudo checkrestart
[sudo] password for sk:
Found 0 processes using old versions of upgraded files
```
由于我最近没有执行任何安全更新，因此没有显示任何内容。
请注意，`checkrestart` 实用程序确实运行良好。但是，有一个名为 `needrestart` 的类似的新工具可用于最新的 Debian 系统。`needrestart` 的灵感来自 `checkrestart` 实用程序，它完成了同样的工作。 `needrestart` 得到了积极维护，并支持容器（LXC、 Docker）等新技术。
以下是 `needrestart` 的特点：
* 支持（但不要求）systemd
* 二进制程序的黑名单（例如：用于图形显示的显示管理器）
* 尝试检测挂起的内核升级
* 尝试检测基于解释器的守护进程所需的重启（支持 Perl、Python、Ruby）
* 使用钩子完全集成到 apt/dpkg 中
它在默认仓库中也可以使用。所以，你可以使用如下命令安装它：
```
$ sudo apt-get install needrestart
```
现在，你可以使用以下命令检查更新系统后需要重新启动的守护程序列表：
```
$ sudo needrestart
Scanning processes...
Scanning linux images...
Running kernel seems to be up-to-date.
Failed to check for processor microcode upgrades.
No services need to be restarted.
No containers need to be restarted.
No user sessions are running outdated binaries.
```
好消息是 Needrestart 同样也适用于其它 Linux 发行版。例如，你可以从 Arch Linux 及其衍生版的 AUR 或者其它任何 AUR 帮助程序来安装，就像下面这样：
```
$ yaourt -S needrestart
```
在 Fedora：
```
$ sudo dnf install needrestart
```
#### 2、 check-enhancements
`check-enhancements` 实用程序用于查找那些用于增强已安装的包的软件包。此实用程序将列出增强其它包但不是必须运行它的包。你可以通过 `-ip` 或 `–installed-packages` 选项来查找增强单个包或所有已安装包的软件包。
例如，我将列出增强 gimp 包功能的包：
```
$ check-enhancements gimp
gimp => gimp-data: Installed: (none) Candidate: 2.8.22-1
gimp => gimp-gmic: Installed: (none) Candidate: 1.7.9+zart-4build3
gimp => gimp-gutenprint: Installed: (none) Candidate: 5.2.13-2
gimp => gimp-help-ca: Installed: (none) Candidate: 2.8.2-0.1
gimp => gimp-help-de: Installed: (none) Candidate: 2.8.2-0.1
gimp => gimp-help-el: Installed: (none) Candidate: 2.8.2-0.1
gimp => gimp-help-en: Installed: (none) Candidate: 2.8.2-0.1
gimp => gimp-help-es: Installed: (none) Candidate: 2.8.2-0.1
gimp => gimp-help-fr: Installed: (none) Candidate: 2.8.2-0.1
gimp => gimp-help-it: Installed: (none) Candidate: 2.8.2-0.1
gimp => gimp-help-ja: Installed: (none) Candidate: 2.8.2-0.1
gimp => gimp-help-ko: Installed: (none) Candidate: 2.8.2-0.1
gimp => gimp-help-nl: Installed: (none) Candidate: 2.8.2-0.1
gimp => gimp-help-nn: Installed: (none) Candidate: 2.8.2-0.1
gimp => gimp-help-pt: Installed: (none) Candidate: 2.8.2-0.1
gimp => gimp-help-ru: Installed: (none) Candidate: 2.8.2-0.1
gimp => gimp-help-sl: Installed: (none) Candidate: 2.8.2-0.1
gimp => gimp-help-sv: Installed: (none) Candidate: 2.8.2-0.1
gimp => gimp-plugin-registry: Installed: (none) Candidate: 7.20140602ubuntu3
gimp => xcftools: Installed: (none) Candidate: 1.0.7-6
```
要列出增强所有已安装包的，请运行：
```
$ check-enhancements -ip
autoconf => autoconf-archive: Installed: (none) Candidate: 20170928-2
btrfs-progs => snapper: Installed: (none) Candidate: 0.5.4-3
ca-certificates => ca-cacert: Installed: (none) Candidate: 2011.0523-2
cryptsetup => mandos-client: Installed: (none) Candidate: 1.7.19-1
dpkg => debsig-verify: Installed: (none) Candidate: 0.18
[...]
```
#### 3、 dgrep
顾名思义，`dgrep` 用于根据给定的正则表达式搜索制指定包的所有文件。例如，我将在 Vim 包中搜索包含正则表达式 “text” 的文件。
```
$ sudo dgrep "text" vim
Binary file /usr/bin/vim.tiny matches
/usr/share/doc/vim-tiny/copyright: that they must include this license text. You can also distribute
/usr/share/doc/vim-tiny/copyright: include this license text. You are also allowed to include executables
/usr/share/doc/vim-tiny/copyright: 1) This license text must be included unmodified.
/usr/share/doc/vim-tiny/copyright: text under a) applies to those changes.
/usr/share/doc/vim-tiny/copyright: context diff. You can choose what license to use for new code you
/usr/share/doc/vim-tiny/copyright: context diff will do. The e-mail address to be used is
/usr/share/doc/vim-tiny/copyright: On Debian systems, the complete text of the GPL version 2 license can be
[...]
```