Rank Owner Job File(s) Total Size
1st ian 4 permutation.C 6144 bytes
2nd pat 6 bitlib.h 6144 bytes
3rd pat 7 bitlib.C 6144 bytes
4th ian 9 .bashrc 1024 bytes
```
*列表 4. 使用 lprm 删除打印作业*
注意，用户 pat 不能删除队列中的第一个作业，因为它是用户 ian 的。但是，ian 可以删除他自己的 8 号作业。
另外的可以帮你操作打印队列中的作业的命令是 `lp`。使用它可以去修改作业属性，比如打印数量或者优先级。我们假设用户 ian 希望他的作业 9 在用户 pat 的作业之前打印，并且希望打印两份。作业优先级的默认值是 50，它的优先级范围从最低的 1 到最高的 100 之间。用户 ian 可以使用 `-i`、`-n`、以及 `-q` 选项去指定一个要修改的作业，而新的打印数量和优先级可以如下面的列表 5 所示的那样去修改。注意，使用 `-l` 选项的 `lpq` 命令可以提供更详细的输出。
```
[ian@atticf27 ~]$ lpq
HL-2280DW is not ready
Rank Owner Job File(s) Total Size
1st ian 4 permutation.C 6144 bytes
2nd pat 6 bitlib.h 6144 bytes
3rd pat 7 bitlib.C 6144 bytes
4th ian 9 .bashrc 1024 bytes
[ian@atticf27 ~]$ lp -i 9 -q 60 -n 2
[ian@atticf27 ~]$ lpq
HL-2280DW is not ready
Rank Owner Job File(s) Total Size
1st ian 9 .bashrc 1024 bytes
2nd ian 4 permutation.C 6144 bytes
3rd pat 6 bitlib.h 6144 bytes
4th pat 7 bitlib.C 6144 bytes
```
*列表 5. 使用 lp 去改变打印数量和优先级*
最后，`lpmove` 命令可以允许一个作业从一个队列移动到另一个队列。例如，我们可能因为打印机 HL-2280DW 现在不能使用，而想去移动一个作业到另外的队列上。你可以指定一个作业编号，比如 9，或者你可以用一个队列名加一个连字符去限定它，比如，HL-2280DW-0。`lpmove` 命令的操作要求是授权用户。列表 6 展示了如何去从一个队列移动作业到另外的队列，先是指定打印机和作业 ID 移动，然后是移动指定打印机的所有作业。稍后我们可以去再次检查队列，其中一个作业已经在打印中了。
```
[ian@atticf27 ~]$ lpmove HL-2280DW-9 anyprint
[ian@atticf27 ~]$ lpmove HL-2280DW xp-610
[ian@atticf27 ~]$ lpq -a
Rank Owner Job File(s) Total Size
active ian 9 .bashrc 1024 bytes
1st ian 4 permutation.C 6144 bytes
2nd pat 6 bitlib.h 6144 bytes
3rd pat 7 bitlib.C 6144 bytes
[ian@atticf27 ~]$ # A few minutes later
[ian@atticf27 ~]$ lpq -a
Rank Owner Job File(s) Total Size
active pat 6 bitlib.h 6144 bytes
1st pat 7 bitlib.C 6144 bytes
```
*列表 6. 使用 lpmove 移动作业到另外一个打印队列*
如果你使用的是 CUPS 之外的打印服务器，比如 LPD 或者 LPRng，大多数的队列管理功能是由 `lpc` 命令的子命令来处理的。例如，你可以使用 `lpc topq` 去移动一个作业到队列的顶端。其它的 `lpc` 子命令包括 `disable`、`down`、`enable`、`hold`、`move`、`redirect`、`release`、和 `start`。这些子命令在 CUPS 的兼容命令中没有实现。
#### 打印文件
如何去打印创建的作业？大多数图形界面程序都提供了一个打印方法，通常是 **文件** 菜单下面的选项。这些程序为选择打印机、设置页边距、彩色或者黑白打印、打印数量、选择每张纸打印的页面数（每张纸打印两个页面，通常用于讲义）等等，都提供了图形化的工具。现在，我将为你展示如何使用命令行工具去管理这些功能，然后和图形化实现进行比较。
打印文件最简单的方法是使用 `lpr` 命令，然后提供一个文件名字。这将在默认打印机上打印这个文件。而 `lp` 命令不仅可以打印文件，也可以修改打印作业。列表 7 展示了使用这个命令的一个简单示例。注意，`lpr` 会静默处理这个作业，但是 `lp` 会显示处理后的作业的 ID。
```
[ian@atticf27 ~]$ echo "Print this text" > printexample.txt
[ian@atticf27 ~]$ lpr printexample.txt
[ian@atticf27 ~]$ lp printexample.txt
request id is HL-2280DW-12 (1 file(s))
```
*列表 7. 使用 lpr 和 lp 打印*
表 2 展示了 `lpr` 上你可以使用的一些选项。注意， `lp` 的选项和 `lpr` 的很类似，但是名字可能不一样；例如，`-#` 在 `lpr` 上是相当于 `lp` 的 `-n` 选项。查看 man 页面了解更多的信息。
| 选项 | 作用 |
| --- | --- |
| `-C`， `-J` 或 `-T` | 设置一个作业名字。 |
| `-P` | 选择一个指定的打印机。 |
| `-#` | 指定打印数量。注意这不同于 `lp` 命令的 `-n` 选项。 |
| `-m` | 在作业完成时发送电子邮件。 |
| `-l` | 表示打印文件已经为打印做好格式准备。相当于 `-o raw`。 |
| `-o` | 设置一个作业选项。 |
| `-p` | 格式化一个带有阴影标题的文本文件。相关于 `-o prettyprint`。 |
| `-q` | 暂缓（或排队）后面的打印作业。 |
| `-r` | 在文件进入打印池之后，删除文件。 |
*表 2. lpr 的选项*
列表 8 展示了一些选项。我要求打印之后给我发确认电子邮件，那个作业被暂缓执行，并且在打印之后删除文件。
```
[ian@atticf27 ~]$ lpr -P HL-2280DW -J "Ian's text file" -#2 -m -p -q -r printexample.txt
[[ian@atticf27 ~]$ lpq -l
HL-2280DW is ready
ian: 1st [job 13 localhost]
 2 copies of Ian's text file 1024 bytes
[ian@atticf27 ~]$ ls printexample.txt
ls: cannot access 'printexample.txt': No such file or directory
```
*列表 8. 使用 lpr 打印*
我现在有一个在 HL-2280DW 打印队列上暂缓执行的作业。然后怎么做？`lp` 命令可以通过使用 `-H` 的各种选项来暂缓或者投放作业。列表 9 展示了如何投放被暂缓的作业。查看 `lp` 命令的 man 页面了解其它选项的信息。
```
[ian@atticf27 ~]$ lp -i 13 -H resume
```
*列表 9. 重启一个暂缓的打印作业*
并不是所有的可用打印机都支持相同的选项集。使用 `lpoptions` 命令去查看一个打印机的常用选项。添加 `-l` 选项去显示打印机专用的选项。列表 10 展示了两个示例。许多常见的选项涉及到人像/风景打印、页面大小和输出在纸张上的布局。详细信息查看 man 页面。
```
[ian@atticf27 ~]$ lpoptions -p HL-2280DW
copies=1 device-uri=dnssd://Brother%20HL-2280DW._pdl-datastream._tcp.local/
finishings=3 job-cancel-after=10800 job-hold-until=no-hold job-priority=50
job-sheets=none,none marker-change-time=1517325288 marker-colors=#000000,#000000
marker-levels=-1,92 marker-names='Black\ Toner\ Cartridge,Drum\ Unit'
marker-types=toner,opc number-up=1 printer-commands=none
printer-info='Brother HL-2280DW' printer-is-accepting-jobs=true
printer-is-shared=true printer-is-temporary=false printer-location
printer-make-and-model='Brother HL-2250DN - CUPS+Gutenprint v5.2.13 Simplified'
printer-state=3 printer-state-change-time=1517325288 printer-state-reasons=none
printer-type=135188 printer-uri-supported=ipp://localhost/printers/HL-2280DW
sides=one-sided
[ian@atticf27 ~]$ lpoptions -l -p xp-610
PageSize/Media Size: *Letter Legal Executive Statement A4
ColorModel/Color Model: *Gray Black
InputSlot/Media Source: *Standard ManualAdj Manual MultiPurposeAdj MultiPurpose
UpperAdj Upper LowerAdj Lower LargeCapacityAdj LargeCapacity
StpQuality/Print Quality: None Draft *Standard High
Resolution/Resolution: *301x300dpi 150dpi 300dpi 600dpi
Duplex/2-Sided Printing: *None DuplexNoTumble DuplexTumble
StpiShrinkOutput/Shrink Page If Necessary to Fit Borders: *Shrink Crop Expand
StpColorCorrection/Color Correction: *None Accurate Bright Hue Uncorrected
Desaturated Threshold Density Raw Predithered
StpBrightness/Brightness: 0 100 200 300 400 500 600 700 800 900 *None 1100
1200 1300 1400 1500 1600 1700 1800 1900 2000 Custom.REAL
StpContrast/Contrast: 0 100 200 300 400 500 600 700 800 900 *None 1100 1200
1300 1400 1500 1600 1700 1800 1900 2000 2100 2200 2300 2400 2500 2600 2700
2800 2900 3000 3100 3200 3300 3400 3500 3600 3700 3800 3900 4000 Custom.REAL
StpImageType/Image Type: None Text Graphics *TextGraphics Photo LineArt
```
*列表 10. 检查打印机选项*
大多数的 GUI 应用程序有一个打印对话框，通常你可以使用 **文件 >打印** 菜单去选择它。图 1 展示了在 GIMP 中的一个示例，GIMP 是一个图像处理程序。
![Printing from the GIMP](/data/attachment/album/201804/12/134309leaj62z6p5zfx2pf.jpg)
*图 1. 在 GIMP 中打印*
到目前为止，我们所有的命令都是隐式指向到本地的 CUPS 打印服务器上。你也可以通过指定 `-h` 选项和一个端口号（如果不是 CUPS 的默认端口号 631 的话）将打印转向到另外一个系统上的服务器。
### CUPS 和 CUPS 服务器
CUPS 打印系统的核心是 `cupsd` 打印服务器，它是一个运行的守护进程。CUPS 配置文件一般位于 `/etc/cups/cupsd.conf`。`/etc/cups` 目录也有与 CUPS 相关的其它的配置文件。CUPS 一般在系统初始化期间启动，根据你的发行版不同，它也可能通过位于 `/etc/rc.d/init.d` 或者 `/etc/init.d` 目录中的 CUPS 脚本来控制。对于 最新使用 systemd 来初始化的系统，CUPS 服务脚本可能在 `/usr/lib/systemd/system/cups.service` 中。和大多数使用脚本的服务一样，你可以停止、启动、或者重启守护程序。查看我们的教程：[学习 Linux，101：运行级别、引导目标、关闭、和重启动](https://www.ibm.com/developerworks/library/l-lpic1-101-3/)，了解使用初始化脚本的更多信息。
配置文件 `/etc/cups/cupsd.conf` 包含一些管理参数，比如访问打印系统、是否允许远程打印、本地打印池文件等等。在一些系统上，第二部分单独描述了打印队列，它一般是由配置工具自动生成的。列表 11 展示了一个默认的 `cupsd.conf` 文件中的一些条目。注意，注释是以 `#` 字符开头的。默认值通常以注释的方式显示，并且可以通过删除前面的 `#` 字符去改变默认值。
```
# Only listen for connections from the local machine.
Listen localhost:631
Listen /var/run/cups/cups.sock
# Show shared printers on the local network.
Browsing On
BrowseLocalProtocols dnssd
# Default authentication type, when authentication is required...
DefaultAuthType Basic
# Web interface setting...
WebInterface Yes
# Set the default printer/job policies...
 # Job/subscription privacy...
 JobPrivateAccess default
 JobPrivateValues default
 SubscriptionPrivateAccess default
 SubscriptionPrivateValues default
 # Job-related operations must be done by the owner or an administrator...
 Order deny,allow