```
$ sudo mkfs.ext4 /dev/sdb1
mke2fs 1.43.4 (31-Jan-2017)
Creating filesystem with 2621440 4k blocks and 656640 inodes
Filesystem UUID: 415cf467-634c-4403-8c9f-47526bbaa381
Superblock backups stored on blocks:
    32768, 98304, 163840, 229376, 294912, 819200, 884736, 1605632
Allocating group tables: done
Writing inode tables: done
Creating journal (16384 blocks): done
Writing superblocks and filesystem accounting information: done
```
同样的。
```
$ sudo mkfs.ext4 /dev/sdb2
$ sudo mkfs.ext4 /dev/sdb3
```
创建必要的文件夹然后将这些分区挂载在上面。
```
$ sudo mkdir /par1 /par2 /par3
```
```
$ sudo mount /dev/sdb1 /par1
$ sudo mount /dev/sdb2 /par2
$ sudo mount /dev/sdb3 /par3
```
运行下列命令来检查是否成功挂载上新创建的分区。
```
$ df -h /dev/sdb[1-3]
Filesystem Size Used Avail Use% Mounted on
/dev/sdb1 9.2G 37M 8.6G 1% /par1
/dev/sdb2 9.2G 37M 8.6G 1% /par2
/dev/sdb3 31G 49M 30G 1% /par3
```
### 怎样检查硬盘空闲空间
运行下列命令来检查硬盘上的空闲空间，这块硬盘上有 `25.7 GB` 的空闲空间。
```
$ sudo parted /dev/sdb print free
Model: ATA VBOX HARDDISK (scsi)
Disk /dev/sdb: 53.7GB
Sector size (logical/physical): 512B/512B
Partition Table: msdos
Disk Flags:
Number Start End Size Type File system Flags
 32.3kB 1049kB 1016kB Free Space
 1 1049kB 10.0GB 9999MB primary ext4
 2 10.0GB 20.0GB 9999MB primary ext4
 3 20.0GB 28.0GB 8001MB primary ext4
 28.0GB 53.7GB 25.7GB Free Space
```
### 怎样使用 parted 命令来重新调整分区大小
`parted` 允许用户重新调整分区大小。不过我已在文章的开头说了，不要缩小分区大小，不然会有许多错误。
运行下列命令来检查硬盘分区以及所有可用空间。 可以看到硬盘上有 `25.7GB` 的可用空间。
```
$ sudo parted /dev/sdb print free
Model: ATA VBOX HARDDISK (scsi)
Disk /dev/sdb: 53.7GB
Sector size (logical/physical): 512B/512B
Partition Table: msdos
Disk Flags:
Number Start End Size Type File system Flags
 32.3kB 1049kB 1016kB Free Space
 1 1049kB 10.0GB 9999MB primary ext4
 2 10.0GB 20.0GB 9999MB primary ext4
 3 20.0GB 28.0GB 8001MB primary ext4
 28.0GB 53.7GB 25.7GB Free Space
```
运行下列命令来重新调整分区大小。 我们将要重新调整（增加）分区 3 的结束位置，从 `28GB` 到 `33GB`。
```
$ sudo parted [Disk Name] [resizepart] [Partition Number] [Partition New End Size]
$ sudo parted /dev/sdb resizepart 3 33.0GB
Information: You may need to update /etc/fstab.
```
运行下列命令来确认分区是否已经扩容。可以看到，分区 3 已经从 `8GB` 增加到 `13GB`。
```
$ sudo parted /dev/sdb print
Model: ATA VBOX HARDDISK (scsi)
Disk /dev/sdb: 53.7GB
Sector size (logical/physical): 512B/512B
Partition Table: msdos
Disk Flags:
Number Start End Size Type File system Flags
 1 1049kB 10.0GB 9999MB primary ext4
 2 10.0GB 20.0GB 9999MB primary ext4
 3 20.0GB 33.0GB 13.0GB primary ext4
```
重新调整文件系统大小。
```
$ sudo resize2fs /dev/sdb3
resize2fs 1.43.4 (31-Jan-2017)
Resizing the filesystem on /dev/sdb3 to 3173952 (4k) blocks.
The filesystem on /dev/sdb3 is now 3173952 (4k) blocks long.
```
最后，确认分区是否已经扩容。
```
$ df -h /dev/sdb[1-3]
Filesystem Size Used Avail Use% Mounted on
/dev/sdb1 9.2G 5.1G 3.6G 59% /par1
/dev/sdb2 9.2G 2.1G 6.6G 24% /par2
/dev/sdb3 12G 1.1G 11G 10% /par3
```
### 怎样用 parted 删除分区
我们用 `rm` 命令方便地删除未使用的分区（如果该分区不会再被用到了）。下列步骤中，我们将会删除分区 3 （`/dev/sdb3`）。
```
$ sudo parted [Disk Name] [rm] [Partition Number]
$ sudo parted /dev/sdb rm 3
Warning: Partition /dev/sdb3 is being used. Are you sure you want to continue?
Yes/No? Yes
Error: Partition(s) 3 on /dev/sdb have been written, but we have been unable to inform the kernel of the change, probably because it/they are in use. As a result, the old partition(s) will remain in use.
You should reboot now before making further changes.
Ignore/Cancel? Ignore
Information: You may need to update /etc/fstab.
```
我们也可以用下列的命令检查。可以看到，分区 3 已经被成功移除。
```
$ sudo parted /dev/sdb print
Model: ATA VBOX HARDDISK (scsi)
Disk /dev/sdb: 53.7GB
Sector size (logical/physical): 512B/512B
Partition Table: msdos
Disk Flags:
Number Start End Size Type File system Flags
 1 1049kB 10.0GB 9999MB primary ext4
 2 10.0GB 20.0GB 9999MB primary ext4
```
### 怎样用 parted 命令设置/更改分区标志
我们可以用下列的命令来轻易更改分区的标志。 我们将对 `/dev/sdb2` 设置 `lvm` 标志。
```
$ sudo parted [Disk Name] [set] [Partition Number] [Flags Name] [Flag On/Off]
$ sudo parted /dev/sdb set 2 lvm on
Information: You may need to update /etc/fstab.
```
我们可以列出分区来验证这次的更改。
```
$ sudo parted /dev/sdb print
Model: ATA VBOX HARDDISK (scsi)
Disk /dev/sdb: 53.7GB
Sector size (logical/physical): 512B/512B
Partition Table: msdos
Disk Flags:
Number Start End Size Type File system Flags
 1 1049kB 10.0GB 9999MB primary ext4
 2 10.0GB 20.0GB 9999MB primary ext4 lvm
```
如果你想知道可用的标志，只需要用如下的命令。
```
$ (parted) help set
 set NUMBER FLAG STATE change the FLAG on partition NUMBER
    NUMBER is the partition number used by Linux. On MS-DOS disk labels, the primary partitions number from 1 to 4, logical partitions from 5 onwards.
 FLAG is one of: boot, root, swap, hidden, raid, lvm, lba, hp-service, palo, prep, msftres, bios_grub, atvrecv, diag, legacy_boot, msftdata, irst, esp
 STATE is one of: on, off
```
如果你想知道 `parted` 的其它可用命令， 只需要去到 `help` 页面。
```
$ sudo parted
GNU parted 3.2
Using /dev/sda
Welcome to GNU parted! Type 'help' to view a list of commands.
(parted) help
 align-check TYPE N check partition N for TYPE(min|opt) alignment
 help [COMMAND] print general help, or help on COMMAND
 mklabel,mktable LABEL-TYPE create a new disklabel (partition table)
 mkpart PART-TYPE [FS-TYPE] START END make a partition
 name NUMBER NAME name partition NUMBER as NAME
 print [devices|free|list,all|NUMBER] display the partition table, available devices, free space, all found partitions, or a particular partition
 quit exit program
 rescue START END rescue a lost partition near START and END
 resizepart NUMBER END resize partition NUMBER
 rm NUMBER delete partition NUMBER
 select DEVICE choose the device to edit
 disk_set FLAG STATE change the FLAG on selected device
 disk_toggle [FLAG] toggle the state of FLAG on selected device
 set NUMBER FLAG STATE change the FLAG on partition NUMBER
 toggle [NUMBER [FLAG]] toggle the state of FLAG on partition NUMBER
 unit UNIT set the default unit to UNIT
 version display the version number and copyright information of GNU parted
(parted) quit
```
---
via: 
作者：[Magesh Maruthamuthu](https://www.2daygeek.com/author/magesh/) 译者：[zyk2290](https://github.com/zyk2290) 校对：[wxy](https://github.com/wxy)
本文由 [LCTT](https://github.com/LCTT/TranslateProject) 原创编译，[Linux中国](https://linux.cn/) 荣誉推出