```
$ sudo parted -l
Model: ATA ST3500418AS (scsi)
Disk /dev/sda: 500GB
Sector size (logical/physical): 512B/512B
Partition Table: msdos
Number  Start   End     Size    Type      File system     Flags
 1      32.3kB  75.2GB  75.2GB  primary   ntfs            boot
 2      75.2GB  500GB   425GB   extended                  lba
 5      75.2GB  180GB   105GB   logical   ntfs
 6      180GB   285GB   105GB   logical   ext4
 7      285GB   287GB   2047MB  logical   linux-swap(v1)
 8      287GB   500GB   213GB   logical   ext4
Model: Sony Storage Media (scsi)
Disk /dev/sdb: 4049MB
Sector size (logical/physical): 512B/512B
Partition Table: msdos
Number  Start   End     Size    Type     File system  Flags
 1      1049kB  4049MB  4048MB  primary  fat32        boot
```
### 5. df
Df是不是一个分区工具，但它打印出挂装文件系统的细节，Df可以列出甚至不是真实的磁盘分区的文件系统。
这里是个简单的例子：
```
$ df -h
Filesystem      Size  Used Avail Use% Mounted on
/dev/sda6        97G   43G   49G  48% /
none            4.0K     0  4.0K   0% /sys/fs/cgroup
udev            3.9G  8.0K  3.9G   1% /dev
tmpfs           799M  1.7M  797M   1% /run
none            5.0M     0  5.0M   0% /run/lock
none            3.9G   12M  3.9G   1% /run/shm
none            100M   20K  100M   1% /run/user
/dev/sda8       196G  154G   33G  83% /media/13f35f59-f023-4d98-b06f-9dfaebefd6c1
/dev/sda5        98G   37G   62G  38% /media/4668484A68483B47
```
只有以 /dev 开始的文件系统才是实际的设备或分区。
可以使用grep命令来筛选出实际的硬盘分区或文件系统。
```
$ df -h | grep ^/dev
/dev/sda6        97G   43G   49G  48% /
/dev/sda8       196G  154G   33G  83% /media/13f35f59-f023-4d98-b06f-9dfaebefd6c1
/dev/sda5        98G   37G   62G  38% /media/4668484A68483B47
```
要只显示真正的磁盘分区与分区类型，可以这样使用Df：
```
$ df -h --output=source,fstype,size,used,avail,pcent,target -x tmpfs -x devtmpfs
Filesystem     Type     Size  Used Avail Use% Mounted on
/dev/sda6      ext4      97G   43G   49G  48% /
/dev/sda8      ext4     196G  154G   33G  83% /media/13f35f59-f023-4d98-b06f-9dfaebefd6c1
/dev/sda5      fuseblk   98G   37G   62G  38% /media/4668484A68483B47
```
请注意，Df只显示已挂载的文件系统或分区，并不是所有。
### 6. pydf
它是用Python写的Df的改进版本，以易读的方式打印出所有磁盘分区。
```
$ pydf
Filesystem Size Used Avail Use%             Mounted on                                 
/dev/sda6   96G  43G   48G 44.7 [####.....] /                                          
/dev/sda8  195G 153G   32G 78.4 [#######..] /media/13f35f59-f023-4d98-b06f-9dfaebefd6c1
/dev/sda5   98G  36G   61G 37.1 [###......] /media/4668484A68483B47
```
另外，pydf被限制为仅显示已挂载的文件系统。
### 7. lsblk
列出了所有的块存储设备，包括磁盘分区和光盘驱动器。细节包括所有分区/块总大小和挂载点。
它不会报告分区上的已使用和空闲磁盘空间。
```
$ lsblk
NAME   MAJ:MIN RM   SIZE RO TYPE MOUNTPOINT
sda      8:0    0 465.8G  0 disk 
├─sda1   8:1    0    70G  0 part 
├─sda2   8:2    0     1K  0 part 
├─sda5   8:5    0  97.7G  0 part /media/4668484A68483B47
├─sda6   8:6    0  97.7G  0 part /
├─sda7   8:7    0   1.9G  0 part [SWAP]
└─sda8   8:8    0 198.5G  0 part /media/13f35f59-f023-4d98-b06f-9dfaebefd6c1
sdb      8:16   1   3.8G  0 disk 
└─sdb1   8:17   1   3.8G  0 part 
sr0     11:0    1  1024M  0 rom
```
如果没有挂载点，这就意味着文件系统未安装，而对于cd/dvd这意味着没有插入光盘。
lsblk能够显示每个设备的更多信息，如标签和型号，更多请查看信息手册。
### 8. blkid
显示块设备（分区和存储介质）属性，例如UUID和文件系统类型，不报告分区空间。
```
$ sudo blkid
/dev/sda1: UUID="5E38BE8B38BE6227" TYPE="ntfs" 
/dev/sda5: UUID="4668484A68483B47" TYPE="ntfs" 
/dev/sda6: UUID="6fa5a72a-ba26-4588-a103-74bb6b33a763" TYPE="ext4" 
/dev/sda7: UUID="94443023-34a1-4428-8f65-2fb02e571dae" TYPE="swap" 
/dev/sda8: UUID="13f35f59-f023-4d98-b06f-9dfaebefd6c1" TYPE="ext4" 
/dev/sdb1: UUID="08D1-8024" TYPE="vfat"
```
### 9. hwinfo
hwinfo是一个通用的硬件信息的工具，可以用来打印出磁盘和分区表，但是输出不再像上面的命令那样打印每个分区的详细信息。
```
$ hwinfo --block --short
disk:                                                           
  /dev/sda             ST3500418AS
  /dev/sdb             Sony Storage Media
partition:
  /dev/sda1            Partition
  /dev/sda2            Partition
  /dev/sda5            Partition
  /dev/sda6            Partition
  /dev/sda7            Partition
  /dev/sda8            Partition
  /dev/sdb1            Partition
cdrom:
  /dev/sr0             SONY DVD RW DRU-190A
```
### 总结
parted的输出可以得到简洁而完整的不同分区的概述、其上的文件系统以及总空间。pydf和df它们一样，只是被限制为只显示已挂载文件系统。
fdisk和sfdisk显示完整大量的信息，需要花些时间来解释。cfdisk是一个交互式分区工具，每次显示一个单一的设备。
来尝试下这些命令吧，别忘了在下面评论哟！
（题图来源：http://freegraphicdownload.com/）
---
via: 
译者：[tenght](https://github.com/tenght) 校对：[Caroline](https://github.com/carolinewuyan)
本文由 [LCTT](https://github.com/LCTT/TranslateProject) 原创翻译，[Linux中国](http://linux.cn/) 荣誉推出