[root@centos6 mysql-5.6.11]#echo"/usr/local/mysql/1ib">> /etc/1d.so.conf
[root@centos6 mysql-5.6.11]#chkconfig mysqld on
[root@centos6 mysql-5.6.11]# service mysqld start
>/etc/init.d/mysqld
[root@centos6 mysql-5.6.11]# cp /usr/local/mysql/support-files/mysql.server \
>--basedir=/usr/local/mysql/--datadir=/usr/local/mysql/data
ss#]
[root@centos6 mysql-5.6.11]# chown -R mysql.mysql /usr/local/mysql
#o]
[root@centos6 mysql-5.6.11]# cd /usr/src/mysql-5.6.11/
安装MySQL数据库系统（具体的安装说明见4.11.12节）：
[root@centos6 httpd-2.4.4]#make &&make install
[root@centos6 apr-util-1.5.2]#make && make install
安装ApacheHTTP Server 软件（具体的安装说明见4.9.2节）：
[PI:EMAIL]#chkconfig--addmysqld
[PI:EMAIL]#cp/usr/1ocal/mysql/my.cnf/etc/my.cnf
[PI:EMAIL]#make&&makeinstall
[PI:EMAIL]#cmake.-DENABLE_DOWNLOADS=1
[root@centos6 apr-uti1-1.5.2]#cd/usr/src/httpd-2.4.4/
[root@centos6 apr-util-1.5.2]#./configure
[root@centos6 apr-1.4.6]# cd /usr/src/apr-util-1.5.2/
[root@centos6apr-1.4.6]#make &&make install
[root@centos6apr-1.4.6]#./configure
[root@centos6~]#cd/usr/src/apr-1.4.6/
>zlib-devel1ibtool-ltdl-devel 1ibtool flex
>pcrepcre-devel openssl openssl-devel ncurses-devel libxml2-devel bison\
安装依赖包：
--with-apr=/usr/local/apr/
[root@centos6
[root@centos6~]# tar
-xzf mysql-5.6.11.tar.gz -C/usr/src/
--with-apr=/usr/local/apr/
---
## Page 309
指令将读取httpd-vhosts.conf文件的内容作为主配置文件的一部分。
页为index.php，去除主配置文件Include conf/extra/httpd-vhosts.conf指令前的“#”符号。Include
加载模块并设置文件类型：
MySQL数据库中为论坛创建论坛数据库，并创建数据库管理账户及密码：
读者需要根据自己的实际情况使用自己的IP地址。
其次，修改虚拟主机配置文件 httpd-vhosts.conf 的内容如下：
[root@centos6 ~]# vim/usr/local/apache2/conf/extra/httpd-vhosts.conf
首先，修改Apache主配置文件，通过DirectoryIndex index.php index.html指令设置默认首
3．初始化论坛系统
[root@client ~]#firefox http://124.126.181.119/index.php
测试（服务器生成PHP测试页面，客户端通过IP地址“访问测试页面）：
AddType application/x-httpd-php.php
LoadModulephp5_modulemodules/libphp5.so
修改Apache主配置文件httpd.conf以确保该文件中有如下两条指令，这两条指令的功能是
[root@centos6 php-5.4.14] # cp php.ini-development /usr/local/php5/1ib/php.ini
[root@centos6 mysql-5.6.11]# cd /usr/src/php-5.4.14/
安装PHP程序：
mysql>exit
mysql> GRANT ALL ON bbs.* TO 'bbs_admin'@'localhost' IDENTIFIED BY 'admin123';
>--enable-mbstring
>--with-mysql=/usr/local/mysql/\
x#
mysql> create database bbs;
[PI:EMAIL]#makeinstall
[PI:EMAIL]#make
>--enable-sockets
[root@centos6~]#/usr/local/mysql/bin/mysql-uroot
--with-apxs2=/usr/local/apache2/bin/apxs\
ServerAdmin PI:EMAIL
DocumentRoot
"/usr/local/apache2/htdocs/bbs"
第4章搭建网络服务
293
---
## Page 310
密码为论坛管理员密码。
码信息，因此，需要提前在MySQL数据库系统中创建相应的数据库及账户密码信息，管理员
问题后才可以继续完成下面的操作。图4-24需要填写数据库信息，包括数据库名称、账户及密
空间、文件及目录权限，检查没有问题会显示对钩，有问题的项目则被标记为×，只有修复了
图4-24展示了整个初始化的全部过程。其中，图4-22为安装环境检查，包括PHP版本、磁盘
本书选择的版本为Discuz!X2.5，下载后解压将upload中的文件上传至bbs目录。
Linux运维之道
294
接下来，需要从http://www.comsenz.com/downloads/install/discuzx中下载Discuz!软件包，
最后，客户端通过浏览器访问http://bbs.example.com/install/，完成初始化操作，图4-21至
[root@centos6 ~]# /usr/local/apache2/bin/apachectl restart
[root@centos6~]#mkdir/usr/src/discus
[root@centos6~]#mkdir-p/usr/local/apache2/htdocs/bbs/logs
CustomLog "logs/bbs.example.com-access_log" common
ErrorLog "logs/bbs.example.com-error_log"
root@centos6
root@centos6
[root@centos6
root@centos6
root@centos6
[root@centos6~]#
[root@centos6~]#unzip/root/Discuz_x2.5_sC_uTF8.zip-d/usr/src/discuz/
ServerNamebbs.example.com
~]#
~]#
~]#c
#[~
Discuz!安装向导
事谢您所揭康有产品，若望我们的多力能为偿提供一真为快速，离大的站点解大方案，和蛋大的社区论标解关方
版权所有（c）2001-2012、北京康盛新创科技有限委任公司保留所有权利。
iptables-I INPUT-p tcp--dport 80-jACCEPT
chmod-R777/usr/local/apache2/htdocs/bbs/uc_server/data/
chmod-R777/usr/1ocal/apache2/htdocs/bbs/uc_client/data/cache/
chmod-R777/usr/1ocal/apache2/htdocs/bbs/{config/,data/}
cp-r/usr/src/discuz/upload/*/usr/local/apache2/htdocs/bbs/
中文版授权协议适用于中文用户
我冠我不同球
图4-21
均需
DisCuziXZ.5简体中文UTF820130426
包括免除
---
## Page 311
Discuz!安装向导
仅安装Discuz!x（手I指定已经安装的UCenter Server）
全新安装Discuz1X（含UCenter Server)
不境检查
检查安装环锁
上步下步
所配居
acob
bs.
in123
admi
安装数据库
设证运行环境
设
开始安装
发置运行环埃
图4-24
图4-23
设置运行环境
图4-22
创建数据库
1X2.5
简体中文
UTF8
版
201
第4章搭建网络服务
295
---
## Page 312
效果。
可以将论坛设置为与图4-26类似的
建多个板块内容。
区加板块的设计，
合并及分类信息设置，板块结构为分
用户、推荐关注及好友等设置。
禁止用户、禁止IP、积分奖惩、审核
册与图片管理等设置。
语言过滤、帖子优化、
主题管理、批量删帖、批量群组管理、
置。
论坛积分、防灌水、上传及水印等设置。
入后台管理界面，后台整体菜单如图4-25所示。
内容、用户等设置。登录论坛首页后单击右上角的管理中心，输入管理员账户及密码后即可进
录论坛首页，首次登录仅包含一个默认板块。
进行多次初始化操作。此时客户端通过浏览器访问论坛域名：http://bbs.example.com/，即可登
Linux运维之道
通过后台管理界面的设置，我们
296
论坛菜单：包括板块管理、板块
用户菜单：包括用户组、管理组、
内容菜单：包括发帖审核、论坛
界面菜单：包括论坛首页、导航栏、站点风格、论坛表情管理、提示消息及弹出消息等设
全局菜单：包括站点信息、论坛注册与访问控制、站点功能、性能及SEO优化、用户权限、
论坛初始化完成后，并没有具体板块的内容，管理员可以登录后台进行一些全局、板块、
完成以上初始化操作后，一定要将/usr/local/apache2/htdocs/bbs/instal/index.php删除，防止
4.论坛系统设置
一个分区下可以创
日志管理、相
Discuz!
技术交流
图4-25
康注：cushiux
服集（）
python）·两种语言应用万法文练及学习板块
图4-26
---
## Page 313
机站点如下。
初始化博客系统即可，具体步骤如下。
代码，集中精力做好网站的内容。
平台，但更多的是应用于个性化的博客。针对博客的应用，WordPress能让您省略后台复杂的
的开源软件，但其价值无法用金钱来衡量。使用WordPress可以搭建功能强大的网络信息发布
要特色。
WordPress是一个注重美学、易用性和网络标准的个人信息发布平台。WordPress 虽为免费
4.12.2
部署WordPress博客系统非常简单，
2.下载WordPress 并上传至Apache 虚拟站点目录
CustomLog "logs/bbs.example.com-access_log" common
ErrorLog "logs/bbs.example.com-error_log"
[root@centos6 ~]#vim/usr/local/apache2/conf/extra/httpd-vhosts.conf
延续上面论坛的案例，继续修改虚拟主机配置文件httpd-vhosts.conf 内容，添加博客虚拟主
下面是引用WordPress 官网的一段简介，这段简介精练地描述了什么是WordPress 及其主
[root@centos6 ~]# wget http://cn.wordpress.org/wordpress-3.5.1-zh_cN.zip
[root@centos6 ~]#/usr/local/apache2/bin/apachectl restart
ErrorLog"logs/blog.example.com-error_log"
．添加虚拟主机
ServerName blog.example.com
DocumentRoot "/usr/local/apache2/htdocs/blog"
ServerAdmin PI:EMAIL
ServerName bbs.example.com
DocumentRoot "/usr/local/apache2/htdocs/bbs"
ServerAdmin PI:EMAIL
博客系统应用案例
，在论坛案例的基础上额外添加一个Apache 虚拟站点，
第4章搭建网络服务
297
---
## Page 314
后为博客系统起名、设置管理员账户密码及电子邮件即可，效果如图4-30所示。
示，通过图4-29进行数据库初始化设置，要求输入正确的数据库名称、账户与密码等信息，最
可以自动创建该文件，但默认配置文件中的数据库信息往往与实际不符，提示信息如图4-28所
Linux运维之道
298
初始化过程比较简单，图4-27提示默认没有博客配置文件，通过创建配置文件按钮，系统
4.初始化博客系统
mysql> exit
mysql> GRANT ALL ON blog.* TO 'blog_admin'@'localhost' IDENTIFIED BY 'admin123';
3.创建博客系统数据库及账户密码
mysql>create databaseblog;
-oox-s//s/o/xs #[9soo]
[root@centos6~]#chown -Rdaemon/usr/local/apache2/htdocs/blog
[root@centos6~]#unzip wordpress-3.5.1-zh_cN.zip -d/usr/src/
入
这些信息应由您的主机服务提供商提供。如果您不清楚，请联系他们。准备好了的话.
欢迎使用WordPres。在开始前，我们需要您数据库的一些信息。请准备好如下信息。
现在就开始！
创建配置文件
需要帮助？没问题！
似乎wp-config.php文件不存在。WordPress需要这个文件方可正常工作。
。
（tableprefix，特别是当您要在—个数据库中安装多个MordPress时）
图4-28
图4-27
---
## Page 315
浏览博客首页，通过首页的登录链接即可以进入后台管理界面，如图4-31所示。
5
后台管理
安装WordPress
隐私
您的电子邮件
用户名
站点标题
您需要填写一些基本信息。无需担心填错，这些信息以后可以再次修改。
需要信息
不错。您完成了安装过程中重要的一步，
表前级
数据库主机
进行安装
提交
密码
用户名
数据库名
下方填写您的数据库连接信息。如果您不确定，请联系您的服务提供商。
允许搜索引擎对本站点进行索引。
请仔细检查电子都件地址后再缝。
用户名只能包含字母，数字，空格、下划线，连字符（一），句号和符号，
admin
wP.
localhost
blog
blog
admin
强度评估
WORDPRESS
图4-30
现在已经可以连接数据库了。如果您准备好了的话，现在就
图4-29
如果你希望有同一数据库安装多个
及其密码
您的WSQL用户名
将WordPress安装到哪个数据库？
使用大小写字母，数半和符号。例知！
第4章
搭建网络服务
管理后台
299
---
## Page 316
客户端即可在互联网的任意位置访问该博客系统，客户端访问效果如图4-32所示。
台对网站主题、页面进行简单调整后，整体博客平台已经完成，通过设置相应的DNS 记录后，
丰富的插件功能，通过使用插件可以实现博客流量监控、SEO优化、反垃圾留言等功能。在后
主要包括博客文章、网站页面、评论、外观、插件、用户等管理功能。WordPress 的优势在于其
Linux运维之道
300
页面
多保体
新建页
新有页面
用户
外
文章
仪表盘
丁丁历险
丁丁历险
+新建
示例页面
批里操作应用显示所有日期筛选
全部1已发布）
页面颈建页面
批里操作应用
标题
口
标题
图4-32
图4-31
---
## Page 317
RRDTool使用SNMP收集被监控节点的数据，这些数据被存储在rrd数据库文件中，最终根据
可以是路由、交换、服务器、应用程序)，所有的Cacti管理数据被存储在MySQL 数据表中，
访问Cacti，通过Cacti管理界面设置定义图表、模板、账户以及被监控节点信息（被监控节点
个用户可以独立管理与维护自己的监控设备。图5-1为Cacti的监控原理图，管理员通过浏览器
监控主机的性能图表。Cacti内置的用户管理工具可以创建多个用户并赋予不同的操作权限，每
绘制图形报表。利用Cacti，我们不必关心RRDTool底层操作就可以通过Web页面直接查看被
代码驱动，通过SNMP获得被监控主机的数据信息，使用RRDTooI存储数据，并根据这些数据
可以自动收集服务器数据并将所有的数据进行汇总查看的工具软件，最好还可以将搜集到的数
也会越来越大，如果人为地逐个查看每台服务器运行状态肯定是不可行的，此时我们需要一款
5.1
系统监控
5.1.1简介
当公司服务器愈来愈多，规模越来越大时，运维人员了解每台服务器运行状态的工作压力
Cacti监控系统
---
## Page 318
。
骤如下。
配置文件。Im_sensors 软件可以帮助我们监控硬件信息（如CPU的工作电压等数据），具体步
此，被监控端Web1与Web2服务器都需要安装net-snmp以及依赖包lm_sensors，并设置SNMP
页面，在Cacti提供的Web管理界面中查看Webl以及Web2服务器的性能图表。
服务器。案例环境中，管理员从ofice_pc这台计算机上通过浏览器访问Cacti服务器提供的Web
数据生成图表显示在Cacti管理界面中。
Linux运维之道
302
5.1.2
Cacti监控其他主机是通过简单的网络管理协议（SNMP）收集被监控端的数据信息的，因