```
# free -t
             total       used       free     shared    buffers     cached
Mem:      32869744   25434276    7435468          0     412032   23361716
-/+ buffers/cache:    1660528   31209216
Swap:      4095992          0    4095992
Total:    36965736   27094804   42740676
```
### 按延迟运行 free 命令以便更好的统计
默认情况下， `free` 命令只会显示一次统计输出，这是不足够进一步排除故障的，所以，可以通过添加延迟（延迟是指在几秒后再次更新）来定期统计内存活动。如果你想以两秒的延迟运行 `free` 命令，可以使用下面的命令（如果你想要更多的延迟，你可以按照你的意愿更改数值）。
下面的命令将会每 2 秒运行一次直到你退出：
```
# free -s 2
             total       used       free     shared    buffers     cached
Mem:      32849392   25935844    6913548        188     182424   24632796
-/+ buffers/cache:    1120624   31728768
Swap:     20970492          0   20970492
             total       used       free     shared    buffers     cached
Mem:      32849392   25935288    6914104        188     182424   24632796
-/+ buffers/cache:    1120068   31729324
Swap:     20970492          0   20970492
             total       used       free     shared    buffers     cached
Mem:      32849392   25934968    6914424        188     182424   24632796
-/+ buffers/cache:    1119748   31729644
Swap:     20970492          0   20970492
```
### 按延迟和具体次数运行 free 命令
另外，你可以按延迟和具体次数运行 `free` 命令，一旦达到某个次数，便自动退出。
下面的命令将会每 2 秒运行一次 free 命令，计数 5 次以后自动退出。
```
# free -s 2 -c 5
             total       used       free     shared    buffers     cached
Mem:      32849392   25931052    6918340        188     182424   24632796
-/+ buffers/cache:    1115832   31733560
Swap:     20970492          0   20970492
             total       used       free     shared    buffers     cached
Mem:      32849392   25931192    6918200        188     182424   24632796
-/+ buffers/cache:    1115972   31733420
Swap:     20970492          0   20970492
             total       used       free     shared    buffers     cached
Mem:      32849392   25931348    6918044        188     182424   24632796
-/+ buffers/cache:    1116128   31733264
Swap:     20970492          0   20970492
             total       used       free     shared    buffers     cached
Mem:      32849392   25931316    6918076        188     182424   24632796
-/+ buffers/cache:    1116096   31733296
Swap:     20970492          0   20970492
             total       used       free     shared    buffers     cached
Mem:      32849392   25931308    6918084        188     182424   24632796
-/+ buffers/cache:    1116088   31733304
Swap:     20970492          0   20970492
```
### 人类可读格式
为了以人类可读的格式输出，在 `free` 命令的后面加上 `-h` 选项，和其他选项比如 `-m` 和 `-g` 相比，这将会更人性化输出（自动使用 GB 和 MB 单位）。
```
# free -h
              total        used        free      shared  buff/cache   available
Mem:           2.0G        1.6G        138M         20M        188M        161M
Swap:          2.0G        1.8G        249M
```
### 取消缓冲区和缓存内存输出
默认情况下，缓冲/缓存内存是同时输出的。为了取消缓冲和缓存内存的输出，可以在 `free` 命令后面加上 `-w` 选项。（该选项在版本 3.3.12 上可用）
注意比较上面有缓冲/缓存的输出。
```
# free -wh
              total        used        free      shared     buffers       cache   available
Mem:           2.0G        1.6G        137M         20M        8.1M        183M        163M
Swap:          2.0G        1.8G        249M
```
### 显示最低和最高的内存统计
默认情况下， `free` 命令不会显示最低和最高的内存统计。为了显示最低和最高的内存统计，在 free 命令后面加上 `-l` 选项。
```
# free -l
             total       used       free     shared    buffers     cached
Mem:      32849392   25931336    6918056        188     182424   24632808
Low:      32849392   25931336    6918056
High:            0          0          0
-/+ buffers/cache:    1116104   31733288
Swap:     20970492          0   20970492
```
### 阅读关于 free 命令的更过信息
如果你想了解 free 命令的更多可用选项，只需查看其 [man 手册](https://linux.cn/man/man1/free.1.html)。
```
# free --help
or
# man free
```
---
via: 
作者：[MAGESH MARUTHAMUTHU](http://www.2daygeek.com/author/magesh/) 译者：[ucasFL](https://github.com/ucasFL) 校对：[wxy](https://github.com/wxy)
本文由 [LCTT](https://github.com/LCTT/TranslateProject) 原创编译，[Linux中国](https://linux.cn/) 荣誉推出