#查看IPVS版本
#显示当前加载的模块并过滤ip_vS
#加载ip_vs模块
---
## Page 421
件包，这里使用yum方式安装该软件。
二进制数据及源码包的下载链接。CentOS6.3系统的安装光盘中也自带了Squid的RPM格式软
自定义的方式安装Squid。Squid的官方网站（http://www.squid-cache.org/Versions/）提供了所有
带的软件包管理器来维护二进制软件包。另外，Squid还为我们提供了源码包，这种方式允许以
运行Squid最快速的方式，每种操作系统都有自己特定的软件包管理器，我们可以使用系统自
代理服务器将直接从本地缓存中提取数据返回给客户端。
返回给客户端，同时将页面缓存在本地内存及硬盘中，当下次客户端再有相同的数据请求时，
Real Server（真实服务器），Real Server将响应数据返回给代理服务器，代理服务器将响应数据
返回给用户的数据不是过时的数据，所以我们需要根据实际情况不定期地清空缓存数据。
内存及硬盘要求比较高，更大的内存及硬盘意味着更多的缓存及更高的缓存命中率。Squid确保
以运行在各种系统平台上，包括Windows。Squid会将页面缓存在内存及硬盘中，所以Squid对
面实现降低带宽占用并优化页面响应时间。此外，Squid还具有强大的访问控制功能。Squid可
8.3
8.3.2安装Squid服务
8.3.1Squid 简介
Squid在大多数操作系统平台下都有特定的二进制软件包，采用二进制软件包安装是部署及
Squid 代码请求流程为：客户端访问 Squid 代理服务器，由代理服务器代表客户访问后端
[root@squid ~]#service squid start
[root@squid~]#yum-y install squid
Apacheab、httperf、jmeter等软件都可以进行压力测试。
（6）对客户端进行大量压力测试的软件如下。
（5）如何设置当客户端访问服务器VIP的任意端口都可以被调度至后端Real Server:
Squid代理服务器
x- #]
第8章集群及高可用
405
---
## Page 422
响应数据。
理服务器。而此时的代理服务器则代表后端真实服务器，用户感觉不到自己是在访问代理服
京地区的Squid代理服务器，上海地区的用户请求DNS解析的结果则是上海地区的Squid代
返回给客户端，例如，当北京地区的客户请求DNS解析时，DNS服务器将解析的结果指向北
网络）框架。通过DNS的视图功能，我们可以为来自不同地区的DNS请求解析不同的结果
关进行部署，所有的操作均由管理员在网关服务器及代理服务器进行设置，这些对用户是透明
器的设置，而透明代理对用户是透明的，不需要终端用户进行特殊设置。透明代理需要结合网
此模型下,Squid主要负责提供缓存加速及访问控制的功能。正向代理是对用户的一种代理操作。
接 Intermnet 的接口。所有的客户端通过设置代理服务器连接至 Squid，通过Squid 代理上网。在
上，目前的解决方案是通过一个统一的网络接口连接Intermet。而Squid就可以提供这么一个连
图8-6所示，由于目前IP地址稀缺，企业内部成百上千台计算机不可能同时都直接连接到Internet
代理服务器。
Linux运维之道
正向代理服务器主要应用于内部网络希望访问外部网络时缓存页面数据，正向代理结构如
8.3.3常见代理服务器类型
406
透明代理与传统的正向代理类似，区别在于传统的正向代理需要每个客户端进行代理服务
代理服务器有多种类型，一般意义上常分为标准正向代理服务器、透明代理服务器、反向
反向代理结构如图8-7所示，反向代理结合智能DNS即可以实现基本的CDN（内容分发
图8-6
Internet
---
## Page 423
表8-5
多，表8-5给出了Squid主要的配置语句及相关说明。
指令及配置选项构成，配置文件使用#符号作为注释。Squid支持的功能丰富，配置语句也非常
http_access
acl
access_log
cache_dir
http_port
8.3.4
使用YUM方式安装Squid 时，默认的配置文件为/etc/squid/squid.conf。该配置文件由配置
配置项
配置文件解析
http_access allow localnet
访问控制，允许使用ACL指令定义的localnet效果如下：
192.168.0.0/24
192.168.0.0/255.255.255.0，设置名称为loclnet 的ACL列表，控制对象为源地址网段
定义访问控制列表（ACL）对象，可以控制源地址、端口、时间等，如acllocalnet src
设置日志路径及日志格式，如access_log/var/log/squid/accesslogcombined
录个数，用于分类分层管理缓存数据
缓存路径为/usr/local/squid/var/cache，100代表存储容量，单位为MB，16及256代表子目
cache_dirufs/usr/local/squid/var/cache10016256
设置缓存存储位置及大小，配置文件中可以使用多个cache_dir设置多个存储位置。
vhost参数实现反向代理功能
动Squid，ISP一般使用8080端口。
设置Squid监听的网络端口，默认为3128端口。使用低于1024端口时，需要使用root启
Internet
图8-7
---_Squid_
pinbs
Squid
描述
O
O
第8章集群及高可用
407
---
## Page 424
再结合DNS服务器的视图功能（智能DNS），就可以为企业提供强大而稳定的CDN系统。
存可以更快地为客户端提供服务。如果图8-8的拓扑被部署在全国范围内，使用多个反向代理
置见表8-6。本例中，我们利用Squid强大的代理缓存技术来提高并发访问的快速响应，通过缓
响应数据包返回给客户端，否则代理服务器转发客户请求给后端真实源服务器。服务器网络配
域名解析为反向代理服务器的IP地址，代理服务器首先检查本地是否有缓存，如果有则直接将
visible_hostname
Linux运维之道
8.3.5Squid应用案例
cache_peer
408
配置Squid实现反向代理，结构如图8-8所示。终端用户请求Web服务时，DNS将请求的
配置项
设置主机名，默认 Squid将自动检测系统主机名
option（选项）有以下可选值：
icp-port指定ICP端口号；
http-port 指定邻居http端口号：
type类型为父亲（parent）、兄弟（sibling）、广播（multicast）;
hostname为邻居的主机名或IP；
cache_peerhostname typehttp-porticp-port[option]
cache_peer用来设置可以连接的其他代理服务器，其格式如下：
为：父子和兄弟。
Squid支持在一组代理之间进行缓存请求转发，组内的成员代理之间称为邻居，邻居关系分
originserver 设置邻居为源真实服务器，做反向代理使用
max-conn=n设置连接邻居Cache的并发量
round-robin仅在设置两个以上父Cache才有效，可以实现轮询的负载均衡
ttl=n该选项仅对广播邻居有效，设置广播TTL值
weight-n设置服务器权重
proxy-only实现不缓存来自邻居的任何响应
图8-8
Squid
描述
Web2
Web1
续表
---
## Page 425
改Squid配置文件，具体配置选项的含义如下。
也可以使用源码软件包安装。下面我们使用的是简单方便的RPM软件包，安装完成后需要修
web2.example.com
web1.example.com
squid.example.com
表8-6
（缓存有效期）、Cache-Control（是否进行缓冲）。
或者PHP、JSP。Squid可以根据HTTP头信息来决定如何缓存数据，以及缓存周期，如Expires
client.example.com
aclmanagerprotocache_object
其次，还需要安装部署Squid代理服务。Squid可以使用光盘中自动的RPM格式软件包，
[root@squid ~]#yum -y install squid
IPADDR=192.168.0.254
BOOTPROTO="static"
DEVICE="eth1"
[root@squid ~]# vim /etc/sysconfig/network-scripts/ifcfg-eth1
首先，需要配置网络参数环境。
1．代理服务器的设置
Squid一般仅缓存静态页面，比如HTML网页、图片、歌曲等，默认不缓存CGI脚本程序
[root@squid
[root@squid~]#service network restart
TYPE="Ethernet"
PREFIX=24
TYPE="Ethernet"
PREFIX=8
IPADDR=10.10.10.10
ONBOOT="yes"
BOOTPROTO="static"
DEVICE="etho"
[root@squid ~]#vim/etc/sysconfig/network-scripts/ifcfg-etho
服务器名称
etho:10.10.10.100
etho:192.168.0.2
etho:192.168.0.1
eth1:192.168.0.254
eth0:10.10.10.10
#定义缓存管理ACL
网络配置
第8章集群及高可用
409
---
## Page 426
Linux运维之道
410
#配置后台源服务器，
http_port 3128
#同时监听代理的3128端口，
#代理服务器监听的端口，accel设置squid为加速模式，
cache_mgr
cache_log
error directory/usr/share/squid/errors/zh-cn
cache_dir ufs /var/spool/squid 800 16 256
maximum_object_
maximum_object_
#内存可以缓存的单个文件最大容量为4MB
cache_mem 2048MB
visible_hostname
http_access allow
http_access
http_access
http_access
http_access
http_access deny manager
http_access
拒绝所有非Safe_ports的连接，Safe_ports为配置文件中所定义的若干端口
acl
acl
acl
acl
目录下创建
acl
acl
acl
acl
acl
acl
cl
Safe_ports
Safe_ports
Safe_ports
Safe_ports
Safe_ports
Safe_ports
Safe_ports
Safe_ports port
SSL_ports port 443
localnet src
localnet
localnet
localnet
localnet src
to_localhost
localhost src 127.0.0.1/32 ::1
PI:EMAIL
/var/log/squid/cache.log
16个一级子目录和256个二级子目录，这些目录用来分类管理缓存数据
义硬盘缓冲目录为/var/spool/squid，缓存最大容量为800MB，Squid将在缓存
allow
allow
deny CONNECT
deny
src
src
src
accel vhost
size4096
port
port
port
port
port
port
port
port
port
originserver模拟本机服务
fe80::/10
fc00::/7
172.16.0.0/12
10.0.0.0/8
dst 127.0.0.0/8 0.0.0.0/32::1
squid.example.com
192.168.0.0/16
all
localhost
localnet
CONNECT
5
488
2
1025-65535 # unregistered ports
210
70
44
：方便使用squidclient工具对缓存进行管理
80
一
8
KB
!SSL_ports
#
#
#
#
multiling
filemaker
http-mgmt
wais
gopher
https
务
器为源
http
：vhost 实现反向代理
#内存缓存总容量
#设置主机名称
#允许所有
#拒绝其他主机的所有缓存管理
#仅允许本机主机进行缓存管理
#定义连接方式为CONNECT的 ACL
#定义安全端口为21的ACL
#定义安全端口为80的ACL
#定义安全端口为443的ACL
#定义源地址ACL
#定义源地址为10.0.0.0/8的ACL
#定义源地址为本地回环地址的ACL
服
服务器；80为HTTP端口；
#管理员邮箱
#定义报错文件的存放目录
缓存日志文件
#定义目标地址的ACL
---
## Page 427
name=serverl
name=server1
设置正确的网络参数，安装并启动httpd服务。
2.两台源服务器的设置
hierarchy_stoplist cgi-bin ?
cache_peer
[root@webl~]#service network restart
TYPE="Ethernet"
PREFIX=24
IPADDR=192.168.0.1
ONBOOT="yes"
BOOTPROTO="static"
DEVICE="etho"
[root@webl ~]#vim/etc/sysconfig/network-scripts/ifcfg-etho
[root@squid ~]# chkconfig squid on
[root@squid~]#serviceiptables stop
refresh_pattern.
refresh_pattern
refresh_pattern
refresh_pattern
#percent为百分比，
#max为最大时间
#min为过期的最低时间（单位为分钟），即对象在缓存中至少要存放的时间
#使用refresh_pattern应用在没有过期时间的数据，squid顺序检查refresh_pattern并
cache_peer
[root@web2
[root@webl
[root@webl
[root@webl
[root@webl
[root@webl
#权重；name用来设置源服务器的唯一名称，代理转发数据至相同主机的不同端口非常有用
[root@webl
[root@squid
refresh_pattern使用正则表达式匹配数据对象（-i选项表示不区分大小写）
refresh_pattern
#
确定数据是否过期，格式如下：
行查询：round-robin可以让代理轮询多台源服务器，
设置ICP端口为O（源服务器不支持ICP查询）：no-query表示禁止使用ICP对源服务器进
~]#chkconfig httpdon
~]#service httpd start
~】#
1#
~】#
192.168.0.2 parent
192.168.0.1 parent
yum -y install httpd
chkconfig iptables off
service squid start