---
author: Jim Hall
category: 技术
comments_data: []
count:
  commentnum: 0
  favtimes: 0
  likes: 0
  sharetimes: 0
  viewnum: 1933
date: '2023-10-12 10:30:16'
editorchoice: false
excerpt: 我很高兴分享我最喜欢的 26 个 FreeDOS 命令。
fromurl: https://opensource.com/article/22/6/26-freedos-commands
id: 16276
islctt: true
largepic: /data/attachment/album/202310/12/102950rnookbm1124y54k1.jpg
permalink: /article-16276-1.html
pic: /data/attachment/album/202310/12/102950rnookbm1124y54k1.jpg.thumb.jpg
related: []
reviewer: wxy
selector: lkxed
summary: 我很高兴分享我最喜欢的 26 个 FreeDOS 命令。
tags:
- FreeDOS
thumb: false
title: FreeDOS 基础：从 A 到 Z
titlepic: true
translator: robsean
updated: '2023-10-12 10:30:16'
---
![](/data/attachment/album/202310/12/102950rnookbm1124y54k1.jpg)
> 
> 我很高兴分享我最喜欢的 26 个 FreeDOS 命令。
> 
> 
> 
我家最早的一批计算机中有一台运行着一款名称为 DOS 的命令行操作系统，即 “ 磁盘操作系统   Disk Operating System ”。我是在 DOS 系统环境中长大的，学会了利用命令行来使我的工作更轻松。很多其他的人也是如此。我们非常爱 DOS ，所以在 1994 年 6 月 29 日，我们创建了 FreeDOS 工程。
如果你的 FreeDOS 的初学者，你可能会对如何使用其附带的不同的命令行程序感到困惑。让我们从我最喜欢的 26 个 FreeDOS 命令开始吧。要学习更多的信息，在大部分命令的后面添加 `/?` 选项来获取更多的信息:
```
C:\>attrib /?
ATTRIB v2.1 - 显示或更高文件属性。
版权所有 (c) 1998-2003，遵循 GPL2 协议。
语法：ATTRIB { options | [path][file] | /@[list] }
选项：
  +H 设置隐藏属性。     -H  清除隐藏属性。
  +S 设置系统属性。     -S  清除系统属性。
  +R 设置只读属性。     -R  清除只读属性。
  +A 设置存档属性。     -A  清楚存档属性。
  /S 处理具体指定路径中的所有目录中的文件。
  /D 处理带有通配符的参数的目录名称。
  /@ 处理文件，文件列在具体指定文件 中 [或 stdin]。
示例：
  attrib file -rhs
  attrib +a -r dir1 dir2*.dat /s
  attrib -hs/sd /@list.txt *.*
```
### A 是 ATTRIB
`ATTRIB` 程序显示或更改文件的 *属性* 。属性可以是以下四个值之一：隐藏（`H`）、系统 `S`）、只读（`R`）、存档（`A`）。
标记为隐藏的文件将不会在目录列表中显示。例如，假设你想隐藏一个名称为 `SECRET.TXT` 的文件，这样就不会有人它在那里。首先，你可以显示该文件的属性，以便查看它的当前设置：
```
C:\FILES>attrib secret.txt 
[----A] SECRET.TXT
```
为隐藏这个文件，使用加号（`+`）操作符来开启用隐藏属性，像这样：
```
C:\FILES>attrib +h secret.txt 
[----A] -> [-H--A] SECRET.TXT
C:\FILES>dir
 Volume in drive C is FREEDOS2022
 Volume Serial Number is 333D-0B18
 Directory of C:\FILES
.                     05-27-2022  9:22p
..                    05-27-2022  9:22p
         0 file(s)              0 bytes
         2 dir(s)     279,560,192 bytes free
```
`ATTRIB` 的另一种常见使用方法是操作只读属性，这样你就不会意外地覆盖重要的文件。假设你想要保护 `SECRET.TXT` 文件，这样你就不能删除或更改它。使用 `+R` 修饰符 ，打开只读属性，像这样:
```
C:\FILES>attrib +r secret.txt 
[----A] -> [---RA] SECRET.TXT
C:\FILES>del secret.txt
C:\FILES\SECRET.TXT: Permission denied
no file removed.
```
### B 是“哔哔”声
如果你需要在一个批处理文件中添加一些激情活力，你可以使用 `BEEP` 命令来获取用户的注意力。`BEEP` 不会在屏幕上显示任何内容，但是会简单地发出一个 “哔哔” 的声音信号。
注意：`BEEP` 使用个人计算机内置的扬声器来发出 “哔哔” 声。如果你使用一台虚拟机器来引导启用 FreeDOS，检查你的系统是否建立正确的模拟个人计算机扬声器。否则，你将不会听到任何声音。
### C 是 CD
像 Linux 一样，FreeDOS 支持目录，这会允许你以一种来你有帮助的方式来组织你的文件。例如，你可以在一个名称为 `FILES` 的目录中存放你的全部文件，对于某些类型的文件，你可能会有其它的目录，例如，针对字处理器文件的 `DOCS` ，或者针对表格文件的 `SPRDSHT`。
你可以使用 `CD`（即 “ 更改目录   change directory ”） 命令来导航到一个目录。`CHDIR` 命令和 `CD` 命令一样，如果你更喜欢使用这种语法的话。
为更改到一个新的目录，使用 `CD` 目录和目标目录：
```
C:\>cd files
C:\FILES>cd sprdsht
C:\FILES\SPRDSHT>dir
Volume in drive C is FREEDOS2022
Volume Serial Number is 333D-0B18
Directory of C:\FILES\SPRDSHT
.  05-27-2022 9:59p
..  05-27-2022 9:59p
FIB WKS 2,093 05-27-2022 10:07p
LAB1 WKS 2,087 05-27-2022 10:10p
MIS100 WKS 2,232 05-27-2022 10:05p
3 file(s) 6,412 bytes
2 dir(s) 279,527,424 bytes free
```
你不必一次导航一层目录。相反，你可以使用一个 `CD` 命令和提供完整的你想要更改到的目录路径:
```
C:\>cd \files\sprdsht
C:\FILES\SPRDSHT>dir
Volume in drive C is FREEDOS2022
Volume Serial Number is 333D-0B18
Directory of C:\FILES\SPRDSHT
.   05-27-2022 9:59p
..  05-27-2022 9:59p
FIB WKS 2,093 05-27-2022 10:07p
LAB1 WKS 2,087 05-27-2022 10:10p
MIS100 WKS 2,232 05-27-2022 10:05p
3 file(s) 6,412 bytes
2 dir(s) 279,527,424 bytes free
```
### D 是 DELTREE
如果需要删除一个单个文件，你可以使用 `DEL` 命令。为删除一个空的目录，你可以使用 `RMDIR` 或 `RD` 命令。但是，如果你想删除一个有很多文件和子目录的目录?
一个包含有其它目录的目录称为 *目录树* 。你可以使用 `DELTREE` 命令来删除整个目录树。例如，为删除你的 `FILES` 目录，包括其中包含的所有的文件和目录，输入这个命令:
```
C:\>deltree files
    [DEFAULT-BUILD v1.02g] of DELTREE.  The "ROOT-SAFETY-CHECK" is enabled.
Delete directory "C:\FILES"
and all its subdirectories?
[Y] [N] [Q], [ENTER] ?  Y
==> Deleting "C:\FILES" ...
```
你可以使用一个单一的 `DELTREE` 命令来轻松快捷地完成很多工作，因此，FreeDOS 的 `DELTREE` 提示会询问你是否真的想要这样做。谨慎地使用这个命令。
### E 是 EDIT
如果你需要在 FreeDOS 上编辑一个文本文件，`EDIT` 程序会让你轻松快速地完成任务。例如，要开始编辑一个名称为 `HELLO.TXT` 的文件，输入 `EDIT HELLO.TXT` 。如果 `HELLO.TXT` 文件已经存在，`EDIT` 打开文件并开始编辑。如果 `HELLO.TXT` 尚未存在，那么 `EDIT` 为你开启一个新的文件。
![Image of edit](/data/attachment/album/202310/12/103016ctybjctav77ifrza.png)
FreeDOS 的 `EDIT` 使用了一种友好的界面，对大多数人来说应该很容易使用。使用菜单来访问 `EDIT` 的各种特色功能，包括保存文件、打开一个新的文件、或者退出编辑器。为访问菜单，在你的键盘上按下 `Alt` 按键，然后使用箭头按键来避开和进入选择的动作。
![Image of save menu](/data/attachment/album/202310/12/103016h2420yx0x5xfs8pf.png)
### F 是 FIND
如果你需要在一个文件中查找文本，`FIND` 命令可以完成这项工作。类似于在 Linux 上的 `fgrep` ，`FIND` 会打印一些包含一个字符串的行。例如，为检查 `FDCONFIG.SYS` 文件中的 "Menu Default" 条目项，像这样使用 `FIND` :
```
C:\>find "MENUDEFAULT" fdconfig.sys
---------------- FDCONFIG.SYS
MENUDEFAULT=2,5
```