添加如下文件内容：
```
    ServerName rainloop.lan
    DocumentRoot "/srv/www/rainloop/"
    ServerAdmin PI:EMAIL
    ErrorLog "/var/log/httpd/rainloop-ssl-error_log"
    TransferLog "/var/log/httpd/rainloop-ssl-access_log"
    SSLEngine on
    SSLCertificateFile "/etc/httpd/conf/ssl/rainloop.lan.crt"
    SSLCertificateKeyFile "/etc/httpd/conf/ssl/rainloop.lan.key"
        SSLOptions +StdEnvVars
    BrowserMatch "MSIE [2-5]" \
        nokeepalive ssl-unclean-shutdown \
        downgrade-1.0 force-response-1.0
    CustomLog "/var/log/httpd/ssl_request_log" \
        "%t %h %{SSL_PROTOCOL}x %{SSL_CIPHER}x \"%r\" %b"
        Options +Indexes +FollowSymLinks +ExecCGI
        AllowOverride All
        Order deny,allow
        Allow from all
        Require all granted
```
接下来将会自动生成**Certificate**和**Keys**文件，然后在文件中叫**Common Name\*的证书里中添加您的虚拟域名（** rainloop.lan\*\*）。
```
$ sudo apache_gen_ssl
```
![Create SSL Certificate and Keys](/data/attachment/album/201406/20/104927cz22v4yc2zbt27bb.jpg)
 *创建SSL证书和密钥*
![Enter Organization Details](/data/attachment/album/201406/20/104930ni2q6kkk3tfq81tq.jpg)
*输入组织信息*
After the Certificate and SSL keys are created, add Rainloop **DocumentRoot** path, then enable Virtual Hosts and restart Apache daemon to apply configurations. 在证书和密钥建立之后，创建 RainLoop 的 **DocumentRoot** 所指向的目录，之后激活虚拟主机，并且重启Apache应用设置。
```
$ sudo mkdir -p /srv/www/rainloop
$ sudo a2ensite rainloop
$ sudo a2ensite rainloop-ssl
$ sudo systemctl restart httpd
```
![Enable Virtual Hosts](/data/attachment/album/201406/20/104932kjqel0qlevjefw4w.jpg)
 *激活虚拟主机*
### Step 2: 添加必要的PHP支持
**3.** 无论您使用的是**Apache**或**Nginx**Web服务器，您需要激活**php.ini**文件下中的PHP扩展，并将新服务器的**DocumentRoot**目录放到 open\_basedir 配置中。
```
$ sudo nano /etc/php/php.ini
```
找到并且取消如下的PHP扩展的注释（LCTT译注，即启用这些模块）：
```
extension=iconv.so
extension=imap.so
extension=mcrypt.so
extension=mssql.so
extension=mysqli.so
extension=openssl.so ( 注：启用 IMAPS 和 SMTP SSL protocols)
extension=pdo_mysql.so
```
open\_basedir语句应该看起来类似如下：
```
open_basedir = /srv/http/:/home/:/tmp/:/usr/share/pear/:/usr/share/webapps/:/etc/webapps/:/srv/www/
```
**4.** 在修改好**php.ini**之后，重启你的服务器，然后检查 **phpinfo()** 输出，去看看**SSL**协议是否已经激活。
```
----------对于 Apache Web 服务器----------
$ sudo systemctl restart httpd
```
---
```
----------对于 Nginx Web 服务器----------
$ sudo systemctl restart nginx
$ sudo systemctl restart php-fpm
```
![Check PHP Information](/data/attachment/album/201406/20/104933xdj2zm4d2f9roumo.png)
 *查看 PHP 信息*
### Step 3: 下载和安装 RainLoop Webmail
**5.**现在可以从官方网站下载Rainloop应用并解压缩到文档根目录了，但是需要首先安装**wget的**和**unzip**程序（LCTT译注，如果你已经有了可以忽略此步）。
```
$ sudo pacman -S unzip wget
```
**6.** 使用**wget**命令或通过使用浏览器访问下载最新的源码包Rainloop 压缩包。
```
$ wget http://repository.rainloop.net/v1/rainloop-latest.zip
```
![Download RainLoop Package](/data/attachment/album/201406/20/104935s8ftc8wr5m58htps.png)
 *下载 RainLoop 包*
**7.** 下载过程完成后，解压Rainloop压缩包到虚拟主机文档根目录路径( **/srv/www/rainloop/** )。
```
$ sudo unzip rainloop-latest.zip -d  /srv/www/rainloop/
```
![Extract Rainloop Archive](/data/attachment/album/201406/20/104937ijchm3hkhde80634.png)
*解压*
**8.** 然后设置应用程序的默认路径下的权限。
```
$ sudo chmod -R 755 /srv/www/rainloop/
$ sudo chown -R http:http /srv/www/rainloop/
```
![Set Permission on RainLoop](/data/attachment/album/201406/20/104939xy4bjuuz4djd07ux.jpg)
*设置权限*
### Step 4: 通过网页配置RainLoop
**9.** Rainloop应用程序可以通过两种方式进行配置：使用浏览器或者系统shell。如果要在终端配置就打开和编辑位于**/ srv/www/rainloop/data/*data*da047852f16d2bc7352b24240a2f1599/*default*/configs/** 的application.ini\*\*文件。
**10.** 若要从浏览器访问管理界面，使用下面的URL地址 **https://rainloop.lan/?admin**，然后提供输入默认的应用程序用户名密码，如下：
```
User = admin
Password = 12345
```
![Rainloop Web Interface](/data/attachment/album/201406/20/104941kbi1cfcac73nd9yc.png)
*Rainloop Web 界面*
**11.** 首次登录后，你会被警示需要更改默认密码，所以我劝你做这一点。
![Change Default Password](/data/attachment/album/201406/20/104943ux58eyd29rshixx2.png)
*修改默认 Password*
![Set New Admin Password](/data/attachment/album/201406/20/104946nh7nuz3tuc3soh1c.png)
*设置新的 Admin Password*
**12.** 如果您要启用**Contact**（联系人）功能，就登录到MySQL数据库并创建一个新的数据库及其用户，然后提供在**Contacts**字段里面输入数据库信息。
```
mysql -u root -p
create database if not exists rainloop;
create user rainloop_user@localhost identified by “password”;
grant all privileges on rainloop.* to rainloop_user@localhost;
flush privileges;
exit;
```
![Enable Contacts in RainLoop](/data/attachment/album/201406/20/104948pngvv6eje66n66jz.png)
*在 RainLoop 中激活联系人*
![Enter Contact Database Details](/data/attachment/album/201406/20/104950yw6f4uudto3rrodd.png)
*添加联系人数据库配置*
**13.** 默认情况下Rainloop提供了\*\* Gmail**，**Yahoo**和**Outlook\*\*的邮件服务器的配置文件，但是你如果愿意，你也可以添加其他的邮件服务器域。
![Default Mail Domains](/data/attachment/album/201406/20/104952sssqwwdsj1snjdd2.png)
*默认 Mail 域*
![Add New Domain](/data/attachment/album/201406/20/104954ypfiilptn4rug0l4.png)
*添加新域*
**14.** 登录你的邮件服务器，访问 **https://rainloop.lan**，并提供您的域名服务器验证信息。
![Login to Mail Domain](/data/attachment/album/201406/20/104956yjp494wlgn4n1w8l.png)
*登录到Yahoo邮件页面*
![Login to Gmail Domain](/data/attachment/album/201406/20/104959wb5i12i51c50bz72.png)
*登录Gmail*
![RainLoop Email Interface](/data/attachment/album/201406/20/105001d4mppthpcb9pvzpp.png)
*RainLoop 登录后的Email 界面*
想要了解更多的文件，可以访问：.
通过Rainloop你可以从浏览器中访问具有Internet连接的任何邮件服务器。唯一的缺憾就是在Arch Linux下使用Rainloop应用的话，少一个修改电子邮件帐户密码的poppassd插件包。
---
via: 
译者：[MikeCoder](https://github.com/MikeCoder) 校对：[wxy](https://github.com/wxy)
本文由 [LCTT](https://github.com/LCTT/TranslateProject) 原创翻译，[Linux中国](http://linux.cn/) 荣誉推出