  ssh_key_path: /home/dev/.ssh/id_rsa
  ssh_port: '22'
defaults:
  region: '4'
  image: '3240036'
  size: '66'
  ssh_key: ''
  private_networking: 'false'
  backups_enabled: 'false'
```
### 创建并添加SSH密钥到DigitalOcean
要访问水滴实例，一个安全的方式是通过[密钥验证](http://xmodulo.com/2012/04/how-to-enable-ssh-login-without.html)的SSH连接到该实例。
事实上，你可以通过使用[DigitalOcean](http://xmodulo.com/go/digitalocean)来注册SSH公钥，为你的水滴实现自动启用密钥验证。下面告诉你怎么做。
首先，生成一个公/私密钥对（如果你还没有）。
```
$ ssh-keygen -t rsa -C "PI:EMAIL"
```
假设生成的密钥对由~/.ssh/id\_rsa（私钥）和~/.ssh/id\_rsa.pub（公钥）构成，去将你的公钥上传吧，命令如下：
```
$ tugboat add-key [name-of-your-key] 
```
你可以任意给你的密钥命名（如，“my-default-key”）。当出现提示时，输入公钥路径（如，/home/user/.ssh/id\_rsa.pub）。在密钥上传完成后，运行以下命令来验证密钥是否正确添加：
```
$ tugboat keys 
```
[![](https://camo.githubusercontent.com/83220ff178dff29fb42ff5782bcf336be23b80bd/68747470733a2f2f6661726d342e737461746963666c69636b722e636f6d2f333836392f31343530313835333339375f336433663433363562315f7a2e6a7067)](https://camo.githubusercontent.com/83220ff178dff29fb42ff5782bcf336be23b80bd/68747470733a2f2f6661726d342e737461746963666c69636b722e636f6d2f333836392f31343530313835333339375f336433663433363562315f7a2e6a7067)
密钥也应该出现在DigitalOcean的[SSH密钥页](https://cloud.digitalocean.com/ssh_keys)。如果你想要密钥自动使用到水滴中，添加密钥ID到~/.tugboat中。
```
ssh_key: '182710'
```
### Tugboat的基本用法
这里列出了tugboat命令行的一些基本使用情况。
1. 使用默认设置创建新水滴。
```
$ tugboat create
```
2. 列出所有活动水滴。
```
$ tugboat droplets
```
3. 显示水滴的信息。
```
$ tugboat info
```
[![](https://camo.githubusercontent.com/072f24ab8b997de2a447ccbcad0a7d1dbeb881dd/68747470733a2f2f6661726d362e737461746963666c69636b722e636f6d2f353539332f31343530313632373434305f353833353530366432615f7a2e6a7067)](https://www.flickr.com/photos/xmodulo/14501627440/)
1. 关闭水滴，并移除镜像。
```
$ tugboat destroy
```
2. 关闭水滴，但保持镜像
```
$ tugboat halt
```
3. 为水滴创建快照，水滴必须先关闭。
```
$ tugboat snapshot
```
4. 调整水滴大小（增加或减少RAM大小），水滴必须先关闭。
```
$ tugboat resize -s
```
 如果你想要了解特定命令的更多选项，运行：
```
$ tugboat help  
```
[![](https://camo.githubusercontent.com/c09480574cc9ce3fa84740423f2d52e279f365b4/68747470733a2f2f6661726d342e737461746963666c69636b722e636f6d2f333930302f31343638383031333332325f346661363038306335655f7a2e6a7067)](https://camo.githubusercontent.com/c09480574cc9ce3fa84740423f2d52e279f365b4/68747470733a2f2f6661726d342e737461746963666c69636b722e636f6d2f333930302f31343638383031333332325f346661363038306335655f7a2e6a7067)
### 排障
1. 当我运行tugboat命令时，它出现以下错误。
```
/usr/lib/ruby/site_ruby/1.8/rubygems/custom_require.rb:31:in `gem_original_require': /usr/lib/ruby/gems/1.8/gems/tugboat-0.2.0/lib/tugboat/cli.rb:12: syntax error, unexpected ':', expecting kEND (SyntaxError)
```
Tugboat要求Ruby 1.9及更高版本，你需要升级Ruby来解决该问题。对于CentOS，请参考[此教程](http://ask.xmodulo.com/upgrade-ruby-centos.html)
2. 当我试着用gem来安装Tugboat时，出现了下面的错误。
```
/usr/local/share/ruby/site_ruby/rubygems/core_ext/kernel_require.rb:55:in `require': cannot load such file -- json/pure (LoadError)
```
 安装以下gem来修复该问题。
```
$ sudo gem install json_pure 
```
---
via: 
原文作者：[Dan Nanni](http://xmodulo.com/author/nanni)
译者：[GOLinux](https://github.com/GOLinux) 校对：[Caroline](https://github.com/carolinewuyan)
本文由 [LCTT](https://github.com/LCTT/TranslateProject) 原创翻译，[Linux中国](http://linux.cn/) 荣誉推出