winbind enum groups = yes
```
![Samba Authentication Using Active Directory User Accounts](/data/attachment/album/201612/28/111611tg8ockdxgyamnkxk.png)
*Samba 通过 AD 用户账号来进行认证*
15、 修改之后，使用 `testparm` 工具来验证配置文件没有错误，然后通过如下命令来重启 Samba 服务：
```
$ testparm
$ sudo systemctl restart samba-ad-dc.service
```
![Check Samba Configuration for Errors](/data/attachment/album/201612/28/111612jkq84e848qyqhhli.png)
*检查 Samba 配置文件是否报错*
16、 下一步，我们需要修改本地 PAM 配置文件，以让 Samba4 活动目录账号能够完成本地认证、开启会话，并且在第一次登录系统时创建一个用户目录。
使用 `pam-auth-update` 命令来打开 PAM 配置提示界面，确保所有的 PAM 选项都已经使用 `[空格]` 键来启用，如下图所示：
完成之后，按 `[Tab]` 键跳转到 OK ，以启用修改。
```
$ sudo pam-auth-update
```
![Configure PAM for Samba4 AD](/data/attachment/album/201612/28/111613pbujqqcr3eeb3fee.png)
*为 Samba4 AD 配置 PAM 认证*
![Enable PAM Authentication Module for Samba4 AD Users](/data/attachment/album/201612/28/111613zlh4ohuov6ll8mhf.png)
为 Samba4 AD 用户启用 PAM认证模块
17、 现在，使用文本编辑器打开 `/etc/nsswitch.conf` 配置文件，在 `passwd` 和 `group` 参数的最后面添加 `winbind` 参数，如下图所示：
```
$ sudo vi /etc/nsswitch.conf
```
![Add Windbind Service Switch for Samba](/data/attachment/album/201612/28/111615aapc0wb0g0gw50cg.png)
*为 Samba 服务添加 Winbind Service Switch 设置*
18、 最后，编辑 `/etc/pam.d/common-password` 文件，查找下图所示行并删除 `user_authtok` 参数。
该设置确保 AD 用户在通过 Linux 系统本地认证后，可以在命令行下修改他们的密码。有这个参数时，本地认证的 AD 用户不能在控制台下修改他们的密码。
```
password       [success=1 default=ignore]      pam_winbind.so try_first_pass
```
![Allow Samba AD Users to Change Passwords](/data/attachment/album/201612/28/111615pv3rzz500vo5v13r.png)
*允许 Samba AD 用户修改密码*
在每次 PAM 更新安装完成并应用到 PAM 模块，或者你每次执行 `pam-auth-update` 命令后，你都需要删除 `use_authtok` 参数。
19、 Samba4 的二进制文件会生成一个内建的 windindd 进程，并且默认是启用的。
因此，你没必要再次去启用并运行 Ubuntu 系统官方自带的 winbind 服务。
为了防止系统里原来已废弃的 winbind 服务被启动，确保执行以下命令来禁用并停止原来的 winbind 服务。
```
$ sudo systemctl disable winbind.service
$ sudo systemctl stop winbind.service
```
虽然我们不再需要运行原有的 winbind 进程，但是为了安装并使用 wbinfo 工具，我们还得从系统软件库中安装 Winbind 包。
wbinfo 工具可以用来从 winbindd 进程侧来查询活动目录用户和组。
以下命令显示了使用 `wbinfo` 命令如何查询 AD 用户及组信息。
```
$ wbinfo -g
$ wbinfo -u
$ wbinfo -i your_domain_user
```
![Check Samba4 AD Information ](/data/attachment/album/201612/28/111616gn6qt6cgqbmxgmmt.png)
*检查 Samba4 AD 信息*
![Check Samba4 AD User Info](/data/attachment/album/201612/28/111616ddk80786qkprkhfa.png)
*检查 Samba4 AD 用户信息*
20、 除了 `wbinfo` 工具外，你也可以使用 `getent` 命令行工具从 Name Service Switch 库中查询活动目录信息库，在 `/etc/nsswitch.conf` 配置文件中有相关描述内容。
通过 grep 命令用管道符从 `getent` 命令过滤结果集，以获取信息库中 AD 域用户及组信息。
```
# getent passwd | grep TECMINT
# getent group | grep TECMINT
```
![Get Samba4 AD Details](/data/attachment/album/201612/28/111617nwh5wovom75445mb.png)
*查看 Samba4 AD 详细信息*
### 第三步：使用活动目录账号登录 Linux 系统
21、 为了使用 Samba4 AD 用户登录系统，使用 `su -` 命令切换到 AD 用户账号即可。
第一次登录系统后，控制台会有信息提示用户的 home 目录已创建完成，系统路径为 `/home/$DOMAIN/` 之下，名字为用户的 AD 账号名。
使用 `id` 命令来查询其它已登录的用户信息。
```
# su - your_ad_user
$ id
$ exit
```
![Check Samba4 AD User Authentication on Linux](/data/attachment/album/201612/28/111617crtky1jrrjnj2cgw.png)
*检查 Linux 下 Samba4 AD 用户认证结果*
22、 当你成功登入系统后，在控制台下输入 `passwd` 命令来修改已登录的 AD 用户密码。
```
$ su - your_ad_user
$ passwd
```
![Change Samba4 AD User Password](/data/attachment/album/201612/28/111618pjic338etiyc5z01.png)
*修改 Samba4 AD 用户密码*
23、 默认情况下，活动目录用户没有可以完成系统管理工作的 root 权限。
要授予 AD 用户 root 权限，你必须把用户名添加到本地 sudo 组中，可使用如下命令完成。
确保你已输入域 、斜杠和 AD 用户名，并且使用英文单引号括起来，如下所示：
```
# usermod -aG sudo 'DOMAIN\your_domain_user'
```
要检查 AD 用户在本地系统上是否有 root 权限，登录后执行一个命令，比如，使用 sudo 权限执行 `apt-get update` 命令。
```
# su - tecmint_user
$ sudo apt-get update
```
![Grant sudo Permission to Samba4 AD User](/data/attachment/album/201612/28/111618dkqhboj2aqjwhw1t.png)
*授予 Samba4 AD 用户 sudo 权限*
24、 如果你想把活动目录组中的所有账号都授予 root 权限，使用 `visudo` 命令来编辑 `/etc/sudoers` 配置文件，在 root 权限那一行添加如下内容：
```
%DOMAIN\\your_domain\  group ALL=(ALL:ALL) ALL
```
注意 `/etc/sudoers` 的格式，不要弄乱。
`/etc/sudoers` 配置文件对于 ASCII 引号字符处理的不是很好，因此务必使用 '%' 来标识用户组，使用反斜杠来转义域名后的第一个斜杠，如果你的组名中包含空格（大多数 AD 内建组默认情况下都包含空格）使用另外一个反斜杠来转义空格。并且域的名称要大写。
![Give Sudo Access to All Samba4 AD Users](/data/attachment/album/201612/28/111618yfqhea2v0pjh0gff.png)
*授予所有 Samba4 用户 sudo 权限*
好了，差不多就这些了！管理 Samba4 AD 架构也可以使用 Windows 环境中的其它几个工具，比如 ADUC、DNS 管理器、 GPM 等等，这些工具可以通过安装从 Microsoft 官网下载的 RSAT 软件包来获得。
要通过 RSAT 工具来管理 Samba4 AD DC ，你必须要把 Windows 系统加入到 Samba4 活动目录。这将是我们下一篇文章的重点，在这之前，请继续关注。
---
via: 
作者：[Matei Cezar](http://www.tecmint.com/author/cezarmatei/) 译者：[rusking](https://github.com/rusking) 校对：[wxy](https://github.com/wxy)
本文由 [LCTT](https://github.com/LCTT/TranslateProject) 原创编译，[Linux中国](https://linux.cn/) 荣誉推出