仅在allow文件中出现的用户可以使用对应的计划任务，如果allow文件与deny文件同时存在
/etc/cron.allow和/etc/cron.deny，默认cron.allow不存在。
制文件分别为/etc/at.allow和/etc/at.deny，默认at.allow不存在。cron计划任务的控制文件分别为
系统会自动帮你每天运行该脚本。
cron.weekly等目录中，如果你有脚本需要每天执行，可以直接将脚本存放在cron.daily目录中，
Linux运维之道
2.7.1监控CPU使用情况一
2.6.3计划任务权限
在这些控制文件中仅需要写入用户名即可，格式为一行一个用户名，当allow文件存在时，
6
该命令的描述为：打印当前时间，系统已经运行了多久，
You (tom) are not allowed to use this program
为了控制用户随意定义自己的计划任务，管理员可以进行ACL访问控制，at计划任务的控
[root@centos6~]#uptime
其实，CentOS系统自定义了很多计划任务脚本，分别存放在/etc/下的cron.hourly、cron.daily、
#完成后退出方式同vim
#每周三、周五10点将系统内存信息发送给自己的邮箱
00 10 ** 3,5 free Imail -s"Mem" PI:EMAIL
23.23**5
[root@centos6 ~]#crontab-e
示例：
性能监控
tar-czf 1og.tar.bz2/var/log
who
-uptime命令
，当前登录用户数以及系统平均负
(crontab)。
#每3小时的整点检查用户登录情况
#每周五晚23点23分执行日志备份
#为当前用户设置计划任务
---
## Page 107
提示
使用了0Byte；free代表剩余交换分区为2706424Byte。
19200Byte，这个值是系统中内存未被使用的实际容量。
剩余容量加内存未被划分的剩余容量之和。也就是说，860364Byte=112120Byte+729044Byte+
为112120Byte；cached代表当前cache的剩余容量为729044Byte。
量减去 buffer与 cache的总和之后的剩余容量为19200 Byte;buffers代表当前buffer的剩余容量
的1006440 Byte划分成了buffer与cache，也就是buffer与cache的总容量；free代表内存总容
程个数越多，说明CPU越忙。
要说明的是，这里的负载表示单位时间段内CPU等待队列中平均有多少进程在等待，等待的进
前有一个用户在登录，CPU负载分别显示的是最近一分钟、五分钟、十五分钟的负载情况。需
2.7.3
第三行为交换分区的使用情况，total代表交换分区总容量为2706424Byte；used代表已经
第二行used代表buffer与cache当前总共使用了165276Byte；free代表buffer与cache总
2.7.2监控内存及交换分区使用情况一
选项：-h
用法：df[选项]...
该命令的描述为：生成系统磁盘空间的使用量信息。
以上输出信息中，Mem一行的total代表内存总量为1025640Byte：used代表系统将内存中
Linux在开机后会预先提取一部分内存，并划分为buffer与cache以后随时提供给进程使用。
Swap:
Mem:
选项：-bl-kl-m
用法：free[-bl-k]-m]
该命令的描述为：显示系统内存及交换分区信息。
从上面的信息可以看出，当前系统时间为15点31分，系统已经运行了240天32分钟，当
-/+buffers/cache
[root@centos6~]# free
监控磁盘使用情况一
2706424
1025640
人性化方式显示容量信息。
total
指定输出容量的单位，分别为 Byte、KB、MB。
1006440
used
-df命令
2706424
19200
free
165276
shared
—free命令
860364
112120
buffers
729044
第2章命令工具
cached
---
## Page 108
开启的端口信息以及网络连接状态。
网卡为etho，第二块以太网卡为ethl，依此类推。此外，我们一般使用netstat命令查看服务器
件，则即使系统显示磁盘剩余空间为15GB，也无法再创建文件，因为inode节点已经耗尽。
可以在该分区创建多少个文件。在上面的显示案例中，如果在根分区下再创建1270645个空文
使用率为6%。这里的inode个数决定了该分区可以创建的文件个数，有多少个inode节点，就
用率为24%，挂载点为/。
Linux运维之道
2.7.4
ifconfig 命令可以查看网卡接口信息，在Linux中以太网卡一般被标识为 ethx，第一块以太
[root@centos6~]#ifconfig
1. ifconfig 命令
以上信息中，根分区inode总个数为1346400个，已经使用了75754个，剩余1270646个，
etho
tmpfs
/dev/mapper/VolGroup-lv_root
Filesystem
[root@centos6~]#df-i
以上信息中根分区的类型为ext4，总容量为21GB，
/dev/sdal
/dev/sda1
tmpfs
[root@centos6 ~]#df-hT
监控网络使用情况一
UP BROADCAST RUNNING MULTICASTMTU:150O MetriC:1
inet6addr:fe80::a00:27ff:fe41:9bc/64 Scope:Link
inetaddr:192.168.0.201
Link encap:Ethernet
packets:384884 errors:0 dropped:0 overruns:0 frame:0
显示文件系统类型。
显示磁盘inode使用量信息。
ext4
tmpfs
ext4
1346400
Inodes
128016
109411
485M
Size
428M.
—ifconfig和netstat命令
32M
272K
4.6G
Used
HWaddr08:00:27:41:09:BC
38
9
75754
IUsed
Bcast:192.168.255.255
429M
428
15G
Avail
TX bytes:501121958 (501.1 MB)
127978
109405
1270646
IFree
已经使用4.6GB，剩余15GB可用，使
24%
Use%
Mountedon
1%
/boot
/dev/shm
6°
IUse%
olo
Mask:255.255.0.0
/boot
/dev/shm
Mounted on
---
## Page 109
送了480696个数据包；计算机总共接收了162.8MB数据，总共发送了501.1MB数据。
子网掩码为255.255.0.0；系统开机至现在总共接收了384884个数据包；系统开机至现在总共发
Icmp:
选项：-S
用法：netstat [选项]
描述：打印网络连接、路由表、
2.netstat命令
从以上信息中可以看出，该网卡的IP地址为192.168.0.201，广播地址为192.168.255.255，
:d
[root@centos6~]#netstat-s
dpn
udp
tcp
ProtoRecv-QSend-QLocalAddress
Active Internet connections (only servers)
[root@centos6~]# netstat -nutlp
ICMP input histogram:
0 input ICMP message failed.
2 ICMP messages received
94 requests sent out
130 total packets received
5
incoming packets discarded
forwarded
incoming packets delivered
0
0
0
O
O
O
0
00.0.0.0:69
查看tcp连接信息。
查看udp连接信息。
仅显示正在监听的shocket接口信息。
显示进程名称及对应进程ID号。
使用数字形式的IP、端口号、
显示各种协议数据统计信息。
0 ::1:25
0:::22
0：::6000
0127.0.0.1:25
00.0.0.0:22
00.0.0.0:6000
0.0.0.0:67
0.0.0.0:5353
0.0.0.0:54479
网络接口统计等信息。
0.0.0.0:*
0.0.0.0:*
0.0.0.0:*
0.0.0.0:*
：：：*
0.0.0.0:*
0.0.0.0:*
0.0.0.0:*
ForeignAddress
:::*
号、用户ID替代主机、协议、用户等名称信息。
￥
1253/dhcpd
1053/avahi-daemon
1053/avahi-daemon
1242/xinetd
LISTEN
LISTEN
LISTEN
LISTEN
LISTEN
LISTEN
State
PID/Program name
1329/master
1234/sshd
1594/x
1329/master
1234/sshd
1594/x
第2章命令工具
6
---
## Page 110
Z：僵死进程），TIME代表进程占有CPU的总时间，CMD或COMMAND代表进程命令。
的进程，R：正在运行的进程，S：正在睡眠的进程，T：停止或被追踪的进程，X：死掉的进程，
KB)，TTY为终端，STIME或START代表进程启动时间，STAT代表进程状态（D：不可中断
表进程所使用的虚拟内存大小（单位为KB），RSS代表进程所使用的真实内存大小（单位为
表父进程ID编号，%CPU代表进程的CPU占用率，%MEM代表进程的内存占用率，VSZ代
Linux运维之道
2.7.5
94
Mem:
选项：
描述：动态查看进程信息。
2.top命令
命令的输出信息中，UID或USER代表进程的执行用户，PID为进程的唯一编号，PPID代
BSD语法格式：
[root@centos6~]#ps-e
标准语法格式：
用法：ps命令版本众多，有多种语法种类，如UNIX、BSD以及GNULinux。
描述：查看当前进程信息。
1. ps命令
.…（部分输出省略）….…
Tasks:136total,
top
[root@centos6 ~]# top
[root@centos6~]#ps -axu
ICMP output histogram:
2
监控进程使用情况一
ICMP messages sent
-p
destination unreachable:2
destinationunreachable:2
875288k total,
#查看指定 PID 的进程信息。
#top刷新间隔，
16:56,
-ax
478784k used,
默认为3秒。
0.0%ni,56.0%id,
4users,
-ps和top命令
load average: 0.77,
396504k free,
1.3%wa,
#全格式显示进程信息
#查看所有的进程信息
0 stopped,
7.1%hi,
23464k buffers
0.33,0.26
8.9%si,
0zombie
0.0%st
---
## Page 111
下面分别介绍这两种设置网络参数的具体方法。
重启后仍有效。缺点是这样的设置不会立刻生效，需要重启计算机或相关服务才可以使其生效。
效。另一种是通过修改系统配置文件来实现，这种方式的优点是设置后可以永久保存，计算机
式的优点是方便、快捷，并且设置后可以立刻生效。但缺点是计算机重启后，所有的设置均失
通常，Linux都可以通过两种方式为系统设置网络参数。一种是通过命令设置的方式，这种方
1.0
使用率排序，输入N可以按照进程号排序，输入z可以高亮显示颜色。
2.8.1
1.网络接口参数——ifconfig命令
CentOS6.3定位于提供服务的网络型操作系统，所以为其设置完整的网络参数至关重要。
关闭etho网卡接口：
[root@centos6~]# ifconfig etho
查看eth0网卡接口信息：
[root@centos6~]# ifconfig eth0 192.168.0.31 netmask 255.255.255.0
设置eth0网卡接口IP地址为192.168.0.31，子网掩码为255.255.255.0。
用法：ifconfig interface选项丨地址
描述：显示或设置网络接口信息。
PID USER
通过top可以动态查看10个进程的信息，默认按CPU使用率排序，输入M可以按照内存
（..部分输出省略）
（.部分输出省略…
1645root
1938r0ot
Swap:
网络配置
PID USER
2root
1root
命令行设置网络参数
1015800k total,
PRNI
20
20
20
PRNI
20
01934815521244
VIRT
VIRTRESSHRSCPUMEM
197m16841072S10.8
283m
RES
14m9324S15.8
Ok used,
SHRSCPUMEM
0S0.00.0
1015800k free,
0.2
1.6
0:00.07 kthreadd
0:04.67init
TIME+
5:52.82VBoxC1ient
2:19.65 gnome-terminal
TIME+COMMAND
197572k cached
COMMAND
第2章命令工具
6
---
## Page 112