===============================================================================================================================================
Package Arch Version Repository Size
===============================================================================================================================================
Installing:
MariaDB-client x86_64 10.0.23-1.el7.centos mariadb 10 M
MariaDB-devel x86_64 10.0.23-1.el7.centos mariadb 6.3 M
MariaDB-server x86_64 10.0.23-1.el7.centos mariadb 55 M
php-mysql x86_64 5.4.16-36.el7_1 base 99 k
Installing for dependencies:
MariaDB-common x86_64 10.0.23-1.el7.centos mariadb 43 k
MariaDB-shared x86_64 10.0.23-1.el7.centos mariadb 1.2 M
libzip x86_64 0.10.1-8.el7 base 48 k
php-common x86_64 5.4.16-36.el7_1 base 563 k
php-pdo x86_64 5.4.16-36.el7_1 base 97 k
Transaction Summary
===============================================================================================================================================
Install 4 Packages (+5 Dependent package)
```
#### 第4步：重新启动，并确保 MySQL 服务已启动。
```
root@server1 [~]# systemctl start mysql
root@server1 [~]#
root@server1 [~]#
root@server1 [~]# systemctl status mysql
● mysql.service - LSB: start and stop MySQL
Loaded: loaded (/etc/rc.d/init.d/mysql)
Active: active (exited) since Sun 2016-01-31 10:01:46 UTC; 3s ago
Docs: man:systemd-sysv-generator(8)
Process: 23717 ExecStart=/etc/rc.d/init.d/mysql start (code=exited, status=0/SUCCESS)
Main PID: 23430 (code=exited, status=203/EXEC)
Jan 31 10:01:46 server1.centos7-test.com systemd[1]: Starting LSB: start and stop MySQL...
Jan 31 10:01:46 server1.centos7-test.com mysql[23717]: Starting MySQL SUCCESS!
Jan 31 10:01:46 server1.centos7-test.com systemd[1]: Started LSB: start and stop MySQL.
```
#### 第5步：运行 mysql\_upgrade 命令。
它将检查所有数据库中的所有表与当前安装的版本是否兼容，并在必要时会更新系统表，以赋予当前版本新增加的权限或能力。
```
root@server1 [~]# mysql_upgrade
MySQL upgrade detected
Phase 1/6: Checking and upgrading mysql database
Processing databases
mysql
mysql.columns_priv OK
mysql.db OK
mysql.event OK
mysql.func OK
mysql.help_category OK
mysql.help_keyword OK
mysql.help_relation OK
mysql.help_topic OK
mysql.host OK
mysql.ndb_binlog_index OK
mysql.plugin OK
mysql.proc OK
mysql.procs_priv OK
mysql.proxies_priv OK
mysql.servers OK
mysql.tables_priv OK
mysql.time_zone OK
mysql.time_zone_leap_second OK
mysql.time_zone_name OK
mysql.time_zone_transition OK
mysql.time_zone_transition_type OK
mysql.user OK
Phase 2/6: Fixing views from mysql
Phase 3/6: Running 'mysql_fix_privilege_tables'
Phase 4/6: Fixing table and database names
Phase 5/6: Checking and upgrading tables
Processing databases
cphulkd
cphulkd.auths OK
cphulkd.blacklist OK
cphulkd.brutes OK
cphulkd.good_logins OK
cphulkd.ip_lists OK
cphulkd.known_netblocks OK
cphulkd.login_track OK
cphulkd.logins OK
cphulkd.report OK
cphulkd.whitelist OK
eximstats
eximstats.defers OK
eximstats.failures OK
eximstats.sends OK
eximstats.smtp OK
information_schema
leechprotect
leechprotect.hits OK
modsec
modsec.hits OK
performance_schema
roundcube
roundcube.cache OK
roundcube.cache_index OK
roundcube.cache_messages OK
roundcube.cache_shared OK
roundcube.cache_thread OK
roundcube.contactgroupmembers OK
roundcube.contactgroups OK
roundcube.contacts OK
roundcube.cp_schema_version OK
roundcube.dictionary OK
roundcube.identities OK
roundcube.searches OK
roundcube.session OK
roundcube.system OK
roundcube.users OK
saheetha_test
saheetha_test.authors OK
whmxfer
whmxfer.sessions OK
Phase 6/6: Running 'FLUSH PRIVILEGES'
OK
```
#### 第6步：再次重新启动 MySQL 的服务，以确保一切都运行完好。
```
root@server1 [~]# systemctl restart mysql
root@server1 [~]#
root@server1 [~]# systemctl status mysql
● mysql.service - LSB: start and stop MySQL
Loaded: loaded (/etc/rc.d/init.d/mysql)
Active: active (running) since Sun 2016-01-31 10:04:11 UTC; 9s ago
Docs: man:systemd-sysv-generator(8)
Process: 23831 ExecStop=/etc/rc.d/init.d/mysql stop (code=exited, status=0/SUCCESS)
Process: 23854 ExecStart=/etc/rc.d/init.d/mysql start (code=exited, status=0/SUCCESS)
Main PID: 23430 (code=exited, status=203/EXEC)
CGroup: /system.slice/mysql.service
├─23861 /bin/sh /usr/bin/mysqld_safe --datadir=/var/lib/mysql --pid-file=/var/lib/mysql/server1.centos7-test.com.pid
└─23933 /usr/sbin/mysqld --basedir=/usr --datadir=/var/lib/mysql --plugin-dir=/usr/lib64/mysql/plugin --user=mysql --log-error=/v...
Jan 31 10:04:10 server1.centos7-test.com systemd[1]: Starting LSB: start and stop MySQL...
Jan 31 10:04:11 server1.centos7-test.com mysql[23854]: Starting MySQL. SUCCESS!
Jan 31 10:04:11 server1.centos7-test.com systemd[1]: Started LSB: start and stop MySQL.
```
#### 第7步：运行 EasyApache，重建 Apache/PHP 以支持 MariaDB，并确保所有 PHP 的模块保持不变。
```
root@server1 [~]#/scripts/easyapache --build
```
**重要**
如果你在安装 MariaDB 之后忘记重建 Apache/PHP，将会报如下库错误：
```
root@server1 [/etc/my.cnf.d]# php -v
php: error while loading shared libraries: libmysqlclient.so.18: cannot open shared object file: No such file or directory
```
#### 第8步：现在验证安装的程序和数据库。
```
root@server1 [/var/lib/mysql]# mysql
Welcome to the MariaDB monitor. Commands end with ; or \g.
Your MariaDB connection id is 15
Server version: 10.0.23-MariaDB MariaDB Server
Copyright (c) 2000, 2015, Oracle, MariaDB Corporation Ab and others.
Type 'help;' or '\h' for help. Type '\c' to clear the current input statement.
MariaDB [(none)]> show storage engines;
+--------------------+---------+----------------------------------------------------------------------------+--------------+------+------------+
| Engine | Support | Comment | Transactions | XA | Savepoints |
+--------------------+---------+----------------------------------------------------------------------------+--------------+------+------------+
| CSV | YES | CSV storage engine | NO | NO | NO |
| MRG_MyISAM | YES | Collection of identical MyISAM tables | NO | NO | NO |
| MEMORY | YES | Hash based, stored in memory, useful for temporary tables | NO | NO | NO |
| BLACKHOLE | YES | /dev/null storage engine (anything you write to it disappears) | NO | NO | NO |
| MyISAM | YES | MyISAM storage engine | NO | NO | NO |
| InnoDB | DEFAULT | Percona-XtraDB, Supports transactions, row-level locking, and foreign keys | YES | YES | YES |
| ARCHIVE | YES | Archive storage engine | NO | NO | NO |
| FEDERATED | YES | FederatedX pluggable storage engine | YES | NO | YES |
| PERFORMANCE_SCHEMA | YES | Performance Schema | NO | NO | NO |
| Aria | YES | Crash-safe tables with MyISAM heritage | NO | NO | NO |
+--------------------+---------+----------------------------------------------------------------------------+--------------+------+------------+
10 rows in set (0.00 sec)
```
就这样 ：）。现在，我们该去欣赏 MariaDB 完善和高效的特点了。希望你喜欢阅读本文。希望留下您宝贵的建议和反馈！
---
via: 
作者：[Saheetha Shameer](http://linoxide.com/author/saheethas/) 译者：[strugglingyouth](https://github.com/strugglingyouth) 校对：[wxy](https://github.com/wxy)
本文由 [LCTT](https://github.com/LCTT/TranslateProject) 原创编译，[Linux中国](https://linux.cn/) 荣誉推出