index.htmlindex.htm;
html/web;
html;
index.html index.htm;
html/domain;
www.example.com;
80;
web.domain.com;
80;
500502503504
：即可实现基于域名的虚拟主机功能，Nginx会根据不同的
/50x.html;
---
## Page 285
openss-devel 软件。下面通过一个简单的案例说明Nginx 部署 SSL网站的流程，修改主配置文
--with-http_ssI_module参数，而编译该模块需要OpenSSL库文件，
域名请求响应不同的网站页面。如果没有DNS 域名解析，可以通过修改hosts 文件的方式实现。
4.10.5SSL网站应用案例
默认情况下，SSL 模块是不被编译的，如果需要部署 SSL 网站，需要在编译Nginx时使用
http{
events{
pid
error_log
[root@centos6 conf]# vim /usr/local/nginx/conf/nginx.conf
log_formatmain
include
worker_connections
server{
gzipon;
keepalivetimeout
sendfile
accesslog
default_typeapplication/octet-stream;
location
ssl_prefer_server_ciphers
ssl_protocolsSSLv2 SSLv3 TLSv1;
ssl_session_timeout
ssl_certificate_key
ssl_certificate
server_name
listen
error_page
Ssl cipherSHIGH:!aNULL:!MD5;
root
logs/nginx.pid;
index
logs/error.log
logs/access.logmain;
index.html index.htm;
html;
mime.types;
on;
1：
443;
500502 503504/50x.html;
404
www.abc.com
'$remote_addr-$remote_user [$time_local] "$request"
65;
1024;
on;
cert.pem;
info;
5m;
cert.key;
/404.html;
on
一般需要安装openssl与
第4章搭建网络服务
®
269
---
## Page 286
错误信息，
码。其中，1XX代表提示信息，2XX代表成功信息，3XX代表重定向信息，4XX代表客户端
根据错误状态码返回错误页面给客户端浏览器。表4-17给出了常见的状态码，但并不是全部代
页面传给客户端浏览器，但当服务器出现故障时，服务器往往会给客户端发送错误状态码，并
器会根据请求内容做出回应，如果没有问题，服务器会给客户端返回成功状态码，并将相应的
证书导入浏览器，使得以后的访问不再提示警告信息。
过修改hosts 的方式实现。由于是自签名证书，使用浏览器访问时会提示证书不被信任，可以将
DNS解析后，即可通过浏览器访问https://www.abc.com加密网站，其没有DNS解析，可以通
议的443 端口。
密方式传输数据的HTTPS协议默认使用的端口号是443，我们需要使用防火墙开启该TCP协
成证书的过程中提示输入证书基本信息，读者可以根据自己的实际需要填写这些内容。采用加
cert.key，密钥长度为2048B。第二步，使用opensslreq指令生成自签名证书文件cert.pem，生
证书。使用openssl生成自签名证书非常简单，第一步，使用openssl genrsa生成证书私钥文件
Linux运维之道
4.10.6
270
日常生活中，用户一般会通过浏览器访问站点页面，即发送页面请求给服务器，然后服务
服务器端启动服务后，可以通过netstat-nutlplgrep nginx 命令查看端口信息。客户端配置好
为了实现网站数据的加密传输，需要为网站创建证书，本例将使用openssl工具创建自签名
[root@centos6~]# serviceiptables save
[root@centos6conf]#/usr/local/nginx/sbin/nginx
>/usr/local/nginx/html/404.html
[root@centos6conf]#echo"Error,
EmailAddress
CommonName
OrganizationalUnitName
OrganizationName
Locality Name(eg,city)
State or Province Name （full name)
CountryName(2 1ettercode)
[root@centos6 conf]# openssl
[root@centos6~]# cd/usr/local/nginx/conf/
，5XX代表服务器错误信息。
HTTP响应状态码
(eg)
[]:PI:EMAIL
your nameor
(eg,company)
[Default City]:Beijing
your server's hostname) [l:jacob
[XX]:CN
[Default Company Ltd]:ABC
file not found">\
[]:Beijing
---
## Page 287
4.11
表4-17
4.11.1MySQL数据库简介
505
504
503
502
501
500.13
500
407
406
404
403.9
403.6
403
401.1
401
400
305
301
300
203
202
201
200
101
100
数据库是一个比较模糊的概念，简单的一个数据表格、一份歌曲列表等都可以称为数据库。
数据库基础
代码
服务器不支持客户端请求的HTTP版本
网关超时，服务器处于维护或者负载过高无法响应
服务不可用
网关错误
服务器不支持客户端请求的功能
服务器太忙
服务器内部错误
要求进行代理身份验证
指定资源已找到，但MIME类型与客户端要求不兼容
无法找到指定资源
用户数过多
IP地址被拒绝
资源不可用
登录失败
访问被拒绝
请求语法错误
使用代理服务
客户端请求的资源可以在其他位置找到
客户端请求的资源可以在多个位置找到
文档正常返回，但一些头部信息可能不正确
已经接受了请求，但处理尚未完成
服务器已经创建了文档
一切正常
SwitchingProtocals服务器根据客户端的请求切换协议
请求已接收，客户端可以继续发送请求
含义
第4章搭建网络服务
271
---
## Page 288
件主目录设置正确的用户及组。
无须登录系统，设置 Shell为/sbin/nologin更加安全。当MySQL 编译安装完成后，还需要为软
些依赖软件包。随后通过MySQL官网下载源码软件包后安装该软件。
装部署MySQL数据库系统之前都需要安装相应的软件依赖包，这里使用YUM提前安装好这
BUILD/autorun.sh脚本生成configure文件，从而实现传统的配置安装。不管使用哪种方式，安
构建安装架构，如果用户坚持使用之前的configure 安装方式，
配置安装环境、编译及安装、初始化数据库五大步骤。需要注意的是，MySQL5.6使用cmake
源码安装的方式作为演示案例。源码安装MySQL主要分为安装依赖包、下载MySQL源码包，
进制数据包安装，也可以选择源码包安装。由于源码安装方式编译的灵活性，这里我们将采用
管理方便。
查询数据等，MySQL数据库系统的特色是功能强大、速度快、性能优越、稳定性强、使用简单、
该公司现被Oracle公司收购。利用MySQL可以创建数据库和数据表、添加数据、修改数据、
型数据库。而MySQL是一个专门的关系型数据库管理系统，它由瑞典MySQLAB公司开发，
联系，一般都有对应的员工姓名以及员工编号，存在这种表与表相互引用的数据库被称为关系
中，而且大多数情况下，表与表之间都有内在联系。例如，员工信息表与工资表之间就有内在
代，数据量都以TB为单位时，数据库一般是多个数据表的集合，具体的数据被存放在数据表
如果仅仅是一两个类似的数据表，我们完全可以手动管理这些数据，但在如今这个大数据的年
Linux运维之道
4.11.2
272
数据库软件安装完成后，我们需要使用mysql_install_db 脚本初始化数据库，使用user 定义
[root@centos6~]#groupaddmysql
安装过程中需要为数据库进程创建用户及组账户，因为是服务进程账户，所以，该类账户
>/mysql-5.6.11.tar.gz
>libtool-ltdl-devel gcc-c++ autoconf automakebison zlib-devel
在CentOS6.3平台下安装MySQL数据库管理系统的方式有很多，我们可以选择简单的二
[root@centos6
[root@centos6
[root@centos6
[root@centos6 ~]# tar-xzf mysql-5.6.11.tar.gz -C/usr/src/
[root@centos6
[root@centos6~]#wgethttp://cdn.mysql.com/Downloads/MysQL-5.6\
安装MySQL软件
5~]#cd/usr/src/mysql-5.6.11/
~]#
make&&make install
cmake
-DENABLE DOWNLOADS=1
可以通过源码包中的
---
## Page 289
选择Y，特别是在企业生产环境中这一步骤是必需的。
root 账户从远程访问、是否删除test数据库、是否立刻重新加载新的数据。建议所有的提问都
可。之后该程序会通过一系列的提示询问是否为root设置密码、是否移除匿名账户、是否禁止
操作系统中已经安装了perl程序。运行脚本后会提示输入root密码，首次运行直接按回车键即
该数据表为MySQL数据库系统的账户及权限表，初始情况下，该表有如下一些问题。
一个用于测试用的空白数据库test，同时初始化程序还会在mysql数据库中创建user数据表，
机启动功能。但在UNIX环境下，使用mysql_install_db程序进行初始化数据库时，默认会创建
启动脚本mysqld.server来管理服务进程。
数据库管理系统，就需要使用mysqld_safe进程手动启动数据库服务进程或通过软件包所提供的
成后，需要将mysql主配置文件my.cnf复制一份到/etc/目录下。
数据库账户名称，使用basedir定义软件主目录，使用datadir定义数据库存放目录。初始化完
4.11.3MySQL管理工具
MySQL是基于客户端/服务器体系架构的数据库系统，MySQL服务器端以守护进程的方式
[root@bogon ~]# /usr/local/mysql/bin/mysql_secure_installation
为此，MySQL特别提供了一个Perl脚本程序专门解决这些问题，运行该脚本的前提是在
通过如下命令可以查看MySQL默认创建的user账号及密码数据。
@mysql.user中默认创建了匿名账号，这些账号同样没有设置密码。
至此，MySQL数据库系统已经安装并初始化完成，我们可以通过mysqld启动脚本实现开
通过以上步骤，我们已经完成了MySQL数据库软件的安装，如果想尝试使用强大的MySQL
[root@centos6~]#/usr/local/mysql/scripts/mysql_install_db--user=mysql\
[root@centos6~]#mysql-uroot-e"SELECTUser,Host,Password FRoMmysql.user”
[root@centos6~]#cp/usr/local/mysql/support-files/mysql.server/etc/init.d/mysqld
root@centos6
root@centos6
root@centos6
mysql.user表中的root为超级管理员账户，然而该账号默认没有密码，因此可能导致
非法用户在没有密码的情况下直接访问数据库。
~1#
～#
chkconfig
--addmysqld
第4章搭建网络服务
273
---
## Page 290
5注意，这里说的 mysql指的是数据库客户端软件，而不是MySQL数据库系统。
表4-18
Control+C 快捷键完成。
操作，SQL语句之后要求以“;”、“g”或者“\G”结尾。退出程序时可以通过exit指令或者按
mysql程序时指定账户名称与密码，进入交互式界面后，即可通过输入 SQL语句对数据库进行
令非常容易，只需要在系统命令终端输入 mysql，即可进入管理界面：
软件。
具是一个图形化MySQL数据库客户端管理程序。本节将重点介绍MySQL软件包集成的客户端
库进行相同的数据操作。另外，在MySQL官方网站可以下载到MySQLWorkBench工具，该工
mysqldum等命令对数据库进行数据操作，也可以自已设计动态网站通过API连接MySQL数据
来连接服务器进行操作。MySQL客户端程序有很多，可以使用自带软件mysql、mysqladmin、
运行，mysqld为服务器主进程。当我们需要对数据库进行任何操作时，都需要使用客户端软件
Linux运维之道
--batch,-B
--auto-vertical-output
--auto-rehash
--help,-?
274
Mysql命令支持大量的选项，表4-18给出了常用的mysql选项及描述说明。
如果使用mysqladmin或mysql_secure_installation程序为账户设置了密码，则需要在启动
mysql 是一个简单的命令行 SQL工具，该工具支持交互式和非交互式运行，使用 mysql 命
其中，script.sql是 SQL 脚本文件，out.tab 为重定向输出文件。
select *from mysql.user\G
通过提前创建SQL语句脚本文件，我们可以使用mysql工具自动执行数据操作，方法如下。
[root@centos6~]#mysql
1.Mysql工具
[root@centos6
showtables;
[root@centos6 ~]# cat script.sql
选项
~]#mysqldb_nameout.tab
不使用历史文件
自动垂直显示，如果显示的结果太宽，将以列格式显示
Tab自动补齐，默认为开启状态
显示帮助消息
描述
---
## Page 291
及创建、删除数据库等。
--user-user_name,-uuser_name
--unfuffered
--quick
--port=port_num
--pager=[command]
--password,-p
--host=host_name-h host_name
--delimiter=str
--default-character-set=charset_name
--database=dbname,-D dbname
--compress
--bind-address=ip_address
mysqladmin支持以下这些命令（有些命令需要参数）。
mysqladmin [选项]命令[命令参数][命令[命令参数]]
语法格式如下：
mysqladmin是一个执行管理操作的工具，使用它可以检查服务器配置、当前运行状态，以
2. mysqladmin 工具
]
使用root账号连接192.168.0.254服务器，提示输入密码：
使用root账号连接服务器，使用密码pass登录：
[root@centos6 ~] #mysql -u root mysql
使用root账号连接服务器，默认进入MYSQL数据库：
[root@centos6 ~]#mysql -u root
使用root账号连接服务器，
演示案例如下。
选项
无密码登录：
使用指定的账户连接服务器
每次查询后刷新缓存
不缓存查询结果
使用指定端口号连接服务器
使用分页程序分页显示，Linux中可以使用more或less
使用密码连接服务器
通过host连接到指定服务器
设置语句分隔符
设置默认字符集
指定使用的数据库名称
压缩客户端与服务器传输的所有数据
使用特定的网络接口连接MySQL服务器
描述
第4章搭建网络服务
275
续表
---
## Page 292
行备份或将数据库传输至其他 MySQL 服务器。执行 mysqldump 时需要账户拥有 SELECT权限
表4-19
Linux运维之道
--user-user_name
--silent
--port=port_num
--password=[password],-p
--host=host_name
--default-character-set=charaset_name
--compress