Version     : 0.6.2
Release     : 3.fc30
Architecture: noarch
Install Date: (not installed)
Group       : Unspecified
Size        : 2574456
License     : BSD
Signature   : (none)
Source RPM  : python-elephant-0.6.2-3.fc30.src.rpm
Build Date  : Fri 14 Jun 2019 17:23:48 BST
Build Host  : buildhw-02.phx2.fedoraproject.org
Relocations : (not relocatable)
Packager    : Fedora Project
Vendor      : Fedora Project
URL         : http://neuralensemble.org/elephant
Bug URL     : https://bugz.fedoraproject.org/python-elephant
Summary     : Elephant is a package for analysis of electrophysiology data in Python
Description :
Elephant - Electrophysiology Analysis Toolkit Elephant is a package for the
analysis of neurophysiology data, based on Neo.
$ rpm -qp --requires python3-elephant-0.6.2-3.fc30.noarch.rpm
python(abi) = 3.7
python3.7dist(neo) >= 0.7.1
python3.7dist(numpy) >= 1.8.2
python3.7dist(quantities) >= 0.10.1
python3.7dist(scipy) >= 0.14.0
python3.7dist(six) >= 1.10.0
rpmlib(CompressedFileNames) &lt;= 3.0.4-1
rpmlib(FileDigests) &lt;= 4.6.0-1
rpmlib(PartialHardlinkSets) &lt;= 4.0.4-1
rpmlib(PayloadFilesHavePrefix) &lt;= 4.0-1
rpmlib(PayloadIsXz) &lt;= 5.2-1
$ sudo rpm -i ./python3-elephant-0.6.2-3.fc30.noarch.rpm
error: Failed dependencies:
        python3.7dist(neo) >= 0.7.1 is needed by python3-elephant-0.6.2-3.fc30.noarch
        python3.7dist(quantities) >= 0.10.1 is needed by python3-elephant-0.6.2-3.fc30.noarch
```
理论上，你可以下载 `python3-elephant` 所需的所有软件包，并告诉 `rpm` 它们都在哪里，但这并不方便。如果 `python3-neo` 和 `python3-quantities` 还有其它的运行时要求怎么办？很快，这种“依赖链”就会变得相当复杂。
#### 存储库
幸运的是，有了 `dnf` 和它的朋友们，可以帮助解决此问题。与 `rpm` 不同，`dnf` 能感知到**存储库**。存储库是程序包的集合，带有告诉 `dnf` 这些存储库包含什么内容的元数据。所有 Fedora 系统都带有默认启用的默认 Fedora 存储库：
```
$ sudo dnf repolist
repo id              repo name                             status
fedora               Fedora 30 - x86_64                    56,582
fedora-modular       Fedora Modular 30 - x86_64               135
updates              Fedora 30 - x86_64 - Updates           8,573
updates-modular      Fedora Modular 30 - x86_64 - Updates     138
updates-testing      Fedora 30 - x86_64 - Test Updates      8,458
```
在 Fedora 快速文档中有[这些存储库](https://docs.fedoraproject.org/en-US/quick-docs/repositories/)以及[如何管理](https://docs.fedoraproject.org/en-US/quick-docs/adding-or-removing-software-repositories-in-fedora/)它们的更多信息。
`dnf` 可用于查询存储库以获取有关它们包含的软件包信息。它还可以在这些存储库中搜索软件，或从中安装/卸载/升级软件包：
```
$ sudo dnf search elephant
Last metadata expiration check: 0:05:21 ago on Sun 23 Jun 2019 14:33:38 BST.
============================================================================== Name &amp; Summary Matched: elephant ==============================================================================
python3-elephant.noarch : Elephant is a package for analysis of electrophysiology data in Python
python3-elephant.noarch : Elephant is a package for analysis of electrophysiology data in Python
$ sudo dnf list \*elephant\*
Last metadata expiration check: 0:05:26 ago on Sun 23 Jun 2019 14:33:38 BST.
Available Packages
python3-elephant.noarch      0.6.2-3.fc30      updates-testing
python3-elephant.noarch      0.6.2-3.fc30              updates
```
#### 安装依赖项
现在使用 `dnf` 安装软件包时，它将*解决*所有必需的依赖项，然后调用 `rpm` 执行该事务操作：
```
$ sudo dnf install python3-elephant
Last metadata expiration check: 0:06:17 ago on Sun 23 Jun 2019 14:33:38 BST.
Dependencies resolved.
==============================================================================================================================================================================================
 Package                                      Architecture                     Version                                                        Repository                                 Size
==============================================================================================================================================================================================
Installing:
 python3-elephant                             noarch                           0.6.2-3.fc30                                                   updates-testing                           456 k
Installing dependencies:
 python3-neo                                  noarch                           0.8.0-0.1.20190215git49b6041.fc30                              fedora                                    753 k
 python3-quantities                           noarch                           0.12.2-4.fc30                                                  fedora                                    163 k
Installing weak dependencies:
 python3-igor                                 noarch                           0.3-5.20150408git2c2a79d.fc30                                  fedora                                     63 k
Transaction Summary
==============================================================================================================================================================================================
Install  4 Packages
Total download size: 1.4 M
Installed size: 7.0 M
Is this ok [y/N]: y
Downloading Packages:
(1/4): python3-igor-0.3-5.20150408git2c2a79d.fc30.noarch.rpm                                                                                                  222 kB/s |  63 kB     00:00
(2/4): python3-elephant-0.6.2-3.fc30.noarch.rpm                                                                                                               681 kB/s | 456 kB     00:00
(3/4): python3-quantities-0.12.2-4.fc30.noarch.rpm                                                                                                            421 kB/s | 163 kB     00:00
(4/4): python3-neo-0.8.0-0.1.20190215git49b6041.fc30.noarch.rpm                                                                                               840 kB/s | 753 kB     00:00
----------------------------------------------------------------------------------------------------------------------------------------------------------------------------------------------
Total                                                                                                                                                         884 kB/s | 1.4 MB     00:01
Running transaction check
Transaction check succeeded.
Running transaction test
Transaction test succeeded.
Running transaction
  Preparing        :                                                                                                                                                                      1/1
  Installing       : python3-quantities-0.12.2-4.fc30.noarch                                                                                                                              1/4
  Installing       : python3-igor-0.3-5.20150408git2c2a79d.fc30.noarch                                                                                                                    2/4
  Installing       : python3-neo-0.8.0-0.1.20190215git49b6041.fc30.noarch                                                                                                                 3/4
  Installing       : python3-elephant-0.6.2-3.fc30.noarch                                                                                                                                 4/4
  Running scriptlet: python3-elephant-0.6.2-3.fc30.noarch                                                                                                                                 4/4
  Verifying        : python3-elephant-0.6.2-3.fc30.noarch                                                                                                                                 1/4
  Verifying        : python3-igor-0.3-5.20150408git2c2a79d.fc30.noarch                                                                                                                    2/4
  Verifying        : python3-neo-0.8.0-0.1.20190215git49b6041.fc30.noarch                                                                                                                 3/4
  Verifying        : python3-quantities-0.12.2-4.fc30.noarch                                                                                                                              4/4
Installed:
  python3-elephant-0.6.2-3.fc30.noarch   python3-igor-0.3-5.20150408git2c2a79d.fc30.noarch   python3-neo-0.8.0-0.1.20190215git49b6041.fc30.noarch   python3-quantities-0.12.2-4.fc30.noarch
Complete!
```
请注意，`dnf` 甚至还安装了`python3-igor`，而它不是 `python3-elephant` 的直接依赖项。
### DnfDragora：DNF 的一个图形界面
尽管技术用户可能会发现 `dnf` 易于使用，但并非所有人都这样认为。[Dnfdragora](https://src.fedoraproject.org/rpms/dnfdragora) 通过为 `dnf` 提供图形化前端来解决此问题。
![dnfdragora (version 1.1.1-2 on Fedora 30) listing all the packages installed on a system.](/data/attachment/album/201910/13/102248utuo4govbd8wvouw.png)
从上面可以看到，dnfdragora 似乎提供了 `dnf` 的所有主要功能。
Fedora 中还有其他工具也可以管理软件包，GNOME 的“ 软件   Software ”和“ 发现   Discover ”就是其中两个。GNOME “软件”仅专注于图形应用程序。你无法使用这个图形化前端来安装命令行或终端工具，例如 `htop` 或 `weechat`。但是，GNOME “软件”支持安装 `dnf` 所不支持的 [Flatpak](https://fedoramagazine.org/getting-started-flatpak/) 和 Snap 应用程序。它们是针对不同目标受众的不同工具，因此提供了不同的功能。
这篇文章仅触及到了 Fedora 软件的生命周期的冰山一角。本文介绍了什么是 RPM 软件包，以及使用 `rpm` 和 `dnf` 的主要区别。
在以后的文章中，我们将详细介绍：
* 创建这些程序包所需的过程
* 社区如何测试它们以确保它们正确构建
* 社区用来将其给到社区用户的基础设施
---
via: 
作者：[Ankur Sinha FranciscoD](https://fedoramagazine.org/author/ankursinha/) 选题：[lujun9972](https://github.com/lujun9972) 译者：[wxy](https://github.com/wxy) 校对：[wxy](https://github.com/wxy)
本文由 [LCTT](https://github.com/LCTT/TranslateProject) 原创编译，[Linux中国](https://linux.cn/) 荣誉推出