[4:0:0:0]    cd/dvd  SONY     DVD RW DRU-190A  1.63  /dev/sr0
```
### 6. lsusb - 列出usb总线信息，及设备信息
该命令可以显示USB控制器及连接到控制的设备信息。默认情况下，只显示概要信息，可以通过-v选项指示其显示更多的硬件信息。
```
$ lsusb
Bus 002 Device 001: ID 1d6b:0002 Linux Foundation 2.0 root hub
Bus 007 Device 001: ID 1d6b:0001 Linux Foundation 1.1 root hub
Bus 006 Device 001: ID 1d6b:0001 Linux Foundation 1.1 root hub
Bus 005 Device 002: ID 045e:00cb Microsoft Corp. Basic Optical Mouse v2.0
Bus 005 Device 001: ID 1d6b:0001 Linux Foundation 1.1 root hub
Bus 001 Device 001: ID 1d6b:0002 Linux Foundation 2.0 root hub
Bus 004 Device 001: ID 1d6b:0001 Linux Foundation 1.1 root hub
Bus 003 Device 001: ID 1d6b:0001 Linux Foundation 1.1 root hub
```
上面信息显示，在该系统中，有一个usb端口正被鼠标占用。
### 7. Inxi
inxi命令是一个大的bash脚本文件，其通过从不同的信息来源和命令中获取硬件信息，最后能给出一个颜色高亮的，适合于非专业人员阅读的硬件信息报告。
```
$ inxi -Fx
```
![](/data/attachment/album/201405/01/212248g17z0dp761kij5ff.png)
### 8. lsblk - 列出块设备信息
列出所有块设备信息，其中包括硬盘分区信息，以及其他存储设备，如光盘，闪存等。
```
$ lsblk
NAME   MAJ:MIN RM   SIZE RO TYPE MOUNTPOINT
sda      8:0    0 465.8G  0 disk 
├─sda1   8:1    0    70G  0 part 
├─sda2   8:2    0     1K  0 part 
├─sda5   8:5    0  97.7G  0 part /media/4668484A68483B47
├─sda6   8:6    0  97.7G  0 part /
├─sda7   8:7    0   1.9G  0 part [SWAP]
└─sda8   8:8    0 198.5G  0 part /media/13f35f59-f023-4d98-b06f-9dfaebefd6c1
sr0     11:0    1  1024M  0 rom
```
### 9. df - 显示文件系统的磁盘空间信息
报告各种挂载的文件系统信息，其中包括挂载点，已用的，可用的磁盘空间。
```
$ df -H
Filesystem      Size  Used Avail Use% Mounted on
/dev/sda6       104G   26G   73G  26% /
none            4.1k     0  4.1k   0% /sys/fs/cgroup
udev            4.2G  4.1k  4.2G   1% /dev
tmpfs           837M  1.6M  835M   1% /run
none            5.3M     0  5.3M   0% /run/lock
none            4.2G   13M  4.2G   1% /run/shm
none            105M   21k  105M   1% /run/user
/dev/sda8       210G  149G   51G  75% /media/13f35f59-f023-4d98-b06f-9dfaebefd6c1
/dev/sda5       105G   31G   75G  30% /media/4668484A68483B47
```
### 10. pydf - python版本的df
一个增强型的python版的df命令，可以以不同的颜色显示所查询的信息，看起来比df更好看。
```
$ pydf
Filesystem Size Used Avail Use%          Mounted on                                 
/dev/sda6   96G  23G   68G 24.4 [#.....] /                                          
/dev/sda8  195G 138G   47G 70.6 [####..] /media/13f35f59-f023-4d98-b06f-9dfaebefd6c1
/dev/sda5   98G  28G   69G 29.2 [##....] /media/4668484A68483B47
```
### 11. fdisk
fdisk命令可以用来修改硬盘分区表信息，也可以用来显示硬盘分区表信息
```
$ sudo fdisk -l
Disk /dev/sda: 500.1 GB, 500107862016 bytes
255 heads, 63 sectors/track, 60801 cylinders, total 976773168 sectors
Units = sectors of 1 * 512 = 512 bytes
Sector size (logical/physical): 512 bytes / 512 bytes
I/O size (minimum/optimal): 512 bytes / 512 bytes
Disk identifier: 0x30093008
   Device Boot      Start         End      Blocks   Id  System
/dev/sda1   *          63   146801969    73400953+   7  HPFS/NTFS/exFAT
/dev/sda2       146802031   976771071   414984520+   f  W95 Ext'd (LBA)
/dev/sda5       146802033   351614654   102406311    7  HPFS/NTFS/exFAT
/dev/sda6       351614718   556427339   102406311   83  Linux
/dev/sda7       556429312   560427007     1998848   82  Linux swap / Solaris
/dev/sda8       560429056   976771071   208171008   83  Linux
```
### 12. mount
mount命令可以用来挂载设备，当然也可以用来查看系统中设备的挂载情况。
```
$ mount | column -t
/dev/sda6    on  /                                            type  ext4             (rw,errors=remount-ro)
proc         on  /proc                                        type  proc             (rw,noexec,nosuid,nodev)
sysfs        on  /sys                                         type  sysfs            (rw,noexec,nosuid,nodev)
none         on  /sys/fs/cgroup                               type  tmpfs            (rw)
none         on  /sys/fs/fuse/connections                     type  fusectl          (rw)
none         on  /sys/kernel/debug                            type  debugfs          (rw)
none         on  /sys/kernel/security                         type  securityfs       (rw)
udev         on  /dev                                         type  devtmpfs         (rw,mode=0755)
devpts       on  /dev/pts                                     type  devpts           (rw,noexec,nosuid,gid=5,mode=0620)
tmpfs        on  /run                                         type  tmpfs            (rw,noexec,nosuid,size=10%,mode=0755)
none         on  /run/lock                                    type  tmpfs            (rw,noexec,nosuid,nodev,size=5242880)
none         on  /run/shm                                     type  tmpfs            (rw,nosuid,nodev)
none         on  /run/user                                    type  tmpfs            (rw,noexec,nosuid,nodev,size=104857600,mode=0755)
none         on  /sys/fs/pstore                               type  pstore           (rw)
/dev/sda8    on  /media/13f35f59-f023-4d98-b06f-9dfaebefd6c1  type  ext4             (rw,nosuid,nodev,errors=remount-ro)
/dev/sda5    on  /media/4668484A68483B47                      type  fuseblk          (rw,nosuid,nodev,allow_other,blksize=4096)
binfmt_misc  on  /proc/sys/fs/binfmt_misc                     type  binfmt_misc      (rw,noexec,nosuid,nodev)
systemd      on  /sys/fs/cgroup/systemd                       type  cgroup           (rw,noexec,nosuid,nodev,none,name=systemd)
gvfsd-fuse   on  /run/user/1000/gvfs                          type  fuse.gvfsd-fuse  (rw,nosuid,nodev,user=enlightened)
```
同样，可以使用grep命令来筛选出想看的文件系统信息。
```
$ mount | column -t | grep ext
```
### 13. free - 查看RAM信息
查看系统中RAM的使用情况，包括已使用空间，未使用空间，以及总空间。
```
$ free -m
             total       used       free     shared    buffers     cached
Mem:          7975       5865       2110          0         24        622
-/+ buffers/cache:       5218       2757
Swap:         1951        921       1030
```
### 14. dmidecode
dmidecode命令不同于其他的命令，它是通过读取SMBOIS数据结构（也称为DMI表）中数据来提取硬件信息。
```
# 显示处理器信息
$ sudo dmidecode -t processor
# 显示内存信息
$ sudo dmidecode -t memory
# 显示bios信息
$ sudo dmidecode -t bios
```
查看man手册获取更多信息。
### 15. /proc 文件系统
在/proc目录下的许多虚拟文件包含了很多有关硬件参数及配置的信息。
![](/data/attachment/album/201405/01/212250bmubdg6udzgx2gad.png)
CPU、内存信息
```
# cpu信息
$ cat /proc/cpuinfo
# 内存信息
$ cat /proc/meminfo
```
Linux内核信息
```
$ cat /proc/version
Linux version 3.11.0-12-generic (buildd@allspice) (gcc version 4.8.1 (Ubuntu/Linaro 4.8.1-10ubuntu7) ) #19-Ubuntu SMP Wed Oct 9 16:20:46 UTC 2013
```
SCSI/Sata设备信息
```
$ cat /proc/scsi/scsi 
Attached devices:
Host: scsi3 Channel: 00 Id: 00 Lun: 00
  Vendor: ATA      Model: ST3500418AS      Rev: CC38
  Type:   Direct-Access                    ANSI  SCSI revision: 05
Host: scsi4 Channel: 00 Id: 00 Lun: 00
  Vendor: SONY     Model: DVD RW DRU-190A  Rev: 1.63
  Type:   CD-ROM                           ANSI  SCSI revision: 05
```
分区信息
```
$ cat /proc/partitions 
major minor  #blocks  name
   8        0  488386584 sda
   8        1   73400953 sda1
   8        2          1 sda2
   8        5  102406311 sda5
   8        6  102406311 sda6
   8        7    1998848 sda7
   8        8  208171008 sda8
  11        0    1048575 sr0
```
### 16. hdparm
hdparm命令可以获取sata设备如硬盘等设备信息。
```
$ sudo hdparm -i /dev/sda
/dev/sda:
 Model=ST3500418AS, FwRev=CC38, SerialNo=9VMJXV1N
 Config={ HardSect NotMFM HdSw>15uSec Fixed DTR>10Mbs RotSpdTol>.5% }
 RawCHS=16383/16/63, TrkSize=0, SectSize=0, ECCbytes=4
 BuffType=unknown, BuffSize=16384kB, MaxMultSect=16, MultSect=16
 CurCHS=16383/16/63, CurSects=16514064, LBA=yes, LBAsects=976773168
 IORDY=on/off, tPIO={min:120,w/IORDY:120}, tDMA={min:120,rec:120}
 PIO modes:  pio0 pio1 pio2 pio3 pio4 
 DMA modes:  mdma0 mdma1 mdma2 
 UDMA modes: udma0 udma1 udma2 udma3 udma4 udma5 *udma6 
 AdvancedPM=no WriteCache=enabled
 Drive conforms to: unknown:  ATA/ATAPI-4,5,6,7
 * signifies the current active mode
```
### 总结
每一个命令在获取信息的方式会稍微有些不同，在查询某一设备时，你也有可能要结合多个命令才能获取你想要的硬件信息。不过，这些命令都可以在大多数的linux发行版中找到，可以很容易地从默认的仓库中获取安装。
在桌面版系统中，还有一个便于使用的图形界面的工具，比如Hardinfo、I-nex就是其中非常流行的工具，他们可以提供多个硬件部件的详细信息。
---
via: 
译者：[stallonederek](https://github.com/stallonederek) 校对：[wxy](https://github.com/%E6%A0%A1wxy)
本文由 [LCTT](https://github.com/LCTT/TranslateProject) 原创翻译，[Linux中国](http://linux.cn/) 荣誉推出