mls - Multi Level Security protection.
targeted - Targeted processes are protected,
disabled - No SELinux policy is loaded.
1
#设置SELinux为enforcing模式
#设置SELinux为permissive模式
---
## Page 349
账户之间的映射关系。
射到一个 SELinux用户。使用root身份运行 semanage login-1命令可以查看系统账户与 SELinux
则可以查看进程的安全上下文信息：
SELinux安全上下文，使用Is-Z命令就可以看到文件或目录的这些上下文信息，而ps aux-Z
级别。当运行 SELinux 后所有这些信息都是访问控制的依据。下面通过一个实例文件查看
6.2.3SELinux安全上下文
[root@centos6 ~]# semanage login -1
用户身份是通过SELinux策略授权特定角色集合的账户身份，每个系统账户都通过策略映
（1）SELinux用户
SELinux的安全上下文包括
SELinux会为进程与文件添加安全信息标签，如：SELinux用户、角色、类型以及可选的
system_u
Login Name
每列具体描述如下。
[root@centos6~]# ps aux-z
-rw--
[root@centos6 ~]#ls -Zanaconda-ks.cfg
default
用户：角色：类型：级别
audit2why 以及chcat。
policycoreutils-python：该软件包提供了 SELinux管理工具，包括 semanage、audit2allow、
命令可以查看SELinux日志的详细信息。
setroubleshoot-server:该软件包可以将AVC拒绝日志消息转换为细节描述，使用 sealert
setroubleshoot：该软件包提供了SELinux故障排查工具。
件包。
selinux-policy-mls：该软件包提供了MLS 安全策略，启用MLS 模式时需要安装该软
libselinux：该软件包包含SELinux应用程序的API。
----. root root system_u:object_r:admin_home_t:s0 anaconda-ks.cfg
system_u
unconfined_u
unconfined_u
SELinux User
s0-s0:c0.c1023
s0-s0:c0.c1023
s0-s0:c0.c1023
MLS/MCS Range
第6章网络安全
333
---
## Page 350
形警告窗口。
SELinux报警的详细信息，并且会显示可能的解决方案。使用sealert-b命令同样可以显示该图
件包，并且auditd服务开启后，SELinux会提示如图6-3所示的报警窗口。单击Show可以查看
/var/log/audit/audit.log,/var/log/messages
/var/log/messages
/var/log/audit/audit.log
表6-1
务进程不同，拒绝日志消息会被记录到不同的文件中，表6-1列出了进程与日志文件的关系。
（AccessVectorCache）。所有SELinux拒绝的消息都会被记录进日志，根据系统中安装运行的服
件。
SELinux默认的策略规则中允许运行在passwd_t域中进程读写被标记为shadow_t类型的文
在 passwd_exec_t域中，修改密码需要修改/etc/shadow文件，而该文件的类型为 shadow_t,
果两个级别是一致的，也可以仅显示低级别，如，sO-sO与sO是一样的。
明确存在允许规则时，访问才可以被接受。
SElinux策略规则定义了何种类型的主题可以访问其他何种类型的对象资源，仅当SELinux策略
账户被授予特定的角色，而角色被授予操控特定的域。角色是SELinux 用户与域的媒介。
Linux运维之道
6.2.4
334
如果CentOS系统中安装并运行了XWindows、setroubleshoot以及setroubleshoot-server软
不管 SELinux策略是允许还是拒绝资源的访问请求行为，都会记录日志，也就是AVC
当我们使用passwd命令修改账户密码时，系统会运行/usr/bin/passwd程序，该程序运行
级别是MLS和MCS 的属性，一个MLS 范围是一对级别，书写格式为低级别-高级别，如
（4）SELinux级别
SELinux 类型是Type Enforcement 的重要属性，类型定义了进程的域以及文件的类型。而
SELinux部分采用基于角色的访问控制（RBAC)模型，而角色是RBAC的重要属性。SELinux
（3）SELinux类型
（2）SELinux角色
SELinux排错
日志文件
autitd与rsyslogd同时开启
安装setroubleshoot相关软件包
auditd服务关闭，rsyslogd服务开启
auditd服务开启
进程
---
## Page 351
文件，如果你希望修复该问题，可以重新修改index.html文件的安全上下文，默认该文件的安
file by default.
/var/www/html/index.html.
7082b8b4-70f4-42fb-92ea-08a51299d080
the
方法：
生涩的AVC拒绝日志转换为可读性比较高的setroubleshoot日志。查看日志可以使用如下两种
们需要手动查看日志文件。在此建议管理员安装setroubleshoot相关的软件包，这样可以将原本
以上报错信息说明：SELinux策略拒绝了/usr/sbin/httpd程序访问/var/www/html/index.html
Ifyou believe that httpd should be allowed getattr access on the index.html
SELinux is preventing /usr/sbin/httpd from getattr access on the file
#semodule -i mypol.pp
# grep httpd /var/log/audit/audit.log 1 audit2allow -M mypol
allow this access for now by executing:
You can generate a local policy module to allow this access.
#/sbin/restorecon -v/var/www/html/index.html
Then you can run restorecon.
/var/www/html/index.html default label should be httpd_sys_content_t.
If you want to fix the label.
setroubleshoot: SELinux is preventing /usr/sbin/httpd from read access on
查看messages日志会提示，根据黑体字提示运行 sealert命令才可以看到人性化报错信息。
对于大多数生产环境中的服务器而言，更多的是没有部署安装图形界面的Linux系统，我
Do
00
[root@centos6~]#sealert-17082b8b4-70f4-42fb-92ea-08a51299d080
file
[root@centos6
Plugin catchall (1.49 confidence) suggests
Plugin restorecon (99.5 confidence) suggests
index.html
~]#grep denied /var/log/audit/audit.1og
For
complete
New SELinux security alert
图6-3
Mon May27,1:12AMroot
SELinux
Disnuss
Show
messages.
*******
********************
run
第6章
sealert
335
网络安全
-1
---
## Page 352
加或修改。
还原为系统预设值，如果需要修改 SELinux默认的预设安全上下文，需要使用semanage命令添
安全标签或使用restorecon命令重置指定目录的安全标签后，所有文件与目录的安全标签会被
restorecon 命令。
恢复该文件的安全上下文。
全上下文应该为httpd_sys_content_t，我们可以使用/sbin/restorecon-v/var/www/htmlindex.html
Linux运维之道
6.2.5
336
通过chcon修改的安全上下文并不是SELinux预设的安全上下文，当文件系统重置SELinux
选项：-
用法：chcon[选项][-u SELinux用户][-r 角色][-1 范围][-t 类型]文件
有多种方式可以修改与管理 SELinux 安全上下文，如：chcon、semanage、fcontext 以及
（3）根据参考文件修改目标文件安全上下文。
[root@centos6 ~]# chcon -R -t admin_home_t /root/
（2）修改目录安全上下文。
[root@centos6~]# 1s-z/root/passwd
[root@centos6~]#cp--preserve=all/etc/passwd/root/ #复制文件（保留上下文信息）
（1）修改文件安全上下文。
示例：
描述：修改文件SELinux安全上下文。
1.chcon命令
修改安全上下文
u
chcon[选项]--reference=参考文件文件
修改用户属性
修改类型属性
修改范围属性
修改角色属性
#查看文件SELinux安全上下文
#递归修改目录安全上下文
---
## Page 353
安全上下文信息。
（1）查看 SELinux策略默认的预设安全上下文信息，系统将列出策略中定义的所有目录与
[root@centos6 ~]# matchpathcon /site/www/
（6）检查预设SELinux安全上下文。
[root@centos6 ~]# semanage fcontext -d /test/ test.txt
（5）删除预设安全上下文。
（4）递归设置目录的预设安全上下文。
（3）使用restorecon 命令，还原test.txt文件的安全上下文为预设值。
（2）修改策略，添加一条新的预设安全上下文信息。
示例：
选项：-a,--add
用法：semanage fcontext [-S store] -{ald|mlln/D}[-frst] file_spec
描述：SELinux策略管理工具。
2. semanage 命令
[root@centos6 ~]#restorecon -R/site/
[root@centos6~]#ls-Rz/site/www
[root@centos6 ~]# touch /site/www/(web1,web2)/index.html
[root@centos6~]#mkdir -p /site/www/{web1,web2}
[root@centos6 ~]# semanage fcontext -a-thttpd_sys_content_t "/site/www(/.*)?"
[root@centos6 ~]#1s-z/test/test.txt
[root@centos6~]# restorecon/test/test.txt
[root@centos6 ~]# 1s-z/test/test.txt
[root@centos6~]# mkdir/test;touch/test/test.txt
-n,--noheading
-l,--list
-m,--modify
-D,--deleteall
-d,--delete
不显示头部信息
显示预设安全上下文
删除所有的预设自定义上下文
删除指定的预设安全上下文
添加预设安全上下文
修改指定的预设安全上下文
第6章
网络安全
337
---
## Page 354
后会被还原，如果希望永久修改，需要使用-p参数。
尔值名称，X代表on或off。默认setsebool命令修改的布尔值参数会立即生效，但计算机重启
getsebool命令相比，输出信息多了默认状态与当前状态以及相关描述信息)。
the userhome directories
off代表关，具体命令如下。
-algrep ftp 过滤与 FTP 相关的布尔值信息，显示效果中左侧为关键词，右侧为开关，on代表开，
选项用来查看所有的布尔值。一般建议管理员通过管道过滤自己需要的布尔值参数，如 getsebool
允许服务访问NFS文件系统。getsebool是用来查看 SELinux布尔值的命令，用法比较简单，-a
Linux运维之道
6.2.6查看与修改布尔值
338
修改SELinux布尔值状态也非常简单，
smartmon_3ware
除 getsebool命令外，还可以使用 semanage boolean-1命令，该命令的输出结果如下（与
SELinux布尔值可以实时被修改。如，你可以在不重新加载或编译 SELinux策略的情况下
[root@centos6~]# setsebool ftp_home_dir on
·部分内容省略…·
Mozilla_read_content(off
xen_use_nfs
Xdm_sysadm_login
ftp_home_dir
Seboolean
部分内容省略
allow_domain_fd_use→on
allow_daemons_use_tty→on
allow_daemons_use_tcp_wrapper →off
allow_cvs_read_shadow → off
allow_console_login →on
abrt_handle_event→off
abrt_anon_write →off
[root@centos6 ~]# getsebool -a
(offoff)
(off
(off
(off
StateDefault
off
off)
off)
off）
，使用 setsebool nameX即可实现。其中，name是布
Control Mozilla content access
Allow xen to manage nfs files
Allow xdm logins as sysadm
Enable additional permissions needed
Allowftp toreadand writefilesin
Description
---
## Page 355
理员快速维护与管理相关策略，实现安全快捷的访问策略。
makewhatis 创建了whatis数据库。
使用man-kkey命令可以帮助我们查看与某个关键词相关的帮助手册。但前提是系统已经使用
外，CentOS6.3系统中还提供了专门的 SELinux帮助文档，这些帮助文件多数以_selinux结尾。
再实际部署到生产环境。在部署SELinux环境的过程中，遇到问题可以参考各种日志文件。另
6.2.8httpd相关的SELinux安全策略
6.2.7SELinux 应用案例
允许 httpd 脚本或模块通过网络连接数据库：
SELinux策略是可定制的，SELinux针对httpd的策略非常灵活，大量的布尔值可以帮助管
实际应用中，建议管理员先将SELinux模式调整为permissive模式，经过大量的测试后，
允许httpd连接网络 memcache服务器：
允许http守护进程发送电子邮件：
允许httpd访问NFS文件系统资源：
允许Apache 使用 mod_auth_pam 模块：
[root@centos6 ~]# setsebool -P httpd_use_cifs 1 
允许httpd访问cifs文件系统资源：
[root@centos6 ~]# setsebool
允许httpd支持CGI程序：
[root@centos6 ~]# setsebool -P httpd_can_net-work_connect_db 1
1.布尔值
[root@centos6~]#setsebool
[root@centos6~]#man-kselinux
[root@centos6~]#makewhatis
-P httpd_enable_cgi 1
-P allow_httpd_mod_auth_pam 1
#查找与ftp相关的SELinux帮助
#查找selinux相关帮助
#生成whatis数据库
第6章网络安全
339
---
## Page 356
可读写httpd系统资源
httpd系统资源
httpd代理内容资源
Apache日志文件资源
作为CVS内容的文件资源
Apache配置文件
/var/cache缓存目录资源
表6-2
该设置需要开启布尔值allow_httpd_anon_write：
服务进程域读取文件内容，如果修改为可以读写，则需要public_content_rw_t的类型标签。
安全上下文为 public_content_t 或者public_content_rw_t，这些安全上下文允许上面提到的所有
Linux运维之道
6.2.9FTP相关的SELinux安全策略
340
具体的文件与目录资源的安全上下文描述信息见表6-2。
通过添加 public_content_rw_t类型标签，允许httpd可读写/var/web目录及子目录。注意
允许ftp连接数据库：
[root@centos6 ~]# setsebool -P allow_ftpd_full_access 1
允许本地账号登录 ftp可以读写文件系统中的所有文件：
允许ftp读写用户家目录中的数据：
1．布尔值
通过添加public_content_t类型标签，允许httpd服务读取/var/httpd目录：
如果希望多个进程域（如，Apache、FTP、rsync 等）共享相同的文件，我们可以设置文件
[root@centos6~]# setsebool -P ftp_home_dir 1
[root@centos6~]#semanage fcontext-a-tpublic_content_rw_t"/var/web(/.*)?"
2.安全上下文
®
文件与目录描述
httpd_sys_rw_content_t
httpd_sys_content_t
httpd_squid_content_t
httpd_log_t
httpd_cvs_content_t
httpd_config_t
httpd_cache_t
安全上下文类型标签
---
## Page 357
ftp在/tmp目录下生成的临时文件
控制ftp程序仅在ftpd_initrc_t域中运行
/etc/目录下的ftp文档
表6-3
6.2.10
ftp锁数据文件
控制ftp程序仅在ftpd_t域下运行
[root@centos6 ~]# setsebool -P mysql_connect_any 1
允许mysqld服务连接所有的端口号：
[root@centos6 ~]# setsebool -P allow_user_mysql_connect 1
允许用户连接mysql服务器：
1．布尔值
具体的文件与目录资源的安全上下文描述信息见表6-3。
[root@centos6 ~]# semanage fcontext -a -t public_content_rw_t "/var/ftp(/.*) ?"
添加预设的SELinux安全上下文的类型属性，允许ftp读写/var/ftp目录：
[root@centos6~]# semanage fcontext -a-tpublic_content_t"/var/ftp(/.*)?"
添加预设的SELinux安全上下文的类型属性，允许ftp读取/var/ftp目录：
2.安全上下文
[root@centos6 ~]# restorecon -F-R-v/var/ftp
[root@centos6 ~]# setsebool -P allow_ftpd_use_nfs 1 
允许ftp共享NFS文件系统：