[root@localhost~]#mdadm
mdadm:array
[root@1ocalhost~]#mdadm-C/dev/md0 -1 0-n 3 /dev/sdb1/dev/sdc1/dev/sdd1
选项：
[root@localhost~]#mdadm
Failed
Active
/dev/md0:
[root@localhost~]#mdadm--detail
Spare Devices
TotalDevices
Creation Time
Number
Persistence
Raid Devices
Number
UpdateTime
Array Size
Chunk Size
RaidLevel
0
2
Version:0.90
L
b
C
Events :0.1
Devices
Devices
Devices
State:
UUID
Major
指定备用设备个数。
指定磁盘个数。
指定RAID级别（level)。
创建软件RAID（create）。
8
8
Major
/dev/sdc2
/dev/md0started.
：
：Thu May
62e9bd3e:f4dcf02d:319e2a62:8099eb72
clean
:ThuMay1703:46:552012
m
Superblock is persistent
64K
2963520
raid0
O
0
3
3
3
18
Minor
49
3
人
Minor
/dev/sdd2
(2.83GiB3.03GB)
1703:46:552012
RaidDevice State
--detail
-C
RaidDeviceState
/dev/md1-15-n3-x1\
active sync
active sync
active
active sync
/dev/md0
/dev/sde2
/dev/md1
sync
/dev/sdb2
#查看md1信息
#备用磁盘个数
#错误磁盘个
#工作磁盘个类
#活动磁盘个数
#磁盘个数
#RAID磁盘空间
#RAID级别
#创建时间
#查看md0信息
/dev/sdd1
/dev/sdcl
/dev/sdb1
设备UUID
数
---
## Page 93
6bc3a612:969239d8:7a78a301 name=centos6.example.com:1
2591cc4d:a588f799:88123b79 name=centos6.example.com:0
包括名称、级别、UUID等信息。
DEVICE行代表填写所有磁盘阵列的设备成员名称，ARRAY行描述磁盘阵列具体的基本信息
/etc/mdadm.conf以启动RAID设备。下面两条命令可以帮助我们快速创建这样的配置文件，
2.4.10
1048576000 bytes (1.0 GB) copied, 21.7965 seconds, 48.1 MB/s
1000+0records out
ARRAY/dev/md/1level=raid5metadata=1.2
sys
1000+0recordsin
[root@localhost~]#echo"/dev/md0/raid0 ext4 defaults 0o">>/etc/fstab
ARRAY
将磁盘阵列设备设置为开机自动挂载项，CentOS系统开机会读取磁盘阵列的配置文件
4.格式化与挂载
user
real
[root@localhost ~]# time dd if=/dev/zero of=txt bs=1M count=1000
**************************
[root@localhost~]#mdadm-Evs>>/dev/mdadm.conf
/dev/sdc1/dev/sdc2/dev/sdd1/dev/sdd2/dev/sde2">/etc/mdadm.conf
[root@localhost~]#echo"DEvIcE/dev/sdb1/dev/sdb2\
[root@localhost
root@localhost
[root@localhost
[root@localhost
[root@localhost
[root@localhost
devices=/dev/sdd1,/dev/sdcl,/dev/sdb1
普通磁盘：写入模拟**
RAID性能测试
0m23.262s
/dev/md/0level=raid0metadata=1.2
0m2.209s
0m0.001s
~]#mount/dev/md1/raid5
~]#mkfs.ext4/dev/md1
~]#mount/dev/md0/raid0
~]#mkdir/raido
~]#mkfs.ext4/dev/md0
66
G
spare
active sync
active sync
/dev/sde2
num-devices=3
num-devices=3
/dev/sdd2
/dev/sdc2
#该磁盘为备用磁盘
0">>/etc/fstab
UUID=d6cc7bdc
UUID=4282a2c2
第2章命令工具
L
---
## Page 94
注意
后，快速查看RAID详细信息可以看出正在使用/dev/sde2重建数据（还原数据），而原来的
通磁盘快，写入1GB数据所需总时间为12.614s。
/dev/sdb2成了损坏的空闲设备。
Linux运维之道
2.4.11
由于上面做性能测试时已经往RAID5中写入了1GB的数据，所以使用命令模拟磁盘损坏
注释：使用-f选项（failed）模拟磁盘sdb2的损坏。
以上测试仅以软RAID为例。
[root@localhost ~]# mdadm --detail /dev/md1
可以看出，由于RAID5需要生成校验位数据，所以写入数据的速度比RAID0慢，但比普
mdadm:set/dev/sdb2faultyin/dev/md1
[root@localhostraid5]#mdadm/dev/md1-f/dev/sdb2
sys
user
real
1048576000 bytes (1.0 GB) copied, 12.5047 seconds, 83.9 MB/s
[root@localhost raid5]# time dd if=/dev/zero of=txt bs=1M count=1000
可以看出，对RAID0写入1GB数据所需总时间为4.308s。
sys
user
real
1048576000 bytes (1.0 GB) copied, 3.87193 seconds, 271 MB/s
1000+0recordsout
1000+0 records
[root@localhost raid0]# time dd if=/dev/zero of=txt bs=1M count=1000
**RAIDO：写入模拟
可以看出，对普通磁盘写入1GB的数据所需总时间为23.262s。
****************
RAID5：写入模拟
RAID故障模拟
0m3.705s
0m0.004s
0m12.614s
0m1.604s
0m0.001s
0m4.308s
in.
￥￥
---
## Page 95
IDc105b9de:NOKEY
-h显示安装进度（安装进度以#符号标识）。
命令默认选项为静默式安装，如果需要了解安装过程的信息，则需要使用-v来显示详细的信息，
CentOS、MandrivaLinux等。CentOS6.3光盘中的所有软件包均采用RPM格式。
发行版本中，包括RedHat EnterpriseLinux、Fedora、Novell SUSELinuxEnterprise、openSUSE、
支持安全验证的通用型Linux软件包管理工具。现在RPM软件包已经被应用到很多GNU/Linux
早在1997年被用在红帽的操作系统上，RPM设计思路是提供一种可升级、具有强大查询功能、
与DEB、源代码形式的gzip与bzip2压缩包。
定的软件包格式仅适用于特定的发行版本。目前比较流行的软件包格式有：可直接执行的RPM
了不少烦恼，终端用户需要考虑哪个软件包的格式适用于相应的Linux发行版本，因为很多特
2.5.2
2.5.1
这里我们安装CentOS 6.3光盘中的ftp-0.17-51.1.el6.x86_64.rpm 软件：
RPM是RedHatPackage Manager的简写，也即是红帽软件包工具。RPM格式的软件包最
Linux中的软件包类型种类就像Linux发行版本一样丰富多样，但这种多样性也给用户带来
Preparing...
对于RPM软件包的安装，我们可以使用这样的方式进行安装，但该
[root@centos6 Packages]#rpm -vih ftp-0.17-51.1.e16.x86_64.rpm
1.安装与卸载RPM包
1:ftp
软件管理
Number
RPM软件包管理
Linux常用软件包类型
Major
88
8
####################################
############################
Minor
50
66
·
RaidDeviceState
2
faulty spare
active sync
active sync
spare rebuilding
/dev/sdd2
/dev/sdc2
/dev/sdb2
/dev/sde2
第2章命令工具
?
6
---
## Page 96
包的详细信息，则可以使用rpm-qp进行查询，如rpm-qpi ftp-0.17-51.1.el6.x86_64。
xxx为指定查询的软件名称，根据查询内容而变。
工作。查询时可以使用很多选项，具体描述如下。
保留配置文件），再安装新的软件版本。
可以成功安装evolution 软件。
安装evolution软件需要依赖libenchant.so.1文件，此时我们需要先安装相应的依赖软件包后才
被安装。
Linux运维之道
如果安装时提示：libenchant.so.10（64bit)isneededbyevolution-2.28.3-24.el6.x86_64，则表示
80
使用 rpm-q 格式进行的查询仅针对已经安装的软件，如果你希望知道某个尚未安装的软件
RPM命令工具提供了强大的软件查询功能，使用这样的格式可以进行大量的查询
-qf查询指定文件为哪个软件所安装。
b.
2.软件包信息查询
RPM 还提供了升级功能，使用这种方式，rpm会删除I旧版本软件（仅
对于RPM格式软件包的卸载，
[root@centos6~]#rpm-qf/etc/inittab
root@centos6
root@centos6
[root@centos6~]#rpm-qftp
b
b
[root@centos6Packages]#rpm-eftp#卸载ftp软件，具体版本号可以不写
root@centos6
root@centos6
查询指定软件包是否已经安装，如果已安装则显示详细名称，否则显示package xxx
查询指定软件的配置文件。
查询指定软件的安装路径与文件列表。
查询指定安装软件包的详细信息。
查询系统中已经安装的所有软件，
not installed。
~】#
~1#
~】#
~1#
rpm
rpm
rpm
udx
-q1
-qi
-qa
-qc
可以使用这样的格式完成。
bash
bash
bash
---
## Page 97
表2-7
意可以使用的YUM源，但文件名的扩展名必须是repo，其文件格式如表2-7所示。
FTP或本地文件夹的方式访问YUM源。
时至少需要一个YUM源，YUM源就是存放有很多RPM软件的文件夹，用户可以使用HTTP、
以从很多源中搜索软件以及它们的依赖包，并自动安装相应的依赖软件。使用YUM安装软件
很好地解决了RPM所面临的软件包依赖问题，大量的软件依赖会让RPM成为恶魔。YUM可
会提示该软件的哪些状态被修改，未被篡改的软件使用该命令将无任何提示。
name
2.5.3使用YUM安装软件包
CentOS6.3默认的YUM源定义文件存放在/etc/yum.repos.d/目录下，用户可以自行定义任
YUM是Yellow dogUpdate Modified的简写形式。YUM是改进版的RPM软件管理器，YUM
1.设置YUM源
RPM提供的验证功能可以随时追踪软件的状态，当软件被人篡改时，使用rpm-V命令就
下面列出所有可能出现的提示字符及其含义。
[root@centos6~]#rpm-Vbash
安全验证
？—不可读的文件。
M-
D
U
S-
5—MD5值已经改变。
D
L
选项
一包括权限与类型在内的模式已经改变。
组发生改变。
一链接文件的源已经改变。
用户发生改变。
设备改变。
文件最后修改时间已经改变。
文件大小已经改变。
指定YUM源名称，可以为任意字符串
中填写YUM源唯一的ID，可以为任意字符串
功能描述
第2章命令工具
8
---
## Page 98
rch&repo=os
gpgcheck
enabled
mirrorlist
Linux运维之道
gpgkey
baseurl
28
指令：
选项：
用法：
描述：交互式，基于RPM的包管理工具。
2.YUM命令
gpgkey=file:///etc/pki/rpm-gpg/RPM-GPG-KEY-CentOS-6
gpgcheck=0
enabled=1
baseurl=file:///media/Cent0s_6.3_Final
name=Cent0s-6.3
下面我们通过创建media.repo文件，使用CentOS6.3系统光盘作为YUM源，文件内容如下：
gpgcheck=1
#baseurl=http://mirror.centos.org/centos/$releasever/os/$basearch/
mirrorlist=http://mirrorlist.centos.org/?release=$releasever&arch=$basea
name=Centos-$releasever -Base