Jul 27 14:41:57 combo syslog: klogd startup succeeded
Jul 27 14:41:57 combo kernel: On node 0 totalpages: 32430
Jul 27 14:41:57 combo kernel:   DMA zone: 4096 pages, LIFO batch:1
Jul 27 14:41:57 combo kernel:   Normal zone: 28334 pages, LIFO batch:6
Jul 27 14:41:57 combo irqbalance: irqbalance startup succeeded
Jul 27 14:41:57 combo kernel:   HighMem zone: 0 pages, LIFO batch:1
Jul 27 14:41:57 combo kernel: DMI 2.3 present.
Jul 27 14:41:57 combo kernel: ACPI disabled because your bios is from 2000 and too old
Jul 27 14:41:57 combo kernel: You can enable it with acpi=force
Jul 27 14:41:57 combo kernel: Built 1 zonelists
Jul 27 14:41:57 combo kernel: Kernel command line: ro root=LABEL=/ rhgb quiet
Jul 27 14:41:57 combo kernel: mapped 4G/4G trampoline to ffff3000.
Jul 27 14:41:57 combo kernel: Initializing CPU#0
Jul 27 14:41:57 combo kernel: CPU 0 irqstacks, hard=02345000 soft=02344000
Jul 27 14:41:57 combo portmap: portmap startup succeeded
Jul 27 14:41:57 combo kernel: PID hash table entries: 512 (order 9: 4096 bytes)
Jul 27 14:41:57 combo kernel: Detected 731.219 MHz processor.
Jul 27 14:41:57 combo rpc.statd[1618]: Version 1.0.6 Starting
Jul 27 14:41:57 combo kernel: Using tsc for high-res timesource
Jul 27 14:41:58 combo nfslock: rpc.statd startup succeeded
Jul 27 14:41:58 combo kernel: Console: colour VGA+ 80x25
Jul 27 14:41:58 combo kernel: Memory: 125312k/129720k available (1540k kernel code, 3860k reserved, 599k data, 144k init, 0k highmem)
Jul 27 14:41:58 combo kernel: Calibrating delay loop... 1445.88 BogoMIPS
Jul 27 14:41:58 combo kernel: Security Scaffold v1.0.0 initialized
Jul 27 14:41:58 combo kernel: SELinux:  Initializing.
Jul 27 14:41:58 combo kernel: SELinux:  Starting in permissive mode
Jul 27 14:41:58 combo kernel: There is already a security framework initialized, register_security failed.
Jul 27 14:41:58 combo kernel: Failure registering capabilities with the kernel
Jul 27 14:41:58 combo kernel: selinux_register_security:  Registering secondary module capability
Jul 27 14:41:58 combo kernel: Capability LSM initialized
Jul 27 14:41:58 combo rpcidmapd: rpc.idmapd startup succeeded
Jul 27 14:41:58 combo kernel: Dentry cache hash table entries: 16384 (order: 4, 65536 bytes)
Jul 27 14:41:58 combo kernel: Inode-cache hash table entries: 8192 (order: 3, 32768 bytes)
Jul 27 14:41:58 combo kernel: Mount-cache hash table entries: 512 (order: 0, 4096 bytes)
Jul 27 14:41:58 combo kernel: CPU: L1 I cache: 16K, L1 D cache: 16K
Jul 27 14:41:58 combo kernel: CPU: L2 cache: 256K
Jul 27 14:41:58 combo kernel: Intel machine check architecture supported.
Jul 27 14:41:58 combo kernel: Intel machine check reporting enabled on CPU#0.
Jul 27 14:41:58 combo kernel: CPU: Intel Pentium III (Coppermine) stepping 06
Jul 27 14:41:58 combo kernel: Enabling fast FPU save and restore... done.
Jul 27 14:41:58 combo kernel: Enabling unmasked SIMD FPU exception support... done.
Jul 27 14:41:58 combo kernel: Checking 'hlt' instruction... OK.
Jul 27 14:41:58 combo random: Initializing random number generator:  succeeded
Jul 27 14:41:58 combo kernel: POSIX conformance testing by UNIFIX
Jul 27 14:41:58 combo kernel: NET: Registered protocol family 16
Jul 27 14:41:58 combo kernel: PCI: PCI BIOS revision 2.10 entry at 0xfc0ce, last bus=1
Jul 27 14:41:58 combo kernel: PCI: Using configuration type 1
Jul 27 14:41:58 combo kernel: mtrr: v2.0 (20020519)
Jul 27 14:41:58 combo kernel: ACPI: Subsystem revision 20040326
Jul 27 14:41:58 combo kernel: ACPI: Interpreter disabled.
Jul 27 14:41:58 combo kernel: Linux Plug and Play Support v0.97 (c) Adam Belay
Jul 27 14:41:58 combo rc: Starting pcmcia:  succeeded
Jul 27 14:41:58 combo kernel: usbcore: registered new driver usbfs
Jul 27 14:41:58 combo kernel: usbcore: registered new driver hub
Jul 27 14:41:58 combo kernel: ACPI: ACPI tables contain no PCI IRQ routing entries
Jul 27 14:41:59 combo kernel: PCI: Invalid ACPI-PCI IRQ routing table
Jul 27 14:41:59 combo kernel: PCI: Probing PCI hardware
Jul 27 14:41:59 combo kernel: PCI: Probing PCI hardware (bus 00)
Jul 27 14:41:59 combo kernel: Transparent bridge - 0000:00:1e.0
Jul 27 14:41:59 combo kernel: PCI: Using IRQ router PIIX/ICH [8086/2410] at 0000:00:1f.0
Jul 27 14:41:59 combo kernel: apm: BIOS version 1.2 Flags 0x03 (Driver version 1.16ac)
Jul 27 14:41:59 combo kernel: audit: initializing netlink socket (disabled)
Jul 27 14:41:54 combo sysctl: kernel.core_uses_pid = 1 
Jul 27 14:41:59 combo hcid[1690]: HCI daemon ver 2.4 started
Jul 27 14:41:59 combo bluetooth: hcid startup succeeded
Jul 27 14:41:59 combo kernel: audit(1122475266.4294965305:0): initialized
Jul 27 14:41:54 combo network: Setting network parameters:  succeeded 
Jul 27 14:41:59 combo bluetooth: sdpd startup succeeded
Jul 27 14:41:59 combo sdpd[1696]: sdpd v1.5 started 
Jul 27 14:41:59 combo kernel: Total HugeTLB memory allocated, 0
Jul 27 14:41:54 combo network: Bringing up loopback interface:  succeeded 
Jul 27 14:41:59 combo kernel: VFS: Disk quotas dquot_6.5.1
Jul 27 14:41:59 combo kernel: Dquot-cache hash table entries: 1024 (order 0, 4096 bytes)
Jul 27 14:41:59 combo kernel: SELinux:  Registering netfilter hooks
Jul 27 14:41:59 combo kernel: Initializing Cryptographic API
Jul 27 14:41:59 combo kernel: pci_hotplug: PCI Hot Plug PCI Core version: 0.5
Jul 27 14:42:00 combo kernel: isapnp: Scanning for PnP cards...
Jul 27 14:42:00 combo kernel: isapnp: No Plug & Play device found
Jul 27 14:42:00 combo kernel: Real Time Clock Driver v1.12
Jul 27 14:42:00 combo kernel: Linux agpgart interface v0.100 (c) Dave Jones