User: The following is 20 lines of a system log. Each line consists of a timestamp, log level, process id, relevant software component, and the log content. Think step-by-step and step and summarize this log chunk:
07-26 07:04:12, combo, 28886, sshd(pam_unix), authentication failure; logname= uid=0 euid=0 tty=NODEVssh ruser= rhost=207.243.167.114  user=root 07-27 04:16:07, combo, 30999, su(pam_unix), session opened for user cyrus by (uid=0) 07-27 04:16:08, combo, 30999, su(pam_unix), session closed for user cyrus 07-27 04:16:09, combo, None, logrotate, ALERT exited abnormally with [1] 07-27 04:21:39, combo, 31373, su(pam_unix), session opened for user news by (uid=0) 07-27 04:21:40, combo, 31373, su(pam_unix), session closed for user news 07-27 10:59:53, combo, 31985, ftpd, connection from 218.38.58.3 () at Wed Jul 27 10:59:53 2005  07-27 14:41:57, combo, None, syslogd 1.4.1, restart. 07-27 14:41:57, combo, None, syslog, syslogd startup succeeded 07-27 14:41:57, combo, None, kernel, klogd 1.4.1, log source = /proc/kmsg started. 07-27 14:41:57, combo, None, kernel, Linux version 2.6.5-1.358 (bhcompile@bugs.build.redhat.com) (gcc version 3.3.3 20040412 (Red Hat Linux 3.3.3-7)) #1 Sat May 8 09:04:50 EDT 2004 07-27 14:41:57, combo, None, kernel, BIOS-provided physical RAM map: 07-27 14:41:57, combo, None, kernel, BIOS-e820: 0000000000000000 - 00000000000a0000 (usable) 07-27 14:41:57, combo, None, kernel, BIOS-e820: 00000000000f0000 - 0000000000100000 (reserved) 07-27 14:41:57, combo, None, kernel, BIOS-e820: 0000000000100000 - 0000000007eae000 (usable) 07-27 14:41:57, combo, None, kernel, BIOS-e820: 0000000007eae000 - 0000000008000000 (reserved) 07-27 14:41:57, combo, None, kernel, BIOS-e820: 00000000ffb00000 - 0000000100000000 (reserved) 07-27 14:41:57, combo, None, kernel, 0MB HIGHMEM available. 07-27 14:41:57, combo, None, kernel, 126MB LOWMEM available. 07-27 14:41:57, combo, None, kernel, zapping low mappings.
Assistant: This log chunk shows the startup of a system, including authentication failure, session openings and closings, connection from an external IP, and system restart. The kernel log also shows the physical RAM map, available memory, and zapping of low mappings.