### 问题描述

在Fedora 29上配置Samba共享时，发现无法通过网络访问该共享。进一步检查后发现，即使在本地也无法访问。

我已经花了几小时的时间尝试解决问题，但仍未找到原因。

### 配置文件 `smb.conf`

两台机器上的`smb.conf`配置是相同的：

```ini
[global]
    workgroup = WORKGROUP
    server string = Samba server (%v) on %h
    hosts allow = 127. 10.0.1.
    ntlm auth = yes
    log file = /var/log/samba/log.%m
    max log size = 50
    security = user
    passdb backend = tdbsam
    load printers = yes
    cups options = raw

[mattd]
    path = /home/mattd
    comment = Share
    writable = yes
    valid users = mattd
```

### Samba服务状态

Samba服务已启动并正在运行：

```bash
$ systemctl status smb.service
● smb.service - Samba SMB Daemon
   Loaded: loaded (/usr/lib/systemd/system/smb.service; enabled; vendor preset: disabled)
   Active: active (running) since Thu 2019-01-31 04:57:12 EST; 3min 36s ago
     Docs: man:smbd(8)
           man:samba(7)
           man:smb.conf(5)
 Main PID: 26861 (smbd)
   Status: "smbd: ready to serve connections..."
    Tasks: 4 (limit: 4915)
   Memory: 9.0M
   CGroup: /system.slice/smb.service
           ├─26861 /usr/sbin/smbd --foreground --no-process-group
           ├─26863 /usr/sbin/smbd --foreground --no-process-group
           ├─26864 /usr/sbin/smbd --foreground --no-process-group
           └─26865 /usr/sbin/smbd --foreground --no-process-group

Jan 31 04:57:12 minedlands systemd[1]: Starting Samba SMB Daemon...
Jan 31 04:57:12 minedlands systemd[1]: Started Samba SMB Daemon.
Jan 31 04:57:12 minedlands smbd[26861]: [2019/01/31 04:57:12.514592,  0] ../lib/util/become_daemon.c:138(daemon_ready)
Jan 31 04:57:12 minedlands smbd[26861]:   daemon_ready: STATUS=daemon 'smbd' finished starting up and ready to serve connections
```

### 用户和Samba账户

用户`mattd`（我的账户）可以正常登录SSH，并且我为该用户创建了Samba账户：

```bash
$ smbpasswd -a mattd
$ smbpasswd -e mattd
$ pdbedit -L
mattd:1000:Matt D.
```

### SELinux设置

为了测试，已经禁用了SELinux：

```bash
$ setenforce 0
$ setsebool -P samba_enable_home_dirs 1
```

### 防火墙设置

防火墙已允许Samba访问：

```bash
$ firewall-cmd --zone=public --permanent --add-service=samba
$ firewall-cmd --reload
```

### 本地访问测试

通过SSH连接到本地主机并尝试访问Samba共享：

```bash
$ smbclient //localhost/mattd --user mattd
Enter WORKGROUP\mattd's password:
```

但是出现认证失败的错误：

```bash
session setup failed: NT_STATUS_ACCESS_DENIED
```

### 总结

- 这是我的账户。
- 我对自己的主目录有权限。
- 我已经创建了必要的Samba账户。
- 通过本地主机可以与Samba服务通信。
- 错误消息表明存在认证问题。
- SELinux不是问题的原因。
- 防火墙不是问题的原因。
- `smb.conf`与一个正常工作的系统完全相同。
- 已经重启了Samba服务。

### Samba版本

- CentOS 7运行的是Samba 4.8.3。
- Fedora 29运行的是Samba 4.9.4。

我可以从Fedora机器使用`smbclient`连接到CentOS机器，因此连接是可能的。

尽管标题表明这两台机器的配置是相同的，但似乎它们并不完全相同，或者在这两个发行版之间存在某些需要特别注意的地方。

### 解决方案

在`smb.conf`中添加以下配置：

```ini
client lanman auth = yes
```

然后重启Samba服务：

```bash
$ systemctl restart smb.service
```

这样可能会解决认证问题。