User: The following is 20 lines of a system log. Each line consists of a timestamp, log level, process id, relevant software component, and the log content. Think step-by-step and step and summarize this log chunk:
07-27 14:41:58, combo, None, kernel, Console: colour VGA+ 80x25 07-27 14:41:58, combo, None, kernel, Memory: 125312k/129720k available (1540k kernel code, 3860k reserved, 599k data, 144k init, 0k highmem) 07-27 14:41:58, combo, None, kernel, Calibrating delay loop... 1445.88 BogoMIPS 07-27 14:41:58, combo, None, kernel, Security Scaffold v1.0.0 initialized 07-27 14:41:58, combo, None, kernel, SELinux:  Initializing. 07-27 14:41:58, combo, None, kernel, SELinux:  Starting in permissive mode 07-27 14:41:58, combo, None, kernel, There is already a security framework initialized, register_security failed. 07-27 14:41:58, combo, None, kernel, Failure registering capabilities with the kernel 07-27 14:41:58, combo, None, kernel, selinux_register_security:  Registering secondary module capability 07-27 14:41:58, combo, None, kernel, Capability LSM initialized 07-27 14:41:58, combo, None, rpcidmapd, rpc.idmapd startup succeeded 07-27 14:41:58, combo, None, kernel, Dentry cache hash table entries: 16384 (order: 4, 65536 bytes) 07-27 14:41:58, combo, None, kernel, Inode-cache hash table entries: 8192 (order: 3, 32768 bytes) 07-27 14:41:58, combo, None, kernel, Mount-cache hash table entries: 512 (order: 0, 4096 bytes) 07-27 14:41:58, combo, None, kernel, CPU: L1 I cache: 16K, L1 D cache: 16K 07-27 14:41:58, combo, None, kernel, CPU: L2 cache: 256K 07-27 14:41:58, combo, None, kernel, Intel machine check architecture supported. 07-27 14:41:58, combo, None, kernel, Intel machine check reporting enabled on CPU#0. 07-27 14:41:58, combo, None, kernel, CPU: Intel Pentium III (Coppermine) stepping 06 07-27 14:41:58, combo, None, kernel, Enabling fast FPU save and restore... done.
Assistant: This log chunk is related to the initialization of the system. It begins by setting the console color to VGA+ 80x25, followed by the memory available and the BogoMIPS. It then initializes the security framework and registers the capabilities with the kernel. After that, it sets up the dentry cache, inode-cache, and mount-cache hash table entries. Finally, it enables the Intel machine check architecture and reporting, and sets the CPU to Intel Pentium III (Coppermine) stepping 06.