User: 在Linux系统上，如何进行磁盘容量的监控和管理？请提供相关的命令和操作步骤。
Assistant: 在Linux系统上，可以使用以下命令进行磁盘容量的监控和管理：

1. df命令：用于显示磁盘的使用情况和可用空间等信息。

例如，输入df -h命令可以显示磁盘上各分区的使用情况，其中-h选项可以将显示的结果以人性化的方式进行展现：

```
$ df -h
Filesystem      Size  Used Avail Use% Mounted on
devtmpfs        3.8G     0  3.8G   0% /dev
tmpfs           3.8G  8.0K  3.8G   1% /dev/shm
tmpfs           3.8G  1.6M  3.8G   1% /run
tmpfs           3.8G     0  3.8G   0% /sys/fs/cgroup
/dev/sda2       126G   31G   89G  26% /
/dev/sda1       252M  192K  252M   1% /boot/efi
tmpfs           773M   36K  773M   1% /run/user/1000
```

2. du命令：用于测量目录或文件夹大小。

例如，输入du -sh *命令可以显示当前目录下所有文件夹的大小及其规模单位：

```
$ du -sh *
6.3M    bin
231M    home
48M     lib
3.5M    lib64
16K     lost+found
8.0K    media
4.0K    mnt
114M    opt
du: cannot access 'proc/16929/task/16929/fd/4': No such file or directory
du: cannot access 'proc/16929/task/16929/fdinfo/4': No such file or directory
du: cannot access 'proc/16929/fd/4': No such file or directory
du: cannot access 'proc/16929/fdinfo/4': No such file or directory
0       proc
1.5M    root
14M     sbin
8.0K    snap
4.0K    srv
0       sys
8.7M    tmp
3.8G    usr
2.1G    var
```

3. lsblk命令：用于显示系统所有的块设备信息，包括硬盘、U盘、光驱等。

例如，输入lsblk命令可以显示当前系统中的所有块设备，包括其大小、分区、文件系统等信息：

```
$ lsblk
NAME   MAJ:MIN RM   SIZE RO TYPE MOUNTPOINT
sda      8:0    0 149.1G  0 disk
├─sda1   8:1    0   260M  0 part /boot/efi
└─sda2   8:2    0 148.8G  0 part /
sdb      8:16   0   7.5G  0 disk /media/anon/UBUNTU 20_0
```

4. fuser命令：用于查找并终止正在访问某个设备或文件的进程。

例如，输入fuser -m /mnt/data命令可以查找并终止正在访问/mnt/data目录的进程：

```
$ fuser -m /mnt/data/
/mnt/data/:  11232
$ sudo kill 11232
```

5. mount和umount命令：用于挂载和卸载文件系统。

例如，输入mount /dev/sdb1 /mnt/usb命令可以将U盘挂载到/mnt/usb目录上：

```
$ mount /dev/sdb1 /mnt/usb
```

输入umount /mnt/usb命令可以将/mnt/usb目录上的U盘卸载：

```
$ umount /mnt/usb
```

上述命令可以帮助我们更好地进行Linux系统磁盘容量的监控和管理。