User: Task 11：介绍在Linux中使用网络命令的方法
Assistant: 在Linux中，可以使用许多不同的网络命令来管理和分析网络连接和配置。以下是一些常用的网络命令及其用法：

1. ping 命令：
ping 命令用于测试网络连接，可以向特定的 IP 地址或域名发送信号并等待响应。例如：

$ ping www.google.com
PING www.google.com (172.217.13.68) 56(84) bytes of data.
64 bytes from lga34s14-in-f4.1e100.net (172.217.13.68): icmp_seq=1 ttl=55 time=3.10 ms
64 bytes from lga34s14-in-f4.1e100.net (172.217.13.68): icmp_seq=2 ttl=55 time=3.03 ms
64 bytes from lga34s14-in-f4.1e100.net (172.217.13.68): icmp_seq=3 ttl=55 time=3.05 ms
^C
--- www.google.com ping statistics ---
3 packets transmitted, 3 received, 0% packet loss, time 2004ms
rtt min/avg/max/mdev = 3.025/3.062/3.104/0.052 ms

2. ifconfig 命令：
ifconfig 命令用于配置和显示系统中的网络接口，可以查看和修改 IP 地址、子网掩码、网关等。例如：

$ ifconfig eth0
eth0  Link encap:Ethernet  HWaddr 00:0c:29:ff:ff:ff
      inet addr:192.168.1.1  Bcast:192.168.255.255  Mask:255.255.0.0
      UP BROADCAST RUNNING MULTICAST  MTU:1500  Metric:1
      RX packets:727987 errors:0 dropped:0 overruns:0 frame:0
      TX packets:631860 errors:0 dropped:0 overruns:0 carrier:0
      collisions:0 txqueuelen:1000
      RX bytes:107087019 (107.0 MB)  TX bytes:178010960 (178.0 MB)

3. netstat 命令：
netstat 命令用于显示系统中的网络连接、路由表、接口状态等。例如：

$ netstat -a
Active Internet connections (servers and established)
Proto Recv-Q Send-Q Local Address      Foreign Address          State
tcp        0      0 192.168.1.1:ssh   192.168.1.2:62645     ESTABLISHED
tcp        0      0 192.168.1.1:http  192.168.1.3:50160     TIME_WAIT
tcp        0      0 192.168.1.1:http  192.168.1.3:50163     TIME_WAIT
tcp6       0      0 :::80             :::*                    LISTEN

4. route 命令：
route 命令用于配置和显示系统中的路由表，可以添加、删除、修改路由规则。例如：

$ route
Kernel IP routing table
Destination     Gateway         Genmask         Flags Metric Ref    Use Iface
192.168.1.0     *               255.255.255.0   U     0      0        0 eth0
169.254.0.0     *               255.255.0.0     U     1000   0        0 eth0
default         192.168.1.254   0.0.0.0         UG    0      0        0 eth0

5. host 命令：
host 命令用于查询域名对应的 IP 地址或反向查询 IP 地址对应的域名。例如：

$ host www.google.com
www.google.com has address 172.217.13.68

6. nslookup 命令：
nslookup 命令用于查询域名系统（DNS）记录，可以查看 DNS 服务器、域名别名、反向查询等。例如：

$ nslookup www.google.com
Server:		192.168.1.254
Address:	192.168.1.254#53

Non-authoritative answer:
Name:	www.google.com
Address: 172.217.13.68

这些命令中每一个都非常强大且有用。对于任何涉及网络管理和配置的Linux任务，都会用到它们中的至少一部分，因此在Linux中使用网络命令非常重要。