2Don’tbeconcernedabout?column?.WewillcoverthatinSection4.7.
8 CHAPTER2. ISSUINGDATABASECOMMANDS
test=> SELECT
test-> 2 * 10 + 1
test-> \p
SELECT
2 * 10 + 1
test-> \g
?column?
----------
21
(1 row)
test=>
Figure2.4: Backslash-pdemo
lines. You mightnotice that the queryisinuppercase. Unlessyou aretypingastringin quotes,
the POSTGRESQLserverdoesnot carewhetherwords areuppercaseor lowercase. For clarity,I
recommendyouenterwordsspecialtoPOSTGRESQLinuppercase.
Try some queries on your own involving arithmetic. Each computation must start with the
word SELECT, thenyourcomputation, andfinallyasemicolonor backslash-g. For example,SELECT
4 * 10;wouldreturn40. Additionisperformedusingaplussymbol(+),subtractionusingaminus
symbol(-),multiplicationusinganasterisk(*),anddivisionusingaforwardslash(/).
Ifyou havereadline3 installed,psql willevenallowyou to useyourarrowkeys. Yourleft and
rightarrowkeysallowyoutomovearound,andtheupanddownarrowsretrievepreviouslytyped
queries.
Displaying the Query Buffer
Youcancontinuetypingindefinitely,untilyouuseasemicolonorbackslash-g. Everythingyoutype
willbebufferedbypsqluntilyouarereadytosendthequery. Ifyouusebackslash-p(\p),youwill
seeeverythingaccumulatedinthequerybuffer. InFigure2.4,threelinesoftextareaccumulated
anddisplayedbytheuserusingbackslash-p. Afterdisplay,weusebackslash-gtoexecutethequery,
whichreturnsthevalue21. Thisabilitycomesinhandywithlongqueries.
Erasing the Query Buffer
Ifyoudonotlikewhatyouhavetyped,usebackslash-r(\r)toresetorerasethebuffer.
3Readlineisanopensourcelibrarythatallowspowerfulcommand-lineediting.
2.3. GETTINGHELP 9
2.3 Getting Help
Youmightask,“Arethesebackslashcommandsdocumentedanywhere?” IfyoulookatFigure2.1,
you will see that the answeris printed everytime psql starts. Backslash-? (\?) prints all valid
backslashcommands. Backslash-hdisplayshelpfor SQL commands. SQL commandsare covered
inthenextchapter.
2.4 Exiting a Session
Thischapterwouldnotbe completewithout showingyou how toexitpsql. Usebackslash-q(\q)
toquitthesessionandexitpsql. Backslashg(go),p(print),r(reset),andq(quit)shouldbeallyou
needfornow.
2.5 Summary
Thischapterhasintroduced themost importantfeaturesof psql. Thisknowledgewillallowyou
to try all the examples in this book. In addition, psql has many other features to assist you.
Section16.1coverspsqlindetail. Youmaywanttoconsultthatchapterwhilereadingthroughthe
book.
Chapter 3
Basic SQL Commands
SQL stands for Structured Query Language. It is the most common way to communicate with
databaseservers,andissupportedbyalmostalldatabasesystems. Inthischapter,youwilllearn
aboutrelationaldatabasesystemsandhowtoissuethemostimportantSQLcommands.
3.1 Relational Databases
AsmentionedinSection 1.1,thepurposeofadatabaseisrapiddatastorageandretrieval. Today,
mostdatabasesystemsarerelationaldatabases. Whiletheterm“relationaldatabase”hasamathe-
maticalfoundation,inpracticeitmeansthatalldatastoredinthedatabaseisarrangedinauniform
structure.
Figure 3.1 shows a database server with access to three databases: demo, finance, and test.
You could issue the command psql finance and be connected to the finance database. You have
alreadydealtwiththisissueinChapter 2. Usingpsql, youchosetoconnecttodatabasetestwith
thecommand psql test. To seea listof databasesavailableat yoursite, typepsql -l. Thefirst
columnliststhedatabasenames. However,youmaynothavepermissiontoconnecttoallofthem.
Youmightask,“Whatarethoseblackrectanglesinthedatabases?” Theyaretables. Tablesare
thefoundationofarelationaldatabasemanagementsystem(RDBMS). Theyholdthedatastoredina
database. Eachtablehasanamedefinedbythepersonwhocreatedit.
Let’s look at a single table called friend shown in Table 3.1. You can readily see how tables
areusedtostoredata. Eachfriendislistedasaseparaterowinthetable. Thetablerecordsfive
piecesofinformationabouteachfriend: firstname,lastname,city,state,andage.1
Each friend appears on a separate row; each column contains the same type of information.
This is the type of structure that makes relational databases successful. It allows you to select
certainrowsofdata,certaincolumnsofdata,orcertaincells. Youcouldselecttheentirerowfor
Mike,theentirecolumnforCity,oraspecificcelllikeDenver.
1Inareal-worlddatabase,theperson’sbirthdatewouldbestoredandnottheperson’sage. Theagemustbeupdatedeach
timethepersonhasabirthday. Aperson’sagecanbecomputedwhenneededfromabirthdatefield.
11
12 CHAPTER3. BASICSQLCOMMANDS
Database Server
Demo
(cid:0)(cid:1)(cid:2)(cid:1)(cid:0)(cid:1)(cid:2)(cid:1)(cid:0)(cid:1)(cid:2)(cid:1)(cid:0)(cid:1)(cid:2)(cid:1)(cid:0)(cid:1)(cid:2)(cid:1) (cid:0)(cid:1)(cid:2)(cid:1)(cid:0)(cid:1)(cid:2)(cid:1)(cid:0)(cid:1)(cid:2)(cid:1)(cid:0)(cid:1)(cid:2)(cid:1)(cid:0)(cid:1)(cid:2)(cid:1) (cid:0)(cid:1)(cid:2)(cid:1)(cid:0)(cid:1)(cid:2)(cid:1)(cid:0)(cid:1)(cid:2)(cid:1)(cid:0)(cid:1)(cid:2)(cid:1)(cid:0)(cid:1)(cid:2)(cid:1) (cid:0)(cid:1)(cid:2)(cid:1)(cid:0)(cid:1)(cid:2)(cid:1)(cid:0)(cid:1)(cid:2)(cid:1)(cid:0)(cid:1)(cid:2)(cid:1)(cid:0)(cid:1)(cid:2)(cid:1) (cid:0)(cid:2)(cid:0)(cid:2)(cid:0)(cid:2)(cid:0)(cid:2)(cid:0)(cid:2)
Test
(cid:7)(cid:1)(cid:7)(cid:1)(cid:8)(cid:1)(cid:7)(cid:1)(cid:8)(cid:1)(cid:7)(cid:1)(cid:8)(cid:1)(cid:7)(cid:1)(cid:8)(cid:1)(cid:7)(cid:1)(cid:8)(cid:1)(cid:7)(cid:1)(cid:8)(cid:1)(cid:7)(cid:1)(cid:8)(cid:1)(cid:7)(cid:1)(cid:8)(cid:1) (cid:7)(cid:1)(cid:7)(cid:1)(cid:8)(cid:1)(cid:7)(cid:1)(cid:8)(cid:1)(cid:7)(cid:1)(cid:8)(cid:1)(cid:7)(cid:1)(cid:8)(cid:1)(cid:7)(cid:1)(cid:8)(cid:1)(cid:7)(cid:1)(cid:8)(cid:1)(cid:7)(cid:1)(cid:8)(cid:1)(cid:7)(cid:1)(cid:8)(cid:1) (cid:7)(cid:1)(cid:7)(cid:1)(cid:8)(cid:1)(cid:7)(cid:1)(cid:8)(cid:1)(cid:7)(cid:1)(cid:8)(cid:1)(cid:7)(cid:1)(cid:8)(cid:1)(cid:7)(cid:1)(cid:8)(cid:1)(cid:7)(cid:1)(cid:8)(cid:1)(cid:7)(cid:1)(cid:8)(cid:1)(cid:7)(cid:1)(cid:8)(cid:1) (cid:7)(cid:1)(cid:7)(cid:1)(cid:8)(cid:1)(cid:7)(cid:1)(cid:8)(cid:1)(cid:7)(cid:1)(cid:8)(cid:1)(cid:7)(cid:1)(cid:8)(cid:1)(cid:7)(cid:1)(cid:8)(cid:1)(cid:7)(cid:1)(cid:8)(cid:1)(cid:7)(cid:1)(cid:8)(cid:1)(cid:7)(cid:1)(cid:8)(cid:1) (cid:7)(cid:1)(cid:7)(cid:1)(cid:8)(cid:1)(cid:7)(cid:1)(cid:8)(cid:1)(cid:7)(cid:1)(cid:8)(cid:1)(cid:7)(cid:1)(cid:8)(cid:1)(cid:7)(cid:1)(cid:8)(cid:1)(cid:7)(cid:1)(cid:8)(cid:1)(cid:7)(cid:1)(cid:8)(cid:1)(cid:7)(cid:1)(cid:8)(cid:1) (cid:7)(cid:1)(cid:7)(cid:1)(cid:8)(cid:1)(cid:7)(cid:1)(cid:8)(cid:1)(cid:7)(cid:1)(cid:8)(cid:1)(cid:7)(cid:1)(cid:8)(cid:1)(cid:7)(cid:1)(cid:8)(cid:1)(cid:7)(cid:1)(cid:8)(cid:1)(cid:7)(cid:1)(cid:8)(cid:1)(cid:7)(cid:1)(cid:8)(cid:1) (cid:7)(cid:7)(cid:8)(cid:7)(cid:8)(cid:7)(cid:8)(cid:7)(cid:8)(cid:7)(cid:8)(cid:7)(cid:8)(cid:7)(cid:8)(cid:7)(cid:8)
(cid:9)(cid:1)(cid:9)(cid:1)(cid:9)(cid:1)(cid:9)(cid:1)(cid:9)(cid:1)(cid:9)(cid:1)(cid:9)(cid:1)(cid:9)(cid:1)(cid:9)(cid:1) (cid:9)(cid:1)(cid:10)(cid:1)(cid:9)(cid:1)(cid:10)(cid:1)(cid:9)(cid:1)(cid:10)(cid:1)(cid:9)(cid:1)(cid:10)(cid:1)(cid:9)(cid:1)(cid:10)(cid:1)(cid:9)(cid:1)(cid:10)(cid:1)(cid:9)(cid:1)(cid:10)(cid:1)(cid:9)(cid:1)(cid:10)(cid:1)(cid:9)(cid:1)(cid:10)(cid:1) (cid:9)(cid:1)(cid:10)(cid:1)(cid:9)(cid:1)(cid:10)(cid:1)(cid:9)(cid:1)(cid:10)(cid:1)(cid:9)(cid:1)(cid:10)(cid:1)(cid:9)(cid:1)(cid:10)(cid:1)(cid:9)(cid:1)(cid:10)(cid:1)(cid:9)(cid:1)(cid:10)(cid:1)(cid:9)(cid:1)(cid:10)(cid:1)(cid:9)(cid:1)(cid:10)(cid:1) (cid:9)(cid:1)(cid:10)(cid:1)(cid:9)(cid:1)(cid:10)(cid:1)(cid:9)(cid:1)(cid:10)(cid:1)(cid:9)(cid:1)(cid:10)(cid:1)(cid:9)(cid:1)(cid:10)(cid:1)(cid:9)(cid:1)(cid:10)(cid:1)(cid:9)(cid:1)(cid:10)(cid:1)(cid:9)(cid:1)(cid:10)(cid:1)(cid:9)(cid:1)(cid:10)(cid:1) (cid:9)(cid:1)(cid:10)(cid:1)(cid:9)(cid:1)(cid:10)(cid:1)(cid:9)(cid:1)(cid:10)(cid:1)(cid:9)(cid:1)(cid:10)(cid:1)(cid:9)(cid:1)(cid:10)(cid:1)(cid:9)(cid:1)(cid:10)(cid:1)(cid:9)(cid:1)(cid:10)(cid:1)(cid:9)(cid:1)(cid:10)(cid:1)(cid:9)(cid:1)(cid:10)(cid:1) (cid:9)(cid:1)(cid:10)(cid:1)(cid:9)(cid:1)(cid:10)(cid:1)(cid:9)(cid:1)(cid:10)(cid:1)(cid:9)(cid:1)(cid:10)(cid:1)(cid:9)(cid:1)(cid:10)(cid:1)(cid:9)(cid:1)(cid:10)(cid:1)(cid:9)(cid:1)(cid:10)(cid:1)(cid:9)(cid:1)(cid:10)(cid:1)(cid:9)(cid:1)(cid:10)(cid:1) (cid:9)(cid:1)(cid:10)(cid:1)(cid:9)(cid:1)(cid:10)(cid:1)(cid:9)(cid:1)(cid:10)(cid:1)(cid:9)(cid:1)(cid:10)(cid:1)(cid:9)(cid:1)(cid:10)(cid:1)(cid:9)(cid:1)(cid:10)(cid:1)(cid:9)(cid:1)(cid:10)(cid:1)(cid:9)(cid:1)(cid:10)(cid:1)(cid:9)(cid:1)(cid:10)(cid:1) (cid:9)(cid:10)(cid:9)(cid:10)(cid:9)(cid:10)(cid:9)(cid:10)(cid:9)(cid:10)(cid:9)(cid:10)(cid:9)(cid:10)(cid:9)(cid:10)(cid:9)(cid:10)
Finance
(cid:5)(cid:1)(cid:6)(cid:1)(cid:5)(cid:1)(cid:6)(cid:1)(cid:5)(cid:1)(cid:6)(cid:1)(cid:5)(cid:1)(cid:6)(cid:1) (cid:5)(cid:1)(cid:6)(cid:1)(cid:5)(cid:1)(cid:6)(cid:1)(cid:5)(cid:1)(cid:6)(cid:1)(cid:5)(cid:1)(cid:6)(cid:1) (cid:5)(cid:6)(cid:5)(cid:6)(cid:5)(cid:6)(cid:5)(cid:6)
(cid:3)(cid:1)(cid:3)(cid:1)(cid:3)(cid:1)(cid:3)(cid:1)(cid:3)(cid:1) (cid:3)(cid:1)(cid:4)(cid:1)(cid:3)(cid:1)(cid:4)(cid:1)(cid:3)(cid:1)(cid:4)(cid:1)(cid:3)(cid:1)(cid:4)(cid:1)(cid:3)(cid:1)(cid:4)(cid:1) (cid:3)(cid:1)(cid:4)(cid:1)(cid:3)(cid:1)(cid:4)(cid:1)(cid:3)(cid:1)(cid:4)(cid:1)(cid:3)(cid:1)(cid:4)(cid:1)(cid:3)(cid:1)(cid:4)(cid:1) (cid:3)(cid:1)(cid:4)(cid:1)(cid:3)(cid:1)(cid:4)(cid:1)(cid:3)(cid:1)(cid:4)(cid:1)(cid:3)(cid:1)(cid:4)(cid:1)(cid:3)(cid:1)(cid:4)(cid:1) (cid:3)(cid:4)(cid:3)(cid:4)(cid:3)(cid:4)(cid:3)(cid:4)(cid:3)(cid:4) (cid:11)(cid:1)(cid:12)(cid:1)(cid:11)(cid:1)(cid:12)(cid:1)(cid:11)(cid:1)(cid:12)(cid:1)(cid:11)(cid:1)(cid:12)(cid:1)(cid:11)(cid:1)(cid:12)(cid:1)(cid:11)(cid:1)(cid:12)(cid:1)(cid:11)(cid:1)(cid:12)(cid:1)(cid:11)(cid:1)(cid:12)(cid:1) (cid:11)(cid:1)(cid:12)(cid:1)(cid:11)(cid:1)(cid:12)(cid:1)(cid:11)(cid:1)(cid:12)(cid:1)(cid:11)(cid:1)(cid:12)(cid:1)(cid:11)(cid:1)(cid:12)(cid:1)(cid:11)(cid:1)(cid:12)(cid:1)(cid:11)(cid:1)(cid:12)(cid:1)(cid:11)(cid:1)(cid:12)(cid:1) (cid:11)(cid:1)(cid:12)(cid:1)(cid:11)(cid:1)(cid:12)(cid:1)(cid:11)(cid:1)(cid:12)(cid:1)(cid:11)(cid:1)(cid:12)(cid:1)(cid:11)(cid:1)(cid:12)(cid:1)(cid:11)(cid:1)(cid:12)(cid:1)(cid:11)(cid:1)(cid:12)(cid:1)(cid:11)(cid:1)(cid:12)(cid:1) (cid:11)(cid:1)(cid:12)(cid:1)(cid:11)(cid:1)(cid:12)(cid:1)(cid:11)(cid:1)(cid:12)(cid:1)(cid:11)(cid:1)(cid:12)(cid:1)(cid:11)(cid:1)(cid:12)(cid:1)(cid:11)(cid:1)(cid:12)(cid:1)(cid:11)(cid:1)(cid:12)(cid:1)(cid:11)(cid:1)(cid:12)(cid:1) (cid:11)(cid:1)(cid:12)(cid:1)(cid:11)(cid:1)(cid:12)(cid:1)(cid:11)(cid:1)(cid:12)(cid:1)(cid:11)(cid:1)(cid:12)(cid:1)(cid:11)(cid:1)(cid:12)(cid:1)(cid:11)(cid:1)(cid:12)(cid:1)(cid:11)(cid:1)(cid:12)(cid:1)(cid:11)(cid:1)(cid:12)(cid:1) (cid:11)(cid:12)(cid:11)(cid:12)(cid:11)(cid:12)(cid:11)(cid:12)(cid:11)(cid:12)(cid:11)(cid:12)(cid:11)(cid:12)(cid:11)(cid:12)
Figure3.1: Databases
FirstName LastName City State Age
Mike Nichols Tampa FL 19
Cindy Anderson Denver CO 23
Sam Jackson Allentown PA 22
Table3.1: Tablefriend
3.2. CREATINGTABLES 13
test=> CREATE TABLE friend (
test(> firstname CHAR(15),
test(> lastname CHAR(20),
test(> city CHAR(15),
test(> state CHAR(2),
test(> age INTEGER
test(> );
CREATE
Figure3.2: Createtablefriend
Some synonyms exist for the terms “table,” “row,” and “column.” “Table” is more formally
referredtoasarelationorclass,“row”asrecordortuple,and“column”asfieldorattribute.
3.2 Creating Tables
Let’s create our own table and call it friend. Figure 3.2 shows the psql statement to create this
table. You do not have to type the command exactlythis way. You canuse all lowercase, or you
canwriteitinonelongline,anditwouldworkjustthesame.
Let’slookatthestatementfromthetopdown. ThewordsCREATE TABLEhavespecialmeaning
tothedatabaseserver. Theyindicatethatthenextrequestfromtheuseristocreateatable. You
willfindmostSQLrequestscanbequicklyidentifiedbythefirstfewwords. Therestoftherequest
hasa specificformat that isunderstood by the databaseserver. While capitalizationandspacing
are optional, the format for a query must be followed exactly. Otherwise, the database server
willissueanerrorsuchasparser: parse error at or near "pencil",meaningthatthedatabase
serverbecameconfused nearthe wordpencil. Insuchacase,themanual pagefor thecommand
should be consulted and the query reissued in the proper format. A copy of the POSTGRESQL
manualpagesappearsinAppendixD.
TheCREATETABLEcommandfollowsaspecificformat: first,thetwowordsCREATETABLE;then
thetablename;thenanopeningparenthesis;thenalistofcolumnnamesandtheirtypes;followed
byaclosingparenthesis. Theimportantpartofthisqueryappearsbetweentheparentheses. You
willnotice five linesthere in Figure 3.2. The first line, firstname CHAR(15), representsthe first
column of the table to create. This column is named firstname, and the text CHAR(15) indicates
thecolumntypeandlength. TheCHAR(15) meansthecolumnholdsamaximumof15characters.
The second column is called lastname and holds a maximum of 20 characters. Columns of type
CHAR()holdcharactersof aspecifiedlength. User-suppliedcharacterstrings2 thatdonot fillthe
2Acharacterstringisagroupofcharactersstrungtogether.
14 CHAPTER3. BASICSQLCOMMANDS
test=> \d friend
Table "friend"
Attribute | Type | Modifier
-----------+----------+----------
firstname | char(15) |
lastname | char(20) |
city | char(15) |
state | char(2) |
age | integer |
Figure3.3: Exampleofbackslash-d
entirelengthofthefieldareright-paddedwithblanks. Thecolumnscityandstatearesimilar. The
finalcolumn,age,isdifferent,however. ItisnotaCHAR()column,butratheranINTEGERcolumn.
It holds whole numbers, not characters. Even if the table contained 5,000 friends, you could be
certainthatnonamesappearedintheagecolumn,onlywholenumbers. Thisconsistentstructure
helpsdatabasestobefastandreliable.
POSTGRESQL supports more column types than just CHAR() and INTEGER. However, in this
chapterwewilluseonlythesetwo. Sections4.1and9.2covercolumntypesinmoredetail.
Create some tablesyourself now. Useonly lettersfor your tableand column names. Do not
useanynumbers,punctuation,orspacesatthistime.
The\dcommandallowsyoutoseeinformationaboutaspecifictableortolistalltablenames
in the current database. To see information about a specifictable, type \d followed by the name
of the table. For example, to see the column names and types of your new friend table in psql,
type\d friend(Figure3.3). Ifyouuse\dwithnotablenameafterit,youwillseealistofalltable
namesinthedatabase.
3.3 Adding Data with INSERT
Let’scontinuetoward thegoalof making atableexactlylikethe friendtableshownin Table 3.1.
Sofar,wehavecreatedthetable,butitdoesnotcontainanyfriends. Youaddrowsintoatablewith
theINSERTstatement. JustasCREATETABLEhasaspecificformatthatmustbefollowed, INSERT
alsohasaspecificformat. Figure3.4showsthisformat.
Youmustusesinglequotesaroundthecharacterstrings. Doublequoteswillnotwork. Spacing
and capitalization are optional, except inside the single quotes. Inside them, the text is taken
literally,soanycapitalizationwillbestoredinthedatabaseexactlyasyouspecify. Ifyoutypetoo
manyquotes,youmightreachapointwhereyourbackslashcommandsdonotworkanymore,and
your prompt willappearastest’>. Notice the singlequote before thegreaterthansymbol. Just
3.4. VIEWINGDATAWITH SELECT 15
test=> INSERT INTO friend VALUES (
test(> ’Mike’,
test(> ’Nichols’,
test(> ’Tampa’,
test(> ’FL’,
test(> 19
test(> );
INSERT 19053 1
Figure3.4: INSERTintofriend
typeanothersinglequotetogetoutofthismode,use\rtoclearthequerybuffer,andstartagain.
Noticethatthe19doesnothavequotes. Itdoesnotneedthembecausethecolumnisanumeric
column,notacharactercolumn. WhenyoudoyourINSERToperations,besuretomatcheachpiece
ofdatatothereceivingcolumn. Figure3.5showstheadditionalINSERTcommandsneededtomake
thefriendtablematchthethreefriendsshowninTable3.1.
3.4 Viewing Data with SELECT
You havejust seenhow to storedatainthedatabase. Now, let’sretrievethat data. Surprisingly,
only one command is provided to get data out of the database—SELECT. You have already used
SELECTin your first database query (see Figure 2.2 on page 7). We will now use it to show the
rowsinthetablefriend. AsshowninFigure3.6,theentirequeryappearsononeline. Asqueries
becomelonger,breakingthemintomultiplelineshelpsmakethingsclearer.
Let’slookatthisexampleindetail. First,wehavethewordSELECT,followedbyanasterisk(*),
theword FROM, our table namefriend, and a semicolon to executethe query. The SELECTstarts
ourcommand,tellingthedatabaseserverwhatiscomingnext. The*tellstheserverwewantall
thecolumnsfromthetable. TheFROM friendindicateswhichtablewewanttosee. Thus,wehave
said we want all (*) columns from our table friend. Indeed, that is what is displayed—thesame
dataasshowninTable3.1onpage12.
SELECThasalargenumberofvariations,andwewilllookatafewofthemnow. Supposeyou
wanttoretrieveonlyoneofthecolumnsfromthefriendtable. Youmightalreadysuspectthatthe
asterisk (*) must be changed in the query. If you replace it with one of the column names, you
willseeonlythatcolumn. TrySELECT city FROM friend. Youcanchooseanyofthecolumns. You
canevenchoosemultiplecolumns, by separatingthe nameswith acomma. For example, to see
first and last names only, use SELECT firstname, lastname FROM friend. Try a few more SELECT
commandsuntilyoubecomecomfortable.
Ifyouspecifyanamethatisnotavalidcolumnname,youwillgetanerrormessagelikeERROR:
16 CHAPTER3. BASICSQLCOMMANDS
test=> INSERT INTO friend VALUES (
test(> ’Cindy’,
test(> ’Anderson’,
test(> ’Denver’,
test(> ’CO’,
test(> 23
test(> );
INSERT 19054 1
test=> INSERT INTO friend VALUES (
test(> ’Sam’,
test(> ’Jackson’,
test(> ’Allentown’,
test(> ’PA’,
test(> 22
test(> );
INSERT 19055 1
Figure3.5: AdditionalfriendINSERTcommands
test=> SELECT * FROM friend;
firstname | lastname | city | state | age
-----------------+----------------------+-----------------+-------+-----
Mike | Nichols | Tampa | FL | 19
Cindy | Anderson | Denver | CO | 23
Sam | Jackson | Allentown | PA | 22
(3 rows)
Figure3.6: MyfirstSELECT
3.5. SELECTINGSPECIFICROWSWITH WHERE 17
test=> SELECT * FROM friend WHERE age = 23;
firstname | lastname | city | state | age
-----------------+----------------------+-----------------+-------+-----
Cindy | Anderson | Denver | CO | 23
(1 row)
Figure3.7: MyfirstWHERE
test=> SELECT * FROM friend WHERE age  SELECT lastname FROM friend WHERE age = 22;
lastname
----------------------
Jackson
(1 row)
Figure3.9: Asinglecell
test=> SELECT city, state FROM friend WHERE age >= 21;
city | state
-----------------+-------
Denver | CO
Allentown | PA
(2 rows)
Figure3.10: Ablockofcells
test=> SELECT * FROM friend WHERE firstname = ’Sam’;
firstname | lastname | city | state | age
-----------------+----------------------+-----------------+-------+-----
Sam | Jackson | Allentown | PA | 22
(1 row)
Figure3.11: Comparingstringfields
3.6. REMOVINGDATAWITH DELETE 19
3.6 Removing Data with DELETE
Weknow how toadddatatothedatabase;nowwewilllearnhowtoremoveit. Removalisquite
simple. TheDELETEcommandcanquicklyeliminateanyorallrowsfrom atable. Thecommand
DELETE FROM friendwilldeleteallrowsfromthetablefriend. ThequeryDELETE FROM friend WHERE
age = 19willremoveonlythoserowsthathaveanagecolumnequalto19.
Hereisagoodexercise. UseINSERTtoinsertarowintothefriendtable,useSELECTtoverify
thattherowhasbeenproperlyadded,thenuseDELETEtoremovetherow. Thisexercisecombines
theideasyoulearnedintheprevioussections. Figure3.12showsanexample.
3.7 Modifying Data with UPDATE
Howdoyoumodifydataalreadyinthedatabase? YoucoulduseDELETEtoremovearowandthen
useINSERTtoinsertanewrow,butthatisquiteinefficient. TheUPDATEcommandallowsyouto
updatedataalreadyinthedatabase. Itfollowsaformatsimilartothepreviouscommands.
Continuingwithourfriendtable,supposeMikehadabirthday,sowewanttoupdatehisagein
thetable. TheexampleinFigure3.13showsthewordUPDATE,thetablenamefriend,followedby
SET, then the column name, the equals sign(=), andthe new value. The WHEREclausecontrols
whichrowsareaffectedbytheUPDATE,justasinaDELETEoperation. WithoutaWHEREclause,all
rowsareupdated.
Noticethatthe Mikerow hasmovedtotheendofthelist. Thenextsectionwillexplainhow
tocontroltheorderofthedisplay.
3.8 Sorting Data with ORDER BY
InaSELECTquery,rowsaredisplayedinanundeterminedorder. Toguaranteethattherowswill
bereturnedfrom SELECTinaspecificorder, you mustaddtheORDERBYclausetotheendof the
SELECT. Figure 3.14 shows the use of ORDER BY. You can reverse the order by adding DESC, as
showninFigure3.15. IfthequeryalsousedaWHEREclause,theORDERBYwouldappearafterthe