提供了在本地主机上管理仲裁设备服务[**(corosync-qnetd**]{.command})的功能，如下例所示。请注意，这些命令仅影响
`corosync-qnetd`{.literal} 服务。
``` screen
[root@qdevice:~]# pcs qdevice start net
[root@qdevice:~]# pcs qdevice stop net
[root@qdevice:~]# pcs qdevice enable net
[root@qdevice:~]# pcs qdevice disable net
[root@qdevice:~]# pcs qdevice kill net
```
:::
::: section
::: titlepage
## []{#ch-Quorum-HAAR.html#s2-managequorum-HAAR}管理集群中的仲裁设备设置 {.title}
:::
下面的部分描述了可以用来管理集群中的仲裁设备设置的 PCS 命令，显示了
["配置仲裁设备"一节](#ch-Quorum-HAAR.html#s2-quorumdevconfig-HAAR "配置仲裁设备"){.xref}
中基于仲裁设备配置的示例。
::: section
::: titlepage
### []{#ch-Quorum-HAAR.html#s3-changeqdevice-HAAR}更改仲裁设备设置 {.title}
:::
您可以使用 [**pcs quorum device update**]{.command}
命令更改仲裁设备的设置。
::: {.warning style="margin-left: 0.5in; margin-right: 0.5in;"}
### 警告 {.title}
要更改仲裁设备模型 `的主机`{.literal} 选项 `net`{.literal}，请使用
[**pcs quorum device remove**]{.command} 和 [**pcs quorum device
add**]{.command} 命令来正确设置配置，除非旧主机和新主机是同一台机器。
:::
以下命令将仲裁设备算法改为 `lms`{.literal}。
``` screen
[root@node1:~]# pcs quorum device update model algorithm=lms
Sending updated corosync.conf to nodes...
node1: Succeeded
node2: Succeeded
Corosync configuration reloaded
Reloading qdevice configuration on nodes...
node1: corosync-qdevice stopped
node2: corosync-qdevice stopped
node1: corosync-qdevice started
node2: corosync-qdevice started
```
:::
::: section
::: titlepage
### []{#ch-Quorum-HAAR.html#s3-qdeviceremove-HAAR}删除仲裁设备 {.title}
:::
使用以下命令删除在集群节点中配置的仲裁设备。
``` screen
[root@node1:~]# pcs quorum device remove
Sending updated corosync.conf to nodes...
node1: Succeeded
node2: Succeeded
Corosync configuration reloaded
Disabling corosync-qdevice...
node1: corosync-qdevice disabled
node2: corosync-qdevice disabled
Stopping corosync-qdevice...
node1: corosync-qdevice stopped
node2: corosync-qdevice stopped
Removing qdevice certificates from nodes...
node1: Succeeded
node2: Succeeded
```
删除仲裁设备后，您应该在显示仲裁设备状态时看到以下出错信息。
``` screen
[root@node1:~]# pcs quorum device status
Error: Unable to get quorum status: corosync-qdevice-tool: Can't connect to QDevice socket (is QDevice running?): No such file or directory
```
:::
::: section
::: titlepage
### []{#ch-Quorum-HAAR.html#s3-qdevicedestroy-HAAR}销毁仲裁设备 {.title}
:::
要禁用和停止仲裁设备主机上的仲裁设备并删除其所有配置文件，请使用以下命令。
``` screen
[root@qdevice:~]# pcs qdevice destroy net
Stopping quorum device...
quorum device stopped
quorum device disabled
Quorum device 'net' configuration files removed
```
:::
:::
:::
:::
[]{#ch-pacemakerrules-HAAR.html}
::: chapter
::: titlepage
# []{#ch-pacemakerrules-HAAR.html#ch-pacemakerrules-HAAR}第 11 章 Pacemaker 规则 {.title}
:::
[]{#ch-pacemakerrules-HAAR.html#idm140680362025648
.indexterm}[]{#ch-pacemakerrules-HAAR.html#idm140680358378768
.indexterm}[]{#ch-pacemakerrules-HAAR.html#idm140680359387920
.indexterm}
通过使用规则可以使您的配置更动态。规则的一个用法可能是根据时间将机器分配给不同的处理组（使用
node 属性），然后在创建位置约束时使用该属性。
每个规则都可以包含多个表达式、日期表达式甚至其它规则。表达式的结果根据规则的
`boolean-op`{.literal} 字段合并，以确定规则最终评估为 `true`{.literal}
或 `false`{.literal}。接下来的操作要看规则使用的上下文而定。
::: table
[]{#ch-pacemakerrules-HAAR.html#tb-rule-props-HAAR}
**表 11.1. 规则的属性**
::: table-contents
  项                            描述
  ----------------------------- ---------------------------------------------------------------------------------------------------------------------------------------------------------------------------------------------------------------------------------------------------------------------------------------------------------------------------------------------------------------------------------------------------------------------------------------------------------------------------------------------------------------------------------------------------
  `role`{.literal}              只有在资源位于该角色时才会应用该规则。允许的值： `started`{.literal}、S`lave`{.literal} 和 `Master`{.literal}。注意：带有 `role="Master"`{.literal} 的规则无法确定克隆实例的初始位置。它只会影响哪些活跃的实例将会被提升。[]{#ch-pacemakerrules-HAAR.html#idm140680347932800 .indexterm}[]{#ch-pacemakerrules-HAAR.html#idm140680350566784 .indexterm} []{#ch-pacemakerrules-HAAR.html#idm140680350565952 .indexterm}[]{#ch-pacemakerrules-HAAR.html#idm140680352747120 .indexterm}[]{#ch-pacemakerrules-HAAR.html#idm140680352746128 .indexterm}
  `分数`{.literal}              规则评估为 `true`{.literal} 时要应用的分数。仅限于作为位置约束一部分的规则使用。[]{#ch-pacemakerrules-HAAR.html#idm140680356675040 .indexterm}[]{#ch-pacemakerrules-HAAR.html#idm140680367611152 .indexterm} []{#ch-pacemakerrules-HAAR.html#idm140680367610208 .indexterm}[]{#ch-pacemakerrules-HAAR.html#idm140680362719824 .indexterm}[]{#ch-pacemakerrules-HAAR.html#idm140680362718720 .indexterm}
  `score-attribute`{.literal}   如果规则评估为 `true`{.literal}，则要查找并用作分数的节点属性。仅限于作为位置约束一部分的规则使用。[]{#ch-pacemakerrules-HAAR.html#idm140680388583216 .indexterm}[]{#ch-pacemakerrules-HAAR.html#idm140680373931840 .indexterm} []{#ch-pacemakerrules-HAAR.html#idm140680373930896 .indexterm}[]{#ch-pacemakerrules-HAAR.html#idm140680360334784 .indexterm}[]{#ch-pacemakerrules-HAAR.html#idm140680360333680 .indexterm}
  `boolean-op`{.literal}        如何组合多个表达式对象的结果。允许的值： `和`{.literal} 和 `或`{.literal}.默认值为 `and`{.literal}.[]{#ch-pacemakerrules-HAAR.html#idm140680243529184 .indexterm}[]{#ch-pacemakerrules-HAAR.html#idm140680243528080 .indexterm} []{#ch-pacemakerrules-HAAR.html#idm140680243318144 .indexterm}[]{#ch-pacemakerrules-HAAR.html#idm140680243316720 .indexterm}[]{#ch-pacemakerrules-HAAR.html#idm140680242989472 .indexterm}
:::
:::
::: section
::: titlepage
# []{#ch-pacemakerrules-HAAR.html#_node_attribute_expressions}节点属性表达式 {.title}
:::
[]{#ch-pacemakerrules-HAAR.html#idm140680239516384
.indexterm}[]{#ch-pacemakerrules-HAAR.html#idm140680252730192
.indexterm}[]{#ch-pacemakerrules-HAAR.html#idm140680251957424
.indexterm}
节点属性表达式用于根据节点或节点定义的属性控制资源。
::: table
[]{#ch-pacemakerrules-HAAR.html#tb-expressions-props-HAAR}
**表 11.2. 表达式的属性**
::: table-contents
+-----------------------+---------------------------------------------+
| 项                    | 描述                                        |
+=======================+=============================================+
| `attribute`{.literal} | 要测试的节点属性                            |
|                       | []{#ch-                                     |
|                       | pacemakerrules-HAAR.html#idm140680388559952 |
|                       | .indexterm}[]{#ch-                          |
|                       | pacemakerrules-HAAR.html#idm140680353415152 |
|                       | .indexterm}                                 |
|                       | []{#ch-                                     |
|                       | pacemakerrules-HAAR.html#idm140680353414320 |
|                       | .indexterm}[]{#ch-                          |
|                       | pacemakerrules-HAAR.html#idm140680372222368 |
|                       | .indexterm}[]{#ch-                          |
|                       | pacemakerrules-HAAR.html#idm140680372221264 |
|                       | .indexterm}                                 |
+-----------------------+---------------------------------------------+
| `type`{.literal}      | 决定值应该如何进行测试。允许的值：          |
|                       | `字符串`{.literal}、`整数                   |
|                       | `{.literal}、`version`{.literal}。默认值为  |
|                       | `string`{.literal}[]{#ch-                   |
|                       | pacemakerrules-HAAR.html#idm140680376410960 |
|                       | .indexterm}[]{#ch-                          |
|                       | pacemakerrules-HAAR.html#idm140680376409856 |
|                       | .indexterm}                                 |
|                       | []{#ch-                                     |
|                       | pacemakerrules-HAAR.html#idm140680311534208 |
|                       | .indexterm}[]{#ch-                          |
|                       | pacemakerrules-HAAR.html#idm140680311532784 |
|                       | .indexterm}[]{#ch-                          |
|                       | pacemakerrules-HAAR.html#idm140680357996080 |
|                       | .indexterm}                                 |
+-----------------------+---------------------------------------------+
| `操作`{.literal}      | 执行的对比。允许的值：                      |
|                       |                                             |
|                       | \* `lt`{.literal} - 如果节点属性            |
|                       | `的值`{.literal}小于值，则为 True           |
|                       |                                             |
|                       | \* `gt`{.literal} - 如果节点属性            |
|                       | `的值`{.literal}大于值，则为 True           |
|                       |                                             |
|                       | \* `LTE -`{.literal}                        |
|                       | 如果节点属性的值小于或等于值，则为 True     |
|                       | ``{.literal}                                |
|                       |                                             |
|                       | \* `G`{.literal} TE -                       |
|                       | 如果节点属性的值大于或等于值，则为 True     |
|                       | ``{.literal}                                |
|                       |                                             |
|                       | \* `eq`{.literal} - 如果节点属性            |
|                       | `的值`{.literal}等于值，则为 True           |
|                       |                                             |
|                       | \* `ne`{.literal} -                         |
|                       | 如果节点属性的值不等于值，则为 True         |
|                       | ``{.literal}                                |
|                       |                                             |
|                       | \* `已定义`{.literal} -                     |
|                       | 如果节点具有命名属性，则为 True             |
|                       |                                             |
|                       | \* `not_defined`{.literal} -                |
|                       | 如果节点没有命名属性，则为 True             |
|                       | []{#ch-                                     |
|                       | pacemakerrules-HAAR.html#idm140680368118688 |
|                       | .indexterm}[]{#ch-                          |
|                       | pacemakerrules-HAAR.html#idm140680368117584 |
|                       | .indexterm}                                 |
|                       | []{#ch-                                     |
|                       | pacemakerrules-HAAR.html#idm140680368116640 |
|                       | .indexterm}[]{#ch-                          |
|                       | pacemakerrules-HAAR.html#idm140680362323024 |
|                       | .indexterm}[]{#ch-                          |
|                       | pacemakerrules-HAAR.html#idm140680352586944 |
|                       | .indexterm}                                 |
+-----------------------+---------------------------------------------+
| `value`{.literal}     | 用户提供用于比较的值（必需）                |
|                       | []{#ch-                                     |
|                       | pacemakerrules-HAAR.html#idm140680359024928 |
|                       | .indexterm}[]{#ch-                          |
|                       | pacemakerrules-HAAR.html#idm140680338443008 |
|                       | .indexterm}                                 |
|                       | []{#ch-                                     |
|                       | pacemakerrules-HAAR.html#idm140680338442064 |
|                       | .indexterm}[]{#ch-                          |
|                       | pacemakerrules-HAAR.html#idm140680347040896 |
|                       | .indexterm}[]{#ch-                          |
|                       | pacemakerrules-HAAR.html#idm140680347039792 |
|                       | .indexterm}                                 |
+-----------------------+---------------------------------------------+
:::
:::
除了管理员添加的任何属性外，集群还为每个节点定义特殊的内置节点属性，如
[表 11.3
"内置节点属性"](#ch-pacemakerrules-HAAR.html#tb-nodeattributes-HAAR "表 11.3. 内置节点属性"){.xref}
所述。
::: table
[]{#ch-pacemakerrules-HAAR.html#tb-nodeattributes-HAAR}
**表 11.3. 内置节点属性**
::: table-contents
  名称                        描述
  --------------------------- -----------------------------------------------------------------------------------------------------------------------------------------------------------------------------------------------------------------------------------------------------------------------------
  `#uname`{.literal}          节点名称
  `#id`{.literal}             节点 ID
  `#kind`{.literal}           节点类型。可能的值有 `cluster`{.literal} `、remote`{.literal} 和 `container`{.literal}。对于使用 `ocf:pacemaker:remote`{.literal} 资源创建的 Pacemaker 远程节点，以及 Pacemaker 远程客户机节点和捆绑包节点 `的容器`{.literal}，`kind`{.literal} 的值是 `remote`{.literal}。
  `#is_dc`{.literal}          如果此节点是 Designated Controller(DC)，则为 `true`{.literal}，否则 `为 false`{.literal}
  `#cluster_name`{.literal}   `cluster-name`{.literal} 集群属性的值（如果设置）
  `#site_name`{.literal}      `site-name`{.literal} node 属性的值（如果设置），否则与 `#cluster-name`{.literal}相同
  `#role`{.literal}           此节点上相关的多状态资源的角色。仅在多状态资源的位置约束的规则内有效。
:::
:::
:::
::: section
::: titlepage
# []{#ch-pacemakerrules-HAAR.html#_time_date_based_expressions}基于时间/日期的表达式 {.title}
:::
[]{#ch-pacemakerrules-HAAR.html#idm140680360449296
.indexterm}[]{#ch-pacemakerrules-HAAR.html#idm140680360448496
.indexterm}[]{#ch-pacemakerrules-HAAR.html#idm140680374938480
.indexterm}[]{#ch-pacemakerrules-HAAR.html#idm140680374937376
.indexterm}
日期表达式用于根据当前的日期/时间控制资源或集群选项。它们可以包含可选的日期规格。
::: table
[]{#ch-pacemakerrules-HAAR.html#tb-dateexpress-props-HAAR}
**表 11.4. 日期表达式的属性**
::: table-contents
+-------------------+-------------------------------------------------+
| 项                | 描述                                            |
+===================+=================================================+
| `start`{.literal} | 符合 ISO8601                                    |
|                   | 规范的日期/时间。[]{                            |
|                   | #ch-pacemakerrules-HAAR.html#idm140680344600432 |
|                   | .indexterm}[]{                                  |
|                   | #ch-pacemakerrules-HAAR.html#idm140680344599328 |
|                   | .indexterm}                                     |
|                   | []{                                             |
|                   | #ch-pacemakerrules-HAAR.html#idm140680347954144 |
|                   | .indexterm}[]{                                  |
|                   | #ch-pacemakerrules-HAAR.html#idm140680355796448 |
|                   | .indexterm}[]{                                  |
|                   | #ch-pacemakerrules-HAAR.html#idm140680355795344 |
|                   | .indexterm}                                     |
+-------------------+-------------------------------------------------+
| `end`{.literal}   | 符合 ISO8601                                    |
|                   | 规范的日期/时间。[]{                            |
|                   | #ch-pacemakerrules-HAAR.html#idm140680356891728 |
|                   | .indexterm}[]{                                  |
|                   | #ch-pacemakerrules-HAAR.html#idm140680356890624 |
|                   | .indexterm}                                     |
|                   | []{                                             |
|                   | #ch-pacemakerrules-HAAR.html#idm140680367912480 |
|                   | .indexterm}[]{                                  |
|                   | #ch-pacemakerrules-HAAR.html#idm140680367911056 |
|                   | .indexterm}[]{                                  |
|                   | #ch-pacemakerrules-HAAR.html#idm140680361429264 |
|                   | .indexterm}                                     |
+-------------------+-------------------------------------------------+
| `操作`{.literal}  | 根据上下文，将当                                |