::: para
您​​​​​​​可​​​​​​​以​​​​​​​使​​​​​​​用​​​​​​​ `lvs`{.command} 或​​​​​​​者​​​​​​​ `vgs`{.command} 命​​​​​​​令​​​​​​​的​​​​​​​ `-P`{.option}
选​​​​​​​项​​​​​​​来​​​​​​​显​​​​​​​示​​​​​​​那​​​​​​​些​​​​​​​没​​​​​​​有​​​​​​​出​​​​​​​现​​​​​​​在​​​​​​​输​​​​​​​出​​​​​​​结​​​​​​​果​​​​​​​中​​​​​​​的​​​​​​​失​​​​​​​败​​​​​​​卷​​​​​​​的​​​​​​​信​​​​​​​息​​​​​​​。​​​​​​​该​​​​​​​选​​​​​​​择​​​​​​​甚​​​​​​​至​​​​​​​允​​​​​​​许​​​​​​​一​​​​​​​些​​​​​​​内​​​​​​​部​​​​​​​元​​​​​​​数​​​​​​​据​​​​​​​不​​​​​​​完​​​​​​​全​​​​​​​统​​​​​​​一​​​​​​​时​​​​​​​的​​​​​​​操​​​​​​​作​​​​​​​。​​​​​​​例​​​​​​​如​​​​​​​：如​​​​​​​果​​​​​​​组​​​​​​​成​​​​​​​卷​​​​​​​组​​​​​​​
`vg`{.literal} 的​​​​​​​某​​​​​​​个​​​​​​​设​​​​​​​备​​​​​​​失​​​​​​​败​​​​​​​，`vgs`{.command}
命​​​​​​​令​​​​​​​可​​​​​​​能​​​​​​​会​​​​​​​显​​​​​​​示​​​​​​​以​​​​​​​下​​​​​​​输​​​​​​​出​​​​​​​信​​​​​​​息​​​​​​​。​​​​​​​
:::
``` screen
[root@link-07 tmp]# vgs -o +devices
  Volume group "vg" not found
```
::: para
如​​​​​​​果​​​​​​​您​​​​​​​为​​​​​​​ `vgs`{.command} 指​​​​​​​定​​​​​​​了​​​​​​​ `-P`{.option}
选​​​​​​​项​​​​​​​，那​​​​​​​么​​​​​​​该​​​​​​​卷​​​​​​​组​​​​​​​虽​​​​​​​仍​​​​​​​然​​​​​​​不​​​​​​​可​​​​​​​用​​​​​​​，但​​​​​​​您​​​​​​​可​​​​​​​能​​​​​​​看​​​​​​​到​​​​​​​更​​​​​​​多​​​​​​​有​​​​​​​关​​​​​​​失​​​​​​​败​​​​​​​设​​​​​​​备​​​​​​​的​​​​​​​信​​​​​​​息​​​​​​​。​​​​​​​
:::
``` screen
[root@link-07 tmp]# vgs -P -o +devices
  Partial mode. Incomplete volume groups will be activated read-only.
  VG   #PV #LV #SN Attr   VSize VFree Devices
  vg     9   2   0 rz-pn- 2.11T 2.07T unknown device(0)
  vg     9   2   0 rz-pn- 2.11T 2.07T unknown device(5120),/dev/sda1(0)
```
::: para
在​​​​​​​这​​​​​​​个​​​​​​​示​​​​​​​例​​​​​​​中​​​​​​​，失​​​​​​​败​​​​​​​的​​​​​​​设​​​​​​​备​​​​​​​导​​​​​​​致​​​​​​​卷​​​​​​​组​​​​​​​中​​​​​​​的​​​​​​​线​​​​​​​性​​​​​​​和​​​​​​​条​​​​​​​状​​​​​​​逻​​​​​​​辑​​​​​​​卷​​​​​​​都​​​​​​​失​​​​​​​败​​​​​​​。​​​​​​​不​​​​​​​带​​​​​​​
`-P`{.option} 选​​​​​​​项​​​​​​​的​​​​​​​ `lvs`{.command} 命​​​​​​​令​​​​​​​会​​​​​​​显​​​​​​​示​​​​​​​以​​​​​​​下​​​​​​​输​​​​​​​出​​​​​​​结​​​​​​​果​​​​​​​。​​​​​​​
:::
``` screen
[root@link-07 tmp]# lvs -a -o +devices
  Volume group "vg" not found
```
::: para
使​​​​​​​用​​​​​​​ `-P`{.option} 选​​​​​​​项​​​​​​​显​​​​​​​示​​​​​​​失​​​​​​​败​​​​​​​的​​​​​​​逻​​​​​​​辑​​​​​​​卷​​​​​​​。​​​​​​​
:::
``` screen
[root@link-07 tmp]# lvs -P -a -o +devices
  Partial mode. Incomplete volume groups will be activated read-only.
  LV     VG   Attr   LSize  Origin Snap%  Move Log Copy%  Devices
  linear vg   -wi-a- 20.00G                               unknown device(0)
  stripe vg   -wi-a- 20.00G                               unknown device(5120),/dev/sda1(0)
```
::: para
下​​​​​​​面​​​​​​​的​​​​​​​例​​​​​​​子​​​​​​​显​​​​​​​示​​​​​​​在​​​​​​​镜​​​​​​​像​​​​​​​逻​​​​​​​辑​​​​​​​卷​​​​​​​的​​​​​​​一​​​​​​​支​​​​​​​出​​​​​​​错​​​​​​​时​​​​​​​，带​​​​​​​ `-P`{.option} 选​​​​​​​项​​​​​​​的​​​​​​​
`pvs`{.command} 和​​​​​​​ `lvs`{.command} 命​​​​​​​令​​​​​​​的​​​​​​​输​​​​​​​出​​​​​​​结​​​​​​​果​​​​​​​。​​​​​​​
:::
``` screen
root@link-08 ~]#  vgs -a -o +devices -P
  Partial mode. Incomplete volume groups will be activated read-only.
  VG    #PV #LV #SN Attr   VSize VFree Devices
  corey   4   4   0 rz-pnc 1.58T 1.34T my_mirror_mimage_0(0),my_mirror_mimage_1(0)
  corey   4   4   0 rz-pnc 1.58T 1.34T /dev/sdd1(0)
  corey   4   4   0 rz-pnc 1.58T 1.34T unknown device(0)
  corey   4   4   0 rz-pnc 1.58T 1.34T /dev/sdb1(0)
```
``` screen
[root@link-08 ~]# lvs -a -o +devices -P
  Partial mode. Incomplete volume groups will be activated read-only.
  LV                   VG    Attr   LSize   Origin Snap%  Move Log            Copy%  Devices
  my_mirror            corey mwi-a- 120.00G                    my_mirror_mlog   1.95 my_mirror_mimage_0(0),my_mirror_mimage_1(0)
  [my_mirror_mimage_0] corey iwi-ao 120.00G                                          unknown device(0)
  [my_mirror_mimage_1] corey iwi-ao 120.00G                                          /dev/sdb1(0)
  [my_mirror_mlog]     corey lwi-ao   4.00M                                          /dev/sdd1(0)
```
:::
::: section
::: titlepage
# [⁠]{#troubleshooting.html#mirrorrecover}6.3. 修​​​​​​​复​​​​​​​ LVM 镜​​​​​​​像​​​​​​​错​​​​​​​误​​​​​​​ {.title}
:::
[]{#troubleshooting.html#idm139761022251808 .indexterm}
::: para
这​​​​​​​部​​​​​​​分​​​​​​​提​​​​​​​供​​​​​​​了​​​​​​​一​​​​​​​个​​​​​​​修​​​​​​​复​​​​​​​示​​​​​​​例​​​​​​​，即​​​​​​​ LVM
镜​​​​​​​像​​​​​​​的​​​​​​​一​​​​​​​个​​​​​​​分​​​​​​​支​​​​​​​失​​​​​​​败​​​​​​​，是​​​​​​​因​​​​​​​为​​​​​​​物​​​​​​​理​​​​​​​卷​​​​​​​的​​​​​​​基​​​​​​​本​​​​​​​设​​​​​​​备​​​​​​​死​​​​​​​机​​​​​​​。​​​​​​​当​​​​​​​一​​​​​​​个​​​​​​​镜​​​​​​​像​​​​​​​分​​​​​​​支​​​​​​​失​​​​​​​败​​​​​​​时​​​​​​​，LVM
将​​​​​​​镜​​​​​​​像​​​​​​​卷​​​​​​​转​​​​​​​换​​​​​​​成​​​​​​​线​​​​​​​性​​​​​​​卷​​​​​​​，并​​​​​​​在​​​​​​​没​​​​​​​有​​​​​​​镜​​​​​​​像​​​​​​​冗​​​​​​​余​​​​​​​的​​​​​​​之​​​​​​​前​​​​​​​继​​​​​​​续​​​​​​​进​​​​​​​行​​​​​​​操​​​​​​​作​​​​​​​。​​​​​​​在​​​​​​​那​​​​​​​个​​​​​​​时​​​​​​​候​​​​​​​，您​​​​​​​可​​​​​​​以​​​​​​​在​​​​​​​系​​​​​​​统​​​​​​​中​​​​​​​添​​​​​​​加​​​​​​​一​​​​​​​个​​​​​​​新​​​​​​​的​​​​​​​磁​​​​​​​盘​​​​​​​来​​​​​​​替​​​​​​​换​​​​​​​物​​​​​​​理​​​​​​​设​​​​​​​备​​​​​​​，并​​​​​​​重​​​​​​​建​​​​​​​镜​​​​​​​像​​​​​​​。​​​​​​​
:::
::: para
以​​​​​​​下​​​​​​​命​​​​​​​令​​​​​​​创​​​​​​​建​​​​​​​将​​​​​​​用​​​​​​​于​​​​​​​镜​​​​​​​像​​​​​​​的​​​​​​​物​​​​​​​理​​​​​​​卷​​​​​​​。​​​​​​​
:::
``` screen
[root@link-08 ~]# pvcreate /dev/sd[abcdefgh][12]
  Physical volume "/dev/sda1" successfully created
  Physical volume "/dev/sda2" successfully created
  Physical volume "/dev/sdb1" successfully created
  Physical volume "/dev/sdb2" successfully created
  Physical volume "/dev/sdc1" successfully created
  Physical volume "/dev/sdc2" successfully created
  Physical volume "/dev/sdd1" successfully created
  Physical volume "/dev/sdd2" successfully created
  Physical volume "/dev/sde1" successfully created
  Physical volume "/dev/sde2" successfully created
  Physical volume "/dev/sdf1" successfully created
  Physical volume "/dev/sdf2" successfully created
  Physical volume "/dev/sdg1" successfully created
  Physical volume "/dev/sdg2" successfully created
  Physical volume "/dev/sdh1" successfully created
  Physical volume "/dev/sdh2" successfully created
```
::: para
以​​​​​​​下​​​​​​​命​​​​​​​令​​​​​​​创​​​​​​​建​​​​​​​卷​​​​​​​组​​​​​​​ `vg`{.literal} 和​​​​​​​镜​​​​​​​像​​​​​​​卷​​​​​​​ `groupfs`{.literal}。​​​​​​​
:::
``` screen
[root@link-08 ~]# vgcreate vg /dev/sd[abcdefgh][12]
  Volume group "vg" successfully created
[root@link-08 ~]# lvcreate -L 750M -n groupfs -m 1 vg /dev/sda1 /dev/sdb1 /dev/sdc1
  Rounding up size to full physical extent 752.00 MB
  Logical volume "groupfs" created
```
::: para
您​​​​​​​可​​​​​​​以​​​​​​​使​​​​​​​用​​​​​​​ `lvs`{.command}
命​​​​​​​令​​​​​​​确​​​​​​​定​​​​​​​镜​​​​​​​像​​​​​​​卷​​​​​​​、​​​​​​​用​​​​​​​于​​​​​​​镜​​​​​​​像​​​​​​​分​​​​​​​支​​​​​​​的​​​​​​​基​​​​​​​本​​​​​​​设​​​​​​​备​​​​​​​以​​​​​​​及​​​​​​​镜​​​​​​​像​​​​​​​分​​​​​​​支​​​​​​​的​​​​​​​布​​​​​​​局​​​​​​​。​​​​​​​请​​​​​​​注​​​​​​​意​​​​​​​：在​​​​​​​第​​​​​​​一​​​​​​​个​​​​​​​示​​​​​​​例​​​​​​​中​​​​​​​，镜​​​​​​​像​​​​​​​还​​​​​​​没​​​​​​​有​​​​​​​被​​​​​​​完​​​​​​​全​​​​​​​同​​​​​​​步​​​​​​​，您​​​​​​​应​​​​​​​该​​​​​​​在​​​​​​​
`Copy%`{.literal} 字​​​​​​​段​​​​​​​显​​​​​​​示​​​​​​​ 100.00 之​​​​​​​后​​​​​​​才​​​​​​​继​​​​​​​续​​​​​​​操​​​​​​​作​​​​​​​。​​​​​​​
:::
``` screen
[root@link-08 ~]# lvs -a -o +devices
  LV                 VG   Attr   LSize   Origin Snap%  Move Log          Copy% Devices
  groupfs            vg   mwi-a- 752.00M                    groupfs_mlog 21.28 groupfs_mimage_0(0),groupfs_mimage_1(0)
  [groupfs_mimage_0] vg   iwi-ao 752.00M                                       /dev/sda1(0)
  [groupfs_mimage_1] vg   iwi-ao 752.00M                                       /dev/sdb1(0)
  [groupfs_mlog]     vg   lwi-ao   4.00M                                       /dev/sdc1(0)
[root@link-08 ~]# lvs -a -o +devices
  LV                 VG   Attr   LSize   Origin Snap%  Move Log          Copy%  Devices
  groupfs            vg   mwi-a- 752.00M                    groupfs_mlog 100.00 groupfs_mimage_0(0),groupfs_mimage_1(0)
  [groupfs_mimage_0] vg   iwi-ao 752.00M                                        /dev/sda1(0)
  [groupfs_mimage_1] vg   iwi-ao 752.00M                                        /dev/sdb1(0)
  [groupfs_mlog]     vg   lwi-ao   4.00M     i                                  /dev/sdc1(0)
```
::: para
在​​​​​​​这​​​​​​​个​​​​​​​示​​​​​​​例​​​​​​​中​​​​​​​，镜​​​​​​​像​​​​​​​ `/dev/sda1`{.literal}
的​​​​​​​主​​​​​​​要​​​​​​​分​​​​​​​支​​​​​​​失​​​​​​​败​​​​​​​。​​​​​​​任​​​​​​​何​​​​​​​对​​​​​​​镜​​​​​​​像​​​​​​​卷​​​​​​​的​​​​​​​写​​​​​​​入​​​​​​​操​​​​​​​作​​​​​​​都​​​​​​​会​​​​​​​导​​​​​​​致​​​​​​​ LVM
去​​​​​​​检​​​​​​​测​​​​​​​失​​​​​​​败​​​​​​​的​​​​​​​镜​​​​​​​像​​​​​​​。​​​​​​​这​​​​​​​个​​​​​​​时​​​​​​​候​​​​​​​，LVM
会​​​​​​​将​​​​​​​镜​​​​​​​像​​​​​​​转​​​​​​​换​​​​​​​成​​​​​​​单​​​​​​​一​​​​​​​线​​​​​​​性​​​​​​​卷​​​​​​​。​​​​​​​在​​​​​​​这​​​​​​​里​​​​​​​，引​​​​​​​起​​​​​​​转​​​​​​​发​​​​​​​的​​​​​​​因​​​​​​​素​​​​​​​是​​​​​​​我​​​​​​​们​​​​​​​执​​​​​​​行​​​​​​​了​​​​​​​
`dd`{.command} 命​​​​​​​令​​​​​​​。​​​​​​​
:::
``` screen
[root@link-08 ~]# dd if=/dev/zero of=/dev/vg/groupfs count=10
10+0 records in
10+0 records out
```
::: para
您​​​​​​​可​​​​​​​以​​​​​​​使​​​​​​​用​​​​​​​ `lvs`{.command}
命​​​​​​​令​​​​​​​确​​​​​​​定​​​​​​​该​​​​​​​设​​​​​​​备​​​​​​​现​​​​​​​在​​​​​​​已​​​​​​​经​​​​​​​是​​​​​​​线​​​​​​​性​​​​​​​设​​​​​​​备​​​​​​​了​​​​​​​。​​​​​​​因​​​​​​​为​​​​​​​是​​​​​​​失​​​​​​​败​​​​​​​的​​​​​​​磁​​​​​​​盘​​​​​​​，所​​​​​​​以​​​​​​​会​​​​​​​发​​​​​​​生​​​​​​​ I/O
错​​​​​​​误​​​​​​​。​​​​​​​
:::
``` screen
[root@link-08 ~]# lvs -a -o +devices
  /dev/sda1: read failed after 0 of 2048 at 0: Input/output error
  /dev/sda2: read failed after 0 of 2048 at 0: Input/output error
  LV      VG   Attr   LSize   Origin Snap%  Move Log Copy%  Devices
  groupfs vg   -wi-a- 752.00M                               /dev/sdb1(0)
```
::: para
在​​​​​​​这​​​​​​​里​​​​​​​，您​​​​​​​应​​​​​​​该​​​​​​​仍​​​​​​​然​​​​​​​可​​​​​​​以​​​​​​​使​​​​​​​用​​​​​​​逻​​​​​​​辑​​​​​​​卷​​​​​​​，但​​​​​​​没​​​​​​​有​​​​​​​镜​​​​​​​像​​​​​​​冗​​​​​​​余​​​​​​​。​​​​​​​
:::
::: para
To rebuild the mirrored volume, you replace the broken drive and
recreate the physical volume. If you use the same disk rather than
replacing it with a new one, you will see \"inconsistent\" warnings when
you run the `pvcreate`{.command} command.
:::
``` screen
[root@link-08 ~]# pvcreate /dev/sda[12]
  Physical volume "/dev/sda1" successfully created
  Physical volume "/dev/sda2" successfully created
[root@link-08 ~]# pvscan
  PV /dev/sdb1   VG vg   lvm2 [67.83 GB / 67.10 GB free]
  PV /dev/sdb2   VG vg   lvm2 [67.83 GB / 67.83 GB free]
  PV /dev/sdc1   VG vg   lvm2 [67.83 GB / 67.83 GB free]
  PV /dev/sdc2   VG vg   lvm2 [67.83 GB / 67.83 GB free]
  PV /dev/sdd1   VG vg   lvm2 [67.83 GB / 67.83 GB free]
  PV /dev/sdd2   VG vg   lvm2 [67.83 GB / 67.83 GB free]
  PV /dev/sde1   VG vg   lvm2 [67.83 GB / 67.83 GB free]
  PV /dev/sde2   VG vg   lvm2 [67.83 GB / 67.83 GB free]
  PV /dev/sdf1   VG vg   lvm2 [67.83 GB / 67.83 GB free]
  PV /dev/sdf2   VG vg   lvm2 [67.83 GB / 67.83 GB free]
  PV /dev/sdg1   VG vg   lvm2 [67.83 GB / 67.83 GB free]
  PV /dev/sdg2   VG vg   lvm2 [67.83 GB / 67.83 GB free]
  PV /dev/sdh1   VG vg   lvm2 [67.83 GB / 67.83 GB free]
  PV /dev/sdh2   VG vg   lvm2 [67.83 GB / 67.83 GB free]
  PV /dev/sda1           lvm2 [603.94 GB]
  PV /dev/sda2           lvm2 [603.94 GB]
  Total: 16 [2.11 TB] / in use: 14 [949.65 GB] / in no VG: 2 [1.18 TB]
```
::: para
下​​​​​​​面​​​​​​​您​​​​​​​可​​​​​​​以​​​​​​​使​​​​​​​用​​​​​​​新​​​​​​​的​​​​​​​物​​​​​​​理​​​​​​​卷​​​​​​​来​​​​​​​扩​​​​​​​展​​​​​​​原​​​​​​​来​​​​​​​的​​​​​​​卷​​​​​​​组​​​​​​​。​​​​​​​
:::