# Tenda AX12 路由器设备分析（三）：OpenWrt 简析

#### 译文声明
本文为翻译文章，仅供参考。具体内容和含义以原文为准。

## 0x01 前言
了解系统的启动原理和流程对于安全人员来说至关重要，因为只有掌握了这些知识，才能更深入地研究整体安全性。本文将介绍Tenda AX12路由器的启动流程。该设备基于开源的OpenWrt系统进行二次开发。值得注意的是，提供HTTP服务的组件并非OpenWrt自带的uhttpd，而是基于GoAhead开源框架二次开发而来的httpd。因此，本文还将从httpd的角度探讨OpenWrt的启动过程及其如何调用httpd组件。

本文是个人对Tenda AX12设备的分析和研究，如有不足之处，敬请指正。

## 0x02 启动流程
IoT设备固件的典型结构包括引导加载程序（Bootloader）、参数、内核（Kernel）、文件系统（如SquashFS）以及应用程序。

### 设备上电后的启动过程
当设备上电后，处理器会首先将固化在Flash/ROM中的代码加载到RAM中执行。这段代码就是Bootloader（U-Boot）。通过Tenda AX12的UART串口输出日志，我们可以看到U-Boot的版本和发布日期。接着，U-Boot执行以下操作：
1. 设置和初始化RAM。
2. 进行基本硬件初始化。
3. 初始化串口端口，以便启动日志可以通过串口输出。
4. 检测CPU处理器。
5. 设置和初始化内核启动参数。

完成上述步骤后，U-Boot将内核加载到RAM中，并退出，控制权交给内核。

以下是部分UART日志信息：
```
U-Boot 2016.07-INTEL-v-3.1.177 (Nov 25 2020 - 09:48:15 +0000)
interAptiv
cps cpu/ddr run in 800/666 Mhz
DRAM:  224 MiB
manuf ef, jedec 4018, ext_jedec 0000
SF: Detected W25Q128BV with page size 256 Bytes, erase size 64 KiB, total 16 MiB
*** Warning - Tenda Environment, using default environment
env size:8187, crc:d89b57c5 need d89b57c5
In:    serial
Out:   serial
Err:   serial
Net:   multi type
Internal phy firmware version: 0x8548
GRX500-Switch
Type run flash_nfs to mount root filesystem over NFS
Hit ESC to stop autoboot:  0 
Wait for upgrade... use GRX500-Switch
tenda upgrade timeout.
manuf ef, jedec 4018, ext_jedec 0000
SF: Detected W25Q128BV with page size 256 Bytes, erase size 64 KiB, total 16 MiB
device 0 offset 0x100000, size 0x200000
SF: 2097152 bytes @ 0x100000 Read: OK
## Booting kernel from Legacy Image at 80800000 ...
   Image Name:   MIPS UGW Linux-4.9.206
   Created:      2020-11-18   5:39:29 UTC
   Image Type:   MIPS Linux Kernel Image (lzma compressed)
   Data Size:    2079952 Bytes = 2 MiB
   Load Address: a0020000
   Entry Point:  a0020000
   Verifying Checksum ... OK
   Uncompressing Kernel Image ... OK
[    0.000000] Linux version 4.9.206 (root@ubt1-virtual-machine) (gcc version 8.3.0 (OpenWrt GCC 8.3.0 v19.07.1_intel) ) #0 SMP Fri Nov 13 09:14:24 UTC 2020
[    0.000000] SoC: GRX500 rev 1.2
[    0.000000] CPU0 revision is: 0001a120 (MIPS interAptiv (multi))
...
```

### 内核启动参数
我们特别关注的是内核镜像和文件系统的加载，以及内核启动参数的设置。例如：
```
Kernel command line: earlycon=lantiq,0x16600000 nr_cpus=4 nocoherentio clk_ignore_unused root=/dev/mtdblock6 rw rootfstype=squashfs do_overlay console=ttyLTQ0,115200 ethaddr=CC:2D:21:EE:D9:F0 panic=1 mtdparts=spi32766.1:512k(uboot),128k(ubootconfigA),128k(ubootconfigB),256k(calibration),2m(kernel),12m(rootfs),-(res) init=/etc/preinit active_bank= update_chk= maxcpus=4 pci=pcie_bus_perf ethwan= ubootver= mem=128M@512M
```

- `mtdparts` 参数用于配置MTD层的分区，U-Boot将分区信息传递给命令行中的 `mtdparts` 参数。
- `console` 参数配置串口信息，这里 `ttyLTQ0` 是虚拟出来的串口设备，`115200` 是波特率。
- `root` 参数设置根文件系统，`/dev/mtdblock6` 为 `rootfs`，`rw` 表示以读写方式挂载。
- `init` 参数设置系统的默认启动项，这里设置为 `/etc/preinit`。

### OpenWrt源码中的相关处理
在OpenWrt的内核源码 `init/main.c` 中，如果设置了 `init` 参数，则使用该参数作为初始化程序。如果没有设置，则按顺序尝试启动 `/sbin/init` 和 `/bin/sh`。例如，如果我们将 `init` 参数改为 `/bin/sh`，则可以直接进入shell，绕过登录验证。

```diff
--- a/init/main.c
+++ b/init/main.c
@@ -844,7 +844,8 @@ static int _ref kernel_init(void *unused)
                                    pr_err("Failed to execute %s. Attempting default...\n"),
                                    execute_command);
                    }
-                 if (!run_init_process("/sbin/init") || !run_init_process("/bin/sh")) {
+                 if (!run_init_process(execute_command) || !run_init_process("/sbin/init") || !run_init_process("/bin/sh")) {
+                     panic("No working init found.  Try passing init= option to kernel. "
                            "See Linux Documentation/admin-guide/init.rst for guidance.");
                    }
```

通过以上分析，我们可以更好地理解Tenda AX12路由器的启动流程及其与OpenWrt系统的集成。