### Connection Metrics

- **Established Connections**: The number of client connections established to the group and protocol port.
- **Reset Connections**: The number of client connections to the group and protocol port that were reset.
- **Dropped Connections**: The number of client connections to the group and protocol port that were dropped.

#### Example
The following command shows PBSLB information for VIP "vs-22-4":
```plaintext
ACOS# show pbslb vs-22-4
```
**Output:**
- **GID**: Group ID
- **A**: Action
- **OL**: Over-limit

| GID | Establish | Reset (A) | Drop (A) | Reset (OL) | Drop (OL) | Ser-sel-fail |
|-----|-----------|-----------|----------|------------|-----------|--------------|
| 1   | 88        | 0         | 3        | 2          | 0         | 0            |
| 2   | 112       | 0         | 2        | 0          | 0         | 1            |
| 3   | 29        | 0         | 0        | 0          | 0         | 0            |
| 4   | 11        | 1         | 0        | 0          | 0         | 0            |

### PKI Command

**Description**: Displays information about the certificates on the ACOS device.

**Syntax**:
```plaintext
show pki {ca-cert [cert-name [detail]] | cert [cert-name [detail]] | crl} [all-partitions | partition {shared | partition-name} | sort-by]
```

**Options**:
- **ca-cert cert-name**: Shows the CA certificate. `cert-name` specifies a name for the certificate, with a maximum of 255 characters.
- **cert cert-name**: Shows information about the certificates on the ACOS device. Use `cert-name` to display information for a specific certificate and `detail` for additional details.
- **crl**: Shows information about the Certificate Revocation Lists (CRLs) imported to the ACOS device.
- **[all-partitions | partition | sort-by]**: Allows you to select the type of information to display:
  - **All partitions**
  - **A specific partition** (shared or L3V partition)
  - **Sort by the certificate files**

**Mode**: All

#### Example
The following command shows SSL certificate information:
```plaintext
ACOS(config)# pki create certificate server
input key bits(1024,2048,4096) default 1024:1024
input Common Name, 1~64:server
input Division, 0~31:division
input Organization, 0~63:org
input Locality, 0~31:sj
input State or Province, 0~31:ca
input Country, 2 characters:us
input email address, 0~64:
input valid days, 30~3650, default 730:
ACOS(config)# show pki cert
Name: server Type: certificate/key Expiration: Sep 13 18:35:26 2016 GMT [Unexpired, Unbound]
```

### POAP Command

**Description**: Displays the Power On Auto Provisioning (POAP) mode.

**Syntax**:
```plaintext
show poap
```

**Mode**: All

#### Example
```plaintext
ACOS(config)# show poap
Disabled
```

### System Process Command

**Description**: Displays the status of system processes.

**Syntax**:
```plaintext
show process system
```

**Mode**: Privileged EXEC level and configuration levels

**Usage**: For descriptions of the system processes, see the "System Overview" chapter of the System Configuration and Administration Guide.

#### Example
```plaintext
ACOS# show process system
a10mon is running
syslogd is running
a10logd is running
a10timer is running
a10Stat is running
a10hm is running
a10switch is running
a10rt is running
a10rip is running
a10ospf is running
a10snmpd is running
a10gmpd is running
a10wa is running
a10lb is running
```

### RADIUS Server Command

**Description**: Displays statistics about a RADIUS server.

**Syntax**:
```plaintext
show radius-server
```

#### Example
```plaintext
ACOS(config)# show radius-server
Radius server : 10.0.0.0
contact start : 5
contact failed : 3
authentication success : 1
authentication failed : 1
authorization success : 1
Radius server : 10.0.0.1
contact start : 0
contact failed : 0
authentication success : 0
authentication failed : 0
authorization success : 0
```

### Reboot Command

**Description**: Displays scheduled system reboots.

**Syntax**:
```plaintext
show reboot
```

**Mode**: All

#### Example
```plaintext
ACOS# show reboot
Reboot scheduled for 04:20:00 PST Sun Apr 20 2008 (in 63 hours and 16 minutes) by admin on 192.168.1.144
Reboot reason: Outlook_upgrade
```

### Route Map Command

**Description**: Shows the configured route maps.

**Syntax**:
```plaintext
show route-map [map-name]
```

**Mode**: All

### Router Log File Command

**Description**: Shows router logs.

**Syntax**:
```plaintext
show router log file [file-num | bgpd [file-num] | isisd [file-num] | nsm [file-num] | ospf6d [file-num] | ospfd [file-num] | ripd [file-num] | ripngd [file-num]]
```

**Parameters**:
- **file-num**: Log file number.
- **bgpd [file-num]**: Displays the specified BGP log file or all BGP log files.
- **isisd [file-num]**: Displays the specified IS-IS log file or all IS-IS log files.
- **nsm [file-num]**: Displays the specified Network Services Module (NSM) log file or all NSM log files.
- **ospf6d [file-num]**: Displays the specified IPv6 OSPFv3 log file or all OSPFv3 log files.
- **ospfd [file-num]**: Displays the specified IPv4 OSPFv2 log file or all OSPFv2 log files.
- **ripd [file-num]**: Displays the specified IPv4 RIP log file or all IPv4 RIP log files.
- **ripngd [file-num]**: Displays the specified IPv6 RIP log file or all IPv6 RIP log files.

**Mode**: All

### Running Configuration Command

**Description**: Displays the running configuration.

**Syntax**:
```plaintext
show running-config [options]
```

**Usage**: This command displays the entire running configuration in the current partition. To narrow the output to specific feature modules, use `show running-config ?` to view the available modules, then specify them from the command line. For example, to view the running configuration related only to SLB servers, use:
```plaintext
show running-config slb server
```

#### Example
```plaintext
ACOS# show running-config slb virtual-server
!Section configuration: 2 bytes
!
slb virtual-server test-vip 10.10.10.15
port 80 tcp
!
!
end
ACOS(NOLICENSE)#
```

### Scaleout Command

**Description**: Commands related to Scaleout configuration are available in the Configuring Scaleout guide.

### Session Command

**Description**: Displays session information.

**Syntax**:
```plaintext
show session [brief | dns-id-switch | ds-lite [suboptions] | filter {name | config} | full-width | ipv4 [addr-suboptions] | ipv6 [addr-suboptions] | nat44 [suboptions] | nat64 [suboptions] | persist [persistence-type [addr-suboptions]] | radius | sctp | server [name] | sip [addr-suboptions] | sixrd-nat64 [suboptions] | virtual-server [name]]
```

**Parameters**:
- **brief**: Displays summary statistics for all session types.
- **dns-id-switch**: Displays statistics for DNS switch sessions.
- **ds-lite**: Displays statistics for DS-Lite sessions. Suboptions include:
  - **dest-port num**: View sessions with the specified destination port (1-65535).
  - **dest-v4-addr ipaddr[/length]**: View sessions with the specified destination IPv4 address.
  - **dest-v6-addr ipaddr[/length]**: View sessions with the specified destination IPv6 address.
  - **source-port num**: View sessions with the specified source port (1-65535).
  - **source-v4-addr ipaddr[/length]**: View sessions with the specified source IPv4 address.
  - **source-v6-addr ipaddr[/length]**: View sessions with the specified source IPv6 address.
- **filter {name | config}**: Displays information about configured session filters. Use `config` to view all configured session filters, or specify a filter name to view the specified filter only.
- **full-width**: Display full IPv6 addresses. By default, IPv6 addresses are truncated to 22 characters.
- **ipv4**: Displays information for IPv4 sessions. Suboptions include:
  - **dest-port num**: View sessions with the specified destination port (1-65535).
  - **dest-v4-addr ipaddr[/length]**: View sessions with the specified destination IPv4 address.
  - **source-port num**: View sessions with the specified source port (1-65535).
  - **source-v4-addr ipaddr[/length]**: View sessions with the specified source IPv4 address.
- **ipv6**: Displays information for IPv6 sessions. Suboptions include:
  - **dest-port num**: View sessions with the specified destination port (1-65535).
  - **dest-v6-addr ipaddr[/length]**: View sessions with the specified destination IPv6 address.
  - **source-port num**: View sessions with the specified source port (1-65535).
  - **source-v6-addr ipaddr[/length]**: View sessions with the specified source IPv6 address.
- **nat44**: Displays information for NAT44 sessions. Suboptions are the same as for `ipv4`.
- **nat64**: Displays information for NAT64 sessions. Suboptions are the same as for `ipv6`.
- **persist [persistence-type [addr-suboptions]]**: Displays session persistence information. Persistence types include:
  - **dst-ip**: Destination-IP persistent sessions.
  - **ipv6**: IPv6 sessions.
  - **src-ip**: Source-IP persistent sessions.
  - **ssl-sid**: SSL-session-ID persistent sessions.
  - **uie**: Sessions made persistent by the aFleX persist uie command.
- **radius**: Displays RADIUS session information.
- **sctp**: Displays SCTP sessions only.
- **server [name]**: Displays sessions for real servers, or a specific server name.
- **sip**: Displays information for Session Initiation Protocol (SIP) sessions. Suboptions include:
  - **dest-port num**: View sessions with the specified destination port (1-65535).
  - **dest-v4-addr ipaddr[/length]**: View sessions with the specified destination IPv4 address.
  - **dest-v6-addr ipaddr[/length]**: View sessions with the specified destination IPv6 address.
  - **smp-sip-rtp num**: View SIP sessions.
- **sixrd-nat64**: Displays 6rd-NAT64 session statistics. Suboptions are the same as for `ds-lite`.
- **virtual-server [name]**: Displays sessions for virtual servers, or a specific virtual server name.

**Mode**: All

**Usage**: For convenience, you can save session display options as a session filter. (See “session-filter” on page 188.)

**Note on Clearing Sessions**: After entering the `clear session` command, the ACOS device may remain in session-clear mode for up to 10 seconds. During this time, any new connections are sent to the delete queue for clearing.

#### Example
```plaintext
ACOS(config)# show session ipv4
Traffic Type Total
--------------------------------------------
TCP Established 2
TCP Half Open 0
TCP Half Close 0
UDP 0
Non TCP/UDP IP sessions 0
Other 0
Reverse NAT TCP 0
Reverse NAT UDP 0
Free Buff Count 0
Curr Free Conn 2007033
Conn Count 10
Conn Freed 8
TCP SYN Half Open 0
Conn SMP Alloc 13
Conn SMP Free 2
Conn SMP Aged 2
Conn Type 0 Available 3997696
Conn Type 1 Available 2031615
Conn Type 2 Available 999424
Conn Type 3 Available 499712
Conn Type 4 Available 249856
Conn SMP Type 0 Available 3997696
Conn SMP Type 1 Available 1998848
Conn SMP Type 2 Available 999424
Conn SMP Type 3 Available 507875
Conn SMP Type 4 Available 249856
Prot Forward Source Forward Dest Reverse Source Reverse Dest
Age Hash Flags
------------------------------------------------------------------------------------------
-----------------
Tcp 1.0.4.147:49107 1.0.100.1:21 1.0.3.148:21 1.0.4.147:49107
120 2 OS
Tcp 1.0.16.2:58736 1.0.100.1:21 1.0.3.148:21 1.0.16.2:58736
60 2 OS
Total Sessions: 2
```

**Field Descriptions**:
- **TCP Established**: Number of established TCP sessions.
- **TCP Half Open**: Number of half-open TCP sessions (the ACOS device has not yet received a SYN ACK from the backend server).
- **TCP Half Close**: Number of half-closed TCP sessions (the server sends a FIN but the client does not reply with an ACK).
- **UDP**: Number of UDP sessions.
- **Non TCP/UDP IP sessions**: Number of IP sessions other than TCP or UDP sessions.
- **Other**: Number of internally used sessions (e.g., for holding fragmentation information).
- **Reverse NAT TCP**: Number of reverse-NAT TCP sessions.
- **Reverse NAT UDP**: Number of reverse-NAT UDP sessions.
- **Free Buff Count**: Number of IO buffers currently available.
- **Curr Free Conn**: Number of Layer 4 sessions currently available.
- **Conn Count**: Number of connections.
- **Conn Freed**: Number of connections freed after use.
- **TCP SYN Half Open**: Number of half-open TCP sessions from the client’s perspective.
- **Conn SMP Alloc, Conn SMP Free, Conn SMP Aged**: Statistics for session memory resources.
- **Conn Type 0-4 Available, Conn SMP Type 0-4 Available**: Availability of different connection types.
- **Prot**: Transport protocol.