### 问题现象
> Windows installer 服务启动失败。
![](media/image101.jpeg){width="4.945622265966755in"
height="2.6479166666666667in"}
### 排查
1.  首先从报错来看，提示就是找不到对应文件，查看服务属性，可执行文件的路径被篡改成
    C:\\Users\\Administrator\\AppData\\Local\\Temp\\2\\IXP000.
    TMP\\MsiExec.exe。
> ![](media/image102.jpeg){width="4.946674321959755in"
> height="2.0766655730533685in"}
2.  找到对应注册表 HKEY_LOCAL_MACHINE\\SYSTEM\\CurrentControlSet\\ser-
    > vices\\msiserver
> 将 ImagePath 改为默认 %systemroot%\\system32\\msiexec.exe/V 即可。
![](media/image103.png){width="4.841665573053368in"
height="1.3666666666666667in"}
## [如何手动恢复服务](#_bookmark1)
> 简介：本文教你如何手动恢复服务。
### 问题背景：
> 如果替换过 system 注册表或者意外删除了服务，可尝试通过注册表恢复服务。
### 具体步骤 :
> 服务对应的注册表路径是 HKEY_LOCAL_MACHINE\\SYSTEM\\CurrentControl-
> Set\\services\，可尝试以下步骤恢复服务：
1.  将替换的原始注册表 load 起来，查看服务的配置信息。
    a.  cmd 命令行输入 regedit。
    b.  找到 HKEY_LOCAL_MACHINE, 然后点击文件，选择加载配置单元。
![](media/image20.png){width="3.3468667979002626in" height="1.925in"}
c.  找到之前替换的原始注册表，比如 system.old, 任意命名（例如 test）。
![](media/image104.png){width="4.843753280839895in" height="4.03125in"}
d.  展开 test，查看 select 项，current 值为 1，则我们应该去找
    > ControlSet001。
![](media/image16.jpeg){width="4.96150699912511in"
height="1.1572911198600175in"}
> 展开 ControlSet001， 展开 services, 找到对应服务， 以 Google
> 更新服务(gupdatem) 为例，先确认下各项属性信息。
>
> ![](media/image105.jpeg){width="4.9643864829396325in"
> height="1.645in"}
2.  运行以下命令行创建服务。
> 注意：binpath 对应 ImagePath。type 对应类型和注册表键值：
  -----------------------------------------------------------------------
  注册表键值（Type）                           服务类型
  -------------------------------------------- --------------------------
  0x00000002                                   filesys
  0x00000001                                   kernel
  0x00000008                                   rec
  0x00000010                                   own
  0x00000020                                   share
  0x00000100                                   interact
  -----------------------------------------------------------------------
> start 对应类型和注册表键值：
  -----------------------------------------------------------------------
  注册表键值（start）                          启动类型
  -------------------------------------------- --------------------------
  0x00000000                                   Boot
  0x00000001                                   system
  0x00000002                                   auto
  0x00000003                                   manual
  0x00000004                                   disabled
  -----------------------------------------------------------------------
> error 对应 ErrorControl，注册表键值对应如下：
  -----------------------------------------------------------------------
  注册表键值（ErrorControl）                   error 类型
  -------------------------------------------- --------------------------
  0x00000000                                   ignore
  0x00000001                                   normal
  0x00000002                                   severe
  0x00000003                                   critical
  -----------------------------------------------------------------------
> ![](media/image106.png){width="4.857503280839895in"
> height="2.9422911198600175in"}depend 对应
> DependOnService，多个服务的话以 /
> 分隔。有些注册表项不在创建服务参数中，之后再手动添加即可。sc create
> 的各项参数可以在命令行直接查询：
# [第六章 windows 性能问题排查](#_bookmark1)
## [占用内存高 - 分页数 / 未分页](#_bookmark1)
> 简介：任务管理器看到内存占用高，内存占用主要是分页或未分页（windows
> 2012之后显示是页面 / 非页面缓冲池）。
### 问题现象
> 任务管理器看到内存占用高，内存占用主要是分页或未分页（windows 2012
> 之后显示是页面 / 非页面缓冲池）。
![](media/image107.png){width="3.0135411198600175in"
height="2.9447911198600174in"}
> ![](media/image108.jpeg){width="4.928964348206474in"
> height="4.160728346456693in"}
### 排查步骤
1.  下载 windows driver kit 并安装。
> [https://docs.microsoft.com/zh-cn/windows-hardware/drivers/download-]{.underline}
> [the-wdk]{.underline}
![](media/image109.jpeg){width="4.174715660542432in"
height="0.8578116797900263in"}
2.  默 认 poolmon 的 路 径 是 C:\\Program Files(x86)\\Windows Kits\\10\\
    Tools\\x64 或 C:\\ProgramFiles (x86)\\Windows Kits\\10\\Tools\\x86
3.  运行如下命令：
4.  查看 1.txt, 在 Bytes 这列找到占用 pool 最高的 tag。
![](media/image110.png){width="4.8922987751531055in"
height="1.274582239720035in"}
5.  之后查找 tag 对应的组件。
> 右击 cmd，选择以管理员身份运行以下命令行：
![](media/image111.png){width="4.947846675415573in"
height="1.6640616797900263in"}
6.  根据查到的组件找到对应的应用，建议升级或临时卸载。
## [内存占用高 -AWE](#_bookmark1)
> 简介：分享一个 AWE 占用内存高的案例。
### 问题现象
> ![](media/image112.jpeg){width="4.937521872265966in"
> height="1.51875in"}内存占用高，任务管理器看不到问题，使用 RAMMAP，看到
> AWE
> 占用了大部分内存[https://docs.microsoft.com/en-us/sysinternals/downloads/rammap]{.underline}
>
> 解决方案：
>
> AWE 占用内存高的问题一般发生在 SQL 服务器上，一般建议客户调整"maximum
> server memory"。
>
> [[https://docs.microsoft.com/en-us/sql/database-engine/configure-windows/]{.underline}](https://docs.microsoft.com/en-us/sql/database-engine/configure-windows/server-memory-server-configuration-options?view=sql-server-ver15)
> [[server-memory-server-configuration-options?view=sql-server-ver15]{.underline}](https://docs.microsoft.com/en-us/sql/database-engine/configure-windows/server-memory-server-configuration-options?view=sql-server-ver15)
>
> 如果服务器上只安装了 SQL 应用，建议给系统留 2-4G 内存，其他内存留给
> SQL。
>
> ![](media/image113.jpeg){width="4.947088801399825in"
> height="2.544583333333333in"}
>
> 可以参考如下指标：
![](media/image114.png){width="3.540625546806649in"
height="3.1329166666666666in"}
## [explorer.exe 占用 cpu 或者内存高](#_bookmark1)
> 简介：本文分享一个 explorer.exe 占用 cpu 或者内存高的案例。
### 问题现象
> explorer.exe 占用 cpu 或者内存高，或者无响应情况。
### 处理方案
1.  下载 autoruns 工具。
> [https://docs.microsoft.com/en-us/sysinternals/downloads/autoruns]{.underline}
2.  运行 autoruns 工具（右击选择以管理员身份运行，64 位系统选择
    Autoruns64），找到 explorer，把所有非 Microsoft
    的勾都去掉（注：这个步骤不会影响已安装应用，只是把 explorer 下的
    hook 取消掉）。
![](media/image115.png){width="4.931246719160105in"
height="2.095311679790026in"}
3.  重启 explorer.exe 观察。
> []{#_bookmark27 .anchor}\> C盘空间占满？主要是这2个原因
## [C 盘空间占满？主要是这 2 个原因](#_bookmark1)
> C
> 盘空间占满的问题，首先要明确一下，空间被占满就是说明有文件把空间给占用了，右键所有文件属性看到差距很大的原因，总结有如下两个：
1.  隐藏文件（包括 pagefile.sys)。
2.  系统管理员没有权限访问的文件比如 System volume information
    这个文件夹。排查方案如下：
```{=html}
```
1.  将隐藏文件设为可见。
> search options, 显示隐藏文件。
![](media/image116.jpeg){width="2.6000109361329833in"
height="3.133332239720035in"}
2.  默认情况下，System volumeinformation
    这个文件夹系统管理员没有权限访问， 所以大小为 0。
> 运行以下命令行赋予管理员完全控制权限这样才知道这个文件夹的实际大小。用管理员权限运行以下命令行：
3.  使用工具 windirstat 或者 treesize
    工具，这两个工具都可以非常直观的显示每个目录及文件夹占用大小。
> [https://windirstat.net/]{.underline}
![](media/image117.jpeg){width="4.883959973753281in"
height="1.6114577865266841in"}
4.  如果以上两个工具也未能定位到问题，说明还是存在管理员没有权限查看的文件，
    比如：
> IIS 服务器：主要是 log
> 文件，默认是如下路径：C:\\inetpub\\logs\\LogFiles。
>
> SQL server：查看如下路径 C:\\Program Files\\Microsoft SQLServer\\MS-
> SQL10_50.MSSQLSERVER\\MSSQL。
>
> PS：第三步中使用工具如果看到占用最多的是 winsxs
> 或者任何系统目录的话，不要轻易去清除这个文件夹，而是应该查看除了这个文件夹以外哪些文件占用了磁盘空间。
>
> Winsxs
> 相当于系统的备份数据库，不可以完全删除或者移除，一般来讲清理的空间非常有限，如果坚持要清理，请参考如下链接：
>
> 2008R2:
>
> [https://support.microsoft.com/zh-cn/help/2852386/disk-cleanup-wiz-]{.underline}
> [ard-addon-lets-users-delete-outdated-windows-updates-o]{.underline}
>
> 2012&2012R2:
>
> [[https://docs.microsoft.com/en-us/previous-versions/windows/it-pro/]{.underline}](https://docs.microsoft.com/en-us/previous-versions/windows/it-pro/windows-8.1-and-8/dn251565(v%3Dwin.10)?redirectedfrom=MSDN)
> [[windows-8.1-and-8/dn251565(v=win.10)?redirectedfrom=MSDN]{.underline}](https://docs.microsoft.com/en-us/previous-versions/windows/it-pro/windows-8.1-and-8/dn251565(v%3Dwin.10)?redirectedfrom=MSDN)
# [第七章 windows 系统相关问题排查](#_bookmark1)
## [如何追踪 Windows 进程自动异常退出](#_bookmark1)
> 简介：教你如何追踪 Windows 进程自动异常退出。
>
> 对于进程突然退出的问题，我们可以使用 gflags 进行监控：
1.  点击链接，进行安装。
> [https://developer.microsoft.com/zh-cn/windows/downloads/sdk-archive]{.underline}
![](media/image118.png){width="3.4676246719160106in"
height="0.26520778652668414in"}
2.  安装的时候只选择 debugging tools。
![](media/image119.png){width="4.850207786526684in"
height="2.2410411198600175in"}
3.  安装完成后，找到 C:\\ProgramFiles (x86)\\Windows Kits\\8.0\\Debug-
    gers\\x64，右击 gflags.exe
    选择"以管理员身份运行"，选择"SilentProcess Exit"。
> ![](media/image120.png){width="4.914062773403325in"
> height="5.039061679790026in"}在 image