Connection # Establish Number of client connections established to the group and protocol port.
Connection # Reset Number of client connections to the group and protocol port that were reset.
Connection # Drop Number of client connections to the group and protocol port that were dropped.
Example The following command shows PBSLB information for VIP “vs-22-4”:
ACOS#show pbslb vs-22-4
GID = Group ID, A = Action, OL = Over-limit
GID Establish Reset(A) Drop(A) Reset(OL) Drop(OL) Ser-sel-fail
Document No.: 410-P2-CLI-001 - 6/17/2016 | page 328
A10 Thunder Series and AX Series—Command Line Interface Reference
-------+-----------+-----------+-----------+-----------|-----------+------------
Virtual server: vs-22-4 Port: 80 B/W list: test
1 88 0 3 2 0 0
2 112 0 2 0 0 1
3 29 0 0 0 0 0
4 11 1 0 0 0 0
show pki
Description Shows information about the certificates on the ACOS device device.
Syntax show pki
{ca-cert [cert-name [detail]| cert [cert-name [detail]] | crl}
[all-partitions | partition {shared | partition-name} | sort-by]
Option Description
ca-cert cert-name Shows the CA certificate.
cert-name specifies a name for the certificate, and you can a
name with a maximum of 255 characters.
cert cert-name Shows information about the certificates on the ACOS device
device. To display information for a specific certificate, use the
cert-name option. To display additional details about the certifi-
cate, use the detail option.
crl Shows information about the Certificate Revocation Lists (CRLs)
that have been imported to the ACOS device device.
[all-partitions | partition | Allows you to select what type of information you want to dis-
sort-by] play:
• All partitions
• A specific partition
You can display information from the shared partition or from a
specific L3V partition.
• Sort by the certificate files
Mode All
Example The following command shows SSL certificate information:
ACOS(config)#pki create certificate server
input key bits(1024,2048,4096) default 1024:1024
input Common Name, 1~64:server
input Division, 0~31:division
input Organization, 0~63:org
input Locality, 0~31:sj
input State or Province, 0~31:ca
page 329 | Document No.: 410-P2-CLI-001 - 6/17/2016
A10 Thunder Series and AX Series—Command Line Interface Reference
input Country, 2 characters:us
input email address, 0~64:
input valid days, 30~3650, default 730:
ACOS(config)#show pki cert
Name: server Type: certificate/key Expiration: Sep 13 18:35:26
2016 GMT [Unexpired, Unbound]
Document No.: 410-P2-CLI-001 - 6/17/2016 | page 330
A10 Thunder Series and AX Series—Command Line Interface Reference
show poap
Description Display the Power On Auto Provisioning (POAP) mode.
Syntax show poap
Mode All
Example Example command and output:
ACOS(config)#show poap
Disabled
show process system
Description Display the status of system processes.
Syntax show process system
Mode Privileged EXEC level and configuration levels
Usage For descriptions of the system processes, see the “System Overview” chapter of the System
Configuration and Administration Guide.
Example The following command shows the status of system processes on an ACOS device:
ACOS#show process system
a10mon is running
syslogd is running
a10logd is running
a10timer is running
a10Stat is running
a10hm is running
a10switch is running
a10rt is running
a10rip is running
a10ospf is running
a10snmpd is running
a10gmpd is running
a10wa is running
a10lb is running
page 331 | Document No.: 410-P2-CLI-001 - 6/17/2016
A10 Thunder Series and AX Series—Command Line Interface Reference
show radius-server
Description Display statistics about a RADIUS server.
Syntax show radius-server
Example The following text is a sample output for this command:
ACOS(config)#show radius-server
Radius server : 10.0.0.0
contact start : 5
contact failed : 3
authentication success : 1
authentication failed : 1
authorization success : 1
Radius server : 10.0.0.1
contact start : 0
contact failed : 0
authentication success : 0
authentication failed : 0
authorization success : 0
ACOS(config)#
Mode All
show reboot
Description Display scheduled system reboots.
Syntax show reboot
Mode All
Example The following command shows a scheduled reboot on the ACOS device:
ACOS#show reboot
Reboot scheduled for 04:20:00 PST Sun Apr 20 2008 (in 63 hours and 16
minutes) by admin on 192.168.1.144
Reboot reason: Outlook_upgrade
Document No.: 410-P2-CLI-001 - 6/17/2016 | page 332
A10 Thunder Series and AX Series—Command Line Interface Reference
show route-map
Description Show the configured route maps.
Syntax show route-map [map-name]
Mode All
show router log file
Description Show router logs.
Syntax show router log file
[
file-num |
bgpd [file-num] |
isisd [file-num] |
nsm [file-num] |
ospf6d [file-num] |
ospfd [file-num] |
ripd [file-num] |
ripngd [file-num]
]
Parameter Description
file-num Log file number.
bgpd [file-num] Displays the specified BGP log file, or all BGP log files.
isisd [file-num] Displays the specified IS-IS log file, or all IS-IS log files.
nsm [file-num] Displays the specified Network Services Module (NSM) log file,
or all NSM log files.
ospf6d [file-num] Displays the specified IPv6 OSPFv3 log file, or all OSPFv3 log
files.
ospfd [file-num] Displays the specified IPv4 OSPFv2 log file, or all OSPFv2 log
files.
ripd [file-num] Displays the specified IPv4 RIP log file, or all IPv4 RIP log files.
ripngd [file-num] Displays the specified IPv6 RIP log file, or all IPv6 RIP log files.
Mode All
page 333 | Document No.: 410-P2-CLI-001 - 6/17/2016
A10 Thunder Series and AX Series—Command Line Interface Reference
show running-config
Description Display the running-config.
This command is used to view the running-config in the partition where the command is
issued. To view the running-config for a different partition, use the show partition-
config command.
Syntax show running-config [options]
Usage This command displays the entire running-config in the current partition.
To narrow the output to specific feature modules, use show running-config ? to view
the available modules, then specify them from the command line. For example, to view the
running-config related only to SLB servers, use:
show running-config slb server
Example The following example shows the running-config for SLB virtual servers:
ACOS#show running-config slb virtual-server
!Section configuration: 2 bytes
!
slb virtual-server test-vip 10.10.10.15
port 80 tcp
!
!
end
ACOS(NOLICENSE)#
show scaleout
Description Command related to Scaleout configuration are available in the Configuring Scaleout guide.
show session
Description Display session information.
Syntax show session
[
brief |
dns-id-switch |
ds-lite [suboptions]|
filter {name | config} |
full-width
ipv4 [addr-suboptions] |
ipv6 [addr-suboptions] |
nat44 [suboptions] |
nat64 [suboptions] |
persist [persistence-type [addr-suboptions]] |
Document No.: 410-P2-CLI-001 - 6/17/2016 | page 334
A10 Thunder Series and AX Series—Command Line Interface Reference
radius |
sctp |
server [name] |
sip [addr-suboptions] |
sixrd-nat64 [suboptions] |
virtual-server [name]
]
Parameter Description
brief Displays summary statistics for all session types.
dns-id-switch Displays statistics for DNS switch sessions.
ds-lite Displays statistics for DS-Lite sessions. The following options are available:
• dest-port num—View sessions with the specified destination port (1-65535).
• dest-v4-addr ipaddr[/length]—View sessions with the specified destination IPv4
address.
• dest-v6-addr ipaddr[/length]—View sessions with the specified destination IPv6
address.
• source-port num—View sessions with the specified source port (1-65535).
• source-v4-addr ipaddr[/length]—View sessions with the specified source IPv4
address.
• source-v6-addr ipaddr[/length]—View sessions with the specified source IPv6
address.
Not all suboptions are available for use in conjunction with others. For example, if the first subop-
tion you enter is dest-addr, the only additional suboption you can specify is dest-port.
filter Displays information about configured session filters.
{name | config}
Specify config to view all configured session filters, or specify a filter name to view the specified
filter only.
full-width Display full IPv6 addresses. By default, IPv6 addresses are truncated to 22 characters.
ipv4 Displays information for IPv4 sessions. The following address suboptions are available:
• dest-port num—View sessions with the specified destination port (1-65535).
• dest-v4-addr ipaddr[/length]—View sessions with the specified destination IPv4
address.
• source-port num—View sessions with the specified source port (1-65535).
• source-v4-addr ipaddr[/length]—View sessions with the specified source IPv4
address.
Not all suboptions are available for use in conjunction with others. For example, if the first subop-
tion you enter is dest-addr, the only additional suboption you can specify is dest-port.
page 335 | Document No.: 410-P2-CLI-001 - 6/17/2016
A10 Thunder Series and AX Series—Command Line Interface Reference
Parameter Description
ipv6 Displays information for IPv6 sessions. The following address suboptions are available:
• dest-port num—View sessions with the specified destination port (1-65535).
• dest-v6-addr ipaddr[/length]—View sessions with the specified destination IPv6
address.
• source-port num—View sessions with the specified source port (1-65535).
• source-v6-addr ipaddr[/length]—View sessions with the specified source IPv6
address.
Not all suboptions are available for use in conjunction with others. For example, if the first subop-
tion you enter is dest-addr, the only additional suboption you can specify is dest-port.
nat44 Displays information for NAT44 sessions.
The supported suboptions are the same as for ipv4 (see above).
nat64 Displays information for NAT64 sessions.
The supported suboptions are the same as for ipv6 (see above).
persist Displays session persistence information.
[type
The following persistence types can be specified:
[suboptions]]
• dst-ip—Displays destination-IP persistent sessions.
• ipv6—Displays IPv6 sessions.
• src-ip—Displays source-IP persistent sessions.
• ssl-sid—Displays SSL-session-ID persistent sessions.
• uie—Displays sessions that are made persistent by the aFleX persist uie command.
The available suboptions are the same as the ones for ipv4 (see above).
radius Displays RADIUS session information.
sctp Displays SCTP sessions only.
server [name] Displays sessions for real servers, or a specific server name.
sip Displays information for Session Initiation Protocol (SIP) sessions. The following suboptions are
available:
• dest-port num—View sessions with the specified destination port (1-65535).
• dest-v4-addr ipaddr[/length]—View sessions with the specified destination IPv4
address.
• dest-v6-addr ipaddr[/length]—View sessions with the specified destination IPv6
address.
• smp-sip-rtp num—View SIP sessions.
sixrd-nat64 Displays 6rd-NAT64 session statistics. The available suboptions are the same as for ds-lite (see
above).
virtual-server Displays sessions for virtual servers, or a specific virtual server name.
[name]
Mode All
Usage For convenience, you can save session display options as a session filter. (See “session-filter”
on page188.)
Document No.: 410-P2-CLI-001 - 6/17/2016 | page 336
A10 Thunder Series and AX Series—Command Line Interface Reference
Note on Clearing Sessions
After entering the clear session command, the ACOS device may remain in session-clear
mode for up to 10 seconds. During this time, any new connections are sent to the delete
queue for clearing.
Example The following command lists information for all IPv4 sessions:
ACOS(config)#show session ipv4
Traffic Type Total
--------------------------------------------
TCP Established 2
TCP Half Open 0
TCP Half Close 0
UDP 0
Non TCP/UDP IP sessions 0
Other 0
Reverse NAT TCP 0
Reverse NAT UDP 0
Free Buff Count 0
Curr Free Conn 2007033
Conn Count 10
Conn Freed 8
TCP SYN Half Open 0
Conn SMP Alloc 13
Conn SMP Free 2
Conn SMP Aged 2
Conn Type 0 Available 3997696
Conn Type 1 Available 2031615
Conn Type 2 Available 999424
Conn Type 3 Available 499712
Conn Type 4 Available 249856
Conn SMP Type 0 Available 3997696
Conn SMP Type 1 Available 1998848
Conn SMP Type 2 Available 999424
Conn SMP Type 3 Available 507875
Conn SMP Type 4 Available 249856
Prot Forward Source Forward Dest Reverse Source Reverse Dest
Age Hash Flags
------------------------------------------------------------------------------------------
-----------------
Tcp 1.0.4.147:49107 1.0.100.1:21 1.0.3.148:21 1.0.4.147:49107
120 2 OS
Tcp 1.0.16.2:58736 1.0.100.1:21 1.0.3.148:21 1.0.16.2:58736
60 2 OS
page 337 | Document No.: 410-P2-CLI-001 - 6/17/2016
A10 Thunder Series and AX Series—Command Line Interface Reference
Total Sessions: 2
The following table describes the fields in the command output.
Field Description
TCP Established Number of established TCP sessions.
TCP Half Open Number of half-open TCP sessions. A half-open session is one for which the ACOS device has not yet
received a SYN ACK from the backend server.
TCP Half Close Number of half-closed TCP sessions. A half-closed TCP session is a session in which the server sends a
FIN but the client does not reply with an ACK.
UDP Number of UDP sessions.
Non TCP/UDP IP Number of IP sessions other than TCP or UDP sessions.
sessions
This counter applies specifically to IP protocol load balancing. (See the “IP Protocol Load Balancing”
chapter in the Application Delivery and Server Load Balancing Guide.)
Other Number of internally used sessions. As an example, internal sessions are used to hold fragmentation
information.
Reverse NAT TCP Number of reverse-NAT TCP sessions.
Reverse NAT UDP Number of reverse-NAT UDP sessions.
Free Buff Count Number of IO buffers currently available.
Curr Free Conn Number of Layer 4 sessions currently available.
Conn Count Number of connections.
Conn Freed Number of connections freed after use.
TCP SYN Half Number of half-open TCP sessions. These are sessions that are half-open from the client’s perspective.
Open
Conn SMP Alloc Statistics for session memory resources.
Conn SMP Free
Conn SMP Aged
Conn Type 0-4
Available
Conn SMP Type
0-4 Available
Prot Transport protocol.
Document No.: 410-P2-CLI-001 - 6/17/2016 | page 338
A10 Thunder Series and AX Series—Command Line Interface Reference