I'm using ansible 2.0.0.1 and while excuting any command on the remote server
or local server, I'm getting following error
[root@wautomation-tst01 ansible]# ansible werindbalajil01 -l ping  
ERROR! need more than 2 values to unpack
I trying reinstalling, but still getting the same issue
anybody help?
##### Issue Type:
Can you help us out in labelling this by telling us what kind of ticket this
this? You can say:
  * Bug Report
##### Ansible Version:
Ansible 2.0.0.1
##### Ansible Configuration:
Nothing, i just finished installing the ansible in Oracle Linuc 6.4 (same
kernal as RHEL 6), after the installation when i try to execute any ansible
core commands (such as Ping, file or Setup) are showing following error
##### Environment:
OEL 6.3  
[root@wautomation-tst01 ansible]# uname -a  
Linux wautomation-tst01.us.int.rci.com 2.6.39-400.109.4.el6uek.x86_64 #1 SMP
Mon Jul 22 11:44:00 PDT 2013 x86_64 x86_64 x86_64 GNU/Linux
Python version  
[root@wautomation-tst01 ansible]# python --version  
Python 2.6.6
##### Summary:
When i try to use the basic ansible command it coming with following error  
ERROR! need more than 2 values to unpack
##### Steps To Reproduce:
running any ansuble core commands. E.g
[root@wautomation-tst01 ansible]# ansible 127.0.0.1 -m ping  
ERROR! need more than 2 values to unpack  
[root@wautomation-tst01 ansible]# ansible -vvv 127.0.0.1 -m ping  
Using /etc/ansible/ansible.cfg as config file  
ERROR! need more than 2 values to unpack
##### Expected Results:
ping command output
##### Actual Results:
[root@wautomation-tst01 ansible]# ansible -vvv 127.0.0.1 -m ping  
Using /etc/ansible/ansible.cfg as config file  
ERROR! need more than 2 values to unpack