## Steps to Reproduce
1. Follow the getting-started guide.
2. Create a new Flutter project named `myapp` using the command:
   ```sh
   flutter create myapp
   ```
3. Run the application with:
   ```sh
   flutter run
   ```
4. The issue encountered is similar to issue #3448.

## Flutter Doctor Output
- **Flutter (on macOS, channel alpha)**
  - Flutter installed at: `/Users/kubo/Library/flutter`
  - Framework revision: `9a0a0d9` (11 days ago)
  - Engine revision: `f8d80c4`

- **Android Toolchain - Develop for Android Devices (Android SDK 24.0.1)**
  - Android SDK location: `/Users/kubo/Library/Android/sdk`
  - Platform: `android-24`
  - Build tools: `24.0.1`
  - Java SE Runtime Environment: `1.8.0_101-b13`

- **iOS Toolchain - Develop for iOS Devices (Xcode 7.3.1)**
  - Xcode location: `/Applications/Xcode.app/Contents/Developer`
  - Xcode version: `7.3.1`, Build version: `7D1014`

- **Atom - A Lightweight Development Environment for Flutter**
  - Flutter plugin version: `0.2.4`
  - Dartlang plugin version: `0.6.37`

## Logs and Crash Reports
```sh
$ /Users/kubo/Library/Android/sdk/platform-tools/adb devices -l
List of devices attached
$ idevice_id -h
$ which idevice_id
/usr/local/bin/idevice_id
$ /usr/local/bin/idevice_id -l
$ xcode-select --print-path
/Applications/Xcode.app/Contents/Developer
$ xcodebuild -version
Xcode 7.3.1
Build version 7D1014
$ xcrun clang
$ /usr/bin/xcrun simctl list --json devices
$ /usr/bin/defaults read /Users/kubo/Documents/FlutterProjects/myapp/ios/Runner/Info CFBundleIdentifier
com.yourcompany.myapp
$ Stopping app 'Runner.app' on iPhone 6 Plus.
$ Running lib/main.dart on iPhone 6 Plus...
$ Building Runner.app for D52CC780-6C85-4AE2-BAC4-865CFB6A541F.
$ tail -n 0 -F /Users/kubo/Library/Logs/CoreSimulator/D52CC780-6C85-4AE2-BAC4-865CFB6A541F/system.log
$ Building build/app.flx
$ tail -n 0 -F /private/var/log/system.log
$ which zip
$ Encoding zip file to build/app.flx
$ zip -q /Users/kubo/Documents/FlutterProjects/myapp/build/app.flx fonts/MaterialIcons-Regular.ttf fonts/Roboto-Regular.ttf fonts/Roboto-Italic.ttf fonts/Roboto-Thin.ttf fonts/Roboto-ThinItalic.ttf fonts/Roboto-Light.ttf fonts/Roboto-LightItalic.ttf fonts/Roboto-Medium.ttf fonts/Roboto-MediumItalic.ttf fonts/Roboto-Bold.ttf fonts/Roboto-BoldItalic.ttf fonts/Roboto-Black.ttf fonts/Roboto-BlackItalic.ttf fonts/RobotoCondensed-Regular.ttf fonts/RobotoCondensed-Italic.ttf fonts/RobotoCondensed-Light.ttf fonts/RobotoCondensed-LightItalic.ttf fonts/RobotoCondensed-Bold.ttf fonts/RobotoCondensed-BoldItalic.ttf AssetManifest.json FontManifest.json LICENSE
$ Built build/app.flx.
$ /usr/bin/xcrun simctl get_app_container booted com.yourcompany.myapp
$ /usr/bin/killall Runner
$ Using engine artifacts dir: /Users/kubo/Library/flutter/bin/cache/artifacts/engine/ios
$ xcodebuild -version
Xcode 7.3.1
Build version 7D1014
$ Trying to resolve native pub services.
$ Looking for YAML at 'flutter.yaml'
No services specified in the manifest
Found 0 service definition(s).
$ Copying service frameworks to '/Users/kubo/Documents/FlutterProjects/myapp/ios/Frameworks'.
$ Creating service definitions manifest at 'ios/ServiceDefinitions.json'
$ /usr/bin/env xcrun xcodebuild clean build -configuration Release ONLY_ACTIVE_ARCH=YES -workspace Runner.xcworkspace -scheme Runner BUILD_DIR=/Users/kubo/Documents/FlutterProjects/myapp/ios/build -sdk iphonesimulator -arch x86_64
[SYS LOG] Aug 23 10:11:56 Jans-iMac Mail[49844]: Stream 0x7f9ed8e42780 is sending an event before being opened
[DEVICE LOG] Aug 23 10:12:00 Jans-iMac routined[26558]: CoreLocation: Error occurred while trying to retrieve motion state update: CMErrorDomain Code:104
routined: CoreLocation: Error occurred while trying to retrieve motion state update: CMErrorDomain Code:104
[SYS LOG] Aug 23 10:13:07 Jans-iMac syslogd[47]: ASL Sender Statistics
[SYS LOG] Aug 23 10:14:50 Jans-iMac WindowServer[157]: send_datagram_available_ping: pid 308 failed to act on a ping it dequeued before timing out.
[SYS LOG] Aug 23 10:16:56 Jans-iMac Mail[49844]: Stream 0x7f9edb7a5d60 is sending an event before being opened
[DEVICE LOG] Aug 23 10:18:00 Jans-iMac routined[26558]: CoreLocation: Error occurred while trying to retrieve motion state update: CMErrorDomain Code:104
routined: CoreLocation: Error occurred while trying to retrieve motion state update: CMErrorDomain Code:104
[DEVICE LOG] Aug 23 10:18:00 Jans-iMac syslogd[26555]: ASL Sender Statistics
syslogd: ASL Sender Statistics
[SYS LOG] Aug 23 10:21:56 Jans-iMac Mail[49844]: Stream 0x7f9edb6222e0 is sending an event before being opened
[SYS LOG] Aug 23 10:21:56 Jans-iMac accountsd[338]: AIDA Notification plugin running

For more information about diagnosing and reporting Flutter bugs, please see [https://flutter.io/bug-reports/](https://flutter.io/bug-reports/).
```

This optimized version provides a clearer and more structured presentation of the steps, Flutter Doctor output, and logs, making it easier to understand and follow.