Hello,
Cant create session with auth object after upgrading to 1.0.3 used to work in
0.14.2  
(This is an interactive session, I replaced  with //)
Python 2.7.2+ (default, Oct 4 2011, 20:03:08)  
[GCC 4.6.1] on linux2  
Type "help", "copyright", "credits" or "license" for more information.
> import requests  
>  requests. **version**  
>  '1.0.3'
>
> auth = requests.auth.HTTPDigestAuth('admin','1234')  
>  auth  
>  //requests.auth.HTTPDigestAuth object at 0xb715c9ec//
>
> requests.session(auth=auth)  
>  Traceback (most recent call last):  
>  File "//stdin//", line 1, in //module//  
>  File "/usr/local/lib/python2.7/dist-packages/requests/sessions.py", line
> 385, in session  
>  return Session(**kwargs)  
>  TypeError: **init** () got an unexpected keyword argument 'auth'
>
> requests.session()  
>  //requests.sessions.Session object at 0xb715c9cc//
>
> auth=('user', 'pass')  
>  auth  
>  ('user', 'pass')
>
> requests.session(auth=auth)  
>  Traceback (most recent call last):  
>  File "//stdin//", line 1, in //module//  
>  File "/usr/local/lib/python2.7/dist-packages/requests/sessions.py", line
> 385, in session  
>  return Session(**kwargs)  
>  TypeError: **init** () got an unexpected keyword argument 'auth'