### Error Details

**File Path:**
```
File "/usr/local/lib/python2.7/dist-packages/tensorflow/python/client/session.py", line 1034, in _do_call
    raise type(e)(node_def, op, message)
```

**Error Type:**
```
tensorflow.python.framework.errors_impl.NotFoundError: Unsuccessful TensorSliceReader constructor: Failed to find any matching files for bird-classifier.tfl.ckpt-50912
```

**Node and Operation:**
```
[[Node: save_1/RestoreV2_14 = RestoreV2[dtypes=[DT_FLOAT], _device="/job:localhost/replica:0/task:0/cpu:0"](_recv_save_1/Const_0, save_1/RestoreV2_14/tensor_names, save_1/RestoreV2_14/shape_and_slices)]]
[[Node: save_1/RestoreV2_21/_17 = _Recv[client_terminated=false, recv_device="/job:localhost/replica:0/task:0/gpu:0", send_device="/job:localhost/replica:0/task:0/cpu:0", send_device_incarnation=1, tensor_name="edge_158_save_1/RestoreV2_21", tensor_type=DT_FLOAT, _device="/job:localhost/replica:0/task:0/gpu:0"]()]]
```

**Cause:**
The error is caused by the operation `save_1/RestoreV2_14`, defined at:
```
File "infer.py", line 43, in <module>
    model = tflearn.DNN(network, tensorboard_verbose=0, checkpoint_path='bird-classifier.tfl.ckpt')
```

### Environment Information

**Operating System:**
```
$ uname -a ; lsb_release -a 
Linux pascal 3.13.0-62-generic #102-Ubuntu SMP Tue Aug 11 14:29:36 UTC 2015 x86_64 x86_64 x86_64 GNU/Linux
No LSB modules are available.
Distributor ID:	Ubuntu
Description:	Ubuntu 14.04.5 LTS
Release:	14.04
Codename:	trusty
```

**CUDA and cuDNN Installation:**
```
$ ls /usr/local/cuda-8.0/lib64/
libcublas_device.a   libcudnn.so.5.1.10   libcuinj64.so.8.0.44   libcusparse.so.8.0.44  libnppicom.so         libnppim.so          libnppisu.so.8.0.44  libnvgraph.so.8.0            libOpenCL.so
libcublas.so         libcudnn_static.a    libculibos.a           libcusparse_static.a   libnppicom.so.8.0     libnppim.so.8.0      libnppitc.so         libnvgraph.so.8.0.44         libOpenCL.so.1
libcublas.so.8.0     libcufft.so          libcurand.so           libnppc.so             libnppicom.so.8.0.44  libnppim.so.8.0.44   libnppitc.so.8.0     libnvgraph_static.a          libOpenCL.so.1.0
libcublas.so.8.0.45  libcufft.so.8.0      libcurand.so.8.0       libnppc.so.8.0         libnppidei.so         libnppi.so           libnppitc.so.8.0.44  libnvrtc-builtins.so         libOpenCL.so.1.0.0
libcublas_static.a   libcufft.so.8.0.44   libcurand.so.8.0.44    libnppc.so.8.0.44      libnppidei.so.8.0     libnppi.so.8.0       libnpps.so           libnvrtc-builtins.so.8.0     stubs
libcudadevrt.a       libcufft_static.a    libcurand_static.a     libnppc_static.a       libnppidei.so.8.0.44  libnppi.so.8.0.44    libnpps.so.8.0       libnvrtc-builtins.so.8.0.44
libcudart.so         libcufftw.so         libcusolver.so         libnppial.so           libnppif.so           libnppi_static.a     libnpps.so.8.0.44    libnvrtc.so
libcudart.so.8.0     libcufftw.so.8.0     libcusolver.so.8.0     libnppial.so.8.0       libnppif.so.8.0       libnppist.so         libnpps_static.a     libnvrtc.so.8.0
libcudart.so.8.0.44  libcufftw.so.8.0.44  libcusolver.so.8.0.44  libnppial.so.8.0.44    libnppif.so.8.0.44    libnppist.so.8.0.44  libnvblas.so         libnvrtc.so.8.0.44
libcudart_static.a   libcufftw_static.a   libcusolver_static.a   libnppicc.so           libnppig.so           libnppist.so.8.0.44  libnvblas.so.8.0     libnvToolsExt.so
libcudnn.so          libcuinj64.so        libcusparse.so         libnppicc.so.8.0       libnppig.so.8.0       libnppisu.so         libnvblas.so.8.0.44  libnvToolsExt.so.1
libcudnn.so.5        libcuinj64.so.8.0    libcusparse.so.8.0     libnppicc.so.8.0.44    libnppig.so.8.0.44    libnppisu.so.8.0     libnvgraph.so        libnvToolsExt.so.1.0.0
```

**TensorFlow Version:**
```
$ python -c "import tensorflow; print(tensorflow.__version__)"
I tensorflow/stream_executor/dso_loader.cc:128] successfully opened CUDA library libcublas.so locally
I tensorflow/stream_executor/dso_loader.cc:128] successfully opened CUDA library libcudnn.so locally
I tensorflow/stream_executor/dso_loader.cc:128] successfully opened CUDA library libcufft.so locally
I tensorflow/stream_executor/dso_loader.cc:128] successfully opened CUDA library libcuda.so.1 locally
I tensorflow/stream_executor/dso_loader.cc:128] successfully opened CUDA library libcurand.so locally
0.12.1
```

**Commit Hash (if installed from source):**
```
mona@pascal:~/tf/tensorflow$ git rev-parse HEAD
156da397dc2e354baeac10804c5e9c1b3af8b7eb
```

**Bazel Version:**
```
$ bazel version
...........................
Build label: 0.4.3
Build target: bazel-out/local-fastbuild/bin/src/main/java/com/google/devtools/build/lib/bazel/BazelServer_deploy.jar
Build time: Thu Dec 22 12:31:25 2016 (1482409885)
Build timestamp: 1482409885
Build timestamp as int: 1482409885
```

### Additional Information

- The checkpoint file `bird-classifier.tfl.ckpt-50912` was not found.
- The following files exist:
  - `bird-classifier.tfl.ckpt-50912.data-00000-of-00001`
  - `bird-classifier.tfl.ckpt-50912.index`
  - `bird-classifier.tfl.ckpt-50912.meta`

### Suggested Solution

1. **Check the Checkpoint Path:**
   Ensure that the path specified in `checkpoint_path` in `infer.py` matches the actual location of the checkpoint files.

2. **Correct the Checkpoint File Name:**
   Update the `checkpoint_path` to include the correct file name, including the `.data-00000-of-00001` and `.index` extensions if necessary.

3. **Verify File Existence:**
   Use the `ls` command to verify that the checkpoint files exist in the specified directory.

Example:
```python
model = tflearn.DNN(network, tensorboard_verbose=0, checkpoint_path='bird-classifier.tfl.ckpt-50912')
```

If the issue persists, please provide additional details or check the TensorFlow documentation for further guidance.