Certainly! Here is a more polished and coherent version of the text:

```julia
# Define a module `temp` with a struct `x`
julia> module temp
           struct x end
       end
Main.temp

# Import the `temp` module
julia> using Main.temp

# Define a function `f` that takes an instance of `temp.x` and returns 1
julia> f(::temp.x) = 1
f (generic function with 1 method)

# Call the function `f` with an instance of `temp.x`
julia> f(temp.x())
1

# Redefine the `temp` module, which will replace the existing one
julia> module temp
           struct x end
       end
WARNING: replacing module temp.
Main.temp

# Attempt to call the function `f` again with an instance of the new `temp.x`
julia> f(temp.x())
ERROR: MethodError: no method matching f(::Main.temp.x)
Closest candidates are:
  f(::Main.temp.x) at REPL[3]:1
Stacktrace:
 [1] top-level scope
   @ REPL[6]:1
```

In this scenario, it would be beneficial to have a way to indicate that the current `temp` module differs from the one for which the method `f` was originally defined. The error message, which lists the closest candidate, can be confusing because it does not clearly show that the module has been redefined.

Would you like to add any additional context or further explanations?