inflating: mthesaur.txt
Use mthesaur.txt as the thesaurus file. It is quite large and you would get
more than 50 related words for each word.
Add the following line to .vimrc to specify the location of the mthesaur.txt
thesaurus file.
$ vim ~/.vimrc
set thesaurus+=/home/jsmith/mthesaur.txt
How can a programmer use thesaurus feature in vim?
This can be very helpful for programmers. For example, a PHP programmer
can create a php-functions file with the following lines and specify this as
thesaurus file inside the ~/.vimrc.
$ vim /home/jsmith/php-functions.txt
148
Buyer: xiujuan lu (PI:EMAIL)
Transaction ID: 85W16630AD8515549
Vim 101 Hacks www.thegeekstuff.com
math abs acos acosh asin asinh atan atan2 atanh
base_convert bindec ceil cos
errors debug_backtrace debug_print_backtrace
error_get_last error_log error_reporting
restore_error_handler
Add the php-functions.txt to .vimrc specifying the location of thesaurus file.
$ vim ~/.vimrc
set thesaurus+=/home/jsmith/mythesaurus.txt
set thesaurus+=/home/jsmith/mthesaur.txt.txt
set thesaurus+=/home/jsmith/php-functions.txt
Now, when you type “math” in your PHP file and press CTRL x and CTRL t, all
the PHP math functions will be displayed. Also, please note that you define
multiple thesaurus files as shown above.
Hack 100. Automatically open a Pop-up menu for
Completion
Install and Configure the Auto Completion Popup Plugin
Download the autocomplpop.vim plugin from vim.org as shown below.
$ mkdir –p ~/.vim/plugin
$ cd ~/.vim/plugin
$ wget –O autocomplpop.zip
http://www.vim.org/scripts/download_script.php?src_id=1
1538
Enable the plugin by adding the following line to the ~/.vimrc
149
Buyer: xiujuan lu (PI:EMAIL)
Transaction ID: 85W16630AD8515549
Vim 101 Hacks www.thegeekstuff.com
$ vim ~/.vimrc
filetype plugin on
Example1: Pop-up with available word choices
After this plugin is installed, you don't need to type a command sequence to
activate it - it will activate automatically. Whenever you type two characters,
it will display the available word choices which start with those two
characters. In this example, when sp is typed, it displays both spider and
spout in the pop-up.
Fig: Auto completion pop-up menu with matching words
Example2: File name completion pop-up
When you are typing file names inside a program, it will automatically display
the pop-up with appropriate choices as shown below.
150
Buyer: xiujuan lu (PI:EMAIL)
Transaction ID: 85W16630AD8515549
Vim 101 Hacks www.thegeekstuff.com
Fig: Auto completion pop-up menu with matching file names
Example3: Omni completion for tags
This plugin does the omni completion for HTML, XHTML, CSS, Ruby, Phython.
In the example below, when you type 
Bonus Hack 3. Make Vim as Default Editor
You can set Vim as default editor as shown below.
$ export EDITOR=vi
Most of the Unix applications (For example, crontab) refer this EDITOR
variable to check which editor can be used. So it is better to set this in your
bashrc
157
Buyer: xiujuan lu (PI:EMAIL)
Transaction ID: 85W16630AD8515549
Vim 101 Hacks www.thegeekstuff.com
Bonus Hack 4. Format a Paragraph
To format a paragraph, do the following.
gqap
Bonus Hack 5. Edit Macros for Reuse
After you’ve recorded a macro, if you found that there is a mistake in the
macro, you have following two options:
• Record the macro again.
• Edit the macro and correct only the mistake.
The following three steps explain how to edit the macro and correct the
mistake (Instead of recording the macro again)
Step 1: Paste the macro from the register where the macro is recorded.
"ap
ALTER USER wywA IDENTFIED FOR 'pa';:w
Step 2: Edit the macro. In this example, the FOR should be BY as shown
below.
ALTER USER wywA IDENTIFIED BY 'pa';:w
158
Buyer: xiujuan lu (PI:EMAIL)
Transaction ID: 85W16630AD8515549
Vim 101 Hacks www.thegeekstuff.com
Step 3: Copy that macro in to the register.
"ayy
Bonus Hack 6. Indent Code Block
Before Indent After Indent
int main() int main()
{ {
printf("Hello World!\n"); printf("Hello World!\n");
printf(“Done.”); printf(“Done.”);
} }
There are two methods to indent the code as show above.
Method 1:
• Move the cursor to either the { or }
• Press >i{ to indent the code located in between { and }
Method 2:
• Move the cursor to the 1st line after { . i.e printf
• Enable visual mode by pressing v key
• Use arrow key to select the lines in between { and }
159
Buyer: xiujuan lu (PI:EMAIL)
Transaction ID: 85W16630AD8515549
Vim 101 Hacks www.thegeekstuff.com
• Press > to indent the code located in between { and }
Bonus Hack 7. Power of Combination
You can combine navigation commands with editing commands to achieve
powerful results.
For example, dj will delete line by line, where as d`a will delete up to the
mark 'a' position.
Keys Description
d Delete until specified by the navigation key
dw Delete the word
d$ Delete until end of the line
d0 Delete until start of the line
dG Delete up to end of the file
dgg Delete up to start of the file
dk Delete current line and previous line
dj Delete current line and next line
dM Delete until middle of the screen
dH Delete until middle of the screen
160
Buyer: xiujuan lu (PI:EMAIL)
Transaction ID: 85W16630AD8515549
Vim 101 Hacks www.thegeekstuff.com
dL Delete until bottom of the screen
y Copy until specified by the navigation key
c Change until specified by the navigation key
Bonus Hack 8. Identify the changes done to a file
You can identify all the changes done to a file after opening it using :changes
as shown below.
:changes
Bonus Hack 9. Refresh the Screen
When your screen is visually distorted for some reason, you can redraw it
using CTRL-L
CTRL-L
Bonus Hack 10. Insert Non Keyboard Characters
You can insert non keyboard characters into a file using :digraphs
161
Buyer: xiujuan lu (PI:EMAIL)
Transaction ID: 85W16630AD8515549
Vim 101 Hacks www.thegeekstuff.com
:digraphs
For example, to insert copyright symbol, do the following in insert mode.
CTRL-K Co
From :help diagraphs
Digraphs are used to enter characters that normally cannot be entered by an
ordinary keyboard. These are mostly accented characters which have the
eighth bit set. The digraphs are easier to remember than the decimal
number that can be entered with CTRL-V (see |i_CTRL-V|).
Bonus Hack 11. Vim ex Mode
From normal mode, Press Q to go to the Vim ex mode.
You can go to the ex mode when you want to execute commands in : mode
continuously.
Once you’ve pressed Q you’ll stay in ex mode ( : mode ) until you decide to
come out of it.
Enter Ex mode
Q
Exit Ex Mode
162
Buyer: xiujuan lu (PI:EMAIL)
Transaction ID: 85W16630AD8515549
Vim 101 Hacks www.thegeekstuff.com
:vi
Bonus Hack 12. Place the cursor at the end of the
match
When you search inside Vim using /pattern, by default the cursor will be
placed at the beginning of the match.
But when you want the cursor to be placed at the end of the match, you can
use /PATTERN\zs
Cursor at the beginning of the pattern
/pattern
Cursor at the end of the pattern
/pattern\zs
Bonus Hack 13. View ASCII value of a character
For some reason, if you want to know a decimal, Hex and Octal value of a
character, move your cursor to the character on press ga, which will display
the ASCII value as shown below.
163
Buyer: xiujuan lu (PI:EMAIL)
Transaction ID: 85W16630AD8515549
Vim 101 Hacks www.thegeekstuff.com
ASCII value of character n.
ga
 110, Hex 6e, Octal 156
Bonus Hack 14. Edit Binary files in Vim Editor
To edit binary files in Vim editor, use the option –b to Vim command line as
shown below.
$ vim -b binaryfile
Bonus Hack 15. Folding - View Only Required Part of
Code
Automatic Folding
To enable folding based on indentation, set the following
:set foldmethod=indent
After this setting, your code will be folded based on the indentation as shown
below.
164
Buyer: xiujuan lu (PI:EMAIL)
Transaction ID: 85W16630AD8515549
Vim 101 Hacks www.thegeekstuff.com
Fig: Folded C code.
You can manipulate folds using following keys:
Fold Keys Description
za Toggle the fold under the cursor
zR Unfold all folds
zM Fold everything back again
Manual Folding
Enable the manual fold as shown below:
:set foldmethod=manual
165
Buyer: xiujuan lu (PI:EMAIL)
Transaction ID: 85W16630AD8515549
Vim 101 Hacks www.thegeekstuff.com
You can manipulate manuals folds using following keys:
Fold Keys Description
zf To fold lines selected by the navigation key
zf/pattern To fold lines selected by the search pattern
:range fold To fold lines specified by a range
You can also save all your folds as shown below:
:mkview
Open the view to see all saved custom folds:
:loadview
166
Buyer: xiujuan lu (PI:EMAIL)
Transaction ID: 85W16630AD8515549
Vim 101 Hacks www.thegeekstuff.com
Your Feedback and Support
I hope you found the Vim 101 Hacks eBook helpful. I sincerely appreciate all
the support given by the regular readers of my www.thegeekstuff.com blog,
who have encouraged me in more ways than they know.
Please use this contact form http://www.thegeekstuff.com/contact/ to send
me your feedback, question, or clarification on any of the 101 hacks
mentioned in this book.
167
|---|--|
| 0 |  |