### Git 操作过程及冲突解决

#### 1. 提交 README.md 文件
保存并退出编辑器后，执行 `git commit` 命令：
```sh
[detached HEAD 2c66fe9] Add README.md file
Date: Tue Oct 15 12:45:08 2019 +0800
1 file changed, 1 insertion(+)
create mode 100644 README.md
```

#### 2. 继续执行交互式 rebase
继续执行 `git rebase -i` 命令：
```sh
> git rebase --continue
Auto-merging README.md
CONFLICT (content): Merge conflict in README.md
error: could not apply bc0900d... [DO NOT PUSH] Add documentation for getRandom endpoint
Resolve all conflicts manually, mark them as resolved with
"git add/rm ", then run "git rebase --continue".
You can instead skip this commit: run "git rebase --skip".
To abort and get back to the state before "git rebase", run "git rebase --abort".
Could not apply bc0900d... [DO NOT PUSH] Add documentation for getRandom endpoint
```
在执行 rebase 过程中可能会出现冲突。例如，在应用 B2''' 到 A1''' 时可能会出现冲突。此时可以使用 `git log` 和 `git status` 命令查看详细信息。

#### 3. 查看当前提交链
使用 `git log` 查看当前的提交链：
```sh
> git log --oneline --graph
* 2c66fe9 (HEAD) Add README.md file
* 29c8249 Add getRandom endpoint
* 7b6ea30 (origin/master) Add a new endpoint to return timestamp
...
```

#### 4. 查看冲突细节
使用 `git status` 查看冲突详情：
```sh
> git status
interactive rebase in progress; onto 29c8249
Last commands done (2 commands done):
   edit 1562cc7 readme
   pick bc0900d [DO NOT PUSH] Add documentation for getRandom endpoint
No commands remaining.
You are currently rebasing branch 'master' on '29c8249'.
  (fix conflicts and then run "git rebase --continue")
  (use "git rebase --skip" to skip this patch)
  (use "git rebase --abort" to check out the original branch)

Unmerged paths:
  (use "git reset HEAD ..." to unstage)
  (use "git add ..." to mark resolution)
  both modified:   README.md

no changes added to commit (use "git add" and/or "git commit -a")
```

#### 5. 使用 `git diff` 查看更多细节
使用 `git diff` 和 `git diff --cached` 查看冲突文件的详细差异：
```sh
> git diff
diff --cc README.md
index 09bcc7d,1f06f52..0000000
--- a/README.md
+++ b/README.md
@@@ -1,1 -1,4 +1,8 @@@
++>>>>>> bc0900d... [DO NOT PUSH] Add documentation for getRandom endpoint

> git diff --cached
* Unmerged path README.md
```

#### 6. 解决冲突的具体步骤
1. **手动修改冲突文件**：打开冲突文件（如 `README.md`），手动解决冲突。
2. **将修改添加到暂存区**：使用 `git add` 或 `git rm` 将修改后的文件添加到暂存区。
3. **继续 rebase**：运行 `git rebase --continue` 以继续 rebase 过程。

示例：
```sh
> vim README.md
```

#### 7. 冲突文件的初始内容
```markdown
>>>>>> bc0900d... [DO NOT PUSH] Add documentation for getRandom endpoint
```

通过以上步骤，你可以成功解决 rebase 过程中的冲突并继续进行操作。