## 把改动添加到 B1'''中。    > git commit --amend    [detached HEAD 29c8249] Add getRandom endpoint     Date: Tue Oct 15 17:16:12 2019 +0800     1 file changed, 4 insertions(+)    19:17:28 (master|REBASE-i) PI:EMAIL:~/jksj-repo/git-atomic-demo    > git show    commit 29c82490256459539c4a1f79f04823044f382d2b (HEAD)    Author: Jason Ge     Date:   Tue Oct 15 17:16:12 2019        Add getRandom endpoint        Summary:        As title.        Test:        Verified it on localhost:3000/getRandom    diff --git a/index.js b/index.js    index 986fcd8..cc92a42 100644    --- a/index.js    +++ b/index.js    @@ -6,6 +6,10 @@ app.get('/timestamp', function (req, res) {       res.send('' + Date.now())     })    +app.get('/getRandom', function (req, res) {    +  res.send('The random number is:' + Math.random())    +})    +     app.get('/', function (req, res) {       res.send('hello world')     })    
## 查看提交链    > git log --oneline --graph    * 29c8249 (HEAD) Add getRandom endpoint    * 7b6ea30 (origin/master, git-add-p) Add a new endpoint to return timestamp    
## 将 B1''''发送到代码审查系统    > arc diff这时，提交链只有 B1''''一个提交。 ![](Images/1a9d9b89f26242870816744cdd9e2d52.png)savepage-src="https://static001.geekbang.org/resource/image/a1/0e/a16c37876defb48c59977c23bb86960e.png"}图 10 提交链状态第 10 步slate-object="mark"}最后，运行 git rebase \--continue 完成整个 git rebase -i操作。     > git rebase --continue    Successfully rebased and updated refs/heads/master.    
## 查看提交历史    > git log --oneline --graph    * bc0900d (HEAD -> master) [DO NOT PUSH] Add documentation for getRandom endpoint    * 1562cc7 readme    * 29c8249 Add getRandom endpoint    * 7b6ea30 (origin/master) Add a new endpoint to return timestamp    ...这时，提交链包含 B1''''、A1''、B2'''三个提交。 ![](Images/443707e332023b891cf27ff7b1cdab34.png)savepage-src="https://static001.geekbang.org/resource/image/a7/fc/a72eba2775d8ebbbe0f9808cc17917fc.png"}图 11 提交链状态第 11 步slate-object="mark"}阶段 5：继续开发 A1，并发出代码审查这时，我认为 A1'' 比 B2''' 更为紧急重要，于是决定先完成 A1''的工作并发送审查，同样也是使用 git rebase-i。     > git rebase -i HEAD^^  
## 两个 ^^ 表示从当前 HEAD 前面两个提交的地方 rebase    
## git rebase 弹出编辑窗口    edit 1562cc7 readme   vim README.md    > git diff    diff --git a/README.md b/README.md    index 789cfa9..09bcc7d 100644    --- a/README.md    +++ b/README.md    @@ -1 +1 @@    -
## This project is for demoing git    +
# This project is for demoing atomic commit in git    > git add README.md    > git commit --amend    
## 下面是 git commit 弹出编辑器，在里面完善 A1''的 Commit Message    Add README.md file    Summary: we need a README file for the project.    Test: none.    
# Please enter the Commit Message for your changes. Lines starting    