主机：查询arp缓冲区中指定主机的arp条目。
河南中医药大学信息技术学院互联网技术教学团队/https://internet.hactcm.edu.cn /http://www.51xueweb.cn
---
## Page 98
98
5.网络管理
5.1网络配置工具
 net-tools
arp
示例
[root@CentOS7TeachBasic~]##查看arp缓冲区条目
[root@CentOS7TeachBasic ~]# arp -v
Address
HWtype
HWaddress
Flags Mask
Iface
172.16.123.115
ether
50:64: 2b: 94: 37:a9
C
enp0s3
172.16.123.123
ether
00:ec:0a:77:23:84
C
enp0s3
gateway
ether
34:ce:00:36:b7:30
C
enp0s3
172.16.123.53
ether
a4:34: d9:68:84:d6
C
enp0s3
Entries:4
Skipped: 0
Found:4
河南中医药大学信息技术学院互联网技术教学团队／https://internet.hactcm.edu.cn /http://www.51xueweb.cn
---
## Page 99
99
5.网络管理
5.1网络配置工具
 net-tools
ifconfig
语法
ifconfig[参数]
参数
add:
设置网络设备IPv6的ip地址；
del:
删除网络设备IPv6的IP地址；
down:
关闭指定的网络设备；
：
设置网络设备的类型与硬件地址；
io_addr:
设置网络设备的I/0地址；
irq:
设置网络设备的IRQ；
media：
设置网络设备的媒介类型；
mem_start:
设置网络设备在主内存所占用的起始地址；
metric:
指定在计算数据包的转送次数时，所要加上的数目；
mtu:
设置网络设备的MTU;
netmask:
设置网络设备的子网掩码；
tunnel：
建立IPv4与IPv6之间的隧道通信地址；
up:
启动指定的网络设备；
-broadcast：
将要送往指定地址的数据包当成广播数据包来处理；
-pointopoint：
与指定地址的网络设备建立直接连线，此模式具有保密功能；
-promisc:
关闭或启动指定网络设备的promiscuous 模式；
IP地址：
指定网络设备的IP地址；
河南中医药大学信息技术学院互联网技术教学团队／https网络设备:
指定网络设备的名称。
---
## Page 100
100
示例
#查看网络接口信息
[root@CentOS7TeachBasic ~]# ifconfig
5.网络管理
enp0s3: flags=4163 mtu 1500
络配置工具
inet 172.16.123.201 netmask 255.255.255.0 broadcast 172.16.123.255
inet6 fe80::a00:27ff:fe19:af03 prefixlen 64 scopeid 0x20
ether 08:00:27:19:af:03 txqueuelen 1000 (Ethernet)
 net-tools
ifconfig
RX packets 133215 bytes 22152007 (21.1 MiB)
RX errors 0 dropped 0 overruns 0 frame 0
TX packets 4554 bytes 436972 (426.7 KiB)
TX errors 0 dropped 0 overruns 0 carrier 0 collisions 0
#启用1o网络接口
[root@CentOS7TeachBasic ^]# ifup lo
#查看网络接口信息，1o网络接口已经启用
[root@CentOS7TeachBasic ~]# ifconfig
enp0s3: flags=4163 mtu 1500
inet 172.16.123.201 netmask 255.255.255.0 broadcast 172.16.123.255
inet6 fe80::a00:27ff:fe19:af03 prefixlen 64 scopeid 0x20
ether 08:00:27:19:af:03 txqueuelen 1000 (Ethernet)
RX packets 133236 bytes 22153819 (21.1 MiB)
RX errors 0 dropped 0 overruns 0 frame 0
TX packets 4567 bytes 439108 (428.8 KiB)
TX errors 0 dropped 0 overruns 0 carrier 0 collisions 0
1o: flags=73 mtu 65536
inet 127.0.0.1 netmask 255.0.0.0
inet6 ::1 prefixlen 128 scopeid 0x10
loop txqueuelen 1000 (Local Loopback)
RX packets 32 bytes 2592 (2.5 KiB)
RX errors 0 dropped 0 overruns 0 frame 0
TX packets 32 bytes 2592 (2.5 KiB)
河南中医药大学信息技术学院互联网技术教学团队/
TX errors 0 dropped 0 overruns 0 carrier 0 collisions 0
---
## Page 101
101
5.网络管理
5.1网络配置工具
 net-tools
mii-tool
语法
mii-tool [-VvRrwl] [-A media,...-F media] [interface...]
选项
-V
显示版本信息；
显示网络接口的信息;
-V
-R
重设MII到开启状态；
-r
重启自动协商模式；
查看网络接口连接的状态变化；
-1
写入事件到系统日志；
-A
指令特定的网络接口；
-F
更改网络接口协商方式；
media: 100baseT4, 100baseTx-FD, 100baseTx-HD, 10baseT-FD, 10baseT-HD,
(to advertise both HD and FD) 100baseTx, 10baseT
河南中医药大学信息技术学院互联网技术教学团队／https://internet.hactcm.edu.cn /http://www.51xueweb.cn
---
## Page 102
示例
102
[root@Cent0S7TeachBasic ~]# mii-tool -v enp0s3
enp0s3: 1000 Mbit,half duplex，link ok
5.网络管理
product info: Yukon 88E1011 rev 4
络配置工具
basic mode:
100 Mbit, half duplex
basic status: autonegotiation complete, link ok
capabilities: 1000baseT-FD 100baseTx-FD 100baseTx-HD 10baseT-FD 10baseT-HD
 net-tools
mii-
advertising: 1000baseT-FD 100baseTx-FD 100baseTx-HD 10baseT-FD 10baseT-HD flow-control
link partner: 1000baseT-HD 1000baseT-FD 100baseTx-FD 100baseTx-HD 10baseT-FD 10baseT-HD
[root@CentOS7TeachBasic ~]#
[root@Cent0S7TeachBasic ~]# mii-tool enp0s3 -F 1000baseT-FD
enp0s3: 1000 Mbit, half duplex, link ok
[root@CentOS7TeachBasic ~]# mii-tool -v enp0s3
enp0s3: 1000 Mbit, half duplex, link ok
product info: Yukon 88E1011 rev 4
basic mode:
100 Mbit, half duplex
basic status: autonegotiation complete, link ok
capabilities: 1000baseT-FD 100baseTx-FD 100baseTx-HD 10baseT-FD 10baseT-HD
advertising:  1000baseT-FD 100baseTx-FD 100baseTx-HD 10baseT-FD 10baseT-HD flow-control
link partner: 1000baseT-HD 1000baseT-FD 100baseTx-FD 100baseTx-HD 10baseT-FD 10baseT-HD
[root@Cent0S7TeachBasic ~]# mii-tool enp0s3 -F 100baseTx-HD
[root@CentOS7TeachBasic ~]# mii-tool -v enp0s3
enp0s3: 1000 Mbit, half duplex, link ok
product info: Yukon 88E1011 rev 4
basic mode:
100 Mbit, half duplex
basic status: autonegotiation complete, link ok
capabilities: 1000baseT-FD 100baseTx-FD 100baseTx-HD 10baseT-FD 10baseT-HD
advertising: 1000baseT-FD 100baseTx-FD 100baseTx-HD 10baseT-FD 10baseT-HD flow-control
link partner: 1000baseT-HD 1000baseT-FD 100baseTx-FD 100baseTx-HD 10baseT-FD 10baseT-HD
河南中医药大学信息技术学院互联网技术孝
---
## Page 103
103
5.网络管理
5.1网络配置工具
 net-tools
route
语法
route[选项][参数]
选项
-A:
设置地址类型；
-C:
打印将Linux核心的路由缓存；
详细信息模式;
-V:
-n:
不执行DNS反向查找，直接显示数字形式的IP地址；
-e:
netstat格式显示路由表；
-net:
到一个网络的路由表;
-host:
到一个主机的路由表。
参数
Add:
增加指定的路由记录；
Del:
删除指定的路由记录;
Target:
目的网络或目的主机；
gw:
设置默认网关；
:SSW
设置TCP的最大区块长度（MSS），单位MB；
window:
指定通过路由表的TCP连接的TCP窗口大小；
dev:
路由记录所表示的网络接口。
河南中医药大学信息技术学院互联网技术教学团队／https://internet.hactcm.edu.cn /http://www.51xueweb.cn
---
## Page 104
104
5.网络管理
5.1网络配置工具
 net-tools
route
示例
[root@CentOS7TeachBasic ~]# route
Kernel IP routing table
 Destination
Gateway
Genmask
Flags Metric Ref
Use Iface
default
gateway
0. 0.0.0
UG
100
0
0 enp0s3
172.16.123.0
0.0.0.0
255.255.255.0
U
100
0
0 enp0s3
[root@CentOS7TeachBasic~]#
[root@CentOS7TeachBasic
~]# route -n
Kernel IP routing table
Destination
Gateway
Genmask
Flags Metric Ref
Use Iface
0.0.0.0
172. 16. 123. 1
0.0.0.0
UG
100
0
0 enp0s3
172.16.123. 0
0.0.0.0
255.255.255.0
100
0
0 enp0s3
河南中医药大学信息技术学院互联网技术教学团队／https://internet.hactcm.edu.cn /http://www.51xueweb.cn
---
## Page 105
105
5.网络管理
5.1网络配置工具
 net-tools
netstat
语法
netstat [选项]
选项
-a或--all:
显示所有连线中的Socket;
-A或--：
列出该网络类型连线中的相关地址；
-c或--continuous:
持续列出网络状态；
-C或--cache:
显示路由器配置的快取信息；
-e或--extend:
显示网络其他相关信息；
-F或--fib:
显示FIB;
-g或--groups:
显示多重广播功能群组组员名单；
-h或--help:
在线帮助；
-i或--interfaces:
显示网络界面信息表单；
-l或--listening:
显示监控中的服务器的Socket；
河南中医药大学信息技术学院互联网技术教学团队／https://internet.hactcm.edu.cn /http://www.51xueweb.cn
---
## Page 106
106
5.网络管理
5.1网络配置工具
 net-tools
netstat
示例
#显示tcp端口
[root@CentOS7TeachBasic ~]# netstat -at
Active Internet connections (servers and established)
Proto Recv-Q Send-Q Local Address
Foreign Address
State
0
0 localhost:smtp
tcp
0.0.0.0:*
LISTEN
tcp
0
00.0.0.0:ssh
0.0.0.0:*
LISTEN
tcp
0
64 Cent0S7TeachBasic:ssh
172.16.123. 53:55260
ESTABLISHED
tcp6
0
0 localhost:smtp
[::]:*
LISTEN
tcp6
0
0[::]:ssh
[::]:*
LISTEN
#显示udp端口
[root@CentoS7TeachBasic ~]# netstat-au
Active Internet connections (servers and established)
Proto Recv-Q Send-Q Local Address
 Foreign Address
State
udp
0
0 localhost:323
0.0.0.0:*
udp6
0
0 localhost:323
[::]:*
河南中医药大学信息技术学院互联网技术教学团队/https://internet.hactcm.edu.cn /http://www.51xueweb.cn
---
## Page 107
107
5.网络管理
5.1网络配置工具
 net-tools
netstat
示例
#统计tcp端口数据
[root@CentOS7TeachBasic ~]# netstat -st
IcmpMsg:
InType3: 16
OutType3:22
Tcp:
35 active connections openings
1 passive connection openings
0 failed connection attempts
0 connection resets received
1connections established
4817 segments received
3811 segments send out
 13 segments retransmited
0 bad segments received.
9 resets sent
河南中医药大学信息技术学院互联网技术教学团队／https://internet.hactcm.edu.cn /http://www.51xueweb.cn
---
## Page 108
108
5.网络管理
5.1网络配置工具
 iproute2
control in Linux. It is currently maintained by Stephen Hemminger. The original
author, Alexey Kuznetsov, is well known for the QoS implementation in the Linux
kernel.
■ Most network configuration manuals still refer to ifconfig and route as the
primary network configuration tools, but ifconfig is known to behave