### 优化后的文本

---

**磁盘阵列（RAID）的创建与管理**

在创建 RAID 时，可能会遇到如下提示信息：
```
size=1048576K mtime=Thu Jun 25 00:35:01 2015
```
这个提示表示系统检测到了之前的文件系统。不用担心，直接输入 `y` 继续创建即可。

```bash
Continue creating array? y
mdadm: Defaulting to version 1.2 metadata
mdadm: array /dev/md0 started.
```

#### 查看 RAID 详细信息

使用以下命令查看 RAID 的详细信息：
```bash
[root@study ~]# mdadm --detail /dev/md0
```

输出示例：
```
/dev/md0:
    Version : 1.2
    Creation Time : Mon Jul 27 15:17:20 2015
    Raid Level : raid5
    Array Size : 3142656 (3.00 GiB 3.22 GB)
    Used Dev Size : 1047552 (1023.17 MiB 1072.69 MB)
    Raid Devices : 4
    Total Devices : 5
    Persistence : Superblock is persistent
    Update Time : Mon Jul 27 15:17:31 2015
    State : clean
    Active Devices : 4
    Working Devices : 5
    Failed Devices : 0
    Spare Devices : 1
    Layout : left-symmetric
    Chunk Size : 256K
    Name : study.centos.vbird:0 (local to host study.centos.vbird)
    UUID : 2256da5f:4870775e:cf2fe320:4dfabbc6
    Events : 18

Number Major Minor RaidDevice State
0 252 5 0 active sync /dev/vda5
1 252 6 1 active sync /dev/vda6
2 252 7 2 active sync /dev/vda7
5 252 8 3 active sync /dev/vda8
4 252 9 - spare /dev/vda9
```

- **Version**: RAID 元数据版本。
- **Creation Time**: 创建 RAID 的时间。
- **Raid Level**: RAID 等级（如 RAID5）。
- **Array Size**: 整个 RAID 的可用容量。
- **Used Dev Size**: 每个磁盘设备的容量。
- **Raid Devices**: 组成 RAID 的磁盘数量。
- **Total Devices**: 包括备用磁盘在内的总磁盘数。
- **State**: 当前磁盘阵列的状态（如 `clean` 表示正常）。
- **Active Devices**: 启动的设备数量。
- **Working Devices**: 当前使用的设备数量。
- **Failed Devices**: 损坏的设备数量。
- **Spare Devices**: 备用磁盘的数量。
- **Chunk Size**: 小区块的大小。

#### 磁盘阵列的状态

可以通过 `/proc/mdstat` 文件查看 RAID 的状态：
```bash
[root@study ~]# cat /proc/mdstat
Personalities : [raid6] [raid5] [raid4]
md0 : active raid5 vda8[5] vda9[4](S) vda7[2] vda6[1] vda5[0]
      3142656 blocks super 1.2 [5/4] [UUUU_]
```

- **第一行**: 指出 `md0` 为 `raid5`，并使用了 `vda8`, `vda7`, `vda6`, `vda5` 四个磁盘设备。每个设备后面的中括号内的数字为此磁盘在 RAID 中的顺序；`vda9` 后面的 `[S]` 表示它是备用磁盘。
- **第二行**: 显示磁盘阵列的总块数、RAID 级别、小区块大小、算法等信息。`[m/n]` 表示此阵列需要 `m` 个设备，且 `n` 个设备正常运行。`[UUUU_]` 表示四个所需的设备的启动情况，`U` 表示正常，`_` 表示不正常。

#### 格式化与挂载 RAID

接下来，使用 `mkfs.xfs` 工具格式化 RAID 设备，并进行挂载：

```bash
[root@study ~]# mkfs.xfs -f -d su=256k,sw=3 -r extsize=768k /dev/md0
[root@study ~]# mkdir /srv/raid
[root@study ~]# mount /dev/md0 /srv/raid
[root@study ~]# df -Th /srv/raid
```

输出示例：
```
Filesystem Type Size Used Avail Use% Mounted on
/dev/md0 xfs 3.0G 33M 3.0G 2% /srv/raid
```

#### RAID 救援机制

了解如何处理磁盘故障和替换磁盘是必要的。以下是使用 `mdadm` 进行救援的基本步骤：

##### 设置磁盘为错误状态

假设 `/dev/vda7` 出错，可以将其设置为错误状态：

```bash
[root@study ~]# mdadm --manage /dev/md0 --fail /dev/vda7
```

##### 移除旧磁盘并添加新磁盘

1. 从 RAID 阵列中移除旧磁盘：
    ```bash
    [root@study ~]# mdadm --manage /dev/md0 --remove /dev/vda7
    ```

2. 关机并物理更换磁盘，然后重新开机。

3. 添加新磁盘到 RAID 阵列：
    ```bash
    [root@study ~]# mdadm --manage /dev/md0 --add /dev/vda7
    ```

通过这些步骤，你可以有效地管理和维护你的 RAID 阵列。

---